#
# There is insufficient memory for the Java Runtime Environment to continue.
# Native memory allocation (malloc) failed to allocate 1158256 bytes. Error detail: Chunk::new
# Possible reasons:
#   The system is out of physical RAM or swap space
#   This process is running with CompressedOops enabled, and the Java Heap may be blocking the growth of the native heap
# Possible solutions:
#   Reduce memory load on the system
#   Increase physical memory or swap space
#   Check if swap backing store is full
#   Decrease Java heap size (-Xmx/-Xms)
#   Decrease number of Java threads
#   Decrease Java thread stack sizes (-Xss)
#   Set larger code cache with -XX:ReservedCodeCacheSize=
#   JVM is running with Unscaled Compressed Oops mode in which the Java heap is
#     placed in the first 4GB address space. The Java Heap base address is the
#     maximum limit for the native heap growth. Please use -XX:HeapBaseMinAddress
#     to set the Java Heap base and to place the Java Heap above 4GB virtual address.
# This output file may be truncated or incomplete.
#
#  Out of Memory Error (arena.cpp:168), pid=15024, tid=11628
#
# JRE version: OpenJDK Runtime Environment Temurin-21.0.9+10 (21.0.9+10) (build 21.0.9+10-LTS)
# Java VM: OpenJDK 64-Bit Server VM Temurin-21.0.9+10 (21.0.9+10-LTS, mixed mode, sharing, tiered, compressed oops, compressed class ptrs, parallel gc, windows-amd64)
# No core dump will be written. Minidumps are not enabled by default on client versions of Windows
#

---------------  S U M M A R Y ------------

Command Line: --add-modules=ALL-SYSTEM --add-opens=java.base/java.util=ALL-UNNAMED --add-opens=java.base/java.lang=ALL-UNNAMED --add-opens=java.base/sun.nio.fs=ALL-UNNAMED -Declipse.application=org.eclipse.jdt.ls.core.id1 -Dosgi.bundles.defaultStartLevel=4 -Declipse.product=org.eclipse.jdt.ls.core.product -Djava.import.generatesMetadataFilesAtProjectRoot=false -DDetectVMInstallationsJob.disabled=true -Dfile.encoding=utf8 -XX:+UseParallelGC -XX:GCTimeRatio=4 -XX:AdaptiveSizePolicyWeight=90 -Dsun.zip.disableMemoryMapping=true -Xmx2G -Xms100m -Xlog:disable -javaagent:c:\Users\Mihajlo\.vscode\extensions\redhat.java-1.51.0-win32-x64\lombok\lombok-1.18.39-4050.jar -XX:+HeapDumpOnOutOfMemoryError -XX:HeapDumpPath=c:\Users\Mihajlo\AppData\Roaming\Code\User\workspaceStorage\27b743619641d250a03ce9842f25eeca\redhat.java -Daether.dependencyCollector.impl=bf c:\Users\Mihajlo\.vscode\extensions\redhat.java-1.51.0-win32-x64\server\plugins\org.eclipse.equinox.launcher_1.7.100.v20251111-0406.jar -configuration c:\Users\Mihajlo\AppData\Roaming\Code\User\globalStorage\redhat.java\1.51.0\config_win -data c:\Users\Mihajlo\AppData\Roaming\Code\User\workspaceStorage\27b743619641d250a03ce9842f25eeca\redhat.java\jdt_ws --pipe=\\.\pipe\lsp-ea4f52c39a48c945f541b9c077184af4-sock

Host: AMD Ryzen 5 5600 6-Core Processor              , 12 cores, 15G,  Windows 11 , 64 bit Build 26100 (10.0.26100.7623)
Time: Wed Jan 28 00:39:22 2026 Central Europe Standard Time elapsed time: 15.822666 seconds (0d 0h 0m 15s)

---------------  T H R E A D  ---------------

Current thread (0x000002c85f165fd0):  JavaThread "C2 CompilerThread2" daemon [_thread_in_native, id=11628, stack(0x000000fff9700000,0x000000fff9800000) (1024K)]


Current CompileTask:
C2:15822 7381   !   4       java.nio.file.FileTreeWalker::next (144 bytes)

Stack: [0x000000fff9700000,0x000000fff9800000]
Native frames: (J=compiled Java code, j=interpreted, Vv=VM code, C=native code)
V  [jvm.dll+0x6d6e29]
V  [jvm.dll+0x8b4b76]
V  [jvm.dll+0x8b712e]
V  [jvm.dll+0x8b7813]
V  [jvm.dll+0x283d86]
V  [jvm.dll+0xc66ed]
V  [jvm.dll+0xc6c31]
V  [jvm.dll+0x3be501]
V  [jvm.dll+0x1e3b52]
V  [jvm.dll+0x24c0f3]
V  [jvm.dll+0x24b580]
V  [jvm.dll+0x1cb13e]
V  [jvm.dll+0x25b29d]
V  [jvm.dll+0x25982a]
V  [jvm.dll+0x3f7ea6]
V  [jvm.dll+0x85e9ad]
V  [jvm.dll+0x6d565d]
C  [ucrtbase.dll+0x37b0]
C  [KERNEL32.DLL+0x2e8d7]
C  [ntdll.dll+0x8c53c]


---------------  P R O C E S S  ---------------

Threads class SMR info:
_java_thread_list=0x000002c860f96390, length=54, elements={
0x000002c87e5d3ba0, 0x000002c87e6757d0, 0x000002c81633e1c0, 0x000002c87e677da0,
0x000002c87e6789f0, 0x000002c87e67ebf0, 0x000002c87e68e960, 0x000002c8588b6f20,
0x000002c8588b97b0, 0x000002c858ad34f0, 0x000002c858b7fbd0, 0x000002c85e7ded00,
0x000002c85e88bb40, 0x000002c85eabe6c0, 0x000002c85ea64a40, 0x000002c85e45e1d0,
0x000002c858c870a0, 0x000002c85e3cd990, 0x000002c85e555d90, 0x000002c85e50ea70,
0x000002c85e61d8e0, 0x000002c85e61d250, 0x000002c85f165fd0, 0x000002c85e61df70,
0x000002c85e61cbc0, 0x000002c860ef1950, 0x000002c860ef0c30, 0x000002c860eeff10,
0x000002c860ef05a0, 0x000002c860ef12c0, 0x000002c860ef1fe0, 0x000002c860eef880,
0x000002c860ef2670, 0x000002c860eef1f0, 0x000002c860ef6180, 0x000002c860ef5af0,
0x000002c860ef2d00, 0x000002c860ef4dd0, 0x000002c860ef4740, 0x000002c860ef6810,
0x000002c860ef5460, 0x000002c860ef3390, 0x000002c860ef3a20, 0x000002c860ef40b0,
0x000002c86193a1f0, 0x000002c86193c2c0, 0x000002c86193c950, 0x000002c86193b5a0,
0x000002c86193dd00, 0x000002c86193af10, 0x000002c86193cfe0, 0x000002c86193d670,
0x000002c86193a880, 0x000002c86193e390
}

Java Threads: ( => current thread )
  0x000002c87e5d3ba0 JavaThread "main"                              [_thread_blocked, id=14868, stack(0x000000fff7500000,0x000000fff7600000) (1024K)]
  0x000002c87e6757d0 JavaThread "Reference Handler"          daemon [_thread_blocked, id=12080, stack(0x000000fff7900000,0x000000fff7a00000) (1024K)]
  0x000002c81633e1c0 JavaThread "Finalizer"                  daemon [_thread_blocked, id=8424, stack(0x000000fff7a00000,0x000000fff7b00000) (1024K)]
  0x000002c87e677da0 JavaThread "Signal Dispatcher"          daemon [_thread_blocked, id=21268, stack(0x000000fff7b00000,0x000000fff7c00000) (1024K)]
  0x000002c87e6789f0 JavaThread "Attach Listener"            daemon [_thread_blocked, id=21020, stack(0x000000fff7c00000,0x000000fff7d00000) (1024K)]
  0x000002c87e67ebf0 JavaThread "Service Thread"             daemon [_thread_blocked, id=19604, stack(0x000000fff7d00000,0x000000fff7e00000) (1024K)]
  0x000002c87e68e960 JavaThread "Monitor Deflation Thread"   daemon [_thread_blocked, id=21220, stack(0x000000fff7e00000,0x000000fff7f00000) (1024K)]
  0x000002c8588b6f20 JavaThread "C2 CompilerThread0"         daemon [_thread_in_native, id=7716, stack(0x000000fff7f00000,0x000000fff8000000) (1024K)]
  0x000002c8588b97b0 JavaThread "C1 CompilerThread0"         daemon [_thread_in_vm, id=7504, stack(0x000000fff8000000,0x000000fff8100000) (1024K)]
  0x000002c858ad34f0 JavaThread "Common-Cleaner"             daemon [_thread_blocked, id=5972, stack(0x000000fff8200000,0x000000fff8300000) (1024K)]
  0x000002c858b7fbd0 JavaThread "Notification Thread"        daemon [_thread_blocked, id=21088, stack(0x000000fff8300000,0x000000fff8400000) (1024K)]
  0x000002c85e7ded00 JavaThread "Active Thread: Equinox Container: 0751986e-7874-4403-a628-8c6fd7c79a95"        [_thread_blocked, id=20516, stack(0x000000fff8b00000,0x000000fff8c00000) (1024K)]
  0x000002c85e88bb40 JavaThread "Refresh Thread: Equinox Container: 0751986e-7874-4403-a628-8c6fd7c79a95" daemon [_thread_blocked, id=5024, stack(0x000000fff8400000,0x000000fff8500000) (1024K)]
  0x000002c85eabe6c0 JavaThread "Framework Event Dispatcher: Equinox Container: 0751986e-7874-4403-a628-8c6fd7c79a95" daemon [_thread_blocked, id=10904, stack(0x000000fff8c00000,0x000000fff8d00000) (1024K)]
  0x000002c85ea64a40 JavaThread "Start Level: Equinox Container: 0751986e-7874-4403-a628-8c6fd7c79a95" daemon [_thread_blocked, id=20632, stack(0x000000fff8d00000,0x000000fff8e00000) (1024K)]
  0x000002c85e45e1d0 JavaThread "Bundle File Closer"         daemon [_thread_blocked, id=19212, stack(0x000000fff9100000,0x000000fff9200000) (1024K)]
  0x000002c858c870a0 JavaThread "SCR Component Actor"        daemon [_thread_blocked, id=20340, stack(0x000000fff8e00000,0x000000fff8f00000) (1024K)]
  0x000002c85e3cd990 JavaThread "C2 CompilerThread1"         daemon [_thread_in_native, id=20440, stack(0x000000fff9200000,0x000000fff9300000) (1024K)]
  0x000002c85e555d90 JavaThread "Worker-JM"                         [_thread_blocked, id=20580, stack(0x000000fff9300000,0x000000fff9400000) (1024K)]
  0x000002c85e50ea70 JavaThread "JNA Cleaner"                daemon [_thread_blocked, id=20740, stack(0x000000fff9400000,0x000000fff9500000) (1024K)]
  0x000002c85e61d8e0 JavaThread "Worker-0"                          [_thread_blocked, id=8784, stack(0x000000fff9500000,0x000000fff9600000) (1024K)]
  0x000002c85e61d250 JavaThread "Worker-1"                          [_thread_blocked, id=19728, stack(0x000000fff9600000,0x000000fff9700000) (1024K)]
=>0x000002c85f165fd0 JavaThread "C2 CompilerThread2"         daemon [_thread_in_native, id=11628, stack(0x000000fff9700000,0x000000fff9800000) (1024K)]
  0x000002c85e61df70 JavaThread "Java indexing"              daemon [_thread_blocked, id=17688, stack(0x000000fff9800000,0x000000fff9900000) (1024K)]
  0x000002c85e61cbc0 JavaThread "Worker-2: Initialize workspace"        [_thread_blocked, id=9212, stack(0x000000fff9c00000,0x000000fff9d00000) (1024K)]
  0x000002c860ef1950 JavaThread "Worker-3"                          [_thread_blocked, id=15688, stack(0x000000fff9d00000,0x000000fff9e00000) (1024K)]
  0x000002c860ef0c30 JavaThread "Thread-1"                   daemon [_thread_in_native, id=14500, stack(0x000000fff9e00000,0x000000fff9f00000) (1024K)]
  0x000002c860eeff10 JavaThread "Thread-2"                   daemon [_thread_in_native, id=2444, stack(0x000000fff9f00000,0x000000fffa000000) (1024K)]
  0x000002c860ef05a0 JavaThread "Thread-3"                   daemon [_thread_in_native, id=10780, stack(0x000000fffa000000,0x000000fffa100000) (1024K)]
  0x000002c860ef12c0 JavaThread "Thread-4"                   daemon [_thread_in_native, id=4316, stack(0x000000fffa100000,0x000000fffa200000) (1024K)]
  0x000002c860ef1fe0 JavaThread "Thread-5"                   daemon [_thread_in_native, id=16436, stack(0x000000fffa200000,0x000000fffa300000) (1024K)]
  0x000002c860eef880 JavaThread "Thread-6"                   daemon [_thread_in_native, id=5164, stack(0x000000fffa300000,0x000000fffa400000) (1024K)]
  0x000002c860ef2670 JavaThread "Thread-7"                   daemon [_thread_in_native, id=15292, stack(0x000000fffa400000,0x000000fffa500000) (1024K)]
  0x000002c860eef1f0 JavaThread "Thread-8"                   daemon [_thread_in_native, id=5896, stack(0x000000fffa500000,0x000000fffa600000) (1024K)]
  0x000002c860ef6180 JavaThread "Thread-9"                   daemon [_thread_in_native, id=19760, stack(0x000000fffa600000,0x000000fffa700000) (1024K)]
  0x000002c860ef5af0 JavaThread "Thread-10"                  daemon [_thread_in_native, id=19336, stack(0x000000fffa700000,0x000000fffa800000) (1024K)]
  0x000002c860ef2d00 JavaThread "Thread-11"                  daemon [_thread_in_native, id=12072, stack(0x000000fffa800000,0x000000fffa900000) (1024K)]
  0x000002c860ef4dd0 JavaThread "Thread-12"                  daemon [_thread_in_native, id=15244, stack(0x000000fffa900000,0x000000fffaa00000) (1024K)]
  0x000002c860ef4740 JavaThread "Thread-13"                  daemon [_thread_in_native, id=19756, stack(0x000000fffaa00000,0x000000fffab00000) (1024K)]
  0x000002c860ef6810 JavaThread "pool-2-thread-1"                   [_thread_blocked, id=20496, stack(0x000000fffab00000,0x000000fffac00000) (1024K)]
  0x000002c860ef5460 JavaThread "WorkspaceEventsHandler"            [_thread_blocked, id=21240, stack(0x000000fffac00000,0x000000fffad00000) (1024K)]
  0x000002c860ef3390 JavaThread "pool-1-thread-1"                   [_thread_in_Java, id=19792, stack(0x000000fffad00000,0x000000fffae00000) (1024K)]
  0x000002c860ef3a20 JavaThread "ForkJoinPool.commonPool-worker-1" daemon [_thread_blocked, id=2504, stack(0x000000fffaf00000,0x000000fffb000000) (1024K)]
  0x000002c860ef40b0 JavaThread "ForkJoinPool.commonPool-worker-2" daemon [_thread_blocked, id=19504, stack(0x000000fffb000000,0x000000fffb100000) (1024K)]
  0x000002c86193a1f0 JavaThread "ForkJoinPool.commonPool-worker-3" daemon [_thread_blocked, id=1828, stack(0x000000fffb100000,0x000000fffb200000) (1024K)]
  0x000002c86193c2c0 JavaThread "ForkJoinPool.commonPool-worker-5" daemon [_thread_blocked, id=20128, stack(0x000000fffb200000,0x000000fffb300000) (1024K)]
  0x000002c86193c950 JavaThread "ForkJoinPool.commonPool-worker-4" daemon [_thread_blocked, id=21028, stack(0x000000fffb300000,0x000000fffb400000) (1024K)]
  0x000002c86193b5a0 JavaThread "ForkJoinPool.commonPool-worker-6" daemon [_thread_blocked, id=19684, stack(0x000000fffb400000,0x000000fffb500000) (1024K)]
  0x000002c86193dd00 JavaThread "ForkJoinPool.commonPool-worker-7" daemon [_thread_blocked, id=3988, stack(0x000000fffb500000,0x000000fffb600000) (1024K)]
  0x000002c86193af10 JavaThread "ForkJoinPool.commonPool-worker-8" daemon [_thread_blocked, id=8148, stack(0x000000fffb600000,0x000000fffb700000) (1024K)]
  0x000002c86193cfe0 JavaThread "ForkJoinPool.commonPool-worker-9" daemon [_thread_blocked, id=6076, stack(0x000000fffb700000,0x000000fffb800000) (1024K)]
  0x000002c86193d670 JavaThread "ForkJoinPool.commonPool-worker-10" daemon [_thread_blocked, id=384, stack(0x000000fffb800000,0x000000fffb900000) (1024K)]
  0x000002c86193a880 JavaThread "ForkJoinPool.commonPool-worker-11" daemon [_thread_blocked, id=20036, stack(0x000000fffb900000,0x000000fffba00000) (1024K)]
  0x000002c86193e390 JavaThread "Keep-Alive-Timer"           daemon [_thread_blocked, id=9004, stack(0x000000fffba00000,0x000000fffbb00000) (1024K)]
Total: 54

Other Threads:
  0x000002c8588b10a0 VMThread "VM Thread"                           [id=20512, stack(0x000000fff7800000,0x000000fff7900000) (1024K)]
  0x000002c81621ca00 WatcherThread "VM Periodic Task Thread"        [id=19420, stack(0x000000fff7700000,0x000000fff7800000) (1024K)]
  0x000002c87e5f2300 WorkerThread "GC Thread#0"                     [id=18776, stack(0x000000fff7600000,0x000000fff7700000) (1024K)]
  0x000002c85e7628e0 WorkerThread "GC Thread#1"                     [id=9012, stack(0x000000fff8500000,0x000000fff8600000) (1024K)]
  0x000002c85e762c80 WorkerThread "GC Thread#2"                     [id=15536, stack(0x000000fff8600000,0x000000fff8700000) (1024K)]
  0x000002c85e01a080 WorkerThread "GC Thread#3"                     [id=15100, stack(0x000000fff8700000,0x000000fff8800000) (1024K)]
  0x000002c85e01a420 WorkerThread "GC Thread#4"                     [id=17804, stack(0x000000fff8800000,0x000000fff8900000) (1024K)]
  0x000002c85ea26010 WorkerThread "GC Thread#5"                     [id=19932, stack(0x000000fff8900000,0x000000fff8a00000) (1024K)]
  0x000002c85ea263b0 WorkerThread "GC Thread#6"                     [id=9408, stack(0x000000fff8a00000,0x000000fff8b00000) (1024K)]
  0x000002c85e242900 WorkerThread "GC Thread#7"                     [id=7920, stack(0x000000fff8100000,0x000000fff8200000) (1024K)]
  0x000002c85eaeb130 WorkerThread "GC Thread#8"                     [id=21000, stack(0x000000fff8f00000,0x000000fff9000000) (1024K)]
  0x000002c85eb5dd40 WorkerThread "GC Thread#9"                     [id=20964, stack(0x000000fff9000000,0x000000fff9100000) (1024K)]
Total: 12

Threads with active compile tasks:
C2 CompilerThread0  15844 7534       4       jdk.internal.jrtfs.JrtPath::resolve (125 bytes)
C2 CompilerThread1  15844 7704       4       org.eclipse.core.runtime.Path::isPrefixOf (118 bytes)
C2 CompilerThread2  15844 7381   !   4       java.nio.file.FileTreeWalker::next (144 bytes)
Total: 3

VM state: not at safepoint (normal execution)

VM Mutex/Monitor currently owned by a thread: None

Heap address: 0x0000000080000000, size: 2048 MB, Compressed Oops mode: 32-bit

CDS archive(s) mapped at: [0x000002c817000000-0x000002c817ba0000-0x000002c817ba0000), size 12189696, SharedBaseAddress: 0x000002c817000000, ArchiveRelocationMode: 1.
Compressed class space mapped at: 0x000002c818000000-0x000002c858000000, reserved size: 1073741824
Narrow klass base: 0x000002c817000000, Narrow klass shift: 0, Narrow klass range: 0x100000000

GC Precious Log:
 CardTable entry size: 512
 CPUs: 12 total, 12 available
 Memory: 16307M
 Large Page Support: Disabled
 NUMA Support: Disabled
 Compressed Oops: Enabled (32-bit)
 Alignments: Space 512K, Generation 512K, Heap 2M
 Heap Min Capacity: 100M
 Heap Initial Capacity: 100M
 Heap Max Capacity: 2G
 Pre-touch: Disabled
 Parallel Workers: 10

Heap:
 PSYoungGen      total 12800K, used 3655K [0x00000000d5580000, 0x00000000d6600000, 0x0000000100000000)
  eden space 11264K, 22% used [0x00000000d5580000,0x00000000d5801d08,0x00000000d6080000)
  from space 1536K, 70% used [0x00000000d6480000,0x00000000d6590000,0x00000000d6600000)
  to   space 1536K, 0% used [0x00000000d6300000,0x00000000d6300000,0x00000000d6480000)
 ParOldGen       total 68608K, used 54171K [0x0000000080000000, 0x0000000084300000, 0x00000000d5580000)
  object space 68608K, 78% used [0x0000000080000000,0x00000000834e6ed8,0x0000000084300000)
 Metaspace       used 53553K, committed 54784K, reserved 1114112K
  class space    used 5906K, committed 6464K, reserved 1048576K

Card table byte_map: [0x000002c87df70000,0x000002c87e380000] _byte_map_base: 0x000002c87db70000

Marking Bits: (ParMarkBitMap*) 0x00007ffbd4b72460
 Begin Bits: [0x000002c812140000, 0x000002c814140000)
 End Bits:   [0x000002c814140000, 0x000002c816140000)

Polling page: 0x000002c87c780000

Metaspace:

Usage:
  Non-class:     46.53 MB used.
      Class:      5.77 MB used.
       Both:     52.30 MB used.

Virtual space:
  Non-class space:       64.00 MB reserved,      47.19 MB ( 74%) committed,  1 nodes.
      Class space:        1.00 GB reserved,       6.31 MB ( <1%) committed,  1 nodes.
             Both:        1.06 GB reserved,      53.50 MB (  5%) committed. 

Chunk freelists:
   Non-Class:  15.88 MB
       Class:  9.65 MB
        Both:  25.53 MB

MaxMetaspaceSize: unlimited
CompressedClassSpaceSize: 1.00 GB
Initial GC threshold: 21.00 MB
Current GC threshold: 58.38 MB
CDS: on
 - commit_granule_bytes: 65536.
 - commit_granule_words: 8192.
 - virtual_space_node_default_size: 8388608.
 - enlarge_chunks_in_place: 1.
 - use_allocation_guard: 0.


Internal statistics:

num_allocs_failed_limit: 6.
num_arena_births: 1024.
num_arena_deaths: 14.
num_vsnodes_births: 2.
num_vsnodes_deaths: 0.
num_space_committed: 856.
num_space_uncommitted: 0.
num_chunks_returned_to_freelist: 20.
num_chunks_taken_from_freelist: 3225.
num_chunk_merges: 8.
num_chunk_splits: 2027.
num_chunks_enlarged: 1213.
num_inconsistent_stats: 0.

CodeHeap 'non-profiled nmethods': size=120000Kb used=4262Kb max_used=4262Kb free=115737Kb
 bounds [0x000002c80ac10000, 0x000002c80b040000, 0x000002c812140000]
CodeHeap 'profiled nmethods': size=120000Kb used=14645Kb max_used=14645Kb free=105354Kb
 bounds [0x000002c803140000, 0x000002c803f90000, 0x000002c80a670000]
CodeHeap 'non-nmethods': size=5760Kb used=1417Kb max_used=1469Kb free=4342Kb
 bounds [0x000002c80a670000, 0x000002c80a8e0000, 0x000002c80ac10000]
CodeCache: size=245760Kb, used=20324Kb, max_used=20376Kb, free=225433Kb
 total_blobs=7810, nmethods=7089, adapters=627, full_count=0
Compilation: enabled, stopped_count=0, restarted_count=0

Compilation events (20 events):
Event: 14.808 Thread 0x000002c8588b97b0 nmethod 7683 0x000002c803f80a90 code [0x000002c803f80c40, 0x000002c803f80e10]
Event: 14.808 Thread 0x000002c8588b97b0 7684       2       org.eclipse.core.internal.resources.Project::hasNature (36 bytes)
Event: 14.808 Thread 0x000002c8588b97b0 nmethod 7684 0x000002c803f80f90 code [0x000002c803f81180, 0x000002c803f81488]
Event: 14.808 Thread 0x000002c8588b97b0 7686       2       org.eclipse.core.runtime.Path::makeAbsolute (66 bytes)
Event: 14.808 Thread 0x000002c8588b97b0 nmethod 7686 0x000002c803f81710 code [0x000002c803f81900, 0x000002c803f81c08]
Event: 14.808 Thread 0x000002c8588b97b0 7687       2       org.eclipse.core.internal.resources.Workspace::newResource (168 bytes)
Event: 14.809 Thread 0x000002c8588b97b0 nmethod 7687 0x000002c803f81d90 code [0x000002c803f82060, 0x000002c803f82a78]
Event: 14.809 Thread 0x000002c8588b97b0 7691       2       org.eclipse.core.internal.dtree.DataTreeLookup::<init> (26 bytes)
Event: 14.809 Thread 0x000002c8588b97b0 nmethod 7691 0x000002c803f83110 code [0x000002c803f832a0, 0x000002c803f833e0]
Event: 14.809 Thread 0x000002c8588b97b0 7688   !   2       org.eclipse.core.internal.resources.ProjectPreferences::silentLoad (65 bytes)
Event: 14.809 Thread 0x000002c8588b97b0 nmethod 7688 0x000002c803f83490 code [0x000002c803f83680, 0x000002c803f839e8]
Event: 14.809 Thread 0x000002c8588b97b0 7690       2       org.eclipse.core.runtime.Platform::getPreferencesService (7 bytes)
Event: 14.810 Thread 0x000002c8588b97b0 nmethod 7690 0x000002c803f83c10 code [0x000002c803f83dc0, 0x000002c803f83f58]
Event: 14.810 Thread 0x000002c8588b97b0 7681  s    2       org.eclipse.jdt.internal.core.JavaModelManager$PerProjectInfo::getResolvedClasspath (17 bytes)
Event: 14.810 Thread 0x000002c8588b97b0 nmethod 7681 0x000002c803f84090 code [0x000002c803f84240, 0x000002c803f84490]
Event: 14.810 Thread 0x000002c8588b97b0 7689       1       org.eclipse.jdt.internal.core.JavaModelManager::getJavaModel (5 bytes)
Event: 14.810 Thread 0x000002c8588b97b0 nmethod 7689 0x000002c80b02e910 code [0x000002c80b02eaa0, 0x000002c80b02eb68]
Event: 14.810 Thread 0x000002c8588b97b0 7692   !   2       org.eclipse.jdt.internal.core.JavaProject::hasJavaNature (38 bytes)
Event: 14.810 Thread 0x000002c8588b97b0 nmethod 7692 0x000002c803f84510 code [0x000002c803f84700, 0x000002c803f84aa8]
Event: 14.810 Thread 0x000002c8588b97b0 7694       2       org.eclipse.core.internal.resources.ProjectPreferences::nodeExists (124 bytes)

GC Heap History (20 events):
Event: 14.656 GC heap before
{Heap before GC invocations=35 (full 2):
 PSYoungGen      total 12288K, used 12256K [0x00000000d5580000, 0x00000000d6900000, 0x0000000100000000)
  eden space 11264K, 100% used [0x00000000d5580000,0x00000000d6080000,0x00000000d6080000)
  from space 1024K, 96% used [0x00000000d6800000,0x00000000d68f8010,0x00000000d6900000)
  to   space 2560K, 0% used [0x00000000d6400000,0x00000000d6400000,0x00000000d6680000)
 ParOldGen       total 68608K, used 43430K [0x0000000080000000, 0x0000000084300000, 0x00000000d5580000)
  object space 68608K, 63% used [0x0000000080000000,0x0000000082a698d8,0x0000000084300000)
 Metaspace       used 53392K, committed 54656K, reserved 1114112K
  class space    used 5895K, committed 6464K, reserved 1048576K
}
Event: 14.657 GC heap after
{Heap after GC invocations=35 (full 2):
 PSYoungGen      total 13824K, used 1442K [0x00000000d5580000, 0x00000000d6880000, 0x0000000100000000)
  eden space 11264K, 0% used [0x00000000d5580000,0x00000000d5580000,0x00000000d6080000)
  from space 2560K, 56% used [0x00000000d6400000,0x00000000d6568810,0x00000000d6680000)
  to   space 2048K, 0% used [0x00000000d6680000,0x00000000d6680000,0x00000000d6880000)
 ParOldGen       total 68608K, used 44422K [0x0000000080000000, 0x0000000084300000, 0x00000000d5580000)
  object space 68608K, 64% used [0x0000000080000000,0x0000000082b618e8,0x0000000084300000)
 Metaspace       used 53392K, committed 54656K, reserved 1114112K
  class space    used 5895K, committed 6464K, reserved 1048576K
}
Event: 14.668 GC heap before
{Heap before GC invocations=36 (full 2):
 PSYoungGen      total 13824K, used 12706K [0x00000000d5580000, 0x00000000d6880000, 0x0000000100000000)
  eden space 11264K, 100% used [0x00000000d5580000,0x00000000d6080000,0x00000000d6080000)
  from space 2560K, 56% used [0x00000000d6400000,0x00000000d6568810,0x00000000d6680000)
  to   space 2048K, 0% used [0x00000000d6680000,0x00000000d6680000,0x00000000d6880000)
 ParOldGen       total 68608K, used 44422K [0x0000000080000000, 0x0000000084300000, 0x00000000d5580000)
  object space 68608K, 64% used [0x0000000080000000,0x0000000082b618e8,0x0000000084300000)
 Metaspace       used 53399K, committed 54656K, reserved 1114112K
  class space    used 5895K, committed 6464K, reserved 1048576K
}
Event: 14.668 GC heap after
{Heap after GC invocations=36 (full 2):
 PSYoungGen      total 12800K, used 1216K [0x00000000d5580000, 0x00000000d6800000, 0x0000000100000000)
  eden space 11264K, 0% used [0x00000000d5580000,0x00000000d5580000,0x00000000d6080000)
  from space 1536K, 79% used [0x00000000d6680000,0x00000000d67b0010,0x00000000d6800000)
  to   space 1536K, 0% used [0x00000000d6500000,0x00000000d6500000,0x00000000d6680000)
 ParOldGen       total 68608K, used 45732K [0x0000000080000000, 0x0000000084300000, 0x00000000d5580000)
  object space 68608K, 66% used [0x0000000080000000,0x0000000082ca9208,0x0000000084300000)
 Metaspace       used 53399K, committed 54656K, reserved 1114112K
  class space    used 5895K, committed 6464K, reserved 1048576K
}
Event: 14.678 GC heap before
{Heap before GC invocations=37 (full 2):
 PSYoungGen      total 12800K, used 12480K [0x00000000d5580000, 0x00000000d6800000, 0x0000000100000000)
  eden space 11264K, 100% used [0x00000000d5580000,0x00000000d6080000,0x00000000d6080000)
  from space 1536K, 79% used [0x00000000d6680000,0x00000000d67b0010,0x00000000d6800000)
  to   space 1536K, 0% used [0x00000000d6500000,0x00000000d6500000,0x00000000d6680000)
 ParOldGen       total 68608K, used 45732K [0x0000000080000000, 0x0000000084300000, 0x00000000d5580000)
  object space 68608K, 66% used [0x0000000080000000,0x0000000082ca9208,0x0000000084300000)
 Metaspace       used 53404K, committed 54656K, reserved 1114112K
  class space    used 5895K, committed 6464K, reserved 1048576K
}
Event: 14.679 GC heap after
{Heap after GC invocations=37 (full 2):
 PSYoungGen      total 12800K, used 1152K [0x00000000d5580000, 0x00000000d6700000, 0x0000000100000000)
  eden space 11264K, 0% used [0x00000000d5580000,0x00000000d5580000,0x00000000d6080000)
  from space 1536K, 75% used [0x00000000d6500000,0x00000000d6620000,0x00000000d6680000)
  to   space 512K, 0% used [0x00000000d6680000,0x00000000d6680000,0x00000000d6700000)
 ParOldGen       total 68608K, used 46828K [0x0000000080000000, 0x0000000084300000, 0x00000000d5580000)
  object space 68608K, 68% used [0x0000000080000000,0x0000000082dbb218,0x0000000084300000)
 Metaspace       used 53404K, committed 54656K, reserved 1114112K
  class space    used 5895K, committed 6464K, reserved 1048576K
}
Event: 14.696 GC heap before
{Heap before GC invocations=38 (full 2):
 PSYoungGen      total 12800K, used 12416K [0x00000000d5580000, 0x00000000d6700000, 0x0000000100000000)
  eden space 11264K, 100% used [0x00000000d5580000,0x00000000d6080000,0x00000000d6080000)
  from space 1536K, 75% used [0x00000000d6500000,0x00000000d6620000,0x00000000d6680000)
  to   space 512K, 0% used [0x00000000d6680000,0x00000000d6680000,0x00000000d6700000)
 ParOldGen       total 68608K, used 46828K [0x0000000080000000, 0x0000000084300000, 0x00000000d5580000)
  object space 68608K, 68% used [0x0000000080000000,0x0000000082dbb218,0x0000000084300000)
 Metaspace       used 53420K, committed 54720K, reserved 1114112K
  class space    used 5895K, committed 6464K, reserved 1048576K
}
Event: 14.697 GC heap after
{Heap after GC invocations=38 (full 2):
 PSYoungGen      total 11776K, used 512K [0x00000000d5580000, 0x00000000d6700000, 0x0000000100000000)
  eden space 11264K, 0% used [0x00000000d5580000,0x00000000d5580000,0x00000000d6080000)
  from space 512K, 100% used [0x00000000d6680000,0x00000000d6700000,0x00000000d6700000)
  to   space 2560K, 0% used [0x00000000d6200000,0x00000000d6200000,0x00000000d6480000)
 ParOldGen       total 68608K, used 48412K [0x0000000080000000, 0x0000000084300000, 0x00000000d5580000)
  object space 68608K, 70% used [0x0000000080000000,0x0000000082f47218,0x0000000084300000)
 Metaspace       used 53420K, committed 54720K, reserved 1114112K
  class space    used 5895K, committed 6464K, reserved 1048576K
}
Event: 14.711 GC heap before
{Heap before GC invocations=39 (full 2):
 PSYoungGen      total 11776K, used 11776K [0x00000000d5580000, 0x00000000d6700000, 0x0000000100000000)
  eden space 11264K, 100% used [0x00000000d5580000,0x00000000d6080000,0x00000000d6080000)
  from space 512K, 100% used [0x00000000d6680000,0x00000000d6700000,0x00000000d6700000)
  to   space 2560K, 0% used [0x00000000d6200000,0x00000000d6200000,0x00000000d6480000)
 ParOldGen       total 68608K, used 48412K [0x0000000080000000, 0x0000000084300000, 0x00000000d5580000)
  object space 68608K, 70% used [0x0000000080000000,0x0000000082f47218,0x0000000084300000)
 Metaspace       used 53423K, committed 54720K, reserved 1114112K
  class space    used 5895K, committed 6464K, reserved 1048576K
}
Event: 14.712 GC heap after
{Heap after GC invocations=39 (full 2):
 PSYoungGen      total 13824K, used 1220K [0x00000000d5580000, 0x00000000d6700000, 0x0000000100000000)
  eden space 11264K, 0% used [0x00000000d5580000,0x00000000d5580000,0x00000000d6080000)
  from space 2560K, 47% used [0x00000000d6200000,0x00000000d6331000,0x00000000d6480000)
  to   space 1536K, 0% used [0x00000000d6580000,0x00000000d6580000,0x00000000d6700000)
 ParOldGen       total 68608K, used 48970K [0x0000000080000000, 0x0000000084300000, 0x00000000d5580000)
  object space 68608K, 71% used [0x0000000080000000,0x0000000082fd2bc8,0x0000000084300000)
 Metaspace       used 53423K, committed 54720K, reserved 1114112K
  class space    used 5895K, committed 6464K, reserved 1048576K
}
Event: 14.724 GC heap before
{Heap before GC invocations=40 (full 2):
 PSYoungGen      total 13824K, used 12484K [0x00000000d5580000, 0x00000000d6700000, 0x0000000100000000)
  eden space 11264K, 100% used [0x00000000d5580000,0x00000000d6080000,0x00000000d6080000)
  from space 2560K, 47% used [0x00000000d6200000,0x00000000d6331000,0x00000000d6480000)
  to   space 1536K, 0% used [0x00000000d6580000,0x00000000d6580000,0x00000000d6700000)
 ParOldGen       total 68608K, used 48970K [0x0000000080000000, 0x0000000084300000, 0x00000000d5580000)
  object space 68608K, 71% used [0x0000000080000000,0x0000000082fd2bc8,0x0000000084300000)
 Metaspace       used 53425K, committed 54720K, reserved 1114112K
  class space    used 5895K, committed 6464K, reserved 1048576K
}
Event: 14.725 GC heap after
{Heap after GC invocations=40 (full 2):
 PSYoungGen      total 12800K, used 1088K [0x00000000d5580000, 0x00000000d6700000, 0x0000000100000000)
  eden space 11264K, 0% used [0x00000000d5580000,0x00000000d5580000,0x00000000d6080000)
  from space 1536K, 70% used [0x00000000d6580000,0x00000000d6690000,0x00000000d6700000)
  to   space 1536K, 0% used [0x00000000d6400000,0x00000000d6400000,0x00000000d6580000)
 ParOldGen       total 68608K, used 50107K [0x0000000080000000, 0x0000000084300000, 0x00000000d5580000)
  object space 68608K, 73% used [0x0000000080000000,0x00000000830eecc8,0x0000000084300000)
 Metaspace       used 53425K, committed 54720K, reserved 1114112K
  class space    used 5895K, committed 6464K, reserved 1048576K
}
Event: 14.741 GC heap before
{Heap before GC invocations=41 (full 2):
 PSYoungGen      total 12800K, used 12352K [0x00000000d5580000, 0x00000000d6700000, 0x0000000100000000)
  eden space 11264K, 100% used [0x00000000d5580000,0x00000000d6080000,0x00000000d6080000)
  from space 1536K, 70% used [0x00000000d6580000,0x00000000d6690000,0x00000000d6700000)
  to   space 1536K, 0% used [0x00000000d6400000,0x00000000d6400000,0x00000000d6580000)
 ParOldGen       total 68608K, used 50107K [0x0000000080000000, 0x0000000084300000, 0x00000000d5580000)
  object space 68608K, 73% used [0x0000000080000000,0x00000000830eecc8,0x0000000084300000)
 Metaspace       used 53429K, committed 54720K, reserved 1114112K
  class space    used 5895K, committed 6464K, reserved 1048576K
}
Event: 14.742 GC heap after
{Heap after GC invocations=41 (full 2):
 PSYoungGen      total 12800K, used 1312K [0x00000000d5580000, 0x00000000d6600000, 0x0000000100000000)
  eden space 11264K, 0% used [0x00000000d5580000,0x00000000d5580000,0x00000000d6080000)
  from space 1536K, 85% used [0x00000000d6400000,0x00000000d6548010,0x00000000d6580000)
  to   space 512K, 0% used [0x00000000d6580000,0x00000000d6580000,0x00000000d6600000)
 ParOldGen       total 68608K, used 51051K [0x0000000080000000, 0x0000000084300000, 0x00000000d5580000)
  object space 68608K, 74% used [0x0000000080000000,0x00000000831dacc8,0x0000000084300000)
 Metaspace       used 53429K, committed 54720K, reserved 1114112K
  class space    used 5895K, committed 6464K, reserved 1048576K
}
Event: 14.768 GC heap before
{Heap before GC invocations=42 (full 2):
 PSYoungGen      total 12800K, used 12576K [0x00000000d5580000, 0x00000000d6600000, 0x0000000100000000)
  eden space 11264K, 100% used [0x00000000d5580000,0x00000000d6080000,0x00000000d6080000)
  from space 1536K, 85% used [0x00000000d6400000,0x00000000d6548010,0x00000000d6580000)
  to   space 512K, 0% used [0x00000000d6580000,0x00000000d6580000,0x00000000d6600000)
 ParOldGen       total 68608K, used 51051K [0x0000000080000000, 0x0000000084300000, 0x00000000d5580000)
  object space 68608K, 74% used [0x0000000080000000,0x00000000831dacc8,0x0000000084300000)
 Metaspace       used 53448K, committed 54720K, reserved 1114112K
  class space    used 5896K, committed 6464K, reserved 1048576K
}
Event: 14.769 GC heap after
{Heap after GC invocations=42 (full 2):
 PSYoungGen      total 11776K, used 512K [0x00000000d5580000, 0x00000000d6600000, 0x0000000100000000)
  eden space 11264K, 0% used [0x00000000d5580000,0x00000000d5580000,0x00000000d6080000)
  from space 512K, 100% used [0x00000000d6580000,0x00000000d6600000,0x00000000d6600000)
  to   space 2560K, 0% used [0x00000000d6100000,0x00000000d6100000,0x00000000d6380000)
 ParOldGen       total 68608K, used 52651K [0x0000000080000000, 0x0000000084300000, 0x00000000d5580000)
  object space 68608K, 76% used [0x0000000080000000,0x000000008336acd8,0x0000000084300000)
 Metaspace       used 53448K, committed 54720K, reserved 1114112K
  class space    used 5896K, committed 6464K, reserved 1048576K
}
Event: 14.785 GC heap before
{Heap before GC invocations=43 (full 2):
 PSYoungGen      total 11776K, used 11776K [0x00000000d5580000, 0x00000000d6600000, 0x0000000100000000)
  eden space 11264K, 100% used [0x00000000d5580000,0x00000000d6080000,0x00000000d6080000)
  from space 512K, 100% used [0x00000000d6580000,0x00000000d6600000,0x00000000d6600000)
  to   space 2560K, 0% used [0x00000000d6100000,0x00000000d6100000,0x00000000d6380000)
 ParOldGen       total 68608K, used 52651K [0x0000000080000000, 0x0000000084300000, 0x00000000d5580000)
  object space 68608K, 76% used [0x0000000080000000,0x000000008336acd8,0x0000000084300000)
 Metaspace       used 53460K, committed 54720K, reserved 1114112K
  class space    used 5896K, committed 6464K, reserved 1048576K
}
Event: 14.786 GC heap after
{Heap after GC invocations=43 (full 2):
 PSYoungGen      total 13824K, used 1144K [0x00000000d5580000, 0x00000000d6600000, 0x0000000100000000)
  eden space 11264K, 0% used [0x00000000d5580000,0x00000000d5580000,0x00000000d6080000)
  from space 2560K, 44% used [0x00000000d6100000,0x00000000d621e200,0x00000000d6380000)
  to   space 1536K, 0% used [0x00000000d6480000,0x00000000d6480000,0x00000000d6600000)
 ParOldGen       total 68608K, used 53203K [0x0000000080000000, 0x0000000084300000, 0x00000000d5580000)
  object space 68608K, 77% used [0x0000000080000000,0x00000000833f4cd8,0x0000000084300000)
 Metaspace       used 53460K, committed 54720K, reserved 1114112K
  class space    used 5896K, committed 6464K, reserved 1048576K
}
Event: 14.798 GC heap before
{Heap before GC invocations=44 (full 2):
 PSYoungGen      total 13824K, used 12408K [0x00000000d5580000, 0x00000000d6600000, 0x0000000100000000)
  eden space 11264K, 100% used [0x00000000d5580000,0x00000000d6080000,0x00000000d6080000)
  from space 2560K, 44% used [0x00000000d6100000,0x00000000d621e200,0x00000000d6380000)
  to   space 1536K, 0% used [0x00000000d6480000,0x00000000d6480000,0x00000000d6600000)
 ParOldGen       total 68608K, used 53203K [0x0000000080000000, 0x0000000084300000, 0x00000000d5580000)
  object space 68608K, 77% used [0x0000000080000000,0x00000000833f4cd8,0x0000000084300000)
 Metaspace       used 53464K, committed 54720K, reserved 1114112K
  class space    used 5896K, committed 6464K, reserved 1048576K
}
Event: 14.799 GC heap after
{Heap after GC invocations=44 (full 2):
 PSYoungGen      total 12800K, used 1088K [0x00000000d5580000, 0x00000000d6600000, 0x0000000100000000)
  eden space 11264K, 0% used [0x00000000d5580000,0x00000000d5580000,0x00000000d6080000)
  from space 1536K, 70% used [0x00000000d6480000,0x00000000d6590000,0x00000000d6600000)
  to   space 1536K, 0% used [0x00000000d6300000,0x00000000d6300000,0x00000000d6480000)
 ParOldGen       total 68608K, used 54171K [0x0000000080000000, 0x0000000084300000, 0x00000000d5580000)
  object space 68608K, 78% used [0x0000000080000000,0x00000000834e6ed8,0x0000000084300000)
 Metaspace       used 53464K, committed 54720K, reserved 1114112K
  class space    used 5896K, committed 6464K, reserved 1048576K
}

Dll operation events (12 events):
Event: 0.127 Loaded shared library c:\Users\Mihajlo\.vscode\extensions\redhat.java-1.51.0-win32-x64\jre\21.0.9-win32-x86_64\bin\java.dll
Event: 0.209 Loaded shared library c:\Users\Mihajlo\.vscode\extensions\redhat.java-1.51.0-win32-x64\jre\21.0.9-win32-x86_64\bin\zip.dll
Event: 0.225 Loaded shared library C:\Users\Mihajlo\.vscode\extensions\redhat.java-1.51.0-win32-x64\jre\21.0.9-win32-x86_64\bin\instrument.dll
Event: 0.257 Loaded shared library C:\Users\Mihajlo\.vscode\extensions\redhat.java-1.51.0-win32-x64\jre\21.0.9-win32-x86_64\bin\net.dll
Event: 0.285 Loaded shared library C:\Users\Mihajlo\.vscode\extensions\redhat.java-1.51.0-win32-x64\jre\21.0.9-win32-x86_64\bin\nio.dll
Event: 0.287 Loaded shared library C:\Users\Mihajlo\.vscode\extensions\redhat.java-1.51.0-win32-x64\jre\21.0.9-win32-x86_64\bin\zip.dll
Event: 0.299 Loaded shared library C:\Users\Mihajlo\.vscode\extensions\redhat.java-1.51.0-win32-x64\jre\21.0.9-win32-x86_64\bin\jimage.dll
Event: 0.375 Loaded shared library c:\Users\Mihajlo\.vscode\extensions\redhat.java-1.51.0-win32-x64\jre\21.0.9-win32-x86_64\bin\verify.dll
Event: 5.150 Loaded shared library C:\Users\Mihajlo\AppData\Roaming\Code\User\globalStorage\redhat.java\1.51.0\config_win\org.eclipse.equinox.launcher\org.eclipse.equinox.launcher.win32.win32.x86_64_1.2.1400.v20250801-0854\eclipse_11916.dll
Event: 11.531 Loaded shared library C:\Users\Mihajlo\AppData\Local\Temp\jna--1571558504\jna7505821085178300057.dll
Event: 12.613 Loaded shared library C:\Users\Mihajlo\.vscode\extensions\redhat.java-1.51.0-win32-x64\jre\21.0.9-win32-x86_64\bin\sunmscapi.dll
Event: 12.695 Loaded shared library C:\Users\Mihajlo\.vscode\extensions\redhat.java-1.51.0-win32-x64\jre\21.0.9-win32-x86_64\bin\extnet.dll

Deoptimization events (20 events):
Event: 14.567 Thread 0x000002c860ef3390 DEOPT PACKING pc=0x000002c80afee460 sp=0x000000fffadfcc80
Event: 14.567 Thread 0x000002c860ef3390 DEOPT UNPACKING pc=0x000002c80a6c3aa2 sp=0x000000fffadfcc00 mode 2
Event: 14.568 Thread 0x000002c860ef3390 Uncommon trap: trap_request=0xffffff45 fr.pc=0x000002c80aff33c8 relative=0x0000000000000788
Event: 14.568 Thread 0x000002c860ef3390 Uncommon trap: reason=unstable_if action=reinterpret pc=0x000002c80aff33c8 method=jdk.internal.jimage.ImageReader$SharedImageReader.findNode(Ljava/lang/String;)Ljdk/internal/jimage/ImageReader$Node; @ 25 c2
Event: 14.568 Thread 0x000002c860ef3390 DEOPT PACKING pc=0x000002c80aff33c8 sp=0x000000fffadfc9b0
Event: 14.568 Thread 0x000002c860ef3390 DEOPT UNPACKING pc=0x000002c80a6c3aa2 sp=0x000000fffadfc978 mode 2
Event: 14.606 Thread 0x000002c860ef3390 Uncommon trap: trap_request=0xffffff45 fr.pc=0x000002c80affa7fc relative=0x00000000000011fc
Event: 14.606 Thread 0x000002c860ef3390 Uncommon trap: reason=unstable_if action=reinterpret pc=0x000002c80affa7fc method=org.eclipse.jdt.internal.core.util.Util.splitOn(CLjava/lang/String;II)[Ljava/lang/String; @ 21 c2
Event: 14.606 Thread 0x000002c860ef3390 DEOPT PACKING pc=0x000002c80affa7fc sp=0x000000fffadfcbc0
Event: 14.606 Thread 0x000002c860ef3390 DEOPT UNPACKING pc=0x000002c80a6c3aa2 sp=0x000000fffadfcb88 mode 2
Event: 14.617 Thread 0x000002c860ef3390 Uncommon trap: trap_request=0xffffff76 fr.pc=0x000002c80affc8ec relative=0x000000000000044c
Event: 14.617 Thread 0x000002c860ef3390 Uncommon trap: reason=predicate action=maybe_recompile pc=0x000002c80affc8ec method=java.util.ArrayList.equalsRange(Ljava/util/List;II)Z @ 31 c2
Event: 14.617 Thread 0x000002c860ef3390 DEOPT PACKING pc=0x000002c80affc8ec sp=0x000000fffadfced0
Event: 14.617 Thread 0x000002c860ef3390 DEOPT UNPACKING pc=0x000002c80a6c3aa2 sp=0x000000fffadfce58 mode 2
Event: 14.706 Thread 0x000002c860ef3390 Uncommon trap: trap_request=0xffffff45 fr.pc=0x000002c80b00960c relative=0x000000000000044c
Event: 14.706 Thread 0x000002c860ef3390 Uncommon trap: reason=unstable_if action=reinterpret pc=0x000002c80b00960c method=java.util.ArrayList.equalsRange(Ljava/util/List;II)Z @ 41 c2
Event: 14.706 Thread 0x000002c860ef3390 DEOPT PACKING pc=0x000002c80b00960c sp=0x000000fffadfceb0
Event: 14.706 Thread 0x000002c860ef3390 DEOPT UNPACKING pc=0x000002c80a6c3aa2 sp=0x000000fffadfce40 mode 2
Event: 14.782 Thread 0x000002c860ef3390 DEOPT PACKING pc=0x000002c803f5920b sp=0x000000fffadfcdf0
Event: 14.782 Thread 0x000002c860ef3390 DEOPT UNPACKING pc=0x000002c80a6c4242 sp=0x000000fffadfc2d8 mode 0

Classes loaded (20 events):
Event: 14.507 Loading class sun/nio/ch/Util$4
Event: 14.507 Loading class sun/nio/ch/Util$4 done
Event: 14.511 Loading class java/nio/file/ClosedDirectoryStreamException
Event: 14.511 Loading class java/nio/file/ClosedDirectoryStreamException done
Event: 14.511 Loading class jdk/internal/jrtfs/JrtFileSystem
Event: 14.511 Loading class jdk/internal/jrtfs/JrtFileSystem done
Event: 14.511 Loading class jdk/internal/jrtfs/JrtPath
Event: 14.511 Loading class jdk/internal/jrtfs/JrtPath done
Event: 14.511 Loading class jdk/internal/jimage/ImageReader$Node
Event: 14.511 Loading class jdk/internal/jimage/ImageReader$Node done
Event: 14.515 Loading class java/nio/ByteBufferAsIntBufferL
Event: 14.515 Loading class java/nio/ByteBufferAsIntBufferL done
Event: 14.516 Loading class jdk/internal/jimage/ImageReader$Directory
Event: 14.516 Loading class jdk/internal/jimage/ImageReader$Directory done
Event: 14.634 Loading class java/util/AbstractList$ListItr
Event: 14.634 Loading class java/util/AbstractList$ListItr done
Event: 14.645 Loading class java/nio/channels/Channels$ReadableByteChannelImpl
Event: 14.645 Loading class java/nio/channels/Channels$ReadableByteChannelImpl done
Event: 14.646 Loading class java/nio/channels/NonWritableChannelException
Event: 14.646 Loading class java/nio/channels/NonWritableChannelException done

Classes unloaded (7 events):
Event: 11.824 Thread 0x000002c8588b10a0 Unloading class 0x000002c8181a3800 'java/lang/invoke/LambdaForm$MH+0x000002c8181a3800'
Event: 11.824 Thread 0x000002c8588b10a0 Unloading class 0x000002c8181a3400 'java/lang/invoke/LambdaForm$MH+0x000002c8181a3400'
Event: 11.824 Thread 0x000002c8588b10a0 Unloading class 0x000002c8181a3000 'java/lang/invoke/LambdaForm$MH+0x000002c8181a3000'
Event: 11.824 Thread 0x000002c8588b10a0 Unloading class 0x000002c8181a2c00 'java/lang/invoke/LambdaForm$MH+0x000002c8181a2c00'
Event: 11.824 Thread 0x000002c8588b10a0 Unloading class 0x000002c8181a2800 'java/lang/invoke/LambdaForm$BMH+0x000002c8181a2800'
Event: 11.824 Thread 0x000002c8588b10a0 Unloading class 0x000002c8181a2400 'java/lang/invoke/LambdaForm$DMH+0x000002c8181a2400'
Event: 11.824 Thread 0x000002c8588b10a0 Unloading class 0x000002c8181a1000 'java/lang/invoke/LambdaForm$DMH+0x000002c8181a1000'

Classes redefined (0 events):
No events

Internal exceptions (20 events):
Event: 14.337 Thread 0x000002c860ef1950 Exception <a 'sun/nio/fs/WindowsException'{0x00000000d56275e0}> (0x00000000d56275e0) 
thrown [s\src\hotspot\share\prims\jni.cpp, line 520]
Event: 14.337 Thread 0x000002c860ef1950 Exception <a 'sun/nio/fs/WindowsException'{0x00000000d562b9a8}> (0x00000000d562b9a8) 
thrown [s\src\hotspot\share\prims\jni.cpp, line 520]
Event: 14.338 Thread 0x000002c860ef1950 Exception <a 'sun/nio/fs/WindowsException'{0x00000000d56302d8}> (0x00000000d56302d8) 
thrown [s\src\hotspot\share\prims\jni.cpp, line 520]
Event: 14.338 Thread 0x000002c860ef1950 Exception <a 'sun/nio/fs/WindowsException'{0x00000000d5635130}> (0x00000000d5635130) 
thrown [s\src\hotspot\share\prims\jni.cpp, line 520]
Event: 14.338 Thread 0x000002c860ef1950 Exception <a 'sun/nio/fs/WindowsException'{0x00000000d563a9e0}> (0x00000000d563a9e0) 
thrown [s\src\hotspot\share\prims\jni.cpp, line 520]
Event: 14.419 Thread 0x000002c860ef1950 Exception <a 'sun/nio/fs/WindowsException'{0x00000000d5b9adb0}> (0x00000000d5b9adb0) 
thrown [s\src\hotspot\share\prims\jni.cpp, line 520]
Event: 14.419 Thread 0x000002c860ef1950 Exception <a 'sun/nio/fs/WindowsException'{0x00000000d5b9f4b0}> (0x00000000d5b9f4b0) 
thrown [s\src\hotspot\share\prims\jni.cpp, line 520]
Event: 14.419 Thread 0x000002c860ef1950 Exception <a 'sun/nio/fs/WindowsException'{0x00000000d5ba3830}> (0x00000000d5ba3830) 
thrown [s\src\hotspot\share\prims\jni.cpp, line 520]
Event: 14.419 Thread 0x000002c860ef1950 Exception <a 'sun/nio/fs/WindowsException'{0x00000000d5ba7e80}> (0x00000000d5ba7e80) 
thrown [s\src\hotspot\share\prims\jni.cpp, line 520]
Event: 14.420 Thread 0x000002c860ef1950 Exception <a 'sun/nio/fs/WindowsException'{0x00000000d5bad990}> (0x00000000d5bad990) 
thrown [s\src\hotspot\share\prims\jni.cpp, line 520]
Event: 14.420 Thread 0x000002c860ef1950 Exception <a 'sun/nio/fs/WindowsException'{0x00000000d5bb3498}> (0x00000000d5bb3498) 
thrown [s\src\hotspot\share\prims\jni.cpp, line 520]
Event: 14.420 Thread 0x000002c860ef1950 Exception <a 'sun/nio/fs/WindowsException'{0x00000000d5bb9820}> (0x00000000d5bb9820) 
thrown [s\src\hotspot\share\prims\jni.cpp, line 520]
Event: 14.420 Thread 0x000002c860ef1950 Exception <a 'sun/nio/fs/WindowsException'{0x00000000d5bbe1c0}> (0x00000000d5bbe1c0) 
thrown [s\src\hotspot\share\prims\jni.cpp, line 520]
Event: 14.421 Thread 0x000002c860ef1950 Exception <a 'sun/nio/fs/WindowsException'{0x00000000d5bc41e8}> (0x00000000d5bc41e8) 
thrown [s\src\hotspot\share\prims\jni.cpp, line 520]
Event: 14.421 Thread 0x000002c860ef1950 Exception <a 'sun/nio/fs/WindowsException'{0x00000000d5bca928}> (0x00000000d5bca928) 
thrown [s\src\hotspot\share\prims\jni.cpp, line 520]
Event: 14.421 Thread 0x000002c860ef1950 Exception <a 'sun/nio/fs/WindowsException'{0x00000000d5bcfec0}> (0x00000000d5bcfec0) 
thrown [s\src\hotspot\share\prims\jni.cpp, line 520]
Event: 14.421 Thread 0x000002c860ef1950 Exception <a 'sun/nio/fs/WindowsException'{0x00000000d5bd5520}> (0x00000000d5bd5520) 
thrown [s\src\hotspot\share\prims\jni.cpp, line 520]
Event: 14.422 Thread 0x000002c860ef1950 Exception <a 'sun/nio/fs/WindowsException'{0x00000000d5bd9a00}> (0x00000000d5bd9a00) 
thrown [s\src\hotspot\share\prims\jni.cpp, line 520]
Event: 14.507 Thread 0x000002c860ef3390 Implicit null exception at 0x000002c80af41583 to 0x000002c80af41804
Event: 14.508 Thread 0x000002c860ef3390 Exception <a 'java/lang/NoSuchMethodError'{0x00000000d57d6e70}: 'java.lang.Object java.lang.invoke.DelegatingMethodHandle$Holder.reinvoke_L(java.lang.Object, int, long, java.lang.Object, java.lang.Object, int, java.lang.Object)'> (0x00000000d57d6e70) 
thrown [s\src\hotspot\share\interpreter\linkResolver.cpp, line 773]

ZGC Phase Switch (0 events):
No events

VM Operations (20 events):
Event: 14.657 Executing VM operation: ParallelGCFailedAllocation (Allocation Failure) done
Event: 14.668 Executing VM operation: ParallelGCFailedAllocation (Allocation Failure)
Event: 14.668 Executing VM operation: ParallelGCFailedAllocation (Allocation Failure) done
Event: 14.678 Executing VM operation: ParallelGCFailedAllocation (Allocation Failure)
Event: 14.679 Executing VM operation: ParallelGCFailedAllocation (Allocation Failure) done
Event: 14.696 Executing VM operation: ParallelGCFailedAllocation (Allocation Failure)
Event: 14.697 Executing VM operation: ParallelGCFailedAllocation (Allocation Failure) done
Event: 14.711 Executing VM operation: ParallelGCFailedAllocation (Allocation Failure)
Event: 14.712 Executing VM operation: ParallelGCFailedAllocation (Allocation Failure) done
Event: 14.723 Executing VM operation: ParallelGCFailedAllocation (Allocation Failure)
Event: 14.725 Executing VM operation: ParallelGCFailedAllocation (Allocation Failure) done
Event: 14.741 Executing VM operation: ParallelGCFailedAllocation (Allocation Failure)
Event: 14.742 Executing VM operation: ParallelGCFailedAllocation (Allocation Failure) done
Event: 14.768 Executing VM operation: ParallelGCFailedAllocation (Allocation Failure)
Event: 14.769 Executing VM operation: ParallelGCFailedAllocation (Allocation Failure) done
Event: 14.785 Executing VM operation: ParallelGCFailedAllocation (Allocation Failure)
Event: 14.786 Executing VM operation: ParallelGCFailedAllocation (Allocation Failure) done
Event: 14.798 Executing VM operation: ParallelGCFailedAllocation (Allocation Failure)
Event: 14.799 Executing VM operation: ParallelGCFailedAllocation (Allocation Failure) done
Event: 15.805 Executing VM operation: Cleanup

Memory protections (0 events):
No events

Nmethod flushes (20 events):
Event: 12.547 Thread 0x000002c8588b10a0 flushing  nmethod 0x000002c803780a90
Event: 12.547 Thread 0x000002c8588b10a0 flushing  nmethod 0x000002c803780e90
Event: 12.547 Thread 0x000002c8588b10a0 flushing  nmethod 0x000002c803781f90
Event: 12.547 Thread 0x000002c8588b10a0 flushing  nmethod 0x000002c803783590
Event: 12.547 Thread 0x000002c8588b10a0 flushing  nmethod 0x000002c803783a10
Event: 12.547 Thread 0x000002c8588b10a0 flushing  nmethod 0x000002c803783f10
Event: 12.547 Thread 0x000002c8588b10a0 flushing  nmethod 0x000002c803786810
Event: 12.547 Thread 0x000002c8588b10a0 flushing  nmethod 0x000002c8037a3a10
Event: 12.547 Thread 0x000002c8588b10a0 flushing  nmethod 0x000002c8037aaa10
Event: 12.547 Thread 0x000002c8588b10a0 flushing  nmethod 0x000002c8037ae110
Event: 12.547 Thread 0x000002c8588b10a0 flushing  nmethod 0x000002c8037bef90
Event: 12.547 Thread 0x000002c8588b10a0 flushing  nmethod 0x000002c8037c0310
Event: 12.547 Thread 0x000002c8588b10a0 flushing  nmethod 0x000002c803842490
Event: 12.547 Thread 0x000002c8588b10a0 flushing  nmethod 0x000002c803878d10
Event: 12.547 Thread 0x000002c8588b10a0 flushing  nmethod 0x000002c803879190
Event: 12.547 Thread 0x000002c8588b10a0 flushing  nmethod 0x000002c80388e090
Event: 12.547 Thread 0x000002c8588b10a0 flushing  nmethod 0x000002c803891010
Event: 12.547 Thread 0x000002c8588b10a0 flushing  nmethod 0x000002c803891490
Event: 12.547 Thread 0x000002c8588b10a0 flushing  nmethod 0x000002c803893310
Event: 12.547 Thread 0x000002c8588b10a0 flushing  nmethod 0x000002c8038ae990

Events (20 events):
Event: 12.409 Thread 0x000002c87e5d3ba0 Thread added: 0x000002c860ef2d00
Event: 12.409 Thread 0x000002c87e5d3ba0 Thread added: 0x000002c860ef4dd0
Event: 12.409 Thread 0x000002c87e5d3ba0 Thread added: 0x000002c860ef4740
Event: 12.424 Thread 0x000002c87e5d3ba0 Thread added: 0x000002c860ef6810
Event: 12.616 Thread 0x000002c87e5d3ba0 Thread added: 0x000002c860ef5460
Event: 12.616 Thread 0x000002c87e5d3ba0 Thread added: 0x000002c860ef3390
Event: 12.942 Thread 0x000002c85e61d8e0 Thread added: 0x000002c860ef3a20
Event: 12.942 Thread 0x000002c85e61d8e0 Thread added: 0x000002c860ef40b0
Event: 12.942 Thread 0x000002c860ef3a20 Thread added: 0x000002c86193a1f0
Event: 12.942 Thread 0x000002c86193a1f0 Thread added: 0x000002c86193c2c0
Event: 12.942 Thread 0x000002c860ef40b0 Thread added: 0x000002c86193c950
Event: 12.943 Thread 0x000002c86193c2c0 Thread added: 0x000002c86193b5a0
Event: 12.943 Thread 0x000002c86193c950 Thread added: 0x000002c86193dd00
Event: 12.943 Thread 0x000002c86193dd00 Thread added: 0x000002c86193af10
Event: 12.943 Thread 0x000002c86193af10 Thread added: 0x000002c86193cfe0
Event: 12.944 Thread 0x000002c86193b5a0 Thread added: 0x000002c86193d670
Event: 12.944 Thread 0x000002c86193cfe0 Thread added: 0x000002c86193a880
Event: 12.944 Thread 0x000002c85e61d250 Thread added: 0x000002c86193f0b0
Event: 12.948 Thread 0x000002c86193f0b0 Thread exited: 0x000002c86193f0b0
Event: 13.003 Thread 0x000002c85e61d250 Thread added: 0x000002c86193e390


Dynamic libraries:
0x00007ff75d860000 - 0x00007ff75d86e000 	c:\Users\Mihajlo\.vscode\extensions\redhat.java-1.51.0-win32-x64\jre\21.0.9-win32-x86_64\bin\java.exe
0x00007ffc95c40000 - 0x00007ffc95ea7000 	C:\WINDOWS\SYSTEM32\ntdll.dll
0x00007ffc94bf0000 - 0x00007ffc94cb9000 	C:\WINDOWS\System32\KERNEL32.DLL
0x00007ffc930a0000 - 0x00007ffc9348f000 	C:\WINDOWS\System32\KERNELBASE.dll
0x00007ffc93890000 - 0x00007ffc939db000 	C:\WINDOWS\System32\ucrtbase.dll
0x00007ffc65db0000 - 0x00007ffc65dce000 	c:\Users\Mihajlo\.vscode\extensions\redhat.java-1.51.0-win32-x64\jre\21.0.9-win32-x86_64\bin\VCRUNTIME140.dll
0x00007ffc65ae0000 - 0x00007ffc65af8000 	c:\Users\Mihajlo\.vscode\extensions\redhat.java-1.51.0-win32-x64\jre\21.0.9-win32-x86_64\bin\jli.dll
0x00007ffc93d20000 - 0x00007ffc93ee5000 	C:\WINDOWS\System32\USER32.dll
0x00007ffc79a70000 - 0x00007ffc79d03000 	C:\WINDOWS\WinSxS\amd64_microsoft.windows.common-controls_6595b64144ccf1df_6.0.26100.7309_none_3e05feeae336a044\COMCTL32.dll
0x00007ffc93070000 - 0x00007ffc93097000 	C:\WINDOWS\System32\win32u.dll
0x00007ffc94b10000 - 0x00007ffc94bb9000 	C:\WINDOWS\System32\msvcrt.dll
0x00007ffc94bc0000 - 0x00007ffc94beb000 	C:\WINDOWS\System32\GDI32.dll
0x00007ffc934a0000 - 0x00007ffc935cc000 	C:\WINDOWS\System32\gdi32full.dll
0x00007ffc92fc0000 - 0x00007ffc93063000 	C:\WINDOWS\System32\msvcp_win.dll
0x00007ffc94640000 - 0x00007ffc94671000 	C:\WINDOWS\System32\IMM32.DLL
0x00007ffc6a840000 - 0x00007ffc6a84c000 	c:\Users\Mihajlo\.vscode\extensions\redhat.java-1.51.0-win32-x64\jre\21.0.9-win32-x86_64\bin\vcruntime140_1.dll
0x00007ffc5c680000 - 0x00007ffc5c70d000 	c:\Users\Mihajlo\.vscode\extensions\redhat.java-1.51.0-win32-x64\jre\21.0.9-win32-x86_64\bin\msvcp140.dll
0x00007ffbd3eb0000 - 0x00007ffbd4c50000 	c:\Users\Mihajlo\.vscode\extensions\redhat.java-1.51.0-win32-x64\jre\21.0.9-win32-x86_64\bin\server\jvm.dll
0x00007ffc950b0000 - 0x00007ffc95164000 	C:\WINDOWS\System32\ADVAPI32.dll
0x00007ffc93f10000 - 0x00007ffc93fb6000 	C:\WINDOWS\System32\sechost.dll
0x00007ffc93c00000 - 0x00007ffc93d18000 	C:\WINDOWS\System32\RPCRT4.dll
0x00007ffc94100000 - 0x00007ffc94174000 	C:\WINDOWS\System32\WS2_32.dll
0x00007ffc92a40000 - 0x00007ffc92a9e000 	C:\WINDOWS\SYSTEM32\POWRPROF.dll
0x00007ffc87660000 - 0x00007ffc87695000 	C:\WINDOWS\SYSTEM32\WINMM.dll
0x00007ffc8cc40000 - 0x00007ffc8cc4b000 	C:\WINDOWS\SYSTEM32\VERSION.dll
0x00007ffc92960000 - 0x00007ffc92974000 	C:\WINDOWS\SYSTEM32\UMPDC.dll
0x00007ffc91b00000 - 0x00007ffc91b1b000 	C:\WINDOWS\SYSTEM32\kernel.appcore.dll
0x00007ffc6a680000 - 0x00007ffc6a68a000 	c:\Users\Mihajlo\.vscode\extensions\redhat.java-1.51.0-win32-x64\jre\21.0.9-win32-x86_64\bin\jimage.dll
0x00007ffc8fc60000 - 0x00007ffc8fea2000 	C:\WINDOWS\SYSTEM32\DBGHELP.DLL
0x00007ffc94180000 - 0x00007ffc94506000 	C:\WINDOWS\System32\combase.dll
0x00007ffc94510000 - 0x00007ffc945e6000 	C:\WINDOWS\System32\OLEAUT32.dll
0x00007ffc7b4c0000 - 0x00007ffc7b4fc000 	C:\WINDOWS\SYSTEM32\dbgcore.DLL
0x00007ffc92f10000 - 0x00007ffc92fb5000 	C:\WINDOWS\System32\bcryptPrimitives.dll
0x00007ffc690b0000 - 0x00007ffc690bf000 	c:\Users\Mihajlo\.vscode\extensions\redhat.java-1.51.0-win32-x64\jre\21.0.9-win32-x86_64\bin\instrument.dll
0x00007ffc65310000 - 0x00007ffc65330000 	c:\Users\Mihajlo\.vscode\extensions\redhat.java-1.51.0-win32-x64\jre\21.0.9-win32-x86_64\bin\java.dll
0x00007ffc95490000 - 0x00007ffc95be3000 	C:\WINDOWS\System32\SHELL32.dll
0x00007ffc93690000 - 0x00007ffc937fa000 	C:\WINDOWS\System32\wintypes.dll
0x00007ffc90970000 - 0x00007ffc911ce000 	C:\WINDOWS\SYSTEM32\windows.storage.dll
0x00007ffc94eb0000 - 0x00007ffc94fa5000 	C:\WINDOWS\System32\SHCORE.dll
0x00007ffc93b80000 - 0x00007ffc93be6000 	C:\WINDOWS\System32\shlwapi.dll
0x00007ffc92cb0000 - 0x00007ffc92cd9000 	C:\WINDOWS\SYSTEM32\profapi.dll
0x00007ffc5e330000 - 0x00007ffc5e348000 	c:\Users\Mihajlo\.vscode\extensions\redhat.java-1.51.0-win32-x64\jre\21.0.9-win32-x86_64\bin\zip.dll
0x00007ffc66dd0000 - 0x00007ffc66de0000 	C:\Users\Mihajlo\.vscode\extensions\redhat.java-1.51.0-win32-x64\jre\21.0.9-win32-x86_64\bin\net.dll
0x00007ffc8c240000 - 0x00007ffc8c368000 	C:\WINDOWS\SYSTEM32\WINHTTP.dll
0x00007ffc92050000 - 0x00007ffc920bb000 	C:\WINDOWS\system32\mswsock.dll
0x00007ffc5bc50000 - 0x00007ffc5bc66000 	C:\Users\Mihajlo\.vscode\extensions\redhat.java-1.51.0-win32-x64\jre\21.0.9-win32-x86_64\bin\nio.dll
0x00007ffc5e320000 - 0x00007ffc5e330000 	c:\Users\Mihajlo\.vscode\extensions\redhat.java-1.51.0-win32-x64\jre\21.0.9-win32-x86_64\bin\verify.dll
0x00007ffc5c630000 - 0x00007ffc5c674000 	C:\Users\Mihajlo\AppData\Roaming\Code\User\globalStorage\redhat.java\1.51.0\config_win\org.eclipse.equinox.launcher\org.eclipse.equinox.launcher.win32.win32.x86_64_1.2.1400.v20250801-0854\eclipse_11916.dll
0x00007ffc939e0000 - 0x00007ffc93b77000 	C:\WINDOWS\System32\ole32.dll
0x00007ffc92440000 - 0x00007ffc9245b000 	C:\WINDOWS\SYSTEM32\CRYPTSP.dll
0x00007ffc91a60000 - 0x00007ffc91a9a000 	C:\WINDOWS\system32\rsaenh.dll
0x00007ffc92100000 - 0x00007ffc9212b000 	C:\WINDOWS\SYSTEM32\USERENV.dll
0x00007ffc92c80000 - 0x00007ffc92caa000 	C:\WINDOWS\SYSTEM32\bcrypt.dll
0x00007ffc922a0000 - 0x00007ffc922ac000 	C:\WINDOWS\SYSTEM32\CRYPTBASE.dll
0x00007ffc914f0000 - 0x00007ffc91524000 	C:\WINDOWS\SYSTEM32\IPHLPAPI.DLL
0x00007ffc950a0000 - 0x00007ffc950aa000 	C:\WINDOWS\System32\NSI.dll
0x00007ffc5bd60000 - 0x00007ffc5bda9000 	C:\Users\Mihajlo\AppData\Local\Temp\jna--1571558504\jna7505821085178300057.dll
0x00007ffc93bf0000 - 0x00007ffc93bf8000 	C:\WINDOWS\System32\PSAPI.DLL
0x00007ffc8c050000 - 0x00007ffc8c06e000 	C:\WINDOWS\SYSTEM32\dhcpcsvc6.DLL
0x00007ffc8c020000 - 0x00007ffc8c043000 	C:\WINDOWS\SYSTEM32\dhcpcsvc.DLL
0x00007ffc6a6b0000 - 0x00007ffc6a6be000 	C:\Users\Mihajlo\.vscode\extensions\redhat.java-1.51.0-win32-x64\jre\21.0.9-win32-x86_64\bin\sunmscapi.dll
0x00007ffc92d90000 - 0x00007ffc92f07000 	C:\WINDOWS\System32\CRYPT32.dll
0x00007ffc92600000 - 0x00007ffc92630000 	C:\WINDOWS\SYSTEM32\ncrypt.dll
0x00007ffc925b0000 - 0x00007ffc925ef000 	C:\WINDOWS\SYSTEM32\NTASN1.dll
0x00007ffc91580000 - 0x00007ffc916ac000 	C:\WINDOWS\SYSTEM32\DNSAPI.dll
0x00007ffc86c50000 - 0x00007ffc86c5b000 	C:\Windows\System32\rasadhlp.dll
0x00007ffc87ff0000 - 0x00007ffc88076000 	C:\WINDOWS\System32\fwpuclnt.dll
0x00007ffc6a6a0000 - 0x00007ffc6a6a9000 	C:\Users\Mihajlo\.vscode\extensions\redhat.java-1.51.0-win32-x64\jre\21.0.9-win32-x86_64\bin\extnet.dll

JVMTI agents:
c:\Users\Mihajlo\.vscode\extensions\redhat.java-1.51.0-win32-x64\lombok\lombok-1.18.39-4050.jar path:c:\Users\Mihajlo\.vscode\extensions\redhat.java-1.51.0-win32-x64\jre\21.0.9-win32-x86_64\bin\instrument.dll, loaded, initialized, instrumentlib options:none

dbghelp: loaded successfully - version: 4.0.5 - missing functions: none
symbol engine: initialized successfully - sym options: 0x614 - pdb path: .;c:\Users\Mihajlo\.vscode\extensions\redhat.java-1.51.0-win32-x64\jre\21.0.9-win32-x86_64\bin;C:\WINDOWS\SYSTEM32;C:\WINDOWS\WinSxS\amd64_microsoft.windows.common-controls_6595b64144ccf1df_6.0.26100.7309_none_3e05feeae336a044;c:\Users\Mihajlo\.vscode\extensions\redhat.java-1.51.0-win32-x64\jre\21.0.9-win32-x86_64\bin\server;C:\Users\Mihajlo\AppData\Roaming\Code\User\globalStorage\redhat.java\1.51.0\config_win\org.eclipse.equinox.launcher\org.eclipse.equinox.launcher.win32.win32.x86_64_1.2.1400.v20250801-0854;C:\Users\Mihajlo\AppData\Local\Temp\jna--1571558504

VM Arguments:
jvm_args: --add-modules=ALL-SYSTEM --add-opens=java.base/java.util=ALL-UNNAMED --add-opens=java.base/java.lang=ALL-UNNAMED --add-opens=java.base/sun.nio.fs=ALL-UNNAMED -Declipse.application=org.eclipse.jdt.ls.core.id1 -Dosgi.bundles.defaultStartLevel=4 -Declipse.product=org.eclipse.jdt.ls.core.product -Djava.import.generatesMetadataFilesAtProjectRoot=false -DDetectVMInstallationsJob.disabled=true -Dfile.encoding=utf8 -XX:+UseParallelGC -XX:GCTimeRatio=4 -XX:AdaptiveSizePolicyWeight=90 -Dsun.zip.disableMemoryMapping=true -Xmx2G -Xms100m -Xlog:disable -javaagent:c:\Users\Mihajlo\.vscode\extensions\redhat.java-1.51.0-win32-x64\lombok\lombok-1.18.39-4050.jar -XX:+HeapDumpOnOutOfMemoryError -XX:HeapDumpPath=c:\Users\Mihajlo\AppData\Roaming\Code\User\workspaceStorage\27b743619641d250a03ce9842f25eeca\redhat.java -Daether.dependencyCollector.impl=bf 
java_command: c:\Users\Mihajlo\.vscode\extensions\redhat.java-1.51.0-win32-x64\server\plugins\org.eclipse.equinox.launcher_1.7.100.v20251111-0406.jar -configuration c:\Users\Mihajlo\AppData\Roaming\Code\User\globalStorage\redhat.java\1.51.0\config_win -data c:\Users\Mihajlo\AppData\Roaming\Code\User\workspaceStorage\27b743619641d250a03ce9842f25eeca\redhat.java\jdt_ws --pipe=\\.\pipe\lsp-ea4f52c39a48c945f541b9c077184af4-sock
java_class_path (initial): c:\Users\Mihajlo\.vscode\extensions\redhat.java-1.51.0-win32-x64\server\plugins\org.eclipse.equinox.launcher_1.7.100.v20251111-0406.jar
Launcher Type: SUN_STANDARD

[Global flags]
    uintx AdaptiveSizePolicyWeight                 = 90                                        {product} {command line}
     intx CICompilerCount                          = 4                                         {product} {ergonomic}
    uintx GCTimeRatio                              = 4                                         {product} {command line}
     bool HeapDumpOnOutOfMemoryError               = true                                   {manageable} {command line}
    ccstr HeapDumpPath                             = c:\Users\Mihajlo\AppData\Roaming\Code\User\workspaceStorage\27b743619641d250a03ce9842f25eeca\redhat.java         {manageable} {command line}
   size_t InitialHeapSize                          = 104857600                                 {product} {command line}
   size_t MaxHeapSize                              = 2147483648                                {product} {command line}
   size_t MaxNewSize                               = 715653120                                 {product} {ergonomic}
   size_t MinHeapDeltaBytes                        = 524288                                    {product} {ergonomic}
   size_t MinHeapSize                              = 104857600                                 {product} {command line}
   size_t NewSize                                  = 34603008                                  {product} {ergonomic}
    uintx NonNMethodCodeHeapSize                   = 5839372                                {pd product} {ergonomic}
    uintx NonProfiledCodeHeapSize                  = 122909434                              {pd product} {ergonomic}
   size_t OldSize                                  = 70254592                                  {product} {ergonomic}
    uintx ProfiledCodeHeapSize                     = 122909434                              {pd product} {ergonomic}
    uintx ReservedCodeCacheSize                    = 251658240                              {pd product} {ergonomic}
     bool SegmentedCodeCache                       = true                                      {product} {ergonomic}
   size_t SoftMaxHeapSize                          = 2147483648                             {manageable} {ergonomic}
     bool UseCompressedOops                        = true                           {product lp64_product} {ergonomic}
     bool UseLargePagesIndividualAllocation        = false                                  {pd product} {ergonomic}
     bool UseParallelGC                            = true                                      {product} {command line}

Logging:
Log output configuration:
 #0: stdout all=off uptime,level,tags foldmultilines=false
 #1: stderr all=off uptime,level,tags foldmultilines=false

Release file:
JAVA_VERSION="21.0.9" 
MODULES="java.base java.compiler java.datatransfer java.xml java.prefs java.desktop java.instrument java.logging java.management java.security.sasl java.naming java.rmi java.management.rmi java.net.http java.scripting java.security.jgss java.transaction.xa java.sql java.sql.rowset java.xml.crypto java.se java.smartcardio jdk.accessibility jdk.internal.jvmstat jdk.attach jdk.charsets jdk.internal.opt jdk.zipfs jdk.compiler jdk.crypto.ec jdk.crypto.cryptoki jdk.crypto.mscapi jdk.dynalink jdk.internal.ed jdk.editpad jdk.hotspot.agent jdk.httpserver jdk.internal.le jdk.internal.vm.ci jdk.internal.vm.compiler jdk.internal.vm.compiler.management jdk.jartool jdk.javadoc jdk.jcmd jdk.management jdk.management.agent jdk.jconsole jdk.jdeps jdk.jdwp.agent jdk.jdi jdk.jfr jdk.jshell jdk.jsobject jdk.jstatd jdk.localedata jdk.management.jfr jdk.naming.dns jdk.naming.rmi jdk.net jdk.nio.mapmode jdk.random jdk.sctp jdk.security.auth jdk.security.jgss jdk.unsupported jdk.unsupported.desktop jdk.xml.dom" 

Environment Variables:
JAVA_HOME=C:\Program Files\Java\jdk-19
PATH=C:\Python313\Scripts\;C:\Python313\;C:\app\Mihajlo\product\21c\dbhomeXE\bin;C:\Program Files\Common Files\Oracle\Java\javapath;C:\ProgramData\Oracle\Java\javapath;C:\Windows\system32;C:\Windows;C:\Windows\System32\Wbem;C:\Windows\System32\WindowsPowerShell\v1.0\;C:\Windows\System32\OpenSSH\;C:\Program Files (x86)\NVIDIA Corporation\PhysX\Common;C:\WINDOWS\system32;C:\WINDOWS;C:\WINDOWS\System32\Wbem;C:\WINDOWS\System32\WindowsPowerShell\v1.0\;C:\WINDOWS\System32\OpenSSH\;C:\Python310;C:\Program Files\dotnet\;"C:\Program Files\Java\jdk-19\bin;";C:\Program Files\Go\bin;C:\Program Files\Git\cmd;C:\Python310\Scripts;C:\Program Files\Microsoft SQL Server\150\Tools\Binn\;C:\Program Files\Microsoft SQL Server\Client SDK\ODBC\170\Tools\Binn\;C:\Program Files (x86)\dotnet\;C:\Program Files\NVIDIA Corporation\NVIDIA app\NvDLISR;C:\WINDOWS\system32;C:\WINDOWS;C:\WINDOWS\System32\Wbem;C:\WINDOWS\System32\WindowsPowerShell\v1.0\;C:\WINDOWS\System32\OpenSSH\;C:\Program Files\nodejs\;C:\ProgramData\chocolatey\bin;C:\Program Files\Amazon\AWSCLIV2\;C:\Program Files (x86)\Windows Kits\10\Windows Performance Toolkit\;C:\Program Files\Docker\Docker\resources\bin;C:\Users\Mihajlo\AppData\Local\Microsoft\WindowsApps;C:\Users\Mihajlo\AppData\Local\Programs\Microsoft VS Code\bin;C:\Users\Mihajlo\go\bin;C:\Users\Mihajlo\.dotnet\tools;C:\Users\Mihajlo\AppData\Local\GitHubDesktop\bin;C:\Users\Mihajlo\AppData\Local\JetBrains\Toolbox\scripts;C:\Users\Mihajlo\AppData\Local\Microsoft\WinGet\Packages\Schniz.fnm_Microsoft.Winget.Source_8wekyb3d8bbwe;C:\Users\Mihajlo\AppData\Local\Microsoft\WindowsApps;C:\Users\Mihajlo\.dotnet\tools;C:\Users\Mihajlo\AppData\Roaming\npm
USERNAME=Mihajlo
OS=Windows_NT
PROCESSOR_IDENTIFIER=AMD64 Family 25 Model 33 Stepping 2, AuthenticAMD
TMP=C:\Users\Mihajlo\AppData\Local\Temp
TEMP=C:\Users\Mihajlo\AppData\Local\Temp




Periodic native trim disabled

---------------  S Y S T E M  ---------------

OS:
 Windows 11 , 64 bit Build 26100 (10.0.26100.7623)
OS uptime: 0 days 1:30 hours
Hyper-V role detected

CPU: total 12 (initial active 12) (12 cores per cpu, 2 threads per core) family 25 model 33 stepping 2 microcode 0xa201205, cx8, cmov, fxsr, ht, mmx, 3dnowpref, sse, sse2, sse3, ssse3, sse4a, sse4.1, sse4.2, popcnt, lzcnt, tsc, tscinvbit, avx, avx2, aes, erms, clmul, bmi1, bmi2, adx, sha, fma, vzeroupper, clflush, clflushopt, hv, rdtscp, rdpid, fsrm, f16c, cet_ss
Processor Information for the first 12 processors :
  Max Mhz: 3501, Current Mhz: 3501, Mhz Limit: 3501

Memory: 4k page, system-wide physical 16307M (3252M free)
TotalPageFile size 20807M (AvailPageFile size 20M)
current process WorkingSet (physical memory assigned to process): 255M, peak: 270M
current process commit charge ("private bytes"): 347M, peak: 364M

vm_info: OpenJDK 64-Bit Server VM (21.0.9+10-LTS) for windows-amd64 JRE (21.0.9+10-LTS), built on 2025-10-21T00:00:00Z by "admin" with unknown MS VC++:1942

END.
