#
# There is insufficient memory for the Java Runtime Environment to continue.
# Native memory allocation (malloc) failed to allocate 356064 bytes. Error detail: Chunk::new
# Possible reasons:
#   The system is out of physical RAM or swap space
#   This process is running with CompressedOops enabled, and the Java Heap may be blocking the growth of the native heap
# Possible solutions:
#   Reduce memory load on the system
#   Increase physical memory or swap space
#   Check if swap backing store is full
#   Decrease Java heap size (-Xmx/-Xms)
#   Decrease number of Java threads
#   Decrease Java thread stack sizes (-Xss)
#   Set larger code cache with -XX:ReservedCodeCacheSize=
#   JVM is running with Unscaled Compressed Oops mode in which the Java heap is
#     placed in the first 4GB address space. The Java Heap base address is the
#     maximum limit for the native heap growth. Please use -XX:HeapBaseMinAddress
#     to set the Java Heap base and to place the Java Heap above 4GB virtual address.
# This output file may be truncated or incomplete.
#
#  Out of Memory Error (arena.cpp:168), pid=16192, tid=2108
#
# JRE version: OpenJDK Runtime Environment Temurin-21.0.9+10 (21.0.9+10) (build 21.0.9+10-LTS)
# Java VM: OpenJDK 64-Bit Server VM Temurin-21.0.9+10 (21.0.9+10-LTS, mixed mode, sharing, tiered, compressed oops, compressed class ptrs, parallel gc, windows-amd64)
# No core dump will be written. Minidumps are not enabled by default on client versions of Windows
#

---------------  S U M M A R Y ------------

Command Line: --add-modules=ALL-SYSTEM --add-opens=java.base/java.util=ALL-UNNAMED --add-opens=java.base/java.lang=ALL-UNNAMED --add-opens=java.base/sun.nio.fs=ALL-UNNAMED -Declipse.application=org.eclipse.jdt.ls.core.id1 -Dosgi.bundles.defaultStartLevel=4 -Declipse.product=org.eclipse.jdt.ls.core.product -Djava.import.generatesMetadataFilesAtProjectRoot=false -DDetectVMInstallationsJob.disabled=true -Dfile.encoding=utf8 -XX:+UseParallelGC -XX:GCTimeRatio=4 -XX:AdaptiveSizePolicyWeight=90 -Dsun.zip.disableMemoryMapping=true -Xmx2G -Xms100m -Xlog:disable -javaagent:c:\Users\Mihajlo\.vscode\extensions\redhat.java-1.52.0-win32-x64\lombok\lombok-1.18.39-4050.jar -XX:+HeapDumpOnOutOfMemoryError -XX:HeapDumpPath=c:\Users\Mihajlo\AppData\Roaming\Code\User\workspaceStorage\071757cfea9ed2b793f40c0f77799fe2\redhat.java -Daether.dependencyCollector.impl=bf c:\Users\Mihajlo\.vscode\extensions\redhat.java-1.52.0-win32-x64\server\plugins\org.eclipse.equinox.launcher_1.7.100.v20251111-0406.jar -configuration c:\Users\Mihajlo\AppData\Roaming\Code\User\globalStorage\redhat.java\1.52.0\config_win -data c:\Users\Mihajlo\AppData\Roaming\Code\User\workspaceStorage\071757cfea9ed2b793f40c0f77799fe2\redhat.java\jdt_ws --pipe=\\.\pipe\lsp-20337a21ce5f7ede4a91af16285ca741-sock

Host: AMD Ryzen 5 5600 6-Core Processor              , 12 cores, 15G,  Windows 11 , 64 bit Build 26100 (10.0.26100.7705)
Time: Tue Feb  3 14:05:15 2026 Central Europe Standard Time elapsed time: 2.939916 seconds (0d 0h 0m 2s)

---------------  T H R E A D  ---------------

Current thread (0x00000265ffc2bff0):  JavaThread "C2 CompilerThread0" daemon [_thread_in_native, id=2108, stack(0x000000d023400000,0x000000d023500000) (1024K)]


Current CompileTask:
C2:2940 1690       4       java.io.WinNTFileSystem::normalize (143 bytes)

Stack: [0x000000d023400000,0x000000d023500000]
Native frames: (J=compiled Java code, j=interpreted, Vv=VM code, C=native code)
V  [jvm.dll+0x6d6e29]
V  [jvm.dll+0x8b4b76]
V  [jvm.dll+0x8b712e]
V  [jvm.dll+0x8b7813]
V  [jvm.dll+0x283d86]
V  [jvm.dll+0xc66ed]
V  [jvm.dll+0xc6c31]
V  [jvm.dll+0x3be53b]
V  [jvm.dll+0x38ab92]
V  [jvm.dll+0x389fda]
V  [jvm.dll+0x24bfa0]
V  [jvm.dll+0x24b580]
V  [jvm.dll+0x1cb13e]
V  [jvm.dll+0x25b29d]
V  [jvm.dll+0x25982a]
V  [jvm.dll+0x3f7ea6]
V  [jvm.dll+0x85e9ad]
V  [jvm.dll+0x6d565d]
C  [ucrtbase.dll+0x37b0]
C  [KERNEL32.DLL+0x2e8d7]
C  [ntdll.dll+0x8c40c]


---------------  P R O C E S S  ---------------

Threads class SMR info:
_java_thread_list=0x00000265de7d6440, length=14, elements={
0x00000265ffb6fc50, 0x000002659673e390, 0x00000265ffc10390, 0x00000265ffc16010,
0x00000265ffc17620, 0x00000265ffc19be0, 0x00000265ffc25340, 0x00000265ffc2bff0,
0x00000265d8bd2010, 0x00000265d8dc9b10, 0x00000265d8deddb0, 0x00000265d8dee440,
0x00000265de052610, 0x00000265d8deead0
}

Java Threads: ( => current thread )
  0x00000265ffb6fc50 JavaThread "main"                              [_thread_blocked, id=10728, stack(0x000000d022a00000,0x000000d022b00000) (1024K)]
  0x000002659673e390 JavaThread "Reference Handler"          daemon [_thread_blocked, id=8780, stack(0x000000d022e00000,0x000000d022f00000) (1024K)]
  0x00000265ffc10390 JavaThread "Finalizer"                  daemon [_thread_blocked, id=9536, stack(0x000000d022f00000,0x000000d023000000) (1024K)]
  0x00000265ffc16010 JavaThread "Signal Dispatcher"          daemon [_thread_blocked, id=21312, stack(0x000000d023000000,0x000000d023100000) (1024K)]
  0x00000265ffc17620 JavaThread "Attach Listener"            daemon [_thread_blocked, id=1348, stack(0x000000d023100000,0x000000d023200000) (1024K)]
  0x00000265ffc19be0 JavaThread "Service Thread"             daemon [_thread_blocked, id=22780, stack(0x000000d023200000,0x000000d023300000) (1024K)]
  0x00000265ffc25340 JavaThread "Monitor Deflation Thread"   daemon [_thread_blocked, id=404, stack(0x000000d023300000,0x000000d023400000) (1024K)]
=>0x00000265ffc2bff0 JavaThread "C2 CompilerThread0"         daemon [_thread_in_native, id=2108, stack(0x000000d023400000,0x000000d023500000) (1024K)]
  0x00000265d8bd2010 JavaThread "C1 CompilerThread0"         daemon [_thread_blocked, id=9024, stack(0x000000d023500000,0x000000d023600000) (1024K)]
  0x00000265d8dc9b10 JavaThread "C2 CompilerThread1"         daemon [_thread_blocked, id=22628, stack(0x000000d023600000,0x000000d023700000) (1024K)]
  0x00000265d8deddb0 JavaThread "Common-Cleaner"             daemon [_thread_blocked, id=4604, stack(0x000000d023700000,0x000000d023800000) (1024K)]
  0x00000265d8dee440 JavaThread "Notification Thread"        daemon [_thread_blocked, id=19736, stack(0x000000d023800000,0x000000d023900000) (1024K)]
  0x00000265de052610 JavaThread "C2 CompilerThread2"         daemon [_thread_blocked, id=22112, stack(0x000000d023900000,0x000000d023a00000) (1024K)]
  0x00000265d8deead0 JavaThread "Active Thread: Equinox Container: 497bb261-c8ca-4e93-9fa8-c8ba5888c30a"        [_thread_blocked, id=22680, stack(0x000000d024000000,0x000000d024100000) (1024K)]
Total: 14

Other Threads:
  0x0000026596724960 VMThread "VM Thread"                           [id=13396, stack(0x000000d022d00000,0x000000d022e00000) (1024K)] _threads_hazard_ptr=0x00000265de7d6440
  0x000002659661ca00 WatcherThread "VM Periodic Task Thread"        [id=12664, stack(0x000000d022c00000,0x000000d022d00000) (1024K)]
  0x00000265ffb8dd20 WorkerThread "GC Thread#0"                     [id=11212, stack(0x000000d022b00000,0x000000d022c00000) (1024K)]
  0x00000265de7edd30 WorkerThread "GC Thread#1"                     [id=11464, stack(0x000000d023a00000,0x000000d023b00000) (1024K)]
  0x00000265de7e5240 WorkerThread "GC Thread#2"                     [id=4928, stack(0x000000d023b00000,0x000000d023c00000) (1024K)]
  0x00000265de7e55e0 WorkerThread "GC Thread#3"                     [id=14732, stack(0x000000d023c00000,0x000000d023d00000) (1024K)]
  0x00000265de40a3b0 WorkerThread "GC Thread#4"                     [id=7776, stack(0x000000d023d00000,0x000000d023e00000) (1024K)]
  0x00000265de40a750 WorkerThread "GC Thread#5"                     [id=23028, stack(0x000000d023e00000,0x000000d023f00000) (1024K)]
  0x00000265de40aaf0 WorkerThread "GC Thread#6"                     [id=16572, stack(0x000000d023f00000,0x000000d024000000) (1024K)]
Total: 9

Threads with active compile tasks:
C2 CompilerThread0  2951 1690       4       java.io.WinNTFileSystem::normalize (143 bytes)
C1 CompilerThread0  2951 1713       3       org.eclipse.core.runtime.adaptor.EclipseStarter::createURL (52 bytes)
C2 CompilerThread1  2951 1714       4       java.lang.CharacterDataLatin1::equalsIgnoreCase (63 bytes)
Total: 3

VM state: synchronizing (normal execution)

VM Mutex/Monitor currently owned by a thread:  ([mutex/lock_event])
[0x00007fff2d03d570] Threads_lock - owner thread: 0x0000026596724960

Heap address: 0x0000000080000000, size: 2048 MB, Compressed Oops mode: 32-bit

CDS archive(s) mapped at: [0x0000026597000000-0x0000026597ba0000-0x0000026597ba0000), size 12189696, SharedBaseAddress: 0x0000026597000000, ArchiveRelocationMode: 1.
Compressed class space mapped at: 0x0000026598000000-0x00000265d8000000, reserved size: 1073741824
Narrow klass base: 0x0000026597000000, Narrow klass shift: 0, Narrow klass range: 0x100000000

GC Precious Log:
 CardTable entry size: 512
 CPUs: 12 total, 12 available
 Memory: 16307M
 Large Page Support: Disabled
 NUMA Support: Disabled
 Compressed Oops: Enabled (32-bit)
 Alignments: Space 512K, Generation 512K, Heap 2M
 Heap Min Capacity: 100M
 Heap Initial Capacity: 100M
 Heap Max Capacity: 2G
 Pre-touch: Disabled
 Parallel Workers: 10

Heap:
 PSYoungGen      total 29696K, used 28896K [0x00000000d5580000, 0x00000000d7680000, 0x0000000100000000)
  eden space 25600K, 100% used [0x00000000d5580000,0x00000000d6e80000,0x00000000d6e80000)
  from space 4096K, 80% used [0x00000000d6e80000,0x00000000d71b8158,0x00000000d7280000)
  to   space 4096K, 0% used [0x00000000d7280000,0x00000000d7280000,0x00000000d7680000)
 ParOldGen       total 68608K, used 16K [0x0000000080000000, 0x0000000084300000, 0x00000000d5580000)
  object space 68608K, 0% used [0x0000000080000000,0x0000000080004000,0x0000000084300000)
 Metaspace       used 7889K, committed 8192K, reserved 1114112K
  class space    used 830K, committed 960K, reserved 1048576K

Card table byte_map: [0x00000265ff510000,0x00000265ff920000] _byte_map_base: 0x00000265ff110000

Marking Bits: (ParMarkBitMap*) 0x00007fff2d042460
 Begin Bits: [0x0000026592140000, 0x0000026594140000)
 End Bits:   [0x0000026594140000, 0x0000026596140000)

Polling page: 0x00000265fd980000

Metaspace:

Usage:
  Non-class:      6.89 MB used.
      Class:    830.46 KB used.
       Both:      7.70 MB used.

Virtual space:
  Non-class space:       64.00 MB reserved,       7.06 MB ( 11%) committed,  1 nodes.
      Class space:        1.00 GB reserved,     960.00 KB ( <1%) committed,  1 nodes.
             Both:        1.06 GB reserved,       8.00 MB ( <1%) committed. 

Chunk freelists:
   Non-Class:  8.83 MB
       Class:  14.91 MB
        Both:  23.73 MB

MaxMetaspaceSize: unlimited
CompressedClassSpaceSize: 1.00 GB
Initial GC threshold: 21.00 MB
Current GC threshold: 21.00 MB
CDS: on
 - commit_granule_bytes: 65536.
 - commit_granule_words: 8192.
 - virtual_space_node_default_size: 8388608.
 - enlarge_chunks_in_place: 1.
 - use_allocation_guard: 0.


Internal statistics:

num_allocs_failed_limit: 0.
num_arena_births: 228.
num_arena_deaths: 0.
num_vsnodes_births: 2.
num_vsnodes_deaths: 0.
num_space_committed: 128.
num_space_uncommitted: 0.
num_chunks_returned_to_freelist: 0.
num_chunks_taken_from_freelist: 423.
num_chunk_merges: 0.
num_chunk_splits: 270.
num_chunks_enlarged: 177.
num_inconsistent_stats: 0.

CodeHeap 'non-profiled nmethods': size=120000Kb used=741Kb max_used=741Kb free=119258Kb
 bounds [0x000002658ac10000, 0x000002658ae80000, 0x0000026592140000]
CodeHeap 'profiled nmethods': size=120000Kb used=2997Kb max_used=2997Kb free=117002Kb
 bounds [0x0000026583140000, 0x0000026583430000, 0x000002658a670000]
CodeHeap 'non-nmethods': size=5760Kb used=1225Kb max_used=1252Kb free=4534Kb
 bounds [0x000002658a670000, 0x000002658a8e0000, 0x000002658ac10000]
CodeCache: size=245760Kb, used=4963Kb, max_used=4990Kb, free=240794Kb
 total_blobs=2192, nmethods=1708, adapters=390, full_count=0
Compilation: enabled, stopped_count=0, restarted_count=0

Compilation events (20 events):
Event: 0.927 Thread 0x00000265d8bd2010 nmethod 1704 0x0000026583426910 code [0x0000026583426aa0, 0x0000026583426b98]
Event: 0.928 Thread 0x00000265d8bd2010 1705       3       java.io.WinNTFileSystem::isAbsolute (36 bytes)
Event: 0.928 Thread 0x00000265d8bd2010 nmethod 1705 0x0000026583426c10 code [0x0000026583426e20, 0x00000265834274a0]
Event: 0.928 Thread 0x00000265d8bd2010 1706       3       java.io.File::slashify (84 bytes)
Event: 0.929 Thread 0x00000265d8bd2010 nmethod 1706 0x0000026583427790 code [0x0000026583427aa0, 0x00000265834287e8]
Event: 0.929 Thread 0x00000265d8bd2010 1707       3       sun.net.util.IPAddressUtil::checkExternalForm (98 bytes)
Event: 0.929 Thread 0x00000265de052610 nmethod 1674% 0x000002658acc7410 code [0x000002658acc76a0, 0x000002658acc8b68]
Event: 0.930 Thread 0x00000265d8bd2010 nmethod 1707 0x0000026583428d90 code [0x0000026583428f80, 0x00000265834292b8]
Event: 0.933 Thread 0x00000265d8bd2010 1708       3       java.net.URLStreamHandler::<init> (5 bytes)
Event: 0.933 Thread 0x00000265d8bd2010 nmethod 1708 0x0000026583429410 code [0x00000265834295c0, 0x0000026583429728]
Event: 0.933 Thread 0x00000265d8bd2010 1709       3       org.eclipse.osgi.internal.framework.EquinoxConfiguration::getProperty (9 bytes)
Event: 0.934 Thread 0x00000265d8bd2010 nmethod 1709 0x0000026583429810 code [0x0000026583429a60, 0x000002658342a1f8]
Event: 0.934 Thread 0x00000265d8bd2010 1710       3       org.eclipse.osgi.internal.framework.EquinoxConfiguration$ConfigValues::getProperty (31 bytes)
Event: 0.934 Thread 0x00000265d8bd2010 nmethod 1710 0x000002658342a490 code [0x000002658342a720, 0x000002658342b198]
Event: 0.934 Thread 0x00000265d8bd2010 1711       3       org.eclipse.osgi.internal.framework.BundleContextImpl::getProperty (25 bytes)
Event: 0.934 Thread 0x00000265d8bd2010 nmethod 1711 0x000002658342b510 code [0x000002658342b720, 0x000002658342bcb8]
Event: 0.934 Thread 0x00000265d8bd2010 1712       3       org.eclipse.equinox.plurl.PlurlStreamHandlerBase::<init> (5 bytes)
Event: 0.935 Thread 0x00000265d8bd2010 nmethod 1712 0x000002658342bf10 code [0x000002658342c0c0, 0x000002658342c288]
Event: 0.935 Thread 0x00000265d8bd2010 1713       3       org.eclipse.core.runtime.adaptor.EclipseStarter::createURL (52 bytes)
Event: 0.935 Thread 0x00000265d8dc9b10 1714       4       java.lang.CharacterDataLatin1::equalsIgnoreCase (63 bytes)

GC Heap History (2 events):
Event: 0.537 GC heap before
{Heap before GC invocations=1 (full 0):
 PSYoungGen      total 29696K, used 25600K [0x00000000d5580000, 0x00000000d7680000, 0x0000000100000000)
  eden space 25600K, 100% used [0x00000000d5580000,0x00000000d6e80000,0x00000000d6e80000)
  from space 4096K, 0% used [0x00000000d7280000,0x00000000d7280000,0x00000000d7680000)
  to   space 4096K, 0% used [0x00000000d6e80000,0x00000000d6e80000,0x00000000d7280000)
 ParOldGen       total 68608K, used 0K [0x0000000080000000, 0x0000000084300000, 0x00000000d5580000)
  object space 68608K, 0% used [0x0000000080000000,0x0000000080000000,0x0000000084300000)
 Metaspace       used 4337K, committed 4544K, reserved 1114112K
  class space    used 473K, committed 576K, reserved 1048576K
}
Event: 0.540 GC heap after
{Heap after GC invocations=1 (full 0):
 PSYoungGen      total 29696K, used 3296K [0x00000000d5580000, 0x00000000d7680000, 0x0000000100000000)
  eden space 25600K, 0% used [0x00000000d5580000,0x00000000d5580000,0x00000000d6e80000)
  from space 4096K, 80% used [0x00000000d6e80000,0x00000000d71b8158,0x00000000d7280000)
  to   space 4096K, 0% used [0x00000000d7280000,0x00000000d7280000,0x00000000d7680000)
 ParOldGen       total 68608K, used 16K [0x0000000080000000, 0x0000000084300000, 0x00000000d5580000)
  object space 68608K, 0% used [0x0000000080000000,0x0000000080004000,0x0000000084300000)
 Metaspace       used 4337K, committed 4544K, reserved 1114112K
  class space    used 473K, committed 576K, reserved 1048576K
}

Dll operation events (8 events):
Event: 0.010 Loaded shared library c:\Users\Mihajlo\.vscode\extensions\redhat.java-1.52.0-win32-x64\jre\21.0.9-win32-x86_64\bin\java.dll
Event: 0.057 Loaded shared library c:\Users\Mihajlo\.vscode\extensions\redhat.java-1.52.0-win32-x64\jre\21.0.9-win32-x86_64\bin\zip.dll
Event: 0.070 Loaded shared library C:\Users\Mihajlo\.vscode\extensions\redhat.java-1.52.0-win32-x64\jre\21.0.9-win32-x86_64\bin\instrument.dll
Event: 0.073 Loaded shared library C:\Users\Mihajlo\.vscode\extensions\redhat.java-1.52.0-win32-x64\jre\21.0.9-win32-x86_64\bin\net.dll
Event: 0.074 Loaded shared library C:\Users\Mihajlo\.vscode\extensions\redhat.java-1.52.0-win32-x64\jre\21.0.9-win32-x86_64\bin\nio.dll
Event: 0.076 Loaded shared library C:\Users\Mihajlo\.vscode\extensions\redhat.java-1.52.0-win32-x64\jre\21.0.9-win32-x86_64\bin\zip.dll
Event: 0.088 Loaded shared library C:\Users\Mihajlo\.vscode\extensions\redhat.java-1.52.0-win32-x64\jre\21.0.9-win32-x86_64\bin\jimage.dll
Event: 0.129 Loaded shared library c:\Users\Mihajlo\.vscode\extensions\redhat.java-1.52.0-win32-x64\jre\21.0.9-win32-x86_64\bin\verify.dll

Deoptimization events (20 events):
Event: 0.825 Thread 0x00000265ffb6fc50 DEOPT PACKING pc=0x000002658aca3c00 sp=0x000000d022afe520
Event: 0.825 Thread 0x00000265ffb6fc50 DEOPT UNPACKING pc=0x000002658a6c3aa2 sp=0x000000d022afe448 mode 2
Event: 0.825 Thread 0x00000265ffb6fc50 Uncommon trap: trap_request=0xffffffde fr.pc=0x000002658ac3f5b4 relative=0x0000000000000474
Event: 0.825 Thread 0x00000265ffb6fc50 Uncommon trap: reason=class_check action=maybe_recompile pc=0x000002658ac3f5b4 method=java.util.HashMap.putVal(ILjava/lang/Object;Ljava/lang/Object;ZZ)Ljava/lang/Object; @ 253 c2
Event: 0.825 Thread 0x00000265ffb6fc50 DEOPT PACKING pc=0x000002658ac3f5b4 sp=0x000000d022afe380
Event: 0.825 Thread 0x00000265ffb6fc50 DEOPT UNPACKING pc=0x000002658a6c3aa2 sp=0x000000d022afe340 mode 2
Event: 0.873 Thread 0x00000265ffb6fc50 DEOPT PACKING pc=0x00000265831f9dbc sp=0x000000d022afc410
Event: 0.873 Thread 0x00000265ffb6fc50 DEOPT UNPACKING pc=0x000002658a6c4242 sp=0x000000d022afb930 mode 0
Event: 0.883 Thread 0x00000265ffb6fc50 DEOPT PACKING pc=0x00000265832a20b1 sp=0x000000d022afd4d0
Event: 0.883 Thread 0x00000265ffb6fc50 DEOPT UNPACKING pc=0x000002658a6c4242 sp=0x000000d022afc948 mode 0
Event: 0.883 Thread 0x00000265ffb6fc50 DEOPT PACKING pc=0x000002658324018b sp=0x000000d022afcad0
Event: 0.883 Thread 0x00000265ffb6fc50 DEOPT UNPACKING pc=0x000002658a6c4242 sp=0x000000d022afbf48 mode 0
Event: 0.884 Thread 0x00000265ffb6fc50 DEOPT PACKING pc=0x00000265832d9508 sp=0x000000d022afc6d0
Event: 0.884 Thread 0x00000265ffb6fc50 DEOPT UNPACKING pc=0x000002658a6c4242 sp=0x000000d022afbb50 mode 0
Event: 0.885 Thread 0x00000265ffb6fc50 DEOPT PACKING pc=0x00000265832d9508 sp=0x000000d022afc9e0
Event: 0.885 Thread 0x00000265ffb6fc50 DEOPT UNPACKING pc=0x000002658a6c4242 sp=0x000000d022afbe60 mode 0
Event: 0.886 Thread 0x00000265ffb6fc50 DEOPT PACKING pc=0x00000265832d9508 sp=0x000000d022afc930
Event: 0.886 Thread 0x00000265ffb6fc50 DEOPT UNPACKING pc=0x000002658a6c4242 sp=0x000000d022afbdb0 mode 0
Event: 0.886 Thread 0x00000265ffb6fc50 DEOPT PACKING pc=0x00000265832d9508 sp=0x000000d022afcc30
Event: 0.886 Thread 0x00000265ffb6fc50 DEOPT UNPACKING pc=0x000002658a6c4242 sp=0x000000d022afc0b0 mode 0

Classes loaded (20 events):
Event: 0.880 Loading class java/security/KeyStoreException
Event: 0.880 Loading class java/security/KeyStoreException done
Event: 0.902 Loading class java/util/LinkedList$Node
Event: 0.903 Loading class java/util/LinkedList$Node done
Event: 0.903 Loading class java/util/LinkedList$ListItr
Event: 0.903 Loading class java/util/LinkedList$ListItr done
Event: 0.904 Loading class java/lang/Thread$Builder$OfPlatform
Event: 0.904 Loading class java/lang/Thread$Builder
Event: 0.904 Loading class java/lang/Thread$Builder done
Event: 0.904 Loading class java/lang/Thread$Builder$OfPlatform done
Event: 0.904 Loading class java/lang/Thread$Builder$OfVirtual
Event: 0.904 Loading class java/lang/Thread$Builder$OfVirtual done
Event: 0.910 Loading class sun/nio/fs/WindowsChannelFactory
Event: 0.910 Loading class sun/nio/fs/WindowsChannelFactory done
Event: 0.910 Loading class sun/nio/fs/WindowsChannelFactory$1
Event: 0.910 Loading class sun/nio/fs/WindowsChannelFactory$1 done
Event: 0.910 Loading class sun/nio/fs/WindowsChannelFactory$Flags
Event: 0.910 Loading class sun/nio/fs/WindowsChannelFactory$Flags done
Event: 0.911 Loading class sun/nio/ch/FileChannelImpl$Closer
Event: 0.911 Loading class sun/nio/ch/FileChannelImpl$Closer done

Classes unloaded (0 events):
No events

Classes redefined (0 events):
No events

Internal exceptions (20 events):
Event: 0.392 Thread 0x00000265ffb6fc50 Exception <a 'java/lang/NoSuchMethodError'{0x00000000d65fcd50}: 'java.lang.Object java.lang.invoke.DirectMethodHandle$Holder.invokeInterface(java.lang.Object, java.lang.Object, int)'> (0x00000000d65fcd50) 
thrown [s\src\hotspot\share\interpreter\linkResolver.cpp, line 773]
Event: 0.449 Thread 0x00000265ffb6fc50 Exception <a 'java/lang/NoSuchMethodError'{0x00000000d6a63698}: 'java.lang.ClassLoader java.lang.ClassLoader.getPlatformClassLoader(java.lang.Class)'> (0x00000000d6a63698) 
thrown [s\src\hotspot\share\interpreter\linkResolver.cpp, line 773]
Event: 0.540 Thread 0x00000265ffb6fc50 Exception <a 'java/lang/ClassNotFoundException'{0x00000000d55808f0}: sun/net/www/protocol/c/Handler> (0x00000000d55808f0) 
thrown [s\src\hotspot\share\classfile\systemDictionary.cpp, line 312]
Event: 0.540 Thread 0x00000265ffb6fc50 Exception <a 'java/lang/ClassNotFoundException'{0x00000000d5581ca8}: sun/net/www/protocol/c/Handler> (0x00000000d5581ca8) 
thrown [s\src\hotspot\share\classfile\systemDictionary.cpp, line 312]
Event: 0.540 Thread 0x00000265ffb6fc50 Exception <a 'java/lang/ClassNotFoundException'{0x00000000d5582eb8}: sun/net/www/protocol/c/Handler> (0x00000000d5582eb8) 
thrown [s\src\hotspot\share\classfile\systemDictionary.cpp, line 312]
Event: 0.546 Thread 0x00000265ffb6fc50 Exception <a 'java/io/FileNotFoundException'{0x00000000d55acb30}> (0x00000000d55acb30) 
thrown [s\src\hotspot\share\prims\jni.cpp, line 520]
Event: 0.565 Thread 0x00000265ffb6fc50 Implicit null exception at 0x000002658ac698a9 to 0x000002658ac6a120
Event: 0.565 Thread 0x00000265ffb6fc50 Implicit null exception at 0x000002658ac6bf1a to 0x000002658ac6c120
Event: 0.565 Thread 0x00000265ffb6fc50 Exception <a 'java/lang/NoSuchMethodError'{0x00000000d56dd238}: 'void java.lang.invoke.DirectMethodHandle$Holder.invokeStatic(java.lang.Object, java.lang.Object, java.lang.Object, java.lang.Object)'> (0x00000000d56dd238) 
thrown [s\src\hotspot\share\interpreter\linkResolver.cpp, line 773]
Event: 0.566 Thread 0x00000265ffb6fc50 Implicit null exception at 0x000002658ac6e61a to 0x000002658ac6e824
Event: 0.566 Thread 0x00000265ffb6fc50 Implicit null exception at 0x000002658ac6aabd to 0x000002658ac6ab41
Event: 0.607 Thread 0x00000265ffb6fc50 Exception <a 'java/lang/NoSuchMethodError'{0x00000000d59c8388}: 'void java.lang.invoke.DirectMethodHandle$Holder.invokeSpecial(java.lang.Object, java.lang.Object, java.lang.Object)'> (0x00000000d59c8388) 
thrown [s\src\hotspot\share\interpreter\linkResolver.cpp, line 773]
Event: 0.734 Thread 0x00000265ffb6fc50 Exception <a 'java/lang/NoSuchMethodError'{0x00000000d64431f8}: 'int java.lang.invoke.DirectMethodHandle$Holder.invokeVirtual(java.lang.Object, java.lang.Object)'> (0x00000000d64431f8) 
thrown [s\src\hotspot\share\interpreter\linkResolver.cpp, line 773]
Event: 0.764 Thread 0x00000265ffb6fc50 Exception <a 'java/lang/NoSuchMethodError'{0x00000000d65ca878}: 'int java.lang.invoke.DirectMethodHandle$Holder.invokeStaticInit(java.lang.Object, java.lang.Object, java.lang.Object, java.lang.Object)'> (0x00000000d65ca878) 
thrown [s\src\hotspot\share\interpreter\linkResolver.cpp, line 773]
Event: 0.764 Thread 0x00000265ffb6fc50 Exception <a 'java/lang/IncompatibleClassChangeError'{0x00000000d65d2c80}: Found class java.lang.Object, but interface was expected> (0x00000000d65d2c80) 
thrown [s\src\hotspot\share\interpreter\linkResolver.cpp, line 840]
Event: 0.764 Thread 0x00000265ffb6fc50 Exception <a 'java/lang/NoSuchMethodError'{0x00000000d65d9b50}: 'void java.lang.invoke.DirectMethodHandle$Holder.invokeStaticInit(java.lang.Object, java.lang.Object)'> (0x00000000d65d9b50) 
thrown [s\src\hotspot\share\interpreter\linkResolver.cpp, line 773]
Event: 0.765 Thread 0x00000265ffb6fc50 Exception <a 'java/lang/NoSuchMethodError'{0x00000000d65e3608}: 'int java.lang.invoke.DirectMethodHandle$Holder.invokeStaticInit(java.lang.Object, java.lang.Object)'> (0x00000000d65e3608) 
thrown [s\src\hotspot\share\interpreter\linkResolver.cpp, line 773]
Event: 0.809 Thread 0x00000265ffb6fc50 Exception <a 'java/lang/NoSuchMethodError'{0x00000000d6855d08}: 'java.lang.Object java.lang.invoke.DirectMethodHandle$Holder.newInvokeSpecial(java.lang.Object, int, java.lang.Object)'> (0x00000000d6855d08) 
thrown [s\src\hotspot\share\interpreter\linkResolver.cpp, line 773]
Event: 0.849 Thread 0x00000265ffb6fc50 Exception <a 'java/lang/ClassNotFoundException'{0x00000000d6a94650}: sun/net/www/protocol/plurl/Handler> (0x00000000d6a94650) 
thrown [s\src\hotspot\share\classfile\systemDictionary.cpp, line 312]
Event: 0.849 Thread 0x00000265ffb6fc50 Exception <a 'java/lang/ClassNotFoundException'{0x00000000d6a954d0}: sun/net/www/protocol/plurl/Handler> (0x00000000d6a954d0) 
thrown [s\src\hotspot\share\classfile\systemDictionary.cpp, line 312]

ZGC Phase Switch (0 events):
No events

VM Operations (20 events):
Event: 0.095 Executing VM operation: HandshakeAllThreads (Deoptimize) done
Event: 0.301 Executing VM operation: HandshakeAllThreads (Deoptimize)
Event: 0.301 Executing VM operation: HandshakeAllThreads (Deoptimize) done
Event: 0.327 Executing VM operation: HandshakeAllThreads (Deoptimize)
Event: 0.327 Executing VM operation: HandshakeAllThreads (Deoptimize) done
Event: 0.512 Executing VM operation: ICBufferFull
Event: 0.513 Executing VM operation: ICBufferFull done
Event: 0.537 Executing VM operation: ParallelGCFailedAllocation (Allocation Failure)
Event: 0.540 Executing VM operation: ParallelGCFailedAllocation (Allocation Failure) done
Event: 0.780 Executing VM operation: HandshakeAllThreads (Deoptimize)
Event: 0.780 Executing VM operation: HandshakeAllThreads (Deoptimize) done
Event: 0.794 Executing VM operation: HandshakeAllThreads (Deoptimize)
Event: 0.794 Executing VM operation: HandshakeAllThreads (Deoptimize) done
Event: 0.836 Executing VM operation: HandshakeAllThreads (Deoptimize)
Event: 0.836 Executing VM operation: HandshakeAllThreads (Deoptimize) done
Event: 0.847 Executing VM operation: HandshakeAllThreads (Deoptimize)
Event: 0.847 Executing VM operation: HandshakeAllThreads (Deoptimize) done
Event: 0.900 Executing VM operation: ICBufferFull
Event: 0.900 Executing VM operation: ICBufferFull done
Event: 1.912 Executing VM operation: Cleanup

Memory protections (0 events):
No events

Nmethod flushes (0 events):
No events

Events (14 events):
Event: 0.029 Thread 0x00000265ffb6fc50 Thread added: 0x00000265ffb6fc50
Event: 0.039 Thread 0x00000265ffb6fc50 Thread added: 0x000002659673e390
Event: 0.039 Thread 0x00000265ffb6fc50 Thread added: 0x00000265ffc10390
Event: 0.039 Thread 0x00000265ffb6fc50 Thread added: 0x00000265ffc16010
Event: 0.039 Thread 0x00000265ffb6fc50 Thread added: 0x00000265ffc17620
Event: 0.039 Thread 0x00000265ffb6fc50 Thread added: 0x00000265ffc19be0
Event: 0.039 Thread 0x00000265ffb6fc50 Thread added: 0x00000265ffc25340
Event: 0.039 Thread 0x00000265ffb6fc50 Thread added: 0x00000265ffc2bff0
Event: 0.039 Thread 0x00000265ffb6fc50 Thread added: 0x00000265d8bd2010
Event: 0.063 Thread 0x00000265d8bd2010 Thread added: 0x00000265d8dc9b10
Event: 0.071 Thread 0x00000265ffb6fc50 Thread added: 0x00000265d8deddb0
Event: 0.179 Thread 0x00000265ffb6fc50 Thread added: 0x00000265d8dee440
Event: 0.249 Thread 0x00000265d8bd2010 Thread added: 0x00000265de052610
Event: 0.771 Thread 0x00000265ffb6fc50 Thread added: 0x00000265d8deead0


Dynamic libraries:
0x00007ff7908a0000 - 0x00007ff7908ae000 	c:\Users\Mihajlo\.vscode\extensions\redhat.java-1.52.0-win32-x64\jre\21.0.9-win32-x86_64\bin\java.exe
0x00007fffdb4c0000 - 0x00007fffdb728000 	C:\WINDOWS\SYSTEM32\ntdll.dll
0x00007fffdaa30000 - 0x00007fffdaaf9000 	C:\WINDOWS\System32\KERNEL32.DLL
0x00007fffd7e50000 - 0x00007fffd8241000 	C:\WINDOWS\System32\KERNELBASE.dll
0x00007fffd8f20000 - 0x00007fffd906b000 	C:\WINDOWS\System32\ucrtbase.dll
0x00007fffcbbb0000 - 0x00007fffcbbc8000 	c:\Users\Mihajlo\.vscode\extensions\redhat.java-1.52.0-win32-x64\jre\21.0.9-win32-x86_64\bin\jli.dll
0x00007fffbd500000 - 0x00007fffbd51e000 	c:\Users\Mihajlo\.vscode\extensions\redhat.java-1.52.0-win32-x64\jre\21.0.9-win32-x86_64\bin\VCRUNTIME140.dll
0x00007fffda6b0000 - 0x00007fffda876000 	C:\WINDOWS\System32\USER32.dll
0x00007fffbe7d0000 - 0x00007fffbea63000 	C:\WINDOWS\WinSxS\amd64_microsoft.windows.common-controls_6595b64144ccf1df_6.0.26100.7705_none_3e06597ae3363b04\COMCTL32.dll
0x00007fffd9230000 - 0x00007fffd9257000 	C:\WINDOWS\System32\win32u.dll
0x00007fffdb450000 - 0x00007fffdb47b000 	C:\WINDOWS\System32\GDI32.dll
0x00007fffda980000 - 0x00007fffdaa29000 	C:\WINDOWS\System32\msvcrt.dll
0x00007fffd9070000 - 0x00007fffd919b000 	C:\WINDOWS\System32\gdi32full.dll
0x00007fffd7da0000 - 0x00007fffd7e43000 	C:\WINDOWS\System32\msvcp_win.dll
0x00007fffda880000 - 0x00007fffda8b1000 	C:\WINDOWS\System32\IMM32.DLL
0x00007fffd3130000 - 0x00007fffd313c000 	c:\Users\Mihajlo\.vscode\extensions\redhat.java-1.52.0-win32-x64\jre\21.0.9-win32-x86_64\bin\vcruntime140_1.dll
0x00007fff7aff0000 - 0x00007fff7b07d000 	c:\Users\Mihajlo\.vscode\extensions\redhat.java-1.52.0-win32-x64\jre\21.0.9-win32-x86_64\bin\msvcp140.dll
0x00007fff2c380000 - 0x00007fff2d120000 	c:\Users\Mihajlo\.vscode\extensions\redhat.java-1.52.0-win32-x64\jre\21.0.9-win32-x86_64\bin\server\jvm.dll
0x00007fffd9da0000 - 0x00007fffd9e54000 	C:\WINDOWS\System32\ADVAPI32.dll
0x00007fffda8c0000 - 0x00007fffda966000 	C:\WINDOWS\System32\sechost.dll
0x00007fffd94e0000 - 0x00007fffd95f8000 	C:\WINDOWS\System32\RPCRT4.dll
0x00007fffd92f0000 - 0x00007fffd9364000 	C:\WINDOWS\System32\WS2_32.dll
0x00007fffd7a50000 - 0x00007fffd7aae000 	C:\WINDOWS\SYSTEM32\POWRPROF.dll
0x00007fffca820000 - 0x00007fffca855000 	C:\WINDOWS\SYSTEM32\WINMM.dll
0x00007fffd1440000 - 0x00007fffd144b000 	C:\WINDOWS\SYSTEM32\VERSION.dll
0x00007fffd7970000 - 0x00007fffd7984000 	C:\WINDOWS\SYSTEM32\UMPDC.dll
0x00007fffd6b10000 - 0x00007fffd6b2b000 	C:\WINDOWS\SYSTEM32\kernel.appcore.dll
0x00007fffd1a40000 - 0x00007fffd1a4a000 	c:\Users\Mihajlo\.vscode\extensions\redhat.java-1.52.0-win32-x64\jre\21.0.9-win32-x86_64\bin\jimage.dll
0x00007fffd5480000 - 0x00007fffd56c2000 	C:\WINDOWS\SYSTEM32\DBGHELP.DLL
0x00007fffd96f0000 - 0x00007fffd9a76000 	C:\WINDOWS\System32\combase.dll
0x00007fffd9e60000 - 0x00007fffd9f37000 	C:\WINDOWS\System32\OLEAUT32.dll
0x00007fffc12f0000 - 0x00007fffc132b000 	C:\WINDOWS\SYSTEM32\dbgcore.DLL
0x00007fffd8250000 - 0x00007fffd82f5000 	C:\WINDOWS\System32\bcryptPrimitives.dll
0x00007fffcb9b0000 - 0x00007fffcb9bf000 	c:\Users\Mihajlo\.vscode\extensions\redhat.java-1.52.0-win32-x64\jre\21.0.9-win32-x86_64\bin\instrument.dll
0x00007fffb3360000 - 0x00007fffb3380000 	c:\Users\Mihajlo\.vscode\extensions\redhat.java-1.52.0-win32-x64\jre\21.0.9-win32-x86_64\bin\java.dll
0x00007fffd9f50000 - 0x00007fffda6a1000 	C:\WINDOWS\System32\SHELL32.dll
0x00007fffd8c30000 - 0x00007fffd8d9a000 	C:\WINDOWS\System32\wintypes.dll
0x00007fffd8300000 - 0x00007fffd8b62000 	C:\WINDOWS\System32\windows.storage.dll
0x00007fffd9a80000 - 0x00007fffd9b76000 	C:\WINDOWS\System32\SHCORE.dll
0x00007fffd9600000 - 0x00007fffd9667000 	C:\WINDOWS\System32\shlwapi.dll
0x00007fffd7cc0000 - 0x00007fffd7ce9000 	C:\WINDOWS\SYSTEM32\profapi.dll
0x00007fffb3340000 - 0x00007fffb3358000 	c:\Users\Mihajlo\.vscode\extensions\redhat.java-1.52.0-win32-x64\jre\21.0.9-win32-x86_64\bin\zip.dll
0x00007fffc50c0000 - 0x00007fffc50d0000 	C:\Users\Mihajlo\.vscode\extensions\redhat.java-1.52.0-win32-x64\jre\21.0.9-win32-x86_64\bin\net.dll
0x00007fffd0fb0000 - 0x00007fffd10d7000 	C:\WINDOWS\SYSTEM32\WINHTTP.dll
0x00007fffd7060000 - 0x00007fffd70cb000 	C:\WINDOWS\system32\mswsock.dll
0x00007fffb2a80000 - 0x00007fffb2a96000 	C:\Users\Mihajlo\.vscode\extensions\redhat.java-1.52.0-win32-x64\jre\21.0.9-win32-x86_64\bin\nio.dll
0x00007fffc0590000 - 0x00007fffc05a0000 	c:\Users\Mihajlo\.vscode\extensions\redhat.java-1.52.0-win32-x64\jre\21.0.9-win32-x86_64\bin\verify.dll

JVMTI agents:
c:\Users\Mihajlo\.vscode\extensions\redhat.java-1.52.0-win32-x64\lombok\lombok-1.18.39-4050.jar path:c:\Users\Mihajlo\.vscode\extensions\redhat.java-1.52.0-win32-x64\jre\21.0.9-win32-x86_64\bin\instrument.dll, loaded, initialized, instrumentlib options:none

dbghelp: loaded successfully - version: 4.0.5 - missing functions: none
symbol engine: initialized successfully - sym options: 0x614 - pdb path: .;c:\Users\Mihajlo\.vscode\extensions\redhat.java-1.52.0-win32-x64\jre\21.0.9-win32-x86_64\bin;C:\WINDOWS\SYSTEM32;C:\WINDOWS\WinSxS\amd64_microsoft.windows.common-controls_6595b64144ccf1df_6.0.26100.7705_none_3e06597ae3363b04;c:\Users\Mihajlo\.vscode\extensions\redhat.java-1.52.0-win32-x64\jre\21.0.9-win32-x86_64\bin\server

VM Arguments:
jvm_args: --add-modules=ALL-SYSTEM --add-opens=java.base/java.util=ALL-UNNAMED --add-opens=java.base/java.lang=ALL-UNNAMED --add-opens=java.base/sun.nio.fs=ALL-UNNAMED -Declipse.application=org.eclipse.jdt.ls.core.id1 -Dosgi.bundles.defaultStartLevel=4 -Declipse.product=org.eclipse.jdt.ls.core.product -Djava.import.generatesMetadataFilesAtProjectRoot=false -DDetectVMInstallationsJob.disabled=true -Dfile.encoding=utf8 -XX:+UseParallelGC -XX:GCTimeRatio=4 -XX:AdaptiveSizePolicyWeight=90 -Dsun.zip.disableMemoryMapping=true -Xmx2G -Xms100m -Xlog:disable -javaagent:c:\Users\Mihajlo\.vscode\extensions\redhat.java-1.52.0-win32-x64\lombok\lombok-1.18.39-4050.jar -XX:+HeapDumpOnOutOfMemoryError -XX:HeapDumpPath=c:\Users\Mihajlo\AppData\Roaming\Code\User\workspaceStorage\071757cfea9ed2b793f40c0f77799fe2\redhat.java -Daether.dependencyCollector.impl=bf 
java_command: c:\Users\Mihajlo\.vscode\extensions\redhat.java-1.52.0-win32-x64\server\plugins\org.eclipse.equinox.launcher_1.7.100.v20251111-0406.jar -configuration c:\Users\Mihajlo\AppData\Roaming\Code\User\globalStorage\redhat.java\1.52.0\config_win -data c:\Users\Mihajlo\AppData\Roaming\Code\User\workspaceStorage\071757cfea9ed2b793f40c0f77799fe2\redhat.java\jdt_ws --pipe=\\.\pipe\lsp-20337a21ce5f7ede4a91af16285ca741-sock
java_class_path (initial): c:\Users\Mihajlo\.vscode\extensions\redhat.java-1.52.0-win32-x64\server\plugins\org.eclipse.equinox.launcher_1.7.100.v20251111-0406.jar
Launcher Type: SUN_STANDARD

[Global flags]
    uintx AdaptiveSizePolicyWeight                 = 90                                        {product} {command line}
     intx CICompilerCount                          = 4                                         {product} {ergonomic}
    uintx GCTimeRatio                              = 4                                         {product} {command line}
     bool HeapDumpOnOutOfMemoryError               = true                                   {manageable} {command line}
    ccstr HeapDumpPath                             = c:\Users\Mihajlo\AppData\Roaming\Code\User\workspaceStorage\071757cfea9ed2b793f40c0f77799fe2\redhat.java         {manageable} {command line}
   size_t InitialHeapSize                          = 104857600                                 {product} {command line}
   size_t MaxHeapSize                              = 2147483648                                {product} {command line}
   size_t MaxNewSize                               = 715653120                                 {product} {ergonomic}
   size_t MinHeapDeltaBytes                        = 524288                                    {product} {ergonomic}
   size_t MinHeapSize                              = 104857600                                 {product} {command line}
   size_t NewSize                                  = 34603008                                  {product} {ergonomic}
    uintx NonNMethodCodeHeapSize                   = 5839372                                {pd product} {ergonomic}
    uintx NonProfiledCodeHeapSize                  = 122909434                              {pd product} {ergonomic}
   size_t OldSize                                  = 70254592                                  {product} {ergonomic}
    uintx ProfiledCodeHeapSize                     = 122909434                              {pd product} {ergonomic}
    uintx ReservedCodeCacheSize                    = 251658240                              {pd product} {ergonomic}
     bool SegmentedCodeCache                       = true                                      {product} {ergonomic}
   size_t SoftMaxHeapSize                          = 2147483648                             {manageable} {ergonomic}
     bool UseCompressedOops                        = true                           {product lp64_product} {ergonomic}
     bool UseLargePagesIndividualAllocation        = false                                  {pd product} {ergonomic}
     bool UseParallelGC                            = true                                      {product} {command line}

Logging:
Log output configuration:
 #0: stdout all=off uptime,level,tags foldmultilines=false
 #1: stderr all=off uptime,level,tags foldmultilines=false

Release file:
JAVA_VERSION="21.0.9" 
MODULES="java.base java.compiler java.datatransfer java.xml java.prefs java.desktop java.instrument java.logging java.management java.security.sasl java.naming java.rmi java.management.rmi java.net.http java.scripting java.security.jgss java.transaction.xa java.sql java.sql.rowset java.xml.crypto java.se java.smartcardio jdk.accessibility jdk.internal.jvmstat jdk.attach jdk.charsets jdk.internal.opt jdk.zipfs jdk.compiler jdk.crypto.ec jdk.crypto.cryptoki jdk.crypto.mscapi jdk.dynalink jdk.internal.ed jdk.editpad jdk.hotspot.agent jdk.httpserver jdk.internal.le jdk.internal.vm.ci jdk.internal.vm.compiler jdk.internal.vm.compiler.management jdk.jartool jdk.javadoc jdk.jcmd jdk.management jdk.management.agent jdk.jconsole jdk.jdeps jdk.jdwp.agent jdk.jdi jdk.jfr jdk.jshell jdk.jsobject jdk.jstatd jdk.localedata jdk.management.jfr jdk.naming.dns jdk.naming.rmi jdk.net jdk.nio.mapmode jdk.random jdk.sctp jdk.security.auth jdk.security.jgss jdk.unsupported jdk.unsupported.desktop jdk.xml.dom" 

Environment Variables:
JAVA_HOME=C:\Program Files\Java\jdk-19
PATH=C:\Python313\Scripts\;C:\Python313\;C:\app\Mihajlo\product\21c\dbhomeXE\bin;C:\Program Files\Common Files\Oracle\Java\javapath;C:\ProgramData\Oracle\Java\javapath;C:\Windows\system32;C:\Windows;C:\Windows\System32\Wbem;C:\Windows\System32\WindowsPowerShell\v1.0\;C:\Windows\System32\OpenSSH\;C:\Program Files (x86)\NVIDIA Corporation\PhysX\Common;C:\WINDOWS\system32;C:\WINDOWS;C:\WINDOWS\System32\Wbem;C:\WINDOWS\System32\WindowsPowerShell\v1.0\;C:\WINDOWS\System32\OpenSSH\;C:\Python310;C:\Program Files\dotnet\;"C:\Program Files\Java\jdk-19\bin;";C:\Program Files\Go\bin;C:\Program Files\Git\cmd;C:\Python310\Scripts;C:\Program Files\Microsoft SQL Server\150\Tools\Binn\;C:\Program Files\Microsoft SQL Server\Client SDK\ODBC\170\Tools\Binn\;C:\Program Files (x86)\dotnet\;C:\Program Files\NVIDIA Corporation\NVIDIA app\NvDLISR;C:\WINDOWS\system32;C:\WINDOWS;C:\WINDOWS\System32\Wbem;C:\WINDOWS\System32\WindowsPowerShell\v1.0\;C:\WINDOWS\System32\OpenSSH\;C:\Program Files\nodejs\;C:\ProgramData\chocolatey\bin;C:\Program Files\Amazon\AWSCLIV2\;C:\Program Files (x86)\Windows Kits\10\Windows Performance Toolkit\;C:\Program Files\Docker\Docker\resources\bin;C:\Users\Mihajlo\AppData\Local\Microsoft\WindowsApps;C:\Users\Mihajlo\AppData\Local\Programs\Microsoft VS Code\bin;C:\Users\Mihajlo\go\bin;C:\Users\Mihajlo\.dotnet\tools;C:\Users\Mihajlo\AppData\Local\GitHubDesktop\bin;C:\Users\Mihajlo\AppData\Local\JetBrains\Toolbox\scripts;C:\Users\Mihajlo\AppData\Local\Microsoft\WinGet\Packages\Schniz.fnm_Microsoft.Winget.Source_8wekyb3d8bbwe;C:\Users\Mihajlo\AppData\Local\Microsoft\WindowsApps;C:\Users\Mihajlo\.dotnet\tools;C:\Users\Mihajlo\AppData\Roaming\npm
USERNAME=Mihajlo
OS=Windows_NT
PROCESSOR_IDENTIFIER=AMD64 Family 25 Model 33 Stepping 2, AuthenticAMD
TMP=C:\Users\Mihajlo\AppData\Local\Temp
TEMP=C:\Users\Mihajlo\AppData\Local\Temp




Periodic native trim disabled

---------------  S Y S T E M  ---------------

OS:
 Windows 11 , 64 bit Build 26100 (10.0.26100.7705)
OS uptime: 0 days 0:45 hours
Hyper-V role detected

CPU: total 12 (initial active 12) (12 cores per cpu, 2 threads per core) family 25 model 33 stepping 2 microcode 0xa201205, cx8, cmov, fxsr, ht, mmx, 3dnowpref, sse, sse2, sse3, ssse3, sse4a, sse4.1, sse4.2, popcnt, lzcnt, tsc, tscinvbit, avx, avx2, aes, erms, clmul, bmi1, bmi2, adx, sha, fma, vzeroupper, clflush, clflushopt, hv, rdtscp, rdpid, fsrm, f16c, cet_ss
Processor Information for the first 12 processors :
  Max Mhz: 3501, Current Mhz: 3501, Mhz Limit: 3501

Memory: 4k page, system-wide physical 16307M (1610M free)
TotalPageFile size 20807M (AvailPageFile size 5M)
current process WorkingSet (physical memory assigned to process): 94M, peak: 94M
current process commit charge ("private bytes"): 250M, peak: 250M

vm_info: OpenJDK 64-Bit Server VM (21.0.9+10-LTS) for windows-amd64 JRE (21.0.9+10-LTS), built on 2025-10-21T00:00:00Z by "admin" with unknown MS VC++:1942

END.
