#
# There is insufficient memory for the Java Runtime Environment to continue.
# Native memory allocation (malloc) failed to allocate 1048576 bytes. Error detail: AllocateHeap
# Possible reasons:
#   The system is out of physical RAM or swap space
#   This process is running with CompressedOops enabled, and the Java Heap may be blocking the growth of the native heap
# Possible solutions:
#   Reduce memory load on the system
#   Increase physical memory or swap space
#   Check if swap backing store is full
#   Decrease Java heap size (-Xmx/-Xms)
#   Decrease number of Java threads
#   Decrease Java thread stack sizes (-Xss)
#   Set larger code cache with -XX:ReservedCodeCacheSize=
#   JVM is running with Unscaled Compressed Oops mode in which the Java heap is
#     placed in the first 4GB address space. The Java Heap base address is the
#     maximum limit for the native heap growth. Please use -XX:HeapBaseMinAddress
#     to set the Java Heap base and to place the Java Heap above 4GB virtual address.
# This output file may be truncated or incomplete.
#
#  Out of Memory Error (allocation.cpp:44), pid=18024, tid=15348
#
# JRE version: OpenJDK Runtime Environment Temurin-21.0.9+10 (21.0.9+10) (build 21.0.9+10-LTS)
# Java VM: OpenJDK 64-Bit Server VM Temurin-21.0.9+10 (21.0.9+10-LTS, mixed mode, sharing, tiered, compressed oops, compressed class ptrs, parallel gc, windows-amd64)
# No core dump will be written. Minidumps are not enabled by default on client versions of Windows
#

---------------  S U M M A R Y ------------

Command Line: --add-modules=ALL-SYSTEM --add-opens=java.base/java.util=ALL-UNNAMED --add-opens=java.base/java.lang=ALL-UNNAMED --add-opens=java.base/sun.nio.fs=ALL-UNNAMED -Declipse.application=org.eclipse.jdt.ls.core.id1 -Dosgi.bundles.defaultStartLevel=4 -Declipse.product=org.eclipse.jdt.ls.core.product -Djava.import.generatesMetadataFilesAtProjectRoot=false -DDetectVMInstallationsJob.disabled=true -Dfile.encoding=utf8 -XX:+UseParallelGC -XX:GCTimeRatio=4 -XX:AdaptiveSizePolicyWeight=90 -Dsun.zip.disableMemoryMapping=true -Xmx2G -Xms100m -Xlog:disable -javaagent:c:\Users\Mihajlo\.vscode\extensions\redhat.java-1.51.0-win32-x64\lombok\lombok-1.18.39-4050.jar -XX:+HeapDumpOnOutOfMemoryError -XX:HeapDumpPath=c:\Users\Mihajlo\AppData\Roaming\Code\User\workspaceStorage\27b743619641d250a03ce9842f25eeca\redhat.java -Daether.dependencyCollector.impl=bf c:\Users\Mihajlo\.vscode\extensions\redhat.java-1.51.0-win32-x64\server\plugins\org.eclipse.equinox.launcher_1.7.100.v20251111-0406.jar -configuration c:\Users\Mihajlo\AppData\Roaming\Code\User\globalStorage\redhat.java\1.51.0\config_win -data c:\Users\Mihajlo\AppData\Roaming\Code\User\workspaceStorage\27b743619641d250a03ce9842f25eeca\redhat.java\jdt_ws --pipe=\\.\pipe\lsp-8a178ad36f86559107973a45cddae8c0-sock

Host: AMD Ryzen 5 5600 6-Core Processor              , 12 cores, 15G,  Windows 11 , 64 bit Build 26100 (10.0.26100.7623)
Time: Wed Jan 28 01:46:54 2026 Central Europe Standard Time elapsed time: 4051.705383 seconds (0d 1h 7m 31s)

---------------  T H R E A D  ---------------

Current thread (0x000001fafeb18630):  JavaThread "Attach Listener" daemon [_thread_in_vm, id=15348, stack(0x0000007526d00000,0x0000007526e00000) (1024K)]

Stack: [0x0000007526d00000,0x0000007526e00000]
Native frames: (J=compiled Java code, j=interpreted, Vv=VM code, C=native code)
V  [jvm.dll+0x6d6e29]
V  [jvm.dll+0x8b4b76]
V  [jvm.dll+0x8b712e]
V  [jvm.dll+0x8b7813]
V  [jvm.dll+0x283d86]
V  [jvm.dll+0xc1277]
V  [jvm.dll+0x6d76d9]
V  [jvm.dll+0x133466]
V  [jvm.dll+0x3f7ea6]
V  [jvm.dll+0x85e9ad]
V  [jvm.dll+0x6d565d]
C  [ucrtbase.dll+0x37b0]
C  [KERNEL32.DLL+0x2e8d7]
C  [ntdll.dll+0x8c53c]


---------------  P R O C E S S  ---------------

Threads class SMR info:
_java_thread_list=0x000001fae0913780, length=41, elements={
0x000001fafea6ea60, 0x000001fa9633dd70, 0x000001fafeb14ae0, 0x000001fafeb17630,
0x000001fafeb18630, 0x000001fafeb1fd80, 0x000001fafeb25790, 0x000001fafeb298b0,
0x000001fafeb2b390, 0x000001fad898eac0, 0x000001fad8ad9400, 0x000001fade11c340,
0x000001fade40a7e0, 0x000001fade328d60, 0x000001fade32d520, 0x000001fade87c310,
0x000001fade5885c0, 0x000001fadeac1040, 0x000001fade8551f0, 0x000001fade939690,
0x000001fade937c50, 0x000001fade9382e0, 0x000001fade938970, 0x000001fad9a7d2a0,
0x000001fad9a7ab40, 0x000001fad9a7cc10, 0x000001fad9a7b860, 0x000001fad9a7d930,
0x000001fad9a7dfc0, 0x000001fad9a7b1d0, 0x000001fad9a7c580, 0x000001fad9a7bef0,
0x000001fae1261e20, 0x000001fae1260a70, 0x000001fae12624b0, 0x000001fae1261100,
0x000001fae0ceee60, 0x000001fae0ceb350, 0x000001fae1264c10, 0x000001fae12631d0,
0x000001fae1261790
}

Java Threads: ( => current thread )
  0x000001fafea6ea60 JavaThread "main"                              [_thread_blocked, id=7376, stack(0x0000007526600000,0x0000007526700000) (1024K)]
  0x000001fa9633dd70 JavaThread "Reference Handler"          daemon [_thread_blocked, id=15192, stack(0x0000007526a00000,0x0000007526b00000) (1024K)]
  0x000001fafeb14ae0 JavaThread "Finalizer"                  daemon [_thread_blocked, id=14152, stack(0x0000007526b00000,0x0000007526c00000) (1024K)]
  0x000001fafeb17630 JavaThread "Signal Dispatcher"          daemon [_thread_blocked, id=21148, stack(0x0000007526c00000,0x0000007526d00000) (1024K)]
=>0x000001fafeb18630 JavaThread "Attach Listener"            daemon [_thread_in_vm, id=15348, stack(0x0000007526d00000,0x0000007526e00000) (1024K)]
  0x000001fafeb1fd80 JavaThread "Service Thread"             daemon [_thread_blocked, id=368, stack(0x0000007526e00000,0x0000007526f00000) (1024K)]
  0x000001fafeb25790 JavaThread "Monitor Deflation Thread"   daemon [_thread_blocked, id=20796, stack(0x0000007526f00000,0x0000007527000000) (1024K)]
  0x000001fafeb298b0 JavaThread "C2 CompilerThread0"         daemon [_thread_blocked, id=3348, stack(0x0000007527000000,0x0000007527100000) (1024K)]
  0x000001fafeb2b390 JavaThread "C1 CompilerThread0"         daemon [_thread_blocked, id=21108, stack(0x0000007527100000,0x0000007527200000) (1024K)]
  0x000001fad898eac0 JavaThread "Common-Cleaner"             daemon [_thread_blocked, id=19752, stack(0x0000007527200000,0x0000007527300000) (1024K)]
  0x000001fad8ad9400 JavaThread "Notification Thread"        daemon [_thread_blocked, id=6132, stack(0x0000007527400000,0x0000007527500000) (1024K)]
  0x000001fade11c340 JavaThread "Active Thread: Equinox Container: add6b150-e74e-401c-8599-eacee03e20dd"        [_thread_blocked, id=18412, stack(0x0000007527c00000,0x0000007527d00000) (1024K)]
  0x000001fade40a7e0 JavaThread "Refresh Thread: Equinox Container: add6b150-e74e-401c-8599-eacee03e20dd" daemon [_thread_blocked, id=12012, stack(0x0000007527e00000,0x0000007527f00000) (1024K)]
  0x000001fade328d60 JavaThread "Framework Event Dispatcher: Equinox Container: add6b150-e74e-401c-8599-eacee03e20dd" daemon [_thread_blocked, id=21296, stack(0x0000007527f00000,0x0000007528000000) (1024K)]
  0x000001fade32d520 JavaThread "Start Level: Equinox Container: add6b150-e74e-401c-8599-eacee03e20dd" daemon [_thread_blocked, id=18288, stack(0x0000007528000000,0x0000007528100000) (1024K)]
  0x000001fade87c310 JavaThread "Bundle File Closer"         daemon [_thread_blocked, id=13920, stack(0x0000007528300000,0x0000007528400000) (1024K)]
  0x000001fade5885c0 JavaThread "SCR Component Actor"        daemon [_thread_blocked, id=17832, stack(0x0000007528400000,0x0000007528500000) (1024K)]
  0x000001fadeac1040 JavaThread "Worker-JM"                         [_thread_blocked, id=17968, stack(0x0000007528500000,0x0000007528600000) (1024K)]
  0x000001fade8551f0 JavaThread "JNA Cleaner"                daemon [_thread_blocked, id=16872, stack(0x0000007527500000,0x0000007527600000) (1024K)]
  0x000001fade939690 JavaThread "Java indexing"              daemon [_thread_blocked, id=11512, stack(0x0000007528900000,0x0000007528a00000) (1024K)]
  0x000001fade937c50 JavaThread "Thread-1"                   daemon [_thread_in_native, id=20696, stack(0x0000007529000000,0x0000007529100000) (1024K)]
  0x000001fade9382e0 JavaThread "Thread-2"                   daemon [_thread_in_native, id=4728, stack(0x0000007529100000,0x0000007529200000) (1024K)]
  0x000001fade938970 JavaThread "Thread-3"                   daemon [_thread_in_native, id=20960, stack(0x0000007529200000,0x0000007529300000) (1024K)]
  0x000001fad9a7d2a0 JavaThread "Thread-4"                   daemon [_thread_in_native, id=7700, stack(0x0000007529300000,0x0000007529400000) (1024K)]
  0x000001fad9a7ab40 JavaThread "Thread-5"                   daemon [_thread_in_native, id=15472, stack(0x0000007529400000,0x0000007529500000) (1024K)]
  0x000001fad9a7cc10 JavaThread "Thread-6"                   daemon [_thread_in_native, id=15756, stack(0x0000007529500000,0x0000007529600000) (1024K)]
  0x000001fad9a7b860 JavaThread "Thread-7"                   daemon [_thread_in_native, id=20684, stack(0x0000007529600000,0x0000007529700000) (1024K)]
  0x000001fad9a7d930 JavaThread "Thread-8"                   daemon [_thread_in_native, id=5940, stack(0x0000007529700000,0x0000007529800000) (1024K)]
  0x000001fad9a7dfc0 JavaThread "Thread-9"                   daemon [_thread_in_native, id=18092, stack(0x0000007529800000,0x0000007529900000) (1024K)]
  0x000001fad9a7b1d0 JavaThread "Thread-10"                  daemon [_thread_in_native, id=20208, stack(0x0000007529900000,0x0000007529a00000) (1024K)]
  0x000001fad9a7c580 JavaThread "Thread-11"                  daemon [_thread_in_native, id=12540, stack(0x0000007529a00000,0x0000007529b00000) (1024K)]
  0x000001fad9a7bef0 JavaThread "Thread-12"                  daemon [_thread_in_native, id=4040, stack(0x0000007529b00000,0x0000007529c00000) (1024K)]
  0x000001fae1261e20 JavaThread "Thread-13"                  daemon [_thread_in_native, id=7796, stack(0x0000007529c00000,0x0000007529d00000) (1024K)]
  0x000001fae1260a70 JavaThread "pool-2-thread-1"                   [_thread_blocked, id=17604, stack(0x0000007529d00000,0x0000007529e00000) (1024K)]
  0x000001fae12624b0 JavaThread "WorkspaceEventsHandler"            [_thread_blocked, id=20860, stack(0x0000007529e00000,0x0000007529f00000) (1024K)]
  0x000001fae1261100 JavaThread "pool-1-thread-1"                   [_thread_blocked, id=20848, stack(0x0000007529f00000,0x000000752a000000) (1024K)]
  0x000001fae0ceee60 JavaThread "Cleaner-0"                  daemon [_thread_blocked, id=8036, stack(0x0000007526500000,0x0000007526600000) (1024K)]
  0x000001fae0ceb350 JavaThread "Worker-18"                         [_thread_blocked, id=19176, stack(0x000000752a000000,0x000000752a100000) (1024K)]
  0x000001fae1264c10 JavaThread "Worker-22"                         [_thread_blocked, id=21492, stack(0x0000007528d00000,0x0000007528e00000) (1024K)]
  0x000001fae12631d0 JavaThread "ForkJoinPool.commonPool-worker-27" daemon [_thread_blocked, id=17540, stack(0x0000007526300000,0x0000007526400000) (1024K)]
  0x000001fae1261790 JavaThread "ForkJoinPool.commonPool-worker-28" daemon [_thread_blocked, id=19544, stack(0x0000007527300000,0x0000007527400000) (1024K)]
Total: 41

Other Threads:
  0x000001fafeb128c0 VMThread "VM Thread"                           [id=20872, stack(0x0000007526900000,0x0000007526a00000) (1024K)]
  0x000001fa9621ca00 WatcherThread "VM Periodic Task Thread"        [id=8484, stack(0x0000007526800000,0x0000007526900000) (1024K)]
  0x000001fafea8cdc0 WorkerThread "GC Thread#0"                     [id=15076, stack(0x0000007526700000,0x0000007526800000) (1024K)]
  0x000001fad9ac8800 WorkerThread "GC Thread#1"                     [id=2224, stack(0x0000007527600000,0x0000007527700000) (1024K)]
  0x000001fad99812a0 WorkerThread "GC Thread#2"                     [id=18940, stack(0x0000007527700000,0x0000007527800000) (1024K)]
  0x000001fad9e12b10 WorkerThread "GC Thread#3"                     [id=1204, stack(0x0000007527800000,0x0000007527900000) (1024K)]
  0x000001fad9e12eb0 WorkerThread "GC Thread#4"                     [id=14280, stack(0x0000007527900000,0x0000007527a00000) (1024K)]
  0x000001fad9e13250 WorkerThread "GC Thread#5"                     [id=17780, stack(0x0000007527a00000,0x0000007527b00000) (1024K)]
  0x000001fad9e135f0 WorkerThread "GC Thread#6"                     [id=8384, stack(0x0000007527b00000,0x0000007527c00000) (1024K)]
  0x000001fade4051e0 WorkerThread "GC Thread#7"                     [id=18720, stack(0x0000007527d00000,0x0000007527e00000) (1024K)]
  0x000001fade32fbe0 WorkerThread "GC Thread#8"                     [id=21044, stack(0x0000007528100000,0x0000007528200000) (1024K)]
  0x000001fade32ff80 WorkerThread "GC Thread#9"                     [id=2208, stack(0x0000007528200000,0x0000007528300000) (1024K)]
Total: 12

Threads with active compile tasks:
Total: 0

VM state: not at safepoint (normal execution)

VM Mutex/Monitor currently owned by a thread: None

Heap address: 0x0000000080000000, size: 2048 MB, Compressed Oops mode: 32-bit

CDS archive(s) mapped at: [0x000001fa97000000-0x000001fa97ba0000-0x000001fa97ba0000), size 12189696, SharedBaseAddress: 0x000001fa97000000, ArchiveRelocationMode: 1.
Compressed class space mapped at: 0x000001fa98000000-0x000001fad8000000, reserved size: 1073741824
Narrow klass base: 0x000001fa97000000, Narrow klass shift: 0, Narrow klass range: 0x100000000

GC Precious Log:
 CardTable entry size: 512
 CPUs: 12 total, 12 available
 Memory: 16307M
 Large Page Support: Disabled
 NUMA Support: Disabled
 Compressed Oops: Enabled (32-bit)
 Alignments: Space 512K, Generation 512K, Heap 2M
 Heap Min Capacity: 100M
 Heap Initial Capacity: 100M
 Heap Max Capacity: 2G
 Pre-touch: Disabled
 Parallel Workers: 10

Heap:
 PSYoungGen      total 12800K, used 6937K [0x00000000d5580000, 0x00000000d6480000, 0x0000000100000000)
  eden space 11264K, 52% used [0x00000000d5580000,0x00000000d5b3e530,0x00000000d6080000)
  from space 1536K, 68% used [0x00000000d6300000,0x00000000d6408020,0x00000000d6480000)
  to   space 1536K, 0% used [0x00000000d6180000,0x00000000d6180000,0x00000000d6300000)
 ParOldGen       total 340992K, used 340673K [0x0000000080000000, 0x0000000094d00000, 0x00000000d5580000)
  object space 340992K, 99% used [0x0000000080000000,0x0000000094cb0538,0x0000000094d00000)
 Metaspace       used 99152K, committed 101184K, reserved 1179648K
  class space    used 9910K, committed 10944K, reserved 1048576K

Card table byte_map: [0x000001fafe420000,0x000001fafe830000] _byte_map_base: 0x000001fafe020000

Marking Bits: (ParMarkBitMap*) 0x00007ffbd4b72460
 Begin Bits: [0x000001fa92140000, 0x000001fa94140000)
 End Bits:   [0x000001fa94140000, 0x000001fa96140000)

Polling page: 0x000001fafcc60000

Metaspace:

Usage:
  Non-class:     87.15 MB used.
      Class:      9.68 MB used.
       Both:     96.83 MB used.

Virtual space:
  Non-class space:      128.00 MB reserved,      88.12 MB ( 69%) committed,  2 nodes.
      Class space:        1.00 GB reserved,      10.69 MB (  1%) committed,  1 nodes.
             Both:        1.12 GB reserved,      98.81 MB (  9%) committed. 

Chunk freelists:
   Non-Class:  7.98 MB
       Class:  5.43 MB
        Both:  13.41 MB

MaxMetaspaceSize: unlimited
CompressedClassSpaceSize: 1.00 GB
Initial GC threshold: 21.00 MB
Current GC threshold: 164.38 MB
CDS: on
 - commit_granule_bytes: 65536.
 - commit_granule_words: 8192.
 - virtual_space_node_default_size: 8388608.
 - enlarge_chunks_in_place: 1.
 - use_allocation_guard: 0.


Internal statistics:

num_allocs_failed_limit: 9.
num_arena_births: 1954.
num_arena_deaths: 450.
num_vsnodes_births: 3.
num_vsnodes_deaths: 0.
num_space_committed: 1581.
num_space_uncommitted: 0.
num_chunks_returned_to_freelist: 540.
num_chunks_taken_from_freelist: 7022.
num_chunk_merges: 155.
num_chunk_splits: 4105.
num_chunks_enlarged: 2169.
num_inconsistent_stats: 0.

CodeHeap 'non-profiled nmethods': size=120000Kb used=26539Kb max_used=32687Kb free=93460Kb
 bounds [0x000001fa8ac10000, 0x000001fa8cc00000, 0x000001fa92140000]
CodeHeap 'profiled nmethods': size=120000Kb used=33875Kb max_used=55426Kb free=86124Kb
 bounds [0x000001fa83140000, 0x000001fa86770000, 0x000001fa8a670000]
CodeHeap 'non-nmethods': size=5760Kb used=1536Kb max_used=1604Kb free=4223Kb
 bounds [0x000001fa8a670000, 0x000001fa8a8e0000, 0x000001fa8ac10000]
CodeCache: size=245760Kb, used=61950Kb, max_used=89717Kb, free=183807Kb
 total_blobs=18208, nmethods=17353, adapters=755, full_count=0
Compilation: enabled, stopped_count=0, restarted_count=0

Compilation events (20 events):
Event: 4023.929 Thread 0x000001fafeb2b390 nmethod 30187 0x000001fa83bd8710 code [0x000001fa83bd88a0, 0x000001fa83bd89c0]
Event: 4023.929 Thread 0x000001fafeb2b390 30189       3       com.google.gson.stream.JsonReader::readEscapeCharacter (422 bytes)
Event: 4023.930 Thread 0x000001fafeb298b0 nmethod 30188 0x000001fa8b7a1390 code [0x000001fa8b7a1520, 0x000001fa8b7a15c8]
Event: 4023.930 Thread 0x000001fafeb2b390 nmethod 30189 0x000001fa8362a810 code [0x000001fa8362ab20, 0x000001fa8362b948]
Event: 4023.930 Thread 0x000001fafeb2b390 30190       1       org.eclipse.core.filesystem.provider.FileSystem::fetchFileTree (2 bytes)
Event: 4023.930 Thread 0x000001fafeb2b390 nmethod 30190 0x000001fa8b7e6a90 code [0x000001fa8b7e6c20, 0x000001fa8b7e6cf0]
Event: 4024.110 Thread 0x000001fafeb2b390 30191       3       org.eclipse.jdt.internal.core.builder.NameEnvironment::cleanup (73 bytes)
Event: 4024.111 Thread 0x000001fafeb2b390 nmethod 30191 0x000001fa83801690 code [0x000001fa838018a0, 0x000001fa83801f88]
Event: 4024.111 Thread 0x000001fafeb2b390 30192       3       org.eclipse.core.internal.dtree.DeltaDataTree::searchLocalNodeAt (106 bytes)
Event: 4024.111 Thread 0x000001fafeb2b390 nmethod 30192 0x000001fa83373590 code [0x000001fa833737e0, 0x000001fa83374118]
Event: 4033.432 Thread 0x000001fafeb2b390 30193   !   3       jdk.xml.internal.XMLSecurityManager::getSystemProperty (68 bytes)
Event: 4033.433 Thread 0x000001fafeb2b390 nmethod 30193 0x000001fa84253e10 code [0x000001fa84254100, 0x000001fa84254fa8]
Event: 4033.436 Thread 0x000001fafeb298b0 30194       4       java.io.ObjectOutputStream::writeClassDesc (60 bytes)
Event: 4033.437 Thread 0x000001fafeb2b390 30195       1       org.eclipse.core.internal.dtree.DataDeltaNode::type (2 bytes)
Event: 4033.438 Thread 0x000001fafeb2b390 nmethod 30195 0x000001fa8b7f5b10 code [0x000001fa8b7f5ca0, 0x000001fa8b7f5d68]
Event: 4033.440 Thread 0x000001fafeb298b0 nmethod 30194 0x000001fa8b472390 code [0x000001fa8b4725a0, 0x000001fa8b472ac0]
Event: 4033.440 Thread 0x000001fafeb298b0 30196       4       java.io.DataOutputStream::incCount (20 bytes)
Event: 4033.440 Thread 0x000001fafeb298b0 nmethod 30196 0x000001fa8b862410 code [0x000001fa8b8625a0, 0x000001fa8b862650]
Event: 4033.649 Thread 0x000001fafeb2b390 30197       1       java.lang.Thread::threadContainer (5 bytes)
Event: 4033.650 Thread 0x000001fafeb2b390 nmethod 30197 0x000001fa8b954090 code [0x000001fa8b954220, 0x000001fa8b9542e8]

GC Heap History (20 events):
Event: 3733.740 GC heap before
{Heap before GC invocations=7147 (full 8):
 PSYoungGen      total 12288K, used 12161K [0x00000000d5580000, 0x00000000d6700000, 0x0000000100000000)
  eden space 9216K, 100% used [0x00000000d5580000,0x00000000d5e80000,0x00000000d5e80000)
  from space 3072K, 95% used [0x00000000d6400000,0x00000000d66e0400,0x00000000d6700000)
  to   space 4096K, 0% used [0x00000000d5f00000,0x00000000d5f00000,0x00000000d6300000)
 ParOldGen       total 297472K, used 297390K [0x0000000080000000, 0x0000000092280000, 0x00000000d5580000)
  object space 297472K, 99% used [0x0000000080000000,0x000000009226ba10,0x0000000092280000)
 Metaspace       used 99130K, committed 101184K, reserved 1179648K
  class space    used 9910K, committed 10944K, reserved 1048576K
}
Event: 3733.743 GC heap after
{Heap after GC invocations=7147 (full 8):
 PSYoungGen      total 13824K, used 1856K [0x00000000d5580000, 0x00000000d6580000, 0x0000000100000000)
  eden space 9728K, 0% used [0x00000000d5580000,0x00000000d5580000,0x00000000d5f00000)
  from space 4096K, 45% used [0x00000000d5f00000,0x00000000d60d0040,0x00000000d6300000)
  to   space 2560K, 0% used [0x00000000d6300000,0x00000000d6300000,0x00000000d6580000)
 ParOldGen       total 300032K, used 299691K [0x0000000080000000, 0x0000000092500000, 0x00000000d5580000)
  object space 300032K, 99% used [0x0000000080000000,0x00000000924aae28,0x0000000092500000)
 Metaspace       used 99130K, committed 101184K, reserved 1179648K
  class space    used 9910K, committed 10944K, reserved 1048576K
}
Event: 3733.749 GC heap before
{Heap before GC invocations=7148 (full 8):
 PSYoungGen      total 13824K, used 11584K [0x00000000d5580000, 0x00000000d6580000, 0x0000000100000000)
  eden space 9728K, 100% used [0x00000000d5580000,0x00000000d5f00000,0x00000000d5f00000)
  from space 4096K, 45% used [0x00000000d5f00000,0x00000000d60d0040,0x00000000d6300000)
  to   space 2560K, 0% used [0x00000000d6300000,0x00000000d6300000,0x00000000d6580000)
 ParOldGen       total 300032K, used 299691K [0x0000000080000000, 0x0000000092500000, 0x00000000d5580000)
  object space 300032K, 99% used [0x0000000080000000,0x00000000924aae28,0x0000000092500000)
 Metaspace       used 99142K, committed 101184K, reserved 1179648K
  class space    used 9910K, committed 10944K, reserved 1048576K
}
Event: 3733.751 GC heap after
{Heap after GC invocations=7148 (full 8):
 PSYoungGen      total 11264K, used 2535K [0x00000000d5580000, 0x00000000d6b00000, 0x0000000100000000)
  eden space 8704K, 0% used [0x00000000d5580000,0x00000000d5580000,0x00000000d5e00000)
  from space 2560K, 99% used [0x00000000d6300000,0x00000000d6579de0,0x00000000d6580000)
  to   space 5120K, 0% used [0x00000000d5e00000,0x00000000d5e00000,0x00000000d6300000)
 ParOldGen       total 301568K, used 301408K [0x0000000080000000, 0x0000000092680000, 0x00000000d5580000)
  object space 301568K, 99% used [0x0000000080000000,0x0000000092658340,0x0000000092680000)
 Metaspace       used 99142K, committed 101184K, reserved 1179648K
  class space    used 9910K, committed 10944K, reserved 1048576K
}
Event: 3733.757 GC heap before
{Heap before GC invocations=7149 (full 8):
 PSYoungGen      total 11264K, used 11239K [0x00000000d5580000, 0x00000000d6b00000, 0x0000000100000000)
  eden space 8704K, 100% used [0x00000000d5580000,0x00000000d5e00000,0x00000000d5e00000)
  from space 2560K, 99% used [0x00000000d6300000,0x00000000d6579de0,0x00000000d6580000)
  to   space 5120K, 0% used [0x00000000d5e00000,0x00000000d5e00000,0x00000000d6300000)
 ParOldGen       total 301568K, used 301408K [0x0000000080000000, 0x0000000092680000, 0x00000000d5580000)
  object space 301568K, 99% used [0x0000000080000000,0x0000000092658340,0x0000000092680000)
 Metaspace       used 99142K, committed 101184K, reserved 1179648K
  class space    used 9910K, committed 10944K, reserved 1048576K
}
Event: 3733.759 GC heap after
{Heap after GC invocations=7149 (full 8):
 PSYoungGen      total 9728K, used 960K [0x00000000d5580000, 0x00000000d6500000, 0x0000000100000000)
  eden space 8704K, 0% used [0x00000000d5580000,0x00000000d5580000,0x00000000d5e00000)
  from space 1024K, 93% used [0x00000000d5e00000,0x00000000d5ef0020,0x00000000d5f00000)
  to   space 2560K, 0% used [0x00000000d6280000,0x00000000d6280000,0x00000000d6500000)
 ParOldGen       total 304128K, used 303966K [0x0000000080000000, 0x0000000092900000, 0x00000000d5580000)
  object space 304128K, 99% used [0x0000000080000000,0x00000000928d7bb8,0x0000000092900000)
 Metaspace       used 99142K, committed 101184K, reserved 1179648K
  class space    used 9910K, committed 10944K, reserved 1048576K
}
Event: 3733.794 GC heap before
{Heap before GC invocations=7150 (full 8):
 PSYoungGen      total 9728K, used 9664K [0x00000000d5580000, 0x00000000d6500000, 0x0000000100000000)
  eden space 8704K, 100% used [0x00000000d5580000,0x00000000d5e00000,0x00000000d5e00000)
  from space 1024K, 93% used [0x00000000d5e00000,0x00000000d5ef0020,0x00000000d5f00000)
  to   space 2560K, 0% used [0x00000000d6280000,0x00000000d6280000,0x00000000d6500000)
 ParOldGen       total 304128K, used 303966K [0x0000000080000000, 0x0000000092900000, 0x00000000d5580000)
  object space 304128K, 99% used [0x0000000080000000,0x00000000928d7bb8,0x0000000092900000)
 Metaspace       used 99142K, committed 101184K, reserved 1179648K
  class space    used 9910K, committed 10944K, reserved 1048576K
}
Event: 3733.797 GC heap after
{Heap after GC invocations=7150 (full 8):
 PSYoungGen      total 12800K, used 1792K [0x00000000d5580000, 0x00000000d6480000, 0x0000000100000000)
  eden space 10752K, 0% used [0x00000000d5580000,0x00000000d5580000,0x00000000d6000000)
  from space 2048K, 87% used [0x00000000d6280000,0x00000000d6440000,0x00000000d6480000)
  to   space 2048K, 0% used [0x00000000d6080000,0x00000000d6080000,0x00000000d6280000)
 ParOldGen       total 305152K, used 304789K [0x0000000080000000, 0x0000000092a00000, 0x00000000d5580000)
  object space 305152K, 99% used [0x0000000080000000,0x00000000929a5528,0x0000000092a00000)
 Metaspace       used 99142K, committed 101184K, reserved 1179648K
  class space    used 9910K, committed 10944K, reserved 1048576K
}
Event: 3733.817 GC heap before
{Heap before GC invocations=7151 (full 8):
 PSYoungGen      total 12800K, used 12544K [0x00000000d5580000, 0x00000000d6480000, 0x0000000100000000)
  eden space 10752K, 100% used [0x00000000d5580000,0x00000000d6000000,0x00000000d6000000)
  from space 2048K, 87% used [0x00000000d6280000,0x00000000d6440000,0x00000000d6480000)
  to   space 2048K, 0% used [0x00000000d6080000,0x00000000d6080000,0x00000000d6280000)
 ParOldGen       total 316928K, used 316309K [0x0000000080000000, 0x0000000093580000, 0x00000000d5580000)
  object space 316928K, 99% used [0x0000000080000000,0x00000000934e5538,0x0000000093580000)
 Metaspace       used 99146K, committed 101184K, reserved 1179648K
  class space    used 9910K, committed 10944K, reserved 1048576K
}
Event: 3733.822 GC heap after
{Heap after GC invocations=7151 (full 8):
 PSYoungGen      total 13312K, used 592K [0x00000000d5580000, 0x00000000d6580000, 0x0000000100000000)
  eden space 11264K, 0% used [0x00000000d5580000,0x00000000d5580000,0x00000000d6080000)
  from space 2048K, 28% used [0x00000000d6080000,0x00000000d6114010,0x00000000d6280000)
  to   space 1536K, 0% used [0x00000000d6400000,0x00000000d6400000,0x00000000d6580000)
 ParOldGen       total 326144K, used 325632K [0x0000000080000000, 0x0000000093e80000, 0x00000000d5580000)
  object space 326144K, 99% used [0x0000000080000000,0x0000000093e00358,0x0000000093e80000)
 Metaspace       used 99146K, committed 101184K, reserved 1179648K
  class space    used 9910K, committed 10944K, reserved 1048576K
}
Event: 3734.348 GC heap before
{Heap before GC invocations=7152 (full 8):
 PSYoungGen      total 13312K, used 11856K [0x00000000d5580000, 0x00000000d6580000, 0x0000000100000000)
  eden space 11264K, 100% used [0x00000000d5580000,0x00000000d6080000,0x00000000d6080000)
  from space 2048K, 28% used [0x00000000d6080000,0x00000000d6114010,0x00000000d6280000)
  to   space 1536K, 0% used [0x00000000d6400000,0x00000000d6400000,0x00000000d6580000)
 ParOldGen       total 337920K, used 337152K [0x0000000080000000, 0x0000000094a00000, 0x00000000d5580000)
  object space 337920K, 99% used [0x0000000080000000,0x0000000094940368,0x0000000094a00000)
 Metaspace       used 99148K, committed 101184K, reserved 1179648K
  class space    used 9910K, committed 10944K, reserved 1048576K
}
Event: 3734.349 GC heap after
{Heap after GC invocations=7152 (full 8):
 PSYoungGen      total 12288K, used 569K [0x00000000d5580000, 0x00000000d6500000, 0x0000000100000000)
  eden space 11264K, 0% used [0x00000000d5580000,0x00000000d5580000,0x00000000d6080000)
  from space 1024K, 55% used [0x00000000d6400000,0x00000000d648e430,0x00000000d6500000)
  to   space 1024K, 0% used [0x00000000d6300000,0x00000000d6300000,0x00000000d6400000)
 ParOldGen       total 337920K, used 337408K [0x0000000080000000, 0x0000000094a00000, 0x00000000d5580000)
  object space 337920K, 99% used [0x0000000080000000,0x0000000094980328,0x0000000094a00000)
 Metaspace       used 99148K, committed 101184K, reserved 1179648K
  class space    used 9910K, committed 10944K, reserved 1048576K
}
Event: 3734.355 GC heap before
{Heap before GC invocations=7153 (full 8):
 PSYoungGen      total 12288K, used 11833K [0x00000000d5580000, 0x00000000d6500000, 0x0000000100000000)
  eden space 11264K, 100% used [0x00000000d5580000,0x00000000d6080000,0x00000000d6080000)
  from space 1024K, 55% used [0x00000000d6400000,0x00000000d648e430,0x00000000d6500000)
  to   space 1024K, 0% used [0x00000000d6300000,0x00000000d6300000,0x00000000d6400000)
 ParOldGen       total 337920K, used 337408K [0x0000000080000000, 0x0000000094a00000, 0x00000000d5580000)
  object space 337920K, 99% used [0x0000000080000000,0x0000000094980328,0x0000000094a00000)
 Metaspace       used 99148K, committed 101184K, reserved 1179648K
  class space    used 9910K, committed 10944K, reserved 1048576K
}
Event: 3734.356 GC heap after
{Heap after GC invocations=7153 (full 8):
 PSYoungGen      total 12288K, used 1008K [0x00000000d5580000, 0x00000000d6480000, 0x0000000100000000)
  eden space 11264K, 0% used [0x00000000d5580000,0x00000000d5580000,0x00000000d6080000)
  from space 1024K, 98% used [0x00000000d6300000,0x00000000d63fc030,0x00000000d6400000)
  to   space 512K, 0% used [0x00000000d6400000,0x00000000d6400000,0x00000000d6480000)
 ParOldGen       total 337920K, used 337813K [0x0000000080000000, 0x0000000094a00000, 0x00000000d5580000)
  object space 337920K, 99% used [0x0000000080000000,0x00000000949e5678,0x0000000094a00000)
 Metaspace       used 99148K, committed 101184K, reserved 1179648K
  class space    used 9910K, committed 10944K, reserved 1048576K
}
Event: 3734.365 GC heap before
{Heap before GC invocations=7154 (full 8):
 PSYoungGen      total 12288K, used 12272K [0x00000000d5580000, 0x00000000d6480000, 0x0000000100000000)
  eden space 11264K, 100% used [0x00000000d5580000,0x00000000d6080000,0x00000000d6080000)
  from space 1024K, 98% used [0x00000000d6300000,0x00000000d63fc030,0x00000000d6400000)
  to   space 512K, 0% used [0x00000000d6400000,0x00000000d6400000,0x00000000d6480000)
 ParOldGen       total 337920K, used 337813K [0x0000000080000000, 0x0000000094a00000, 0x00000000d5580000)
  object space 337920K, 99% used [0x0000000080000000,0x00000000949e5678,0x0000000094a00000)
 Metaspace       used 99148K, committed 101184K, reserved 1179648K
  class space    used 9910K, committed 10944K, reserved 1048576K
}
Event: 3734.366 GC heap after
{Heap after GC invocations=7154 (full 8):
 PSYoungGen      total 11776K, used 512K [0x00000000d5580000, 0x00000000d6580000, 0x0000000100000000)
  eden space 11264K, 0% used [0x00000000d5580000,0x00000000d5580000,0x00000000d6080000)
  from space 512K, 100% used [0x00000000d6400000,0x00000000d6480000,0x00000000d6480000)
  to   space 2560K, 0% used [0x00000000d6080000,0x00000000d6080000,0x00000000d6300000)
 ParOldGen       total 339456K, used 339261K [0x0000000080000000, 0x0000000094b80000, 0x00000000d5580000)
  object space 339456K, 99% used [0x0000000080000000,0x0000000094b4f6a8,0x0000000094b80000)
 Metaspace       used 99148K, committed 101184K, reserved 1179648K
  class space    used 9910K, committed 10944K, reserved 1048576K
}
Event: 3734.373 GC heap before
{Heap before GC invocations=7155 (full 8):
 PSYoungGen      total 11776K, used 11776K [0x00000000d5580000, 0x00000000d6580000, 0x0000000100000000)
  eden space 11264K, 100% used [0x00000000d5580000,0x00000000d6080000,0x00000000d6080000)
  from space 512K, 100% used [0x00000000d6400000,0x00000000d6480000,0x00000000d6480000)
  to   space 2560K, 0% used [0x00000000d6080000,0x00000000d6080000,0x00000000d6300000)
 ParOldGen       total 339456K, used 339261K [0x0000000080000000, 0x0000000094b80000, 0x00000000d5580000)
  object space 339456K, 99% used [0x0000000080000000,0x0000000094b4f6a8,0x0000000094b80000)
 Metaspace       used 99148K, committed 101184K, reserved 1179648K
  class space    used 9910K, committed 10944K, reserved 1048576K
}
Event: 3734.374 GC heap after
{Heap after GC invocations=7155 (full 8):
 PSYoungGen      total 13824K, used 960K [0x00000000d5580000, 0x00000000d6480000, 0x0000000100000000)
  eden space 11264K, 0% used [0x00000000d5580000,0x00000000d5580000,0x00000000d6080000)
  from space 2560K, 37% used [0x00000000d6080000,0x00000000d6170020,0x00000000d6300000)
  to   space 1536K, 0% used [0x00000000d6300000,0x00000000d6300000,0x00000000d6480000)
 ParOldGen       total 339968K, used 339789K [0x0000000080000000, 0x0000000094c00000, 0x00000000d5580000)
  object space 339968K, 99% used [0x0000000080000000,0x0000000094bd34e8,0x0000000094c00000)
 Metaspace       used 99148K, committed 101184K, reserved 1179648K
  class space    used 9910K, committed 10944K, reserved 1048576K
}
Event: 4022.412 GC heap before
{Heap before GC invocations=7156 (full 8):
 PSYoungGen      total 13824K, used 12224K [0x00000000d5580000, 0x00000000d6480000, 0x0000000100000000)
  eden space 11264K, 100% used [0x00000000d5580000,0x00000000d6080000,0x00000000d6080000)
  from space 2560K, 37% used [0x00000000d6080000,0x00000000d6170020,0x00000000d6300000)
  to   space 1536K, 0% used [0x00000000d6300000,0x00000000d6300000,0x00000000d6480000)
 ParOldGen       total 339968K, used 339789K [0x0000000080000000, 0x0000000094c00000, 0x00000000d5580000)
  object space 339968K, 99% used [0x0000000080000000,0x0000000094bd34e8,0x0000000094c00000)
 Metaspace       used 99148K, committed 101184K, reserved 1179648K
  class space    used 9910K, committed 10944K, reserved 1048576K
}
Event: 4022.413 GC heap after
{Heap after GC invocations=7156 (full 8):
 PSYoungGen      total 12800K, used 1056K [0x00000000d5580000, 0x00000000d6480000, 0x0000000100000000)
  eden space 11264K, 0% used [0x00000000d5580000,0x00000000d5580000,0x00000000d6080000)
  from space 1536K, 68% used [0x00000000d6300000,0x00000000d6408020,0x00000000d6480000)
  to   space 1536K, 0% used [0x00000000d6180000,0x00000000d6180000,0x00000000d6300000)
 ParOldGen       total 340992K, used 340673K [0x0000000080000000, 0x0000000094d00000, 0x00000000d5580000)
  object space 340992K, 99% used [0x0000000080000000,0x0000000094cb0538,0x0000000094d00000)
 Metaspace       used 99148K, committed 101184K, reserved 1179648K
  class space    used 9910K, committed 10944K, reserved 1048576K
}

Dll operation events (12 events):
Event: 0.012 Loaded shared library c:\Users\Mihajlo\.vscode\extensions\redhat.java-1.51.0-win32-x64\jre\21.0.9-win32-x86_64\bin\java.dll
Event: 0.054 Loaded shared library c:\Users\Mihajlo\.vscode\extensions\redhat.java-1.51.0-win32-x64\jre\21.0.9-win32-x86_64\bin\zip.dll
Event: 0.071 Loaded shared library C:\Users\Mihajlo\.vscode\extensions\redhat.java-1.51.0-win32-x64\jre\21.0.9-win32-x86_64\bin\instrument.dll
Event: 0.074 Loaded shared library C:\Users\Mihajlo\.vscode\extensions\redhat.java-1.51.0-win32-x64\jre\21.0.9-win32-x86_64\bin\net.dll
Event: 0.076 Loaded shared library C:\Users\Mihajlo\.vscode\extensions\redhat.java-1.51.0-win32-x64\jre\21.0.9-win32-x86_64\bin\nio.dll
Event: 0.078 Loaded shared library C:\Users\Mihajlo\.vscode\extensions\redhat.java-1.51.0-win32-x64\jre\21.0.9-win32-x86_64\bin\zip.dll
Event: 0.090 Loaded shared library C:\Users\Mihajlo\.vscode\extensions\redhat.java-1.51.0-win32-x64\jre\21.0.9-win32-x86_64\bin\jimage.dll
Event: 0.136 Loaded shared library c:\Users\Mihajlo\.vscode\extensions\redhat.java-1.51.0-win32-x64\jre\21.0.9-win32-x86_64\bin\verify.dll
Event: 0.789 Loaded shared library C:\Users\Mihajlo\AppData\Roaming\Code\User\globalStorage\redhat.java\1.51.0\config_win\org.eclipse.equinox.launcher\org.eclipse.equinox.launcher.win32.win32.x86_64_1.2.1400.v20250801-0854\eclipse_11916.dll
Event: 1.640 Loaded shared library C:\Users\Mihajlo\AppData\Local\Temp\jna--1571558504\jna10275276463833277041.dll
Event: 285.905 Loaded shared library C:\Users\Mihajlo\.vscode\extensions\redhat.java-1.51.0-win32-x64\jre\21.0.9-win32-x86_64\bin\extnet.dll
Event: 285.925 Loaded shared library C:\Users\Mihajlo\.vscode\extensions\redhat.java-1.51.0-win32-x64\jre\21.0.9-win32-x86_64\bin\sunmscapi.dll

Deoptimization events (20 events):
Event: 4023.921 Thread 0x000001fae12631d0 Uncommon trap: trap_request=0xffffff45 fr.pc=0x000001fa8b9a229c relative=0x000000000000313c
Event: 4023.921 Thread 0x000001fae12631d0 Uncommon trap: reason=unstable_if action=reinterpret pc=0x000001fa8b9a229c method=org.eclipse.jdt.internal.core.JavaModelManager.determineIfOnClasspath(Lorg/eclipse/core/resources/IResource;Lorg/eclipse/jdt/core/IJavaProject;)Lorg/eclipse/jdt/core/IJavaEl
Event: 4023.921 Thread 0x000001fae12631d0 DEOPT PACKING pc=0x000001fa8b9a229c sp=0x00000075263fe990
Event: 4023.921 Thread 0x000001fae12631d0 DEOPT UNPACKING pc=0x000001fa8a6c3aa2 sp=0x00000075263fe950 mode 2
Event: 4023.925 Thread 0x000001fae12631d0 Uncommon trap: trap_request=0xffffffde fr.pc=0x000001fa8b365ff8 relative=0x0000000000001d58
Event: 4023.925 Thread 0x000001fae12631d0 Uncommon trap: reason=class_check action=maybe_recompile pc=0x000001fa8b365ff8 method=com.google.gson.stream.JsonWriter.string(Ljava/lang/String;)V @ 128 c2
Event: 4023.925 Thread 0x000001fae12631d0 DEOPT PACKING pc=0x000001fa8b365ff8 sp=0x00000075263fe930
Event: 4023.925 Thread 0x000001fae12631d0 DEOPT UNPACKING pc=0x000001fa8a6c3aa2 sp=0x00000075263fe938 mode 2
Event: 4023.925 Thread 0x000001fae12631d0 Uncommon trap: trap_request=0xffffffde fr.pc=0x000001fa8b9adcec relative=0x00000000000001cc
Event: 4023.925 Thread 0x000001fae12631d0 Uncommon trap: reason=class_check action=maybe_recompile pc=0x000001fa8b9adcec method=com.google.gson.stream.JsonWriter.value(Ljava/lang/Boolean;)Lcom/google/gson/stream/JsonWriter; @ 35 c2
Event: 4023.925 Thread 0x000001fae12631d0 DEOPT PACKING pc=0x000001fa8b9adcec sp=0x00000075263fea10
Event: 4023.925 Thread 0x000001fae12631d0 DEOPT UNPACKING pc=0x000001fa8a6c3aa2 sp=0x00000075263fe8b8 mode 2
Event: 4023.926 Thread 0x000001fae12631d0 Uncommon trap: trap_request=0xffffff45 fr.pc=0x000001fa8acdba70 relative=0x0000000000000130
Event: 4023.926 Thread 0x000001fae12631d0 Uncommon trap: reason=unstable_if action=reinterpret pc=0x000001fa8acdba70 method=com.google.gson.stream.JsonReader.readEscapeCharacter()C @ 45 c2
Event: 4023.926 Thread 0x000001fae12631d0 DEOPT PACKING pc=0x000001fa8acdba70 sp=0x00000075263fea90
Event: 4023.926 Thread 0x000001fae12631d0 DEOPT UNPACKING pc=0x000001fa8a6c3aa2 sp=0x00000075263fea00 mode 2
Event: 4023.929 Thread 0x000001fae12631d0 Uncommon trap: trap_request=0xffffffde fr.pc=0x000001fa8b365ff8 relative=0x0000000000001d58
Event: 4023.929 Thread 0x000001fae12631d0 Uncommon trap: reason=class_check action=maybe_recompile pc=0x000001fa8b365ff8 method=com.google.gson.stream.JsonWriter.string(Ljava/lang/String;)V @ 128 c2
Event: 4023.929 Thread 0x000001fae12631d0 DEOPT PACKING pc=0x000001fa8b365ff8 sp=0x00000075263fe930
Event: 4023.929 Thread 0x000001fae12631d0 DEOPT UNPACKING pc=0x000001fa8a6c3aa2 sp=0x00000075263fe938 mode 2

Classes loaded (20 events):
Event: 2361.214 Loading class sun/net/www/http/KeepAliveStreamCleaner$1
Event: 2361.214 Loading class sun/net/www/http/KeepAliveStreamCleaner$1 done
Event: 2361.214 Loading class sun/net/www/http/KeepAliveStreamCleaner$2
Event: 2361.214 Loading class sun/net/www/http/KeepAliveStreamCleaner$2 done
Event: 2361.214 Loading class sun/net/www/protocol/http/HttpURLConnection$HttpInputStream
Event: 2361.214 Loading class sun/net/www/protocol/http/HttpURLConnection$HttpInputStream done
Event: 2361.245 Loading class sun/net/www/http/KeepAliveCache$1
Event: 2361.245 Loading class sun/net/www/http/KeepAliveCache$1 done
Event: 2361.245 Loading class sun/net/www/http/KeepAliveCache$ClientVector
Event: 2361.245 Loading class sun/net/www/http/KeepAliveCache$ClientVector done
Event: 2361.248 Loading class sun/net/www/http/KeepAliveEntry
Event: 2361.248 Loading class sun/net/www/http/KeepAliveEntry done
Event: 2709.180 Loading class java/lang/StringLatin1$CharsSpliterator
Event: 2709.180 Loading class java/lang/StringLatin1$CharsSpliterator done
Event: 2739.558 Loading class jdk/internal/module/IllegalAccessLogger
Event: 2739.558 Loading class jdk/internal/module/IllegalAccessLogger done
Event: 2947.056 Loading class jdk/internal/module/IllegalAccessLogger
Event: 2947.056 Loading class jdk/internal/module/IllegalAccessLogger done
Event: 3733.628 Loading class jdk/internal/module/IllegalAccessLogger
Event: 3733.628 Loading class jdk/internal/module/IllegalAccessLogger done

Classes unloaded (20 events):
Event: 2491.342 Thread 0x000001fafeb128c0 Unloading class 0x000001fa98017400 'java/lang/invoke/LambdaForm$MH+0x000001fa98017400'
Event: 2491.342 Thread 0x000001fafeb128c0 Unloading class 0x000001fa98016400 'java/lang/invoke/LambdaForm$MH+0x000001fa98016400'
Event: 2491.343 Thread 0x000001fafeb128c0 Unloading class 0x000001fa9800d800 'java/lang/invoke/LambdaForm$MH+0x000001fa9800d800'
Event: 2491.343 Thread 0x000001fafeb128c0 Unloading class 0x000001fa9800d400 'java/lang/invoke/LambdaForm$MH+0x000001fa9800d400'
Event: 2491.343 Thread 0x000001fafeb128c0 Unloading class 0x000001fa9800d000 'java/lang/invoke/LambdaForm$MH+0x000001fa9800d000'
Event: 2491.343 Thread 0x000001fafeb128c0 Unloading class 0x000001fa9800cc00 'java/lang/invoke/LambdaForm$MH+0x000001fa9800cc00'
Event: 2491.343 Thread 0x000001fafeb128c0 Unloading class 0x000001fa9800c800 'java/lang/invoke/LambdaForm$BMH+0x000001fa9800c800'
Event: 2491.343 Thread 0x000001fafeb128c0 Unloading class 0x000001fa9800c000 'java/lang/invoke/LambdaForm$DMH+0x000001fa9800c000'
Event: 2491.343 Thread 0x000001fafeb128c0 Unloading class 0x000001fa98008c00 'java/lang/invoke/LambdaForm$MH+0x000001fa98008c00'
Event: 2491.343 Thread 0x000001fafeb128c0 Unloading class 0x000001fa98008800 'java/lang/invoke/LambdaForm$MH+0x000001fa98008800'
Event: 2491.343 Thread 0x000001fafeb128c0 Unloading class 0x000001fa98008400 'java/lang/invoke/LambdaForm$MH+0x000001fa98008400'
Event: 2491.343 Thread 0x000001fafeb128c0 Unloading class 0x000001fa98007000 'java/lang/invoke/LambdaForm$MH+0x000001fa98007000'
Event: 2491.343 Thread 0x000001fafeb128c0 Unloading class 0x000001fa98006800 'java/lang/invoke/LambdaForm$MH+0x000001fa98006800'
Event: 2491.343 Thread 0x000001fafeb128c0 Unloading class 0x000001fa98006400 'java/lang/invoke/LambdaForm$MH+0x000001fa98006400'
Event: 2491.343 Thread 0x000001fafeb128c0 Unloading class 0x000001fa98006000 'java/lang/invoke/LambdaForm$MH+0x000001fa98006000'
Event: 2491.343 Thread 0x000001fafeb128c0 Unloading class 0x000001fa98005c00 'java/lang/invoke/LambdaForm$BMH+0x000001fa98005c00'
Event: 2491.343 Thread 0x000001fafeb128c0 Unloading class 0x000001fa98004800 'java/lang/invoke/LambdaForm$DMH+0x000001fa98004800'
Event: 2491.343 Thread 0x000001fafeb128c0 Unloading class 0x000001fa98002400 'java/lang/invoke/LambdaForm$MH+0x000001fa98002400'
Event: 2491.343 Thread 0x000001fafeb128c0 Unloading class 0x000001fa98002000 'java/lang/invoke/LambdaForm$MH+0x000001fa98002000'
Event: 2491.343 Thread 0x000001fafeb128c0 Unloading class 0x000001fa98001800 'java/lang/invoke/LambdaForm$MH+0x000001fa98001800'

Classes redefined (0 events):
No events

Internal exceptions (20 events):
Event: 2745.602 Thread 0x000001fae0ceb350 Implicit null exception at 0x000001fa83f14344 to 0x000001fa83f14565
Event: 2745.602 Thread 0x000001fae0ceb350 Exception <a 'java/lang/NullPointerException'{0x00000000d5c98690}> (0x00000000d5c98690) 
thrown [s\src\hotspot\share\runtime\sharedRuntime.cpp, line 625]
Event: 2946.906 Thread 0x000001fade939690 Exception <a 'sun/nio/fs/WindowsException'{0x00000000d5de0f38}> (0x00000000d5de0f38) 
thrown [s\src\hotspot\share\prims\jni.cpp, line 520]
Event: 2947.323 Thread 0x000001fae12652a0 Implicit null exception at 0x000001fa83f14344 to 0x000001fa83f14565
Event: 2947.323 Thread 0x000001fae12652a0 Exception <a 'java/lang/NullPointerException'{0x00000000d58a6ee0}> (0x00000000d58a6ee0) 
thrown [s\src\hotspot\share\runtime\sharedRuntime.cpp, line 625]
Event: 2947.323 Thread 0x000001fae12652a0 Implicit null exception at 0x000001fa83f14344 to 0x000001fa83f14565
Event: 2947.323 Thread 0x000001fae12652a0 Exception <a 'java/lang/NullPointerException'{0x00000000d58a9078}> (0x00000000d58a9078) 
thrown [s\src\hotspot\share\runtime\sharedRuntime.cpp, line 625]
Event: 2947.323 Thread 0x000001fae12652a0 Implicit null exception at 0x000001fa83f14344 to 0x000001fa83f14565
Event: 2947.323 Thread 0x000001fae12652a0 Exception <a 'java/lang/NullPointerException'{0x00000000d58ab268}> (0x00000000d58ab268) 
thrown [s\src\hotspot\share\runtime\sharedRuntime.cpp, line 625]
Event: 2947.323 Thread 0x000001fae12652a0 Implicit null exception at 0x000001fa83f14344 to 0x000001fa83f14565
Event: 2947.323 Thread 0x000001fae12652a0 Exception <a 'java/lang/NullPointerException'{0x00000000d58ac6d0}> (0x00000000d58ac6d0) 
thrown [s\src\hotspot\share\runtime\sharedRuntime.cpp, line 625]
Event: 2947.323 Thread 0x000001fae12652a0 Implicit null exception at 0x000001fa83f14344 to 0x000001fa83f14565
Event: 2947.323 Thread 0x000001fae12652a0 Exception <a 'java/lang/NullPointerException'{0x00000000d58ad670}> (0x00000000d58ad670) 
thrown [s\src\hotspot\share\runtime\sharedRuntime.cpp, line 625]
Event: 2947.335 Thread 0x000001fade939690 Exception <a 'sun/nio/fs/WindowsException'{0x00000000d561c0d0}> (0x00000000d561c0d0) 
thrown [s\src\hotspot\share\prims\jni.cpp, line 520]
Event: 2992.051 Thread 0x000001fae1263860 Exception <a 'sun/nio/fs/WindowsException'{0x00000000d58495d8}> (0x00000000d58495d8) 
thrown [s\src\hotspot\share\prims\jni.cpp, line 520]
Event: 2992.051 Thread 0x000001fae1263860 Exception <a 'sun/nio/fs/WindowsException'{0x00000000d584a0f8}> (0x00000000d584a0f8) 
thrown [s\src\hotspot\share\prims\jni.cpp, line 520]
Event: 3733.488 Thread 0x000001fade939690 Exception <a 'sun/nio/fs/WindowsException'{0x00000000d5659408}> (0x00000000d5659408) 
thrown [s\src\hotspot\share\prims\jni.cpp, line 520]
Event: 3733.811 Thread 0x000001fade939690 Exception <a 'sun/nio/fs/WindowsException'{0x00000000d56077f0}> (0x00000000d56077f0) 
thrown [s\src\hotspot\share\prims\jni.cpp, line 520]
Event: 4033.434 Thread 0x000001fae0ceb350 Exception <a 'sun/nio/fs/WindowsException'{0x00000000d5a7bff0}> (0x00000000d5a7bff0) 
thrown [s\src\hotspot\share\prims\jni.cpp, line 520]
Event: 4033.434 Thread 0x000001fae0ceb350 Exception <a 'sun/nio/fs/WindowsException'{0x00000000d5a7caf0}> (0x00000000d5a7caf0) 
thrown [s\src\hotspot\share\prims\jni.cpp, line 520]

ZGC Phase Switch (0 events):
No events

VM Operations (20 events):
Event: 3787.719 Executing VM operation: RendezvousGCThreads
Event: 3787.719 Executing VM operation: RendezvousGCThreads done
Event: 3847.953 Executing VM operation: HandshakeAllThreads (HandshakeForDeflation)
Event: 3847.953 Executing VM operation: HandshakeAllThreads (HandshakeForDeflation) done
Event: 3847.953 Executing VM operation: RendezvousGCThreads
Event: 3847.953 Executing VM operation: RendezvousGCThreads done
Event: 3907.988 Executing VM operation: HandshakeAllThreads (HandshakeForDeflation)
Event: 3907.988 Executing VM operation: HandshakeAllThreads (HandshakeForDeflation) done
Event: 3907.988 Executing VM operation: RendezvousGCThreads
Event: 3907.988 Executing VM operation: RendezvousGCThreads done
Event: 4022.411 Executing VM operation: ParallelGCFailedAllocation (Allocation Failure)
Event: 4022.413 Executing VM operation: ParallelGCFailedAllocation (Allocation Failure) done
Event: 4024.416 Executing VM operation: Cleanup
Event: 4024.416 Executing VM operation: Cleanup done
Event: 4028.312 Executing VM operation: HandshakeAllThreads (HandshakeForDeflation)
Event: 4028.312 Executing VM operation: HandshakeAllThreads (HandshakeForDeflation) done
Event: 4028.312 Executing VM operation: RendezvousGCThreads
Event: 4028.312 Executing VM operation: RendezvousGCThreads done
Event: 4034.330 Executing VM operation: Cleanup
Event: 4034.330 Executing VM operation: Cleanup done

Memory protections (0 events):
No events

Nmethod flushes (20 events):
Event: 2947.172 Thread 0x000001fafeb128c0 flushing  nmethod 0x000001fa865dba10
Event: 2947.172 Thread 0x000001fafeb128c0 flushing  nmethod 0x000001fa865e4290
Event: 2947.172 Thread 0x000001fafeb128c0 flushing  nmethod 0x000001fa865ea910
Event: 2947.172 Thread 0x000001fafeb128c0 flushing  nmethod 0x000001fa865eae10
Event: 2947.172 Thread 0x000001fafeb128c0 flushing  nmethod 0x000001fa865eb210
Event: 2947.172 Thread 0x000001fafeb128c0 flushing  nmethod 0x000001fa865f2e10
Event: 2947.172 Thread 0x000001fafeb128c0 flushing  nmethod 0x000001fa865fa710
Event: 2947.172 Thread 0x000001fafeb128c0 flushing  nmethod 0x000001fa86613110
Event: 2947.172 Thread 0x000001fafeb128c0 flushing  nmethod 0x000001fa8664c810
Event: 2947.172 Thread 0x000001fafeb128c0 flushing  nmethod 0x000001fa86680f90
Event: 2947.172 Thread 0x000001fafeb128c0 flushing  nmethod 0x000001fa86694490
Event: 2947.172 Thread 0x000001fafeb128c0 flushing  nmethod 0x000001fa866e5190
Event: 2947.172 Thread 0x000001fafeb128c0 flushing  nmethod 0x000001fa866e9890
Event: 2947.172 Thread 0x000001fafeb128c0 flushing  nmethod 0x000001fa86709090
Event: 2947.172 Thread 0x000001fafeb128c0 flushing  nmethod 0x000001fa8670db90
Event: 2947.172 Thread 0x000001fafeb128c0 flushing  nmethod 0x000001fa8671e690
Event: 2947.172 Thread 0x000001fafeb128c0 flushing  nmethod 0x000001fa86720590
Event: 2947.172 Thread 0x000001fafeb128c0 flushing  nmethod 0x000001fa8672ba90
Event: 2947.172 Thread 0x000001fafeb128c0 flushing  nmethod 0x000001fa86754e10
Event: 2947.172 Thread 0x000001fafeb128c0 flushing  nmethod 0x000001fa86756890

Events (20 events):
Event: 3793.812 Thread 0x000001fae12631d0 Thread exited: 0x000001fae12631d0
Event: 3793.997 Thread 0x000001fae1267370 Thread exited: 0x000001fae1267370
Event: 3794.386 Thread 0x000001fae0cec070 Thread exited: 0x000001fae0cec070
Event: 3854.009 Thread 0x000001fae1266ce0 Thread exited: 0x000001fae1266ce0
Event: 3914.017 Thread 0x000001fae1266650 Thread exited: 0x000001fae1266650
Event: 3974.030 Thread 0x000001fae1261790 Thread exited: 0x000001fae1261790
Event: 4022.410 Thread 0x000001fae1261100 Thread added: 0x000001fae12631d0
Event: 4023.900 Thread 0x000001fae1261100 Thread added: 0x000001fae1261790
Event: 4033.433 Thread 0x000001fae0ceb350 Thread added: 0x000001fae1266650
Event: 4033.433 Thread 0x000001fae1266650 Thread exited: 0x000001fae1266650
Event: 4033.435 Thread 0x000001fae0ceb350 Thread added: 0x000001fae1266650
Event: 4033.435 Thread 0x000001fae1266650 Thread exited: 0x000001fae1266650
Event: 4033.570 Thread 0x000001fae1262b40 Thread exited: 0x000001fae1262b40
Event: 4033.649 Thread 0x000001fae1265930 Thread exited: 0x000001fae1265930
Event: 4033.649 Thread 0x000001fae1267a00 Thread exited: 0x000001fae1267a00
Event: 4033.650 Thread 0x000001fae1263860 Thread exited: 0x000001fae1263860
Event: 4033.650 Thread 0x000001fae12603e0 Thread exited: 0x000001fae12603e0
Event: 4033.650 Thread 0x000001fae1264580 Thread exited: 0x000001fae1264580
Event: 4033.650 Thread 0x000001fae1265fc0 Thread exited: 0x000001fae1265fc0
Event: 4033.760 Thread 0x000001fae12652a0 Thread exited: 0x000001fae12652a0


Dynamic libraries:
0x00007ff75d860000 - 0x00007ff75d86e000 	c:\Users\Mihajlo\.vscode\extensions\redhat.java-1.51.0-win32-x64\jre\21.0.9-win32-x86_64\bin\java.exe
0x00007ffc95c40000 - 0x00007ffc95ea7000 	C:\WINDOWS\SYSTEM32\ntdll.dll
0x00007ffc94bf0000 - 0x00007ffc94cb9000 	C:\WINDOWS\System32\KERNEL32.DLL
0x00007ffc930a0000 - 0x00007ffc9348f000 	C:\WINDOWS\System32\KERNELBASE.dll
0x00007ffc93890000 - 0x00007ffc939db000 	C:\WINDOWS\System32\ucrtbase.dll
0x00007ffc65db0000 - 0x00007ffc65dce000 	c:\Users\Mihajlo\.vscode\extensions\redhat.java-1.51.0-win32-x64\jre\21.0.9-win32-x86_64\bin\VCRUNTIME140.dll
0x00007ffc65ae0000 - 0x00007ffc65af8000 	c:\Users\Mihajlo\.vscode\extensions\redhat.java-1.51.0-win32-x64\jre\21.0.9-win32-x86_64\bin\jli.dll
0x00007ffc93d20000 - 0x00007ffc93ee5000 	C:\WINDOWS\System32\USER32.dll
0x00007ffc79a70000 - 0x00007ffc79d03000 	C:\WINDOWS\WinSxS\amd64_microsoft.windows.common-controls_6595b64144ccf1df_6.0.26100.7309_none_3e05feeae336a044\COMCTL32.dll
0x00007ffc93070000 - 0x00007ffc93097000 	C:\WINDOWS\System32\win32u.dll
0x00007ffc94bc0000 - 0x00007ffc94beb000 	C:\WINDOWS\System32\GDI32.dll
0x00007ffc94b10000 - 0x00007ffc94bb9000 	C:\WINDOWS\System32\msvcrt.dll
0x00007ffc934a0000 - 0x00007ffc935cc000 	C:\WINDOWS\System32\gdi32full.dll
0x00007ffc92fc0000 - 0x00007ffc93063000 	C:\WINDOWS\System32\msvcp_win.dll
0x00007ffc94640000 - 0x00007ffc94671000 	C:\WINDOWS\System32\IMM32.DLL
0x00007ffc6a840000 - 0x00007ffc6a84c000 	c:\Users\Mihajlo\.vscode\extensions\redhat.java-1.51.0-win32-x64\jre\21.0.9-win32-x86_64\bin\vcruntime140_1.dll
0x00007ffc5c680000 - 0x00007ffc5c70d000 	c:\Users\Mihajlo\.vscode\extensions\redhat.java-1.51.0-win32-x64\jre\21.0.9-win32-x86_64\bin\msvcp140.dll
0x00007ffbd3eb0000 - 0x00007ffbd4c50000 	c:\Users\Mihajlo\.vscode\extensions\redhat.java-1.51.0-win32-x64\jre\21.0.9-win32-x86_64\bin\server\jvm.dll
0x00007ffc950b0000 - 0x00007ffc95164000 	C:\WINDOWS\System32\ADVAPI32.dll
0x00007ffc93f10000 - 0x00007ffc93fb6000 	C:\WINDOWS\System32\sechost.dll
0x00007ffc93c00000 - 0x00007ffc93d18000 	C:\WINDOWS\System32\RPCRT4.dll
0x00007ffc94100000 - 0x00007ffc94174000 	C:\WINDOWS\System32\WS2_32.dll
0x00007ffc92a40000 - 0x00007ffc92a9e000 	C:\WINDOWS\SYSTEM32\POWRPROF.dll
0x00007ffc8cc40000 - 0x00007ffc8cc4b000 	C:\WINDOWS\SYSTEM32\VERSION.dll
0x00007ffc87660000 - 0x00007ffc87695000 	C:\WINDOWS\SYSTEM32\WINMM.dll
0x00007ffc92960000 - 0x00007ffc92974000 	C:\WINDOWS\SYSTEM32\UMPDC.dll
0x00007ffc91b00000 - 0x00007ffc91b1b000 	C:\WINDOWS\SYSTEM32\kernel.appcore.dll
0x00007ffc6a680000 - 0x00007ffc6a68a000 	c:\Users\Mihajlo\.vscode\extensions\redhat.java-1.51.0-win32-x64\jre\21.0.9-win32-x86_64\bin\jimage.dll
0x00007ffc8fc60000 - 0x00007ffc8fea2000 	C:\WINDOWS\SYSTEM32\DBGHELP.DLL
0x00007ffc94180000 - 0x00007ffc94506000 	C:\WINDOWS\System32\combase.dll
0x00007ffc94510000 - 0x00007ffc945e6000 	C:\WINDOWS\System32\OLEAUT32.dll
0x00007ffc7b4c0000 - 0x00007ffc7b4fc000 	C:\WINDOWS\SYSTEM32\dbgcore.DLL
0x00007ffc92f10000 - 0x00007ffc92fb5000 	C:\WINDOWS\System32\bcryptPrimitives.dll
0x00007ffc690b0000 - 0x00007ffc690bf000 	c:\Users\Mihajlo\.vscode\extensions\redhat.java-1.51.0-win32-x64\jre\21.0.9-win32-x86_64\bin\instrument.dll
0x00007ffc65310000 - 0x00007ffc65330000 	c:\Users\Mihajlo\.vscode\extensions\redhat.java-1.51.0-win32-x64\jre\21.0.9-win32-x86_64\bin\java.dll
0x00007ffc95490000 - 0x00007ffc95be3000 	C:\WINDOWS\System32\SHELL32.dll
0x00007ffc93690000 - 0x00007ffc937fa000 	C:\WINDOWS\System32\wintypes.dll
0x00007ffc90970000 - 0x00007ffc911ce000 	C:\WINDOWS\SYSTEM32\windows.storage.dll
0x00007ffc94eb0000 - 0x00007ffc94fa5000 	C:\WINDOWS\System32\SHCORE.dll
0x00007ffc93b80000 - 0x00007ffc93be6000 	C:\WINDOWS\System32\shlwapi.dll
0x00007ffc92cb0000 - 0x00007ffc92cd9000 	C:\WINDOWS\SYSTEM32\profapi.dll
0x00007ffc5e330000 - 0x00007ffc5e348000 	c:\Users\Mihajlo\.vscode\extensions\redhat.java-1.51.0-win32-x64\jre\21.0.9-win32-x86_64\bin\zip.dll
0x00007ffc66dd0000 - 0x00007ffc66de0000 	C:\Users\Mihajlo\.vscode\extensions\redhat.java-1.51.0-win32-x64\jre\21.0.9-win32-x86_64\bin\net.dll
0x00007ffc8c240000 - 0x00007ffc8c368000 	C:\WINDOWS\SYSTEM32\WINHTTP.dll
0x00007ffc92050000 - 0x00007ffc920bb000 	C:\WINDOWS\system32\mswsock.dll
0x00007ffc5bc50000 - 0x00007ffc5bc66000 	C:\Users\Mihajlo\.vscode\extensions\redhat.java-1.51.0-win32-x64\jre\21.0.9-win32-x86_64\bin\nio.dll
0x00007ffc5e320000 - 0x00007ffc5e330000 	c:\Users\Mihajlo\.vscode\extensions\redhat.java-1.51.0-win32-x64\jre\21.0.9-win32-x86_64\bin\verify.dll
0x00007ffc5c630000 - 0x00007ffc5c674000 	C:\Users\Mihajlo\AppData\Roaming\Code\User\globalStorage\redhat.java\1.51.0\config_win\org.eclipse.equinox.launcher\org.eclipse.equinox.launcher.win32.win32.x86_64_1.2.1400.v20250801-0854\eclipse_11916.dll
0x00007ffc939e0000 - 0x00007ffc93b77000 	C:\WINDOWS\System32\ole32.dll
0x00007ffc92440000 - 0x00007ffc9245b000 	C:\WINDOWS\SYSTEM32\CRYPTSP.dll
0x00007ffc91a60000 - 0x00007ffc91a9a000 	C:\WINDOWS\system32\rsaenh.dll
0x00007ffc92100000 - 0x00007ffc9212b000 	C:\WINDOWS\SYSTEM32\USERENV.dll
0x00007ffc92c80000 - 0x00007ffc92caa000 	C:\WINDOWS\SYSTEM32\bcrypt.dll
0x00007ffc922a0000 - 0x00007ffc922ac000 	C:\WINDOWS\SYSTEM32\CRYPTBASE.dll
0x00007ffc914f0000 - 0x00007ffc91524000 	C:\WINDOWS\SYSTEM32\IPHLPAPI.DLL
0x00007ffc950a0000 - 0x00007ffc950aa000 	C:\WINDOWS\System32\NSI.dll
0x00007ffc54990000 - 0x00007ffc549d9000 	C:\Users\Mihajlo\AppData\Local\Temp\jna--1571558504\jna10275276463833277041.dll
0x00007ffc93bf0000 - 0x00007ffc93bf8000 	C:\WINDOWS\System32\PSAPI.DLL
0x00007ffc8c050000 - 0x00007ffc8c06e000 	C:\WINDOWS\SYSTEM32\dhcpcsvc6.DLL
0x00007ffc8c020000 - 0x00007ffc8c043000 	C:\WINDOWS\SYSTEM32\dhcpcsvc.DLL
0x00007ffc91580000 - 0x00007ffc916ac000 	C:\WINDOWS\SYSTEM32\DNSAPI.dll
0x00007ffc86c50000 - 0x00007ffc86c5b000 	C:\Windows\System32\rasadhlp.dll
0x00007ffc87ff0000 - 0x00007ffc88076000 	C:\WINDOWS\System32\fwpuclnt.dll
0x00007ffc8ed50000 - 0x00007ffc8ed59000 	C:\Users\Mihajlo\.vscode\extensions\redhat.java-1.51.0-win32-x64\jre\21.0.9-win32-x86_64\bin\extnet.dll
0x00007ffc8db20000 - 0x00007ffc8db2e000 	C:\Users\Mihajlo\.vscode\extensions\redhat.java-1.51.0-win32-x64\jre\21.0.9-win32-x86_64\bin\sunmscapi.dll
0x00007ffc92d90000 - 0x00007ffc92f07000 	C:\WINDOWS\System32\CRYPT32.dll
0x00007ffc92600000 - 0x00007ffc92630000 	C:\WINDOWS\SYSTEM32\ncrypt.dll
0x00007ffc925b0000 - 0x00007ffc925ef000 	C:\WINDOWS\SYSTEM32\NTASN1.dll
0x00007ffc8d2c0000 - 0x00007ffc8d2c8000 	C:\WINDOWS\system32\wshunix.dll
0x00007ffc91c20000 - 0x00007ffc91c56000 	C:\WINDOWS\SYSTEM32\ntmarta.dll

JVMTI agents:
c:\Users\Mihajlo\.vscode\extensions\redhat.java-1.51.0-win32-x64\lombok\lombok-1.18.39-4050.jar path:c:\Users\Mihajlo\.vscode\extensions\redhat.java-1.51.0-win32-x64\jre\21.0.9-win32-x86_64\bin\instrument.dll, loaded, initialized, instrumentlib options:none

dbghelp: loaded successfully - version: 4.0.5 - missing functions: none
symbol engine: initialized successfully - sym options: 0x614 - pdb path: .;c:\Users\Mihajlo\.vscode\extensions\redhat.java-1.51.0-win32-x64\jre\21.0.9-win32-x86_64\bin;C:\WINDOWS\SYSTEM32;C:\WINDOWS\WinSxS\amd64_microsoft.windows.common-controls_6595b64144ccf1df_6.0.26100.7309_none_3e05feeae336a044;c:\Users\Mihajlo\.vscode\extensions\redhat.java-1.51.0-win32-x64\jre\21.0.9-win32-x86_64\bin\server;C:\Users\Mihajlo\AppData\Roaming\Code\User\globalStorage\redhat.java\1.51.0\config_win\org.eclipse.equinox.launcher\org.eclipse.equinox.launcher.win32.win32.x86_64_1.2.1400.v20250801-0854;C:\Users\Mihajlo\AppData\Local\Temp\jna--1571558504

VM Arguments:
jvm_args: --add-modules=ALL-SYSTEM --add-opens=java.base/java.util=ALL-UNNAMED --add-opens=java.base/java.lang=ALL-UNNAMED --add-opens=java.base/sun.nio.fs=ALL-UNNAMED -Declipse.application=org.eclipse.jdt.ls.core.id1 -Dosgi.bundles.defaultStartLevel=4 -Declipse.product=org.eclipse.jdt.ls.core.product -Djava.import.generatesMetadataFilesAtProjectRoot=false -DDetectVMInstallationsJob.disabled=true -Dfile.encoding=utf8 -XX:+UseParallelGC -XX:GCTimeRatio=4 -XX:AdaptiveSizePolicyWeight=90 -Dsun.zip.disableMemoryMapping=true -Xmx2G -Xms100m -Xlog:disable -javaagent:c:\Users\Mihajlo\.vscode\extensions\redhat.java-1.51.0-win32-x64\lombok\lombok-1.18.39-4050.jar -XX:+HeapDumpOnOutOfMemoryError -XX:HeapDumpPath=c:\Users\Mihajlo\AppData\Roaming\Code\User\workspaceStorage\27b743619641d250a03ce9842f25eeca\redhat.java -Daether.dependencyCollector.impl=bf 
java_command: c:\Users\Mihajlo\.vscode\extensions\redhat.java-1.51.0-win32-x64\server\plugins\org.eclipse.equinox.launcher_1.7.100.v20251111-0406.jar -configuration c:\Users\Mihajlo\AppData\Roaming\Code\User\globalStorage\redhat.java\1.51.0\config_win -data c:\Users\Mihajlo\AppData\Roaming\Code\User\workspaceStorage\27b743619641d250a03ce9842f25eeca\redhat.java\jdt_ws --pipe=\\.\pipe\lsp-8a178ad36f86559107973a45cddae8c0-sock
java_class_path (initial): c:\Users\Mihajlo\.vscode\extensions\redhat.java-1.51.0-win32-x64\server\plugins\org.eclipse.equinox.launcher_1.7.100.v20251111-0406.jar
Launcher Type: SUN_STANDARD

[Global flags]
    uintx AdaptiveSizePolicyWeight                 = 90                                        {product} {command line}
     intx CICompilerCount                          = 4                                         {product} {ergonomic}
    uintx GCTimeRatio                              = 4                                         {product} {command line}
     bool HeapDumpOnOutOfMemoryError               = true                                   {manageable} {command line}
    ccstr HeapDumpPath                             = c:\Users\Mihajlo\AppData\Roaming\Code\User\workspaceStorage\27b743619641d250a03ce9842f25eeca\redhat.java         {manageable} {command line}
   size_t InitialHeapSize                          = 104857600                                 {product} {command line}
   size_t MaxHeapSize                              = 2147483648                                {product} {command line}
   size_t MaxNewSize                               = 715653120                                 {product} {ergonomic}
   size_t MinHeapDeltaBytes                        = 524288                                    {product} {ergonomic}
   size_t MinHeapSize                              = 104857600                                 {product} {command line}
   size_t NewSize                                  = 34603008                                  {product} {ergonomic}
    uintx NonNMethodCodeHeapSize                   = 5839372                                {pd product} {ergonomic}
    uintx NonProfiledCodeHeapSize                  = 122909434                              {pd product} {ergonomic}
   size_t OldSize                                  = 70254592                                  {product} {ergonomic}
    uintx ProfiledCodeHeapSize                     = 122909434                              {pd product} {ergonomic}
    uintx ReservedCodeCacheSize                    = 251658240                              {pd product} {ergonomic}
     bool SegmentedCodeCache                       = true                                      {product} {ergonomic}
   size_t SoftMaxHeapSize                          = 2147483648                             {manageable} {ergonomic}
     bool UseCompressedOops                        = true                           {product lp64_product} {ergonomic}
     bool UseLargePagesIndividualAllocation        = false                                  {pd product} {ergonomic}
     bool UseParallelGC                            = true                                      {product} {command line}

Logging:
Log output configuration:
 #0: stdout all=off uptime,level,tags foldmultilines=false
 #1: stderr all=off uptime,level,tags foldmultilines=false

Release file:
JAVA_VERSION="21.0.9" 
MODULES="java.base java.compiler java.datatransfer java.xml java.prefs java.desktop java.instrument java.logging java.management java.security.sasl java.naming java.rmi java.management.rmi java.net.http java.scripting java.security.jgss java.transaction.xa java.sql java.sql.rowset java.xml.crypto java.se java.smartcardio jdk.accessibility jdk.internal.jvmstat jdk.attach jdk.charsets jdk.internal.opt jdk.zipfs jdk.compiler jdk.crypto.ec jdk.crypto.cryptoki jdk.crypto.mscapi jdk.dynalink jdk.internal.ed jdk.editpad jdk.hotspot.agent jdk.httpserver jdk.internal.le jdk.internal.vm.ci jdk.internal.vm.compiler jdk.internal.vm.compiler.management jdk.jartool jdk.javadoc jdk.jcmd jdk.management jdk.management.agent jdk.jconsole jdk.jdeps jdk.jdwp.agent jdk.jdi jdk.jfr jdk.jshell jdk.jsobject jdk.jstatd jdk.localedata jdk.management.jfr jdk.naming.dns jdk.naming.rmi jdk.net jdk.nio.mapmode jdk.random jdk.sctp jdk.security.auth jdk.security.jgss jdk.unsupported jdk.unsupported.desktop jdk.xml.dom" 

Environment Variables:
JAVA_HOME=C:\Program Files\Java\jdk-19
PATH=C:\Python313\Scripts\;C:\Python313\;C:\app\Mihajlo\product\21c\dbhomeXE\bin;C:\Program Files\Common Files\Oracle\Java\javapath;C:\ProgramData\Oracle\Java\javapath;C:\Windows\system32;C:\Windows;C:\Windows\System32\Wbem;C:\Windows\System32\WindowsPowerShell\v1.0\;C:\Windows\System32\OpenSSH\;C:\Program Files (x86)\NVIDIA Corporation\PhysX\Common;C:\WINDOWS\system32;C:\WINDOWS;C:\WINDOWS\System32\Wbem;C:\WINDOWS\System32\WindowsPowerShell\v1.0\;C:\WINDOWS\System32\OpenSSH\;C:\Python310;C:\Program Files\dotnet\;"C:\Program Files\Java\jdk-19\bin;";C:\Program Files\Go\bin;C:\Program Files\Git\cmd;C:\Python310\Scripts;C:\Program Files\Microsoft SQL Server\150\Tools\Binn\;C:\Program Files\Microsoft SQL Server\Client SDK\ODBC\170\Tools\Binn\;C:\Program Files (x86)\dotnet\;C:\Program Files\NVIDIA Corporation\NVIDIA app\NvDLISR;C:\WINDOWS\system32;C:\WINDOWS;C:\WINDOWS\System32\Wbem;C:\WINDOWS\System32\WindowsPowerShell\v1.0\;C:\WINDOWS\System32\OpenSSH\;C:\Program Files\nodejs\;C:\ProgramData\chocolatey\bin;C:\Program Files\Amazon\AWSCLIV2\;C:\Program Files (x86)\Windows Kits\10\Windows Performance Toolkit\;C:\Program Files\Docker\Docker\resources\bin;C:\Users\Mihajlo\AppData\Local\Microsoft\WindowsApps;C:\Users\Mihajlo\AppData\Local\Programs\Microsoft VS Code\bin;C:\Users\Mihajlo\go\bin;C:\Users\Mihajlo\.dotnet\tools;C:\Users\Mihajlo\AppData\Local\GitHubDesktop\bin;C:\Users\Mihajlo\AppData\Local\JetBrains\Toolbox\scripts;C:\Users\Mihajlo\AppData\Local\Microsoft\WinGet\Packages\Schniz.fnm_Microsoft.Winget.Source_8wekyb3d8bbwe;C:\Users\Mihajlo\AppData\Local\Microsoft\WindowsApps;C:\Users\Mihajlo\.dotnet\tools;C:\Users\Mihajlo\AppData\Roaming\npm
USERNAME=Mihajlo
OS=Windows_NT
PROCESSOR_IDENTIFIER=AMD64 Family 25 Model 33 Stepping 2, AuthenticAMD
TMP=C:\Users\Mihajlo\AppData\Local\Temp
TEMP=C:\Users\Mihajlo\AppData\Local\Temp




Periodic native trim disabled

---------------  S Y S T E M  ---------------

OS:
 Windows 11 , 64 bit Build 26100 (10.0.26100.7623)
OS uptime: 0 days 2:38 hours
Hyper-V role detected

CPU: total 12 (initial active 12) (12 cores per cpu, 2 threads per core) family 25 model 33 stepping 2 microcode 0xa201205, cx8, cmov, fxsr, ht, mmx, 3dnowpref, sse, sse2, sse3, ssse3, sse4a, sse4.1, sse4.2, popcnt, lzcnt, tsc, tscinvbit, avx, avx2, aes, erms, clmul, bmi1, bmi2, adx, sha, fma, vzeroupper, clflush, clflushopt, hv, rdtscp, rdpid, fsrm, f16c, cet_ss
Processor Information for the first 12 processors :
  Max Mhz: 3501, Current Mhz: 3501, Mhz Limit: 3501

Memory: 4k page, system-wide physical 16307M (1976M free)
TotalPageFile size 20807M (AvailPageFile size 4M)
current process WorkingSet (physical memory assigned to process): 566M, peak: 1780M
current process commit charge ("private bytes"): 722M, peak: 1822M

vm_info: OpenJDK 64-Bit Server VM (21.0.9+10-LTS) for windows-amd64 JRE (21.0.9+10-LTS), built on 2025-10-21T00:00:00Z by "admin" with unknown MS VC++:1942

END.
