#
# There is insufficient memory for the Java Runtime Environment to continue.
# Native memory allocation (malloc) failed to allocate 1048576 bytes. Error detail: AllocateHeap
# Possible reasons:
#   The system is out of physical RAM or swap space
#   This process is running with CompressedOops enabled, and the Java Heap may be blocking the growth of the native heap
# Possible solutions:
#   Reduce memory load on the system
#   Increase physical memory or swap space
#   Check if swap backing store is full
#   Decrease Java heap size (-Xmx/-Xms)
#   Decrease number of Java threads
#   Decrease Java thread stack sizes (-Xss)
#   Set larger code cache with -XX:ReservedCodeCacheSize=
#   JVM is running with Unscaled Compressed Oops mode in which the Java heap is
#     placed in the first 4GB address space. The Java Heap base address is the
#     maximum limit for the native heap growth. Please use -XX:HeapBaseMinAddress
#     to set the Java Heap base and to place the Java Heap above 4GB virtual address.
# This output file may be truncated or incomplete.
#
#  Out of Memory Error (allocation.cpp:44), pid=9508, tid=17164
#
# JRE version: OpenJDK Runtime Environment Temurin-21.0.9+10 (21.0.9+10) (build 21.0.9+10-LTS)
# Java VM: OpenJDK 64-Bit Server VM Temurin-21.0.9+10 (21.0.9+10-LTS, mixed mode, sharing, tiered, compressed oops, compressed class ptrs, parallel gc, windows-amd64)
# No core dump will be written. Minidumps are not enabled by default on client versions of Windows
#

---------------  S U M M A R Y ------------

Command Line: --add-modules=ALL-SYSTEM --add-opens=java.base/java.util=ALL-UNNAMED --add-opens=java.base/java.lang=ALL-UNNAMED --add-opens=java.base/sun.nio.fs=ALL-UNNAMED -Declipse.application=org.eclipse.jdt.ls.core.id1 -Dosgi.bundles.defaultStartLevel=4 -Declipse.product=org.eclipse.jdt.ls.core.product -Djava.import.generatesMetadataFilesAtProjectRoot=false -DDetectVMInstallationsJob.disabled=true -Dfile.encoding=utf8 -XX:+UseParallelGC -XX:GCTimeRatio=4 -XX:AdaptiveSizePolicyWeight=90 -Dsun.zip.disableMemoryMapping=true -Xmx2G -Xms100m -Xlog:disable -javaagent:c:\Users\Mihajlo\.vscode\extensions\redhat.java-1.52.0-win32-x64\lombok\lombok-1.18.39-4050.jar -XX:+HeapDumpOnOutOfMemoryError -XX:HeapDumpPath=c:\Users\Mihajlo\AppData\Roaming\Code\User\workspaceStorage\071757cfea9ed2b793f40c0f77799fe2\redhat.java -Daether.dependencyCollector.impl=bf c:\Users\Mihajlo\.vscode\extensions\redhat.java-1.52.0-win32-x64\server\plugins\org.eclipse.equinox.launcher_1.7.100.v20251111-0406.jar -configuration c:\Users\Mihajlo\AppData\Roaming\Code\User\globalStorage\redhat.java\1.52.0\config_win -data c:\Users\Mihajlo\AppData\Roaming\Code\User\workspaceStorage\071757cfea9ed2b793f40c0f77799fe2\redhat.java\jdt_ws --pipe=\\.\pipe\lsp-188764c1f9c39b20444887e0d0ae75e5-sock

Host: AMD Ryzen 5 5600 6-Core Processor              , 12 cores, 15G,  Windows 11 , 64 bit Build 26100 (10.0.26100.7705)
Time: Tue Feb  3 18:39:52 2026 Central Europe Standard Time elapsed time: 118.152487 seconds (0d 0h 1m 58s)

---------------  T H R E A D  ---------------

Current thread (0x0000023bbc037a10):  JavaThread "Attach Listener" daemon [_thread_in_vm, id=17164, stack(0x0000008d07500000,0x0000008d07600000) (1024K)]

Stack: [0x0000008d07500000,0x0000008d07600000]
Native frames: (J=compiled Java code, j=interpreted, Vv=VM code, C=native code)
V  [jvm.dll+0x6d6e29]
V  [jvm.dll+0x8b4b76]
V  [jvm.dll+0x8b712e]
V  [jvm.dll+0x8b7813]
V  [jvm.dll+0x283d86]
V  [jvm.dll+0xc1277]
V  [jvm.dll+0x6d76d9]
V  [jvm.dll+0x133466]
V  [jvm.dll+0x3f7ea6]
V  [jvm.dll+0x85e9ad]
V  [jvm.dll+0x6d565d]
C  [ucrtbase.dll+0x37b0]
C  [KERNEL32.DLL+0x2e8d7]
C  [ntdll.dll+0x8c40c]


---------------  P R O C E S S  ---------------

Threads class SMR info:
_java_thread_list=0x0000023c1f328970, length=48, elements={
0x0000023bbbf91790, 0x0000023bbc030f90, 0x0000023bbc034270, 0x0000023bbc036dc0,
0x0000023bbc037a10, 0x0000023bbc038660, 0x0000023bbc03b0c0, 0x0000023bbc03df00,
0x0000023c14d60df0, 0x0000023c14f2b190, 0x0000023c14f8d750, 0x0000023c1a996500,
0x0000023c1a9f2ba0, 0x0000023c1a9450d0, 0x0000023c1a5feb40, 0x0000023c1ac96850,
0x0000023c1b128030, 0x0000023c1b142b10, 0x0000023c1ad35600, 0x0000023c1ad99b40,
0x0000023c1ad994b0, 0x0000023c1ad9a860, 0x0000023c1ad9a1d0, 0x0000023c1ad98100,
0x0000023c1ad98790, 0x0000023c1ad98e20, 0x0000023c1d440cd0, 0x0000023c1d442710,
0x0000023c1d440640, 0x0000023c1d43ffb0, 0x0000023c1d4447e0, 0x0000023c1d443430,
0x0000023c1d4419f0, 0x0000023c1d441360, 0x0000023c1d442080, 0x0000023c1d446220,
0x0000023c1d444e70, 0x0000023c1d442da0, 0x0000023c1d445b90, 0x0000023c1d4468b0,
0x0000023c1d443ac0, 0x0000023c1d446f40, 0x0000023c1d445500, 0x0000023c1d444150,
0x0000023c1d4475d0, 0x0000023c1c865710, 0x0000023c1c867150, 0x0000023c1c868500
}

Java Threads: ( => current thread )
  0x0000023bbbf91790 JavaThread "main"                              [_thread_blocked, id=24420, stack(0x0000008d06e00000,0x0000008d06f00000) (1024K)]
  0x0000023bbc030f90 JavaThread "Reference Handler"          daemon [_thread_blocked, id=2088, stack(0x0000008d07200000,0x0000008d07300000) (1024K)]
  0x0000023bbc034270 JavaThread "Finalizer"                  daemon [_thread_blocked, id=8204, stack(0x0000008d07300000,0x0000008d07400000) (1024K)]
  0x0000023bbc036dc0 JavaThread "Signal Dispatcher"          daemon [_thread_blocked, id=8132, stack(0x0000008d07400000,0x0000008d07500000) (1024K)]
=>0x0000023bbc037a10 JavaThread "Attach Listener"            daemon [_thread_in_vm, id=17164, stack(0x0000008d07500000,0x0000008d07600000) (1024K)]
  0x0000023bbc038660 JavaThread "Service Thread"             daemon [_thread_blocked, id=5008, stack(0x0000008d07600000,0x0000008d07700000) (1024K)]
  0x0000023bbc03b0c0 JavaThread "Monitor Deflation Thread"   daemon [_thread_blocked, id=20748, stack(0x0000008d07700000,0x0000008d07800000) (1024K)]
  0x0000023bbc03df00 JavaThread "C2 CompilerThread0"         daemon [_thread_blocked, id=21084, stack(0x0000008d07800000,0x0000008d07900000) (1024K)]
  0x0000023c14d60df0 JavaThread "C1 CompilerThread0"         daemon [_thread_blocked, id=7912, stack(0x0000008d07900000,0x0000008d07a00000) (1024K)]
  0x0000023c14f2b190 JavaThread "Common-Cleaner"             daemon [_thread_blocked, id=348, stack(0x0000008d07a00000,0x0000008d07b00000) (1024K)]
  0x0000023c14f8d750 JavaThread "Notification Thread"        daemon [_thread_blocked, id=13344, stack(0x0000008d07c00000,0x0000008d07d00000) (1024K)]
  0x0000023c1a996500 JavaThread "Active Thread: Equinox Container: cafd0c61-27b1-489b-b872-d60efdcafec9"        [_thread_blocked, id=21268, stack(0x0000008d08400000,0x0000008d08500000) (1024K)]
  0x0000023c1a9f2ba0 JavaThread "Refresh Thread: Equinox Container: cafd0c61-27b1-489b-b872-d60efdcafec9" daemon [_thread_blocked, id=21344, stack(0x0000008d08600000,0x0000008d08700000) (1024K)]
  0x0000023c1a9450d0 JavaThread "Framework Event Dispatcher: Equinox Container: cafd0c61-27b1-489b-b872-d60efdcafec9" daemon [_thread_blocked, id=23576, stack(0x0000008d08700000,0x0000008d08800000) (1024K)]
  0x0000023c1a5feb40 JavaThread "Start Level: Equinox Container: cafd0c61-27b1-489b-b872-d60efdcafec9" daemon [_thread_blocked, id=8004, stack(0x0000008d08800000,0x0000008d08900000) (1024K)]
  0x0000023c1ac96850 JavaThread "Bundle File Closer"         daemon [_thread_blocked, id=13276, stack(0x0000008d08b00000,0x0000008d08c00000) (1024K)]
  0x0000023c1b128030 JavaThread "SCR Component Actor"        daemon [_thread_blocked, id=24360, stack(0x0000008d08c00000,0x0000008d08d00000) (1024K)]
  0x0000023c1b142b10 JavaThread "Worker-JM"                         [_thread_blocked, id=14752, stack(0x0000008d08d00000,0x0000008d08e00000) (1024K)]
  0x0000023c1ad35600 JavaThread "JNA Cleaner"                daemon [_thread_blocked, id=25104, stack(0x0000008d08e00000,0x0000008d08f00000) (1024K)]
  0x0000023c1ad99b40 JavaThread "Worker-0"                          [_thread_blocked, id=14108, stack(0x0000008d07d00000,0x0000008d07e00000) (1024K)]
  0x0000023c1ad994b0 JavaThread "Worker-1"                          [_thread_blocked, id=6816, stack(0x0000008d08f00000,0x0000008d09000000) (1024K)]
  0x0000023c1ad9a860 JavaThread "Java indexing"              daemon [_thread_blocked, id=5040, stack(0x0000008d09100000,0x0000008d09200000) (1024K)]
  0x0000023c1ad9a1d0 JavaThread "Thread-1"                   daemon [_thread_in_native, id=17308, stack(0x0000008d09700000,0x0000008d09800000) (1024K)]
  0x0000023c1ad98100 JavaThread "Thread-2"                   daemon [_thread_in_native, id=21868, stack(0x0000008d09800000,0x0000008d09900000) (1024K)]
  0x0000023c1ad98790 JavaThread "Thread-3"                   daemon [_thread_in_native, id=22720, stack(0x0000008d09900000,0x0000008d09a00000) (1024K)]
  0x0000023c1ad98e20 JavaThread "Thread-4"                   daemon [_thread_in_native, id=23712, stack(0x0000008d09a00000,0x0000008d09b00000) (1024K)]
  0x0000023c1d440cd0 JavaThread "Thread-5"                   daemon [_thread_in_native, id=8780, stack(0x0000008d09b00000,0x0000008d09c00000) (1024K)]
  0x0000023c1d442710 JavaThread "Thread-6"                   daemon [_thread_in_native, id=2920, stack(0x0000008d09c00000,0x0000008d09d00000) (1024K)]
  0x0000023c1d440640 JavaThread "Thread-7"                   daemon [_thread_in_native, id=8868, stack(0x0000008d09d00000,0x0000008d09e00000) (1024K)]
  0x0000023c1d43ffb0 JavaThread "Thread-8"                   daemon [_thread_in_native, id=7980, stack(0x0000008d09e00000,0x0000008d09f00000) (1024K)]
  0x0000023c1d4447e0 JavaThread "Thread-9"                   daemon [_thread_in_native, id=4508, stack(0x0000008d09f00000,0x0000008d0a000000) (1024K)]
  0x0000023c1d443430 JavaThread "Thread-10"                  daemon [_thread_in_native, id=25380, stack(0x0000008d0a000000,0x0000008d0a100000) (1024K)]
  0x0000023c1d4419f0 JavaThread "Thread-11"                  daemon [_thread_in_native, id=4592, stack(0x0000008d0a100000,0x0000008d0a200000) (1024K)]
  0x0000023c1d441360 JavaThread "Thread-12"                  daemon [_thread_in_native, id=11464, stack(0x0000008d0a200000,0x0000008d0a300000) (1024K)]
  0x0000023c1d442080 JavaThread "Thread-13"                  daemon [_thread_in_native, id=4336, stack(0x0000008d0a300000,0x0000008d0a400000) (1024K)]
  0x0000023c1d446220 JavaThread "pool-2-thread-1"                   [_thread_blocked, id=18032, stack(0x0000008d0a400000,0x0000008d0a500000) (1024K)]
  0x0000023c1d444e70 JavaThread "WorkspaceEventsHandler"            [_thread_blocked, id=13364, stack(0x0000008d0a500000,0x0000008d0a600000) (1024K)]
  0x0000023c1d442da0 JavaThread "pool-1-thread-1"                   [_thread_blocked, id=1088, stack(0x0000008d0a600000,0x0000008d0a700000) (1024K)]
  0x0000023c1d445b90 JavaThread "ForkJoinPool.commonPool-worker-1" daemon [_thread_blocked, id=15112, stack(0x0000008d0a700000,0x0000008d0a800000) (1024K)]
  0x0000023c1d4468b0 JavaThread "ForkJoinPool.commonPool-worker-2" daemon [_thread_blocked, id=13860, stack(0x0000008d0a800000,0x0000008d0a900000) (1024K)]
  0x0000023c1d443ac0 JavaThread "ForkJoinPool.commonPool-worker-3" daemon [_thread_blocked, id=5716, stack(0x0000008d0a900000,0x0000008d0aa00000) (1024K)]
  0x0000023c1d446f40 JavaThread "ForkJoinPool.commonPool-worker-4" daemon [_thread_blocked, id=15616, stack(0x0000008d0aa00000,0x0000008d0ab00000) (1024K)]
  0x0000023c1d445500 JavaThread "ForkJoinPool.commonPool-worker-5" daemon [_thread_blocked, id=20056, stack(0x0000008d0ab00000,0x0000008d0ac00000) (1024K)]
  0x0000023c1d444150 JavaThread "ForkJoinPool.commonPool-worker-6" daemon [_thread_blocked, id=19580, stack(0x0000008d0ac00000,0x0000008d0ad00000) (1024K)]
  0x0000023c1d4475d0 JavaThread "ForkJoinPool.commonPool-worker-7" daemon [_thread_blocked, id=4852, stack(0x0000008d0ad00000,0x0000008d0ae00000) (1024K)]
  0x0000023c1c865710 JavaThread "ForkJoinPool.commonPool-worker-8" daemon [_thread_blocked, id=15860, stack(0x0000008d0ae00000,0x0000008d0af00000) (1024K)]
  0x0000023c1c867150 JavaThread "ForkJoinPool.commonPool-worker-9" daemon [_thread_blocked, id=24704, stack(0x0000008d0af00000,0x0000008d0b000000) (1024K)]
  0x0000023c1c868500 JavaThread "ForkJoinPool.commonPool-worker-10" daemon [_thread_blocked, id=24728, stack(0x0000008d0b000000,0x0000008d0b100000) (1024K)]
Total: 48

Other Threads:
  0x0000023bbc030a50 VMThread "VM Thread"                           [id=21272, stack(0x0000008d07100000,0x0000008d07200000) (1024K)]
  0x0000023bbbe1ca00 WatcherThread "VM Periodic Task Thread"        [id=23548, stack(0x0000008d07000000,0x0000008d07100000) (1024K)]
  0x0000023bbbfafaf0 WorkerThread "GC Thread#0"                     [id=9772, stack(0x0000008d06f00000,0x0000008d07000000) (1024K)]
  0x0000023c1a566300 WorkerThread "GC Thread#1"                     [id=13400, stack(0x0000008d07e00000,0x0000008d07f00000) (1024K)]
  0x0000023c1a848020 WorkerThread "GC Thread#2"                     [id=16156, stack(0x0000008d07f00000,0x0000008d08000000) (1024K)]
  0x0000023c1a8483c0 WorkerThread "GC Thread#3"                     [id=14744, stack(0x0000008d08000000,0x0000008d08100000) (1024K)]
  0x0000023c1a848760 WorkerThread "GC Thread#4"                     [id=20404, stack(0x0000008d08100000,0x0000008d08200000) (1024K)]
  0x0000023c1a848b00 WorkerThread "GC Thread#5"                     [id=15216, stack(0x0000008d08200000,0x0000008d08300000) (1024K)]
  0x0000023c1a848ea0 WorkerThread "GC Thread#6"                     [id=8432, stack(0x0000008d08300000,0x0000008d08400000) (1024K)]
  0x0000023c1a9f07f0 WorkerThread "GC Thread#7"                     [id=13840, stack(0x0000008d08500000,0x0000008d08600000) (1024K)]
  0x0000023c1af28c40 WorkerThread "GC Thread#8"                     [id=23380, stack(0x0000008d08900000,0x0000008d08a00000) (1024K)]
  0x0000023c1ae58760 WorkerThread "GC Thread#9"                     [id=7748, stack(0x0000008d08a00000,0x0000008d08b00000) (1024K)]
Total: 12

Threads with active compile tasks:
Total: 0

VM state: not at safepoint (normal execution)

VM Mutex/Monitor currently owned by a thread: None

Heap address: 0x0000000080000000, size: 2048 MB, Compressed Oops mode: 32-bit

CDS archive(s) mapped at: [0x0000023bd3000000-0x0000023bd3ba0000-0x0000023bd3ba0000), size 12189696, SharedBaseAddress: 0x0000023bd3000000, ArchiveRelocationMode: 1.
Compressed class space mapped at: 0x0000023bd4000000-0x0000023c14000000, reserved size: 1073741824
Narrow klass base: 0x0000023bd3000000, Narrow klass shift: 0, Narrow klass range: 0x100000000

GC Precious Log:
 CardTable entry size: 512
 CPUs: 12 total, 12 available
 Memory: 16307M
 Large Page Support: Disabled
 NUMA Support: Disabled
 Compressed Oops: Enabled (32-bit)
 Alignments: Space 512K, Generation 512K, Heap 2M
 Heap Min Capacity: 100M
 Heap Initial Capacity: 100M
 Heap Max Capacity: 2G
 Pre-touch: Disabled
 Parallel Workers: 10

Heap:
 PSYoungGen      total 10240K, used 6209K [0x00000000d5580000, 0x00000000d6200000, 0x0000000100000000)
  eden space 9728K, 58% used [0x00000000d5580000,0x00000000d5b107f0,0x00000000d5f00000)
  from space 512K, 100% used [0x00000000d6080000,0x00000000d6100000,0x00000000d6100000)
  to   space 1536K, 0% used [0x00000000d5f00000,0x00000000d5f00000,0x00000000d6080000)
 ParOldGen       total 89600K, used 89297K [0x0000000080000000, 0x0000000085780000, 0x00000000d5580000)
  object space 89600K, 99% used [0x0000000080000000,0x00000000857344e0,0x0000000085780000)
 Metaspace       used 61822K, committed 63232K, reserved 1114112K
  class space    used 6559K, committed 7168K, reserved 1048576K

Card table byte_map: [0x0000023bbb930000,0x0000023bbbd40000] _byte_map_base: 0x0000023bbb530000

Marking Bits: (ParMarkBitMap*) 0x00007fff2ad32460
 Begin Bits: [0x0000023bce440000, 0x0000023bd0440000)
 End Bits:   [0x0000023bd0440000, 0x0000023bd2440000)

Polling page: 0x0000023bb9d80000

Metaspace:

Usage:
  Non-class:     53.97 MB used.
      Class:      6.41 MB used.
       Both:     60.37 MB used.

Virtual space:
  Non-class space:       64.00 MB reserved,      54.75 MB ( 86%) committed,  1 nodes.
      Class space:        1.00 GB reserved,       7.00 MB ( <1%) committed,  1 nodes.
             Both:        1.06 GB reserved,      61.75 MB (  6%) committed. 

Chunk freelists:
   Non-Class:  8.71 MB
       Class:  8.89 MB
        Both:  17.60 MB

MaxMetaspaceSize: unlimited
CompressedClassSpaceSize: 1.00 GB
Initial GC threshold: 21.00 MB
Current GC threshold: 97.31 MB
CDS: on
 - commit_granule_bytes: 65536.
 - commit_granule_words: 8192.
 - virtual_space_node_default_size: 8388608.
 - enlarge_chunks_in_place: 1.
 - use_allocation_guard: 0.


Internal statistics:

num_allocs_failed_limit: 9.
num_arena_births: 1246.
num_arena_deaths: 22.
num_vsnodes_births: 2.
num_vsnodes_deaths: 0.
num_space_committed: 988.
num_space_uncommitted: 0.
num_chunks_returned_to_freelist: 35.
num_chunks_taken_from_freelist: 4074.
num_chunk_merges: 17.
num_chunk_splits: 2557.
num_chunks_enlarged: 1516.
num_inconsistent_stats: 0.

CodeHeap 'non-profiled nmethods': size=120000Kb used=7921Kb max_used=7921Kb free=112078Kb
 bounds [0x0000023bc6c60000, 0x0000023bc7420000, 0x0000023bce190000]
CodeHeap 'profiled nmethods': size=120000Kb used=23317Kb max_used=23317Kb free=96682Kb
 bounds [0x0000023bbf190000, 0x0000023bc0860000, 0x0000023bc66c0000]
CodeHeap 'non-nmethods': size=5760Kb used=1411Kb max_used=1543Kb free=4348Kb
 bounds [0x0000023bc66c0000, 0x0000023bc6930000, 0x0000023bc6c60000]
CodeCache: size=245760Kb, used=32649Kb, max_used=32781Kb, free=213108Kb
 total_blobs=11317, nmethods=10593, adapters=630, full_count=0
Compilation: enabled, stopped_count=0, restarted_count=0

Compilation events (20 events):
Event: 32.830 Thread 0x0000023c1e5bace0 11352       4       org.eclipse.jdt.internal.compiler.util.CharArrayMap::get (38 bytes)
Event: 32.830 Thread 0x0000023bbc03df00 nmethod 11037% 0x0000023bc73e8e90 code [0x0000023bc73e9b40, 0x0000023bc73f7588]
Event: 32.832 Thread 0x0000023c1e5bace0 nmethod 11352 0x0000023bc73fe010 code [0x0000023bc73fe1a0, 0x0000023bc73fe3b8]
Event: 32.832 Thread 0x0000023c1e5bace0 11261   !   4       org.eclipse.osgi.internal.loader.BundleLoader::findRequiredSource (283 bytes)
Event: 32.835 Thread 0x0000023bbc03df00 11366       4       org.eclipse.jdt.internal.compiler.lookup.LookupEnvironment::getCachedType0 (112 bytes)
Event: 32.836 Thread 0x0000023c1e5b8ad0 nmethod 11252 0x0000023bc73fe490 code [0x0000023bc7402640, 0x0000023bc7408b70]
Event: 32.838 Thread 0x0000023c1e5b8ad0 11304       4       java.lang.invoke.Invokers$Holder::linkToTargetMethod (9 bytes)
Event: 32.838 Thread 0x0000023c1e5b8ad0 nmethod 11304 0x0000023bc7410590 code [0x0000023bc7410720, 0x0000023bc7410818]
Event: 32.838 Thread 0x0000023c1e5b8ad0 11259       4       java.lang.invoke.DirectMethodHandle::<init> (148 bytes)
Event: 32.839 Thread 0x0000023c14d60df0 11372       3       org.eclipse.core.internal.preferences.EclipsePreferences::nodeExists (128 bytes)
Event: 32.840 Thread 0x0000023c14d60df0 nmethod 11372 0x0000023bc0852390 code [0x0000023bc08527c0, 0x0000023bc08549f8]
Event: 32.842 Thread 0x0000023c1e5b8ad0 nmethod 11259 0x0000023bc7410910 code [0x0000023bc7410b60, 0x0000023bc7411268]
Event: 32.842 Thread 0x0000023c1e5b8ad0 11253   !   4       org.eclipse.osgi.internal.weaving.WeavingHookConfigurator::processClass (249 bytes)
Event: 32.854 Thread 0x0000023c1e5bace0 nmethod 11261 0x0000023bc7411890 code [0x0000023bc7411c00, 0x0000023bc7413668]
Event: 32.855 Thread 0x0000023c1e5bace0 11373       4       java.lang.Math::multiplyExact (74 bytes)
Event: 32.855 Thread 0x0000023c1e5bace0 nmethod 11373 0x0000023bc7414a90 code [0x0000023bc7414c20, 0x0000023bc7414d78]
Event: 32.859 Thread 0x0000023bbc03df00 nmethod 11366 0x0000023bc7414e90 code [0x0000023bc7415240, 0x0000023bc7417238]
Event: 32.870 Thread 0x0000023c1e5b8ad0 nmethod 11253 0x0000023bc7418310 code [0x0000023bc74186c0, 0x0000023bc741ab10]
Event: 68.411 Thread 0x0000023bbc03df00 11374       4       java.lang.Math::max (12 bytes)
Event: 68.411 Thread 0x0000023bbc03df00 nmethod 11374 0x0000023bc741c310 code [0x0000023bc741c480, 0x0000023bc741c4f8]

GC Heap History (20 events):
Event: 32.656 GC heap before
{Heap before GC invocations=156 (full 3):
 PSYoungGen      total 10240K, used 10144K [0x00000000d5580000, 0x00000000d6080000, 0x0000000100000000)
  eden space 9728K, 100% used [0x00000000d5580000,0x00000000d5f00000,0x00000000d5f00000)
  from space 512K, 81% used [0x00000000d6000000,0x00000000d6068000,0x00000000d6080000)
  to   space 512K, 0% used [0x00000000d5f80000,0x00000000d5f80000,0x00000000d6000000)
 ParOldGen       total 86016K, used 85540K [0x0000000080000000, 0x0000000085400000, 0x00000000d5580000)
  object space 86016K, 99% used [0x0000000080000000,0x0000000085389178,0x0000000085400000)
 Metaspace       used 60558K, committed 61952K, reserved 1114112K
  class space    used 6426K, committed 7040K, reserved 1048576K
}
Event: 32.657 GC heap after
{Heap after GC invocations=156 (full 3):
 PSYoungGen      total 10240K, used 352K [0x00000000d5580000, 0x00000000d6080000, 0x0000000100000000)
  eden space 9728K, 0% used [0x00000000d5580000,0x00000000d5580000,0x00000000d5f00000)
  from space 512K, 68% used [0x00000000d5f80000,0x00000000d5fd8000,0x00000000d6000000)
  to   space 512K, 0% used [0x00000000d6000000,0x00000000d6000000,0x00000000d6080000)
 ParOldGen       total 86016K, used 85804K [0x0000000080000000, 0x0000000085400000, 0x00000000d5580000)
  object space 86016K, 99% used [0x0000000080000000,0x00000000853cb178,0x0000000085400000)
 Metaspace       used 60558K, committed 61952K, reserved 1114112K
  class space    used 6426K, committed 7040K, reserved 1048576K
}
Event: 32.664 GC heap before
{Heap before GC invocations=157 (full 3):
 PSYoungGen      total 10240K, used 10080K [0x00000000d5580000, 0x00000000d6080000, 0x0000000100000000)
  eden space 9728K, 100% used [0x00000000d5580000,0x00000000d5f00000,0x00000000d5f00000)
  from space 512K, 68% used [0x00000000d5f80000,0x00000000d5fd8000,0x00000000d6000000)
  to   space 512K, 0% used [0x00000000d6000000,0x00000000d6000000,0x00000000d6080000)
 ParOldGen       total 86016K, used 85804K [0x0000000080000000, 0x0000000085400000, 0x00000000d5580000)
  object space 86016K, 99% used [0x0000000080000000,0x00000000853cb178,0x0000000085400000)
 Metaspace       used 60558K, committed 61952K, reserved 1114112K
  class space    used 6426K, committed 7040K, reserved 1048576K
}
Event: 32.665 GC heap after
{Heap after GC invocations=157 (full 3):
 PSYoungGen      total 10240K, used 352K [0x00000000d5580000, 0x00000000d6080000, 0x0000000100000000)
  eden space 9728K, 0% used [0x00000000d5580000,0x00000000d5580000,0x00000000d5f00000)
  from space 512K, 68% used [0x00000000d6000000,0x00000000d6058000,0x00000000d6080000)
  to   space 512K, 0% used [0x00000000d5f80000,0x00000000d5f80000,0x00000000d6000000)
 ParOldGen       total 86528K, used 86020K [0x0000000080000000, 0x0000000085480000, 0x00000000d5580000)
  object space 86528K, 99% used [0x0000000080000000,0x0000000085401178,0x0000000085480000)
 Metaspace       used 60558K, committed 61952K, reserved 1114112K
  class space    used 6426K, committed 7040K, reserved 1048576K
}
Event: 32.672 GC heap before
{Heap before GC invocations=158 (full 3):
 PSYoungGen      total 10240K, used 10080K [0x00000000d5580000, 0x00000000d6080000, 0x0000000100000000)
  eden space 9728K, 100% used [0x00000000d5580000,0x00000000d5f00000,0x00000000d5f00000)
  from space 512K, 68% used [0x00000000d6000000,0x00000000d6058000,0x00000000d6080000)
  to   space 512K, 0% used [0x00000000d5f80000,0x00000000d5f80000,0x00000000d6000000)
 ParOldGen       total 86528K, used 86020K [0x0000000080000000, 0x0000000085480000, 0x00000000d5580000)
  object space 86528K, 99% used [0x0000000080000000,0x0000000085401178,0x0000000085480000)
 Metaspace       used 60559K, committed 61952K, reserved 1114112K
  class space    used 6426K, committed 7040K, reserved 1048576K
}
Event: 32.673 GC heap after
{Heap after GC invocations=158 (full 3):
 PSYoungGen      total 10240K, used 384K [0x00000000d5580000, 0x00000000d6080000, 0x0000000100000000)
  eden space 9728K, 0% used [0x00000000d5580000,0x00000000d5580000,0x00000000d5f00000)
  from space 512K, 75% used [0x00000000d5f80000,0x00000000d5fe0000,0x00000000d6000000)
  to   space 512K, 0% used [0x00000000d6000000,0x00000000d6000000,0x00000000d6080000)
 ParOldGen       total 86528K, used 86220K [0x0000000080000000, 0x0000000085480000, 0x00000000d5580000)
  object space 86528K, 99% used [0x0000000080000000,0x0000000085433178,0x0000000085480000)
 Metaspace       used 60559K, committed 61952K, reserved 1114112K
  class space    used 6426K, committed 7040K, reserved 1048576K
}
Event: 32.679 GC heap before
{Heap before GC invocations=159 (full 3):
 PSYoungGen      total 10240K, used 10112K [0x00000000d5580000, 0x00000000d6080000, 0x0000000100000000)
  eden space 9728K, 100% used [0x00000000d5580000,0x00000000d5f00000,0x00000000d5f00000)
  from space 512K, 75% used [0x00000000d5f80000,0x00000000d5fe0000,0x00000000d6000000)
  to   space 512K, 0% used [0x00000000d6000000,0x00000000d6000000,0x00000000d6080000)
 ParOldGen       total 86528K, used 86220K [0x0000000080000000, 0x0000000085480000, 0x00000000d5580000)
  object space 86528K, 99% used [0x0000000080000000,0x0000000085433178,0x0000000085480000)
 Metaspace       used 60559K, committed 61952K, reserved 1114112K
  class space    used 6426K, committed 7040K, reserved 1048576K
}
Event: 32.680 GC heap after
{Heap after GC invocations=159 (full 3):
 PSYoungGen      total 10240K, used 320K [0x00000000d5580000, 0x00000000d6080000, 0x0000000100000000)
  eden space 9728K, 0% used [0x00000000d5580000,0x00000000d5580000,0x00000000d5f00000)
  from space 512K, 62% used [0x00000000d6000000,0x00000000d6050000,0x00000000d6080000)
  to   space 512K, 0% used [0x00000000d5f80000,0x00000000d5f80000,0x00000000d6000000)
 ParOldGen       total 86528K, used 86460K [0x0000000080000000, 0x0000000085480000, 0x00000000d5580000)
  object space 86528K, 99% used [0x0000000080000000,0x000000008546f178,0x0000000085480000)
 Metaspace       used 60559K, committed 61952K, reserved 1114112K
  class space    used 6426K, committed 7040K, reserved 1048576K
}
Event: 32.686 GC heap before
{Heap before GC invocations=160 (full 3):
 PSYoungGen      total 10240K, used 10048K [0x00000000d5580000, 0x00000000d6080000, 0x0000000100000000)
  eden space 9728K, 100% used [0x00000000d5580000,0x00000000d5f00000,0x00000000d5f00000)
  from space 512K, 62% used [0x00000000d6000000,0x00000000d6050000,0x00000000d6080000)
  to   space 512K, 0% used [0x00000000d5f80000,0x00000000d5f80000,0x00000000d6000000)
 ParOldGen       total 86528K, used 86460K [0x0000000080000000, 0x0000000085480000, 0x00000000d5580000)
  object space 86528K, 99% used [0x0000000080000000,0x000000008546f178,0x0000000085480000)
 Metaspace       used 60559K, committed 61952K, reserved 1114112K
  class space    used 6426K, committed 7040K, reserved 1048576K
}
Event: 32.686 GC heap after
{Heap after GC invocations=160 (full 3):
 PSYoungGen      total 10240K, used 320K [0x00000000d5580000, 0x00000000d6080000, 0x0000000100000000)
  eden space 9728K, 0% used [0x00000000d5580000,0x00000000d5580000,0x00000000d5f00000)
  from space 512K, 62% used [0x00000000d5f80000,0x00000000d5fd0000,0x00000000d6000000)
  to   space 512K, 0% used [0x00000000d6000000,0x00000000d6000000,0x00000000d6080000)
 ParOldGen       total 87040K, used 86628K [0x0000000080000000, 0x0000000085500000, 0x00000000d5580000)
  object space 87040K, 99% used [0x0000000080000000,0x0000000085499178,0x0000000085500000)
 Metaspace       used 60559K, committed 61952K, reserved 1114112K
  class space    used 6426K, committed 7040K, reserved 1048576K
}
Event: 32.693 GC heap before
{Heap before GC invocations=161 (full 3):
 PSYoungGen      total 10240K, used 10048K [0x00000000d5580000, 0x00000000d6080000, 0x0000000100000000)
  eden space 9728K, 100% used [0x00000000d5580000,0x00000000d5f00000,0x00000000d5f00000)
  from space 512K, 62% used [0x00000000d5f80000,0x00000000d5fd0000,0x00000000d6000000)
  to   space 512K, 0% used [0x00000000d6000000,0x00000000d6000000,0x00000000d6080000)
 ParOldGen       total 87040K, used 86628K [0x0000000080000000, 0x0000000085500000, 0x00000000d5580000)
  object space 87040K, 99% used [0x0000000080000000,0x0000000085499178,0x0000000085500000)
 Metaspace       used 60560K, committed 61952K, reserved 1114112K
  class space    used 6426K, committed 7040K, reserved 1048576K
}
Event: 32.693 GC heap after
{Heap after GC invocations=161 (full 3):
 PSYoungGen      total 10240K, used 288K [0x00000000d5580000, 0x00000000d6080000, 0x0000000100000000)
  eden space 9728K, 0% used [0x00000000d5580000,0x00000000d5580000,0x00000000d5f00000)
  from space 512K, 56% used [0x00000000d6000000,0x00000000d6048000,0x00000000d6080000)
  to   space 512K, 0% used [0x00000000d5f80000,0x00000000d5f80000,0x00000000d6000000)
 ParOldGen       total 87040K, used 86841K [0x0000000080000000, 0x0000000085500000, 0x00000000d5580000)
  object space 87040K, 99% used [0x0000000080000000,0x00000000854ce4d0,0x0000000085500000)
 Metaspace       used 60560K, committed 61952K, reserved 1114112K
  class space    used 6426K, committed 7040K, reserved 1048576K
}
Event: 32.712 GC heap before
{Heap before GC invocations=162 (full 3):
 PSYoungGen      total 10240K, used 10016K [0x00000000d5580000, 0x00000000d6080000, 0x0000000100000000)
  eden space 9728K, 100% used [0x00000000d5580000,0x00000000d5f00000,0x00000000d5f00000)
  from space 512K, 56% used [0x00000000d6000000,0x00000000d6048000,0x00000000d6080000)
  to   space 512K, 0% used [0x00000000d5f80000,0x00000000d5f80000,0x00000000d6000000)
 ParOldGen       total 87040K, used 86841K [0x0000000080000000, 0x0000000085500000, 0x00000000d5580000)
  object space 87040K, 99% used [0x0000000080000000,0x00000000854ce4d0,0x0000000085500000)
 Metaspace       used 60690K, committed 62080K, reserved 1114112K
  class space    used 6437K, committed 7040K, reserved 1048576K
}
Event: 32.713 GC heap after
{Heap after GC invocations=162 (full 3):
 PSYoungGen      total 10240K, used 512K [0x00000000d5580000, 0x00000000d6200000, 0x0000000100000000)
  eden space 9728K, 0% used [0x00000000d5580000,0x00000000d5580000,0x00000000d5f00000)
  from space 512K, 100% used [0x00000000d5f80000,0x00000000d6000000,0x00000000d6000000)
  to   space 1536K, 0% used [0x00000000d6080000,0x00000000d6080000,0x00000000d6200000)
 ParOldGen       total 87552K, used 87369K [0x0000000080000000, 0x0000000085580000, 0x00000000d5580000)
  object space 87552K, 99% used [0x0000000080000000,0x00000000855524d0,0x0000000085580000)
 Metaspace       used 60690K, committed 62080K, reserved 1114112K
  class space    used 6437K, committed 7040K, reserved 1048576K
}
Event: 32.725 GC heap before
{Heap before GC invocations=163 (full 3):
 PSYoungGen      total 10240K, used 10240K [0x00000000d5580000, 0x00000000d6200000, 0x0000000100000000)
  eden space 9728K, 100% used [0x00000000d5580000,0x00000000d5f00000,0x00000000d5f00000)
  from space 512K, 100% used [0x00000000d5f80000,0x00000000d6000000,0x00000000d6000000)
  to   space 1536K, 0% used [0x00000000d6080000,0x00000000d6080000,0x00000000d6200000)
 ParOldGen       total 87552K, used 87369K [0x0000000080000000, 0x0000000085580000, 0x00000000d5580000)
  object space 87552K, 99% used [0x0000000080000000,0x00000000855524d0,0x0000000085580000)
 Metaspace       used 60694K, committed 62144K, reserved 1114112K
  class space    used 6437K, committed 7040K, reserved 1048576K
}
Event: 32.726 GC heap after
{Heap after GC invocations=163 (full 3):
 PSYoungGen      total 10752K, used 832K [0x00000000d5580000, 0x00000000d6180000, 0x0000000100000000)
  eden space 9728K, 0% used [0x00000000d5580000,0x00000000d5580000,0x00000000d5f00000)
  from space 1024K, 81% used [0x00000000d6080000,0x00000000d6150000,0x00000000d6180000)
  to   space 1024K, 0% used [0x00000000d5f80000,0x00000000d5f80000,0x00000000d6080000)
 ParOldGen       total 88064K, used 87841K [0x0000000080000000, 0x0000000085600000, 0x00000000d5580000)
  object space 88064K, 99% used [0x0000000080000000,0x00000000855c84d0,0x0000000085600000)
 Metaspace       used 60694K, committed 62144K, reserved 1114112K
  class space    used 6437K, committed 7040K, reserved 1048576K
}
Event: 32.736 GC heap before
{Heap before GC invocations=164 (full 3):
 PSYoungGen      total 10752K, used 10560K [0x00000000d5580000, 0x00000000d6180000, 0x0000000100000000)
  eden space 9728K, 100% used [0x00000000d5580000,0x00000000d5f00000,0x00000000d5f00000)
  from space 1024K, 81% used [0x00000000d6080000,0x00000000d6150000,0x00000000d6180000)
  to   space 1024K, 0% used [0x00000000d5f80000,0x00000000d5f80000,0x00000000d6080000)
 ParOldGen       total 88064K, used 87841K [0x0000000080000000, 0x0000000085600000, 0x00000000d5580000)
  object space 88064K, 99% used [0x0000000080000000,0x00000000855c84d0,0x0000000085600000)
 Metaspace       used 60696K, committed 62144K, reserved 1114112K
  class space    used 6437K, committed 7040K, reserved 1048576K
}
Event: 32.737 GC heap after
{Heap after GC invocations=164 (full 3):
 PSYoungGen      total 10752K, used 928K [0x00000000d5580000, 0x00000000d6100000, 0x0000000100000000)
  eden space 9728K, 0% used [0x00000000d5580000,0x00000000d5580000,0x00000000d5f00000)
  from space 1024K, 90% used [0x00000000d5f80000,0x00000000d6068010,0x00000000d6080000)
  to   space 512K, 0% used [0x00000000d6080000,0x00000000d6080000,0x00000000d6100000)
 ParOldGen       total 88576K, used 88505K [0x0000000080000000, 0x0000000085680000, 0x00000000d5580000)
  object space 88576K, 99% used [0x0000000080000000,0x000000008566e4d0,0x0000000085680000)
 Metaspace       used 60696K, committed 62144K, reserved 1114112K
  class space    used 6437K, committed 7040K, reserved 1048576K
}
Event: 32.794 GC heap before
{Heap before GC invocations=165 (full 3):
 PSYoungGen      total 10752K, used 10656K [0x00000000d5580000, 0x00000000d6100000, 0x0000000100000000)
  eden space 9728K, 100% used [0x00000000d5580000,0x00000000d5f00000,0x00000000d5f00000)
  from space 1024K, 90% used [0x00000000d5f80000,0x00000000d6068010,0x00000000d6080000)
  to   space 512K, 0% used [0x00000000d6080000,0x00000000d6080000,0x00000000d6100000)
 ParOldGen       total 88576K, used 88505K [0x0000000080000000, 0x0000000085680000, 0x00000000d5580000)
  object space 88576K, 99% used [0x0000000080000000,0x000000008566e4d0,0x0000000085680000)
 Metaspace       used 61443K, committed 62848K, reserved 1114112K
  class space    used 6533K, committed 7168K, reserved 1048576K
}
Event: 32.794 GC heap after
{Heap after GC invocations=165 (full 3):
 PSYoungGen      total 10240K, used 512K [0x00000000d5580000, 0x00000000d6200000, 0x0000000100000000)
  eden space 9728K, 0% used [0x00000000d5580000,0x00000000d5580000,0x00000000d5f00000)
  from space 512K, 100% used [0x00000000d6080000,0x00000000d6100000,0x00000000d6100000)
  to   space 1536K, 0% used [0x00000000d5f00000,0x00000000d5f00000,0x00000000d6080000)
 ParOldGen       total 89600K, used 89297K [0x0000000080000000, 0x0000000085780000, 0x00000000d5580000)
  object space 89600K, 99% used [0x0000000080000000,0x00000000857344e0,0x0000000085780000)
 Metaspace       used 61443K, committed 62848K, reserved 1114112K
  class space    used 6533K, committed 7168K, reserved 1048576K
}

Dll operation events (10 events):
Event: 0.013 Loaded shared library c:\Users\Mihajlo\.vscode\extensions\redhat.java-1.52.0-win32-x64\jre\21.0.9-win32-x86_64\bin\java.dll
Event: 0.087 Loaded shared library c:\Users\Mihajlo\.vscode\extensions\redhat.java-1.52.0-win32-x64\jre\21.0.9-win32-x86_64\bin\zip.dll
Event: 0.137 Loaded shared library C:\Users\Mihajlo\.vscode\extensions\redhat.java-1.52.0-win32-x64\jre\21.0.9-win32-x86_64\bin\instrument.dll
Event: 0.141 Loaded shared library C:\Users\Mihajlo\.vscode\extensions\redhat.java-1.52.0-win32-x64\jre\21.0.9-win32-x86_64\bin\net.dll
Event: 0.143 Loaded shared library C:\Users\Mihajlo\.vscode\extensions\redhat.java-1.52.0-win32-x64\jre\21.0.9-win32-x86_64\bin\nio.dll
Event: 0.146 Loaded shared library C:\Users\Mihajlo\.vscode\extensions\redhat.java-1.52.0-win32-x64\jre\21.0.9-win32-x86_64\bin\zip.dll
Event: 0.162 Loaded shared library C:\Users\Mihajlo\.vscode\extensions\redhat.java-1.52.0-win32-x64\jre\21.0.9-win32-x86_64\bin\jimage.dll
Event: 0.229 Loaded shared library c:\Users\Mihajlo\.vscode\extensions\redhat.java-1.52.0-win32-x64\jre\21.0.9-win32-x86_64\bin\verify.dll
Event: 1.303 Loaded shared library C:\Users\Mihajlo\AppData\Roaming\Code\User\globalStorage\redhat.java\1.52.0\config_win\org.eclipse.equinox.launcher\org.eclipse.equinox.launcher.win32.win32.x86_64_1.2.1500.v20260121-1430\eclipse_11919.dll
Event: 2.439 Loaded shared library C:\Users\Mihajlo\AppData\Local\Temp\jna--1571558504\jna18226563119463772218.dll

Deoptimization events (20 events):
Event: 32.838 Thread 0x0000023c1c8677e0 Uncommon trap: trap_request=0xffffff45 fr.pc=0x0000023bc73b6a00 relative=0x00000000000007a0
Event: 32.838 Thread 0x0000023c1c8677e0 Uncommon trap: reason=unstable_if action=reinterpret pc=0x0000023bc73b6a00 method=org.eclipse.jdt.core.JavaConventions.scannedIdentifier(Ljava/lang/String;Ljava/lang/String;Ljava/lang/String;Ljava/lang/String;Z)[C @ 10 c2
Event: 32.838 Thread 0x0000023c1c8677e0 DEOPT PACKING pc=0x0000023bc73b6a00 sp=0x0000008d0b1fd8b0
Event: 32.838 Thread 0x0000023c1c8677e0 DEOPT UNPACKING pc=0x0000023bc6713aa2 sp=0x0000008d0b1fd7d0 mode 2
Event: 32.838 Thread 0x0000023c1c8677e0 Uncommon trap: trap_request=0xffffff76 fr.pc=0x0000023bc73e4a94 relative=0x0000000000000174
Event: 32.838 Thread 0x0000023c1c8677e0 Uncommon trap: reason=predicate action=maybe_recompile pc=0x0000023bc73e4a94 method=java.util.HashMap.keysToArray([Ljava/lang/Object;)[Ljava/lang/Object; @ 48 c2
Event: 32.838 Thread 0x0000023c1c8677e0 DEOPT PACKING pc=0x0000023bc73e4a94 sp=0x0000008d0b1fda00
Event: 32.838 Thread 0x0000023c1c8677e0 DEOPT UNPACKING pc=0x0000023bc6713aa2 sp=0x0000008d0b1fd988 mode 2
Event: 32.838 Thread 0x0000023c1c8677e0 Uncommon trap: trap_request=0xffffff45 fr.pc=0x0000023bc73b7db8 relative=0x0000000000000938
Event: 32.838 Thread 0x0000023c1c8677e0 Uncommon trap: reason=unstable_if action=reinterpret pc=0x0000023bc73b7db8 method=org.eclipse.jdt.core.JavaConventions.scannedIdentifier(Ljava/lang/String;Ljava/lang/String;Ljava/lang/String;Ljava/lang/String;Z)[C @ 10 c2
Event: 32.838 Thread 0x0000023c1c8677e0 DEOPT PACKING pc=0x0000023bc73b7db8 sp=0x0000008d0b1fda70
Event: 32.838 Thread 0x0000023c1c8677e0 DEOPT UNPACKING pc=0x0000023bc6713aa2 sp=0x0000008d0b1fda28 mode 2
Event: 32.839 Thread 0x0000023c1c8677e0 Uncommon trap: trap_request=0xffffff45 fr.pc=0x0000023bc7284f94 relative=0x0000000000000d94
Event: 32.839 Thread 0x0000023c1c8677e0 Uncommon trap: reason=unstable_if action=reinterpret pc=0x0000023bc7284f94 method=lombok.core.configuration.FileSystemSourceCache.parseIfNeccesary(Llombok/core/configuration/ConfigurationFile;Llombok/core/configuration/ConfigurationParser;)Llombok/core/co
Event: 32.839 Thread 0x0000023c1c8677e0 DEOPT PACKING pc=0x0000023bc7284f94 sp=0x0000008d0b1fd1e0
Event: 32.839 Thread 0x0000023c1c8677e0 DEOPT UNPACKING pc=0x0000023bc6713aa2 sp=0x0000008d0b1fd028 mode 2
Event: 32.840 Thread 0x0000023c1c8677e0 Uncommon trap: trap_request=0xffffff45 fr.pc=0x0000023bc6d656bc relative=0x00000000000008bc
Event: 32.840 Thread 0x0000023c1c8677e0 Uncommon trap: reason=unstable_if action=reinterpret pc=0x0000023bc6d656bc method=lombok.core.configuration.FileSystemSourceCache.parseIfNeccesary(Llombok/core/configuration/ConfigurationFile;Llombok/core/configuration/ConfigurationParser;)Llombok/core/co
Event: 32.840 Thread 0x0000023c1c8677e0 DEOPT PACKING pc=0x0000023bc6d656bc sp=0x0000008d0b1fd0e0
Event: 32.840 Thread 0x0000023c1c8677e0 DEOPT UNPACKING pc=0x0000023bc6713aa2 sp=0x0000008d0b1fd088 mode 2

Classes loaded (20 events):
Event: 31.150 Loading class sun/util/resources/OpenListResourceBundle
Event: 31.150 Loading class sun/util/resources/OpenListResourceBundle done
Event: 31.150 Loading class sun/util/resources/TimeZoneNamesBundle done
Event: 31.150 Loading class sun/util/resources/cldr/TimeZoneNames done
Event: 31.150 Loading class sun/util/resources/cldr/TimeZoneNames_en
Event: 31.151 Loading class sun/util/resources/cldr/TimeZoneNames_en done
Event: 31.151 Loading class sun/util/resources/cldr/TimeZoneNames_en_US
Event: 31.151 Loading class sun/util/resources/cldr/TimeZoneNames_en_US done
Event: 31.152 Loading class sun/util/cldr/CLDRBaseLocaleDataMetaInfo$TZCanonicalIDMapHolder
Event: 31.152 Loading class sun/util/cldr/CLDRBaseLocaleDataMetaInfo$TZCanonicalIDMapHolder done
Event: 31.153 Loading class sun/util/resources/TimeZoneNames
Event: 31.153 Loading class sun/util/resources/TimeZoneNames done
Event: 31.153 Loading class sun/util/resources/TimeZoneNames_en
Event: 31.154 Loading class sun/util/resources/TimeZoneNames_en done
Event: 32.774 Loading class java/util/stream/ReduceOps$4
Event: 32.774 Loading class java/util/stream/ReduceOps$4 done
Event: 32.774 Loading class java/util/stream/ReduceOps$4ReducingSink
Event: 32.774 Loading class java/util/stream/ReduceOps$4ReducingSink done
Event: 32.776 Loading class java/nio/file/Files$2
Event: 32.776 Loading class java/nio/file/Files$2 done

Classes unloaded (11 events):
Event: 2.899 Thread 0x0000023bbc030a50 Unloading class 0x0000023bd41a3400 'java/lang/invoke/LambdaForm$MH+0x0000023bd41a3400'
Event: 2.899 Thread 0x0000023bbc030a50 Unloading class 0x0000023bd41a3000 'java/lang/invoke/LambdaForm$MH+0x0000023bd41a3000'
Event: 2.899 Thread 0x0000023bbc030a50 Unloading class 0x0000023bd41a2c00 'java/lang/invoke/LambdaForm$MH+0x0000023bd41a2c00'
Event: 2.899 Thread 0x0000023bbc030a50 Unloading class 0x0000023bd41a2800 'java/lang/invoke/LambdaForm$MH+0x0000023bd41a2800'
Event: 2.899 Thread 0x0000023bbc030a50 Unloading class 0x0000023bd41a2400 'java/lang/invoke/LambdaForm$BMH+0x0000023bd41a2400'
Event: 2.899 Thread 0x0000023bbc030a50 Unloading class 0x0000023bd41a2000 'java/lang/invoke/LambdaForm$DMH+0x0000023bd41a2000'
Event: 2.899 Thread 0x0000023bbc030a50 Unloading class 0x0000023bd41a0c00 'java/lang/invoke/LambdaForm$DMH+0x0000023bd41a0c00'
Event: 8.036 Thread 0x0000023bbc030a50 Unloading class 0x0000023bd4611c00 'java/lang/invoke/LambdaForm$DMH+0x0000023bd4611c00'
Event: 8.036 Thread 0x0000023bbc030a50 Unloading class 0x0000023bd4611800 'java/lang/invoke/LambdaForm$DMH+0x0000023bd4611800'
Event: 8.036 Thread 0x0000023bbc030a50 Unloading class 0x0000023bd4611400 'java/lang/invoke/LambdaForm$DMH+0x0000023bd4611400'
Event: 8.036 Thread 0x0000023bbc030a50 Unloading class 0x0000023bd4611000 'java/lang/invoke/LambdaForm$DMH+0x0000023bd4611000'

Classes redefined (0 events):
No events

Internal exceptions (20 events):
Event: 7.178 Thread 0x0000023c1c868500 Exception <a 'sun/nio/fs/WindowsException'{0x00000000d5d1cb30}> (0x00000000d5d1cb30) 
thrown [s\src\hotspot\share\prims\jni.cpp, line 520]
Event: 7.178 Thread 0x0000023c1c868500 Exception <a 'sun/nio/fs/WindowsException'{0x00000000d5d1d648}> (0x00000000d5d1d648) 
thrown [s\src\hotspot\share\prims\jni.cpp, line 520]
Event: 7.178 Thread 0x0000023c1c868500 Exception <a 'sun/nio/fs/WindowsException'{0x00000000d5d1f3a0}> (0x00000000d5d1f3a0) 
thrown [s\src\hotspot\share\prims\jni.cpp, line 520]
Event: 7.178 Thread 0x0000023c1c868500 Exception <a 'sun/nio/fs/WindowsException'{0x00000000d5d1feb8}> (0x00000000d5d1feb8) 
thrown [s\src\hotspot\share\prims\jni.cpp, line 520]
Event: 7.181 Thread 0x0000023c1c868500 Exception <a 'sun/nio/fs/WindowsException'{0x00000000d5d99ed0}> (0x00000000d5d99ed0) 
thrown [s\src\hotspot\share\prims\jni.cpp, line 520]
Event: 7.181 Thread 0x0000023c1c868500 Exception <a 'sun/nio/fs/WindowsException'{0x00000000d5d9a9e8}> (0x00000000d5d9a9e8) 
thrown [s\src\hotspot\share\prims\jni.cpp, line 520]
Event: 7.582 Thread 0x0000023c1ad994b0 Exception <a 'java/lang/NoSuchMethodError'{0x00000000d5874a30}: 'java.lang.Object java.lang.invoke.DirectMethodHandle$Holder.invokeVirtual(java.lang.Object, java.lang.Object, int)'> (0x00000000d5874a30) 
thrown [s\src\hotspot\share\interpreter\linkResolver.cpp, line 773]
Event: 8.087 Thread 0x0000023c1ad994b0 Exception <a 'java/lang/NoSuchMethodError'{0x00000000d568bf28}: 'java.lang.Object java.lang.invoke.DirectMethodHandle$Holder.invokeStatic(java.lang.Object, java.lang.Object, int, java.lang.Object)'> (0x00000000d568bf28) 
thrown [s\src\hotspot\share\interpreter\linkResolver.cpp, line 773]
Event: 8.087 Thread 0x0000023c1ad994b0 Exception <a 'java/lang/NoSuchMethodError'{0x00000000d5692558}: 'java.lang.Object java.lang.invoke.DirectMethodHandle$Holder.newInvokeSpecial(java.lang.Object, java.lang.Object, int)'> (0x00000000d5692558) 
thrown [s\src\hotspot\share\interpreter\linkResolver.cpp, line 773]
Event: 8.186 Thread 0x0000023c1ad994b0 Exception <a 'java/lang/NoSuchMethodError'{0x00000000d5ed9de8}: 'void java.lang.invoke.DelegatingMethodHandle$Holder.reinvoke_L(java.lang.Object, java.lang.Object, java.lang.Object, int, java.lang.Object, int, int)'> (0x00000000d5ed9de8) 
thrown [s\src\hotspot\share\interpreter\linkResolver.cpp, line 773]
Event: 8.207 Thread 0x0000023c1ad994b0 Exception <a 'java/lang/NoSuchMethodError'{0x00000000d57f6990}: 'java.lang.Object java.lang.invoke.DirectMethodHandle$Holder.invokeStatic(java.lang.Object, java.lang.Object, int, int)'> (0x00000000d57f6990) 
thrown [s\src\hotspot\share\interpreter\linkResolver.cpp, line 773]
Event: 8.207 Thread 0x0000023c1ad994b0 Exception <a 'java/lang/NoSuchMethodError'{0x00000000d57fa9f0}: 'java.lang.Object java.lang.invoke.DirectMethodHandle$Holder.invokeSpecial(java.lang.Object, java.lang.Object, java.lang.Object, int, int)'> (0x00000000d57fa9f0) 
thrown [s\src\hotspot\share\interpreter\linkResolver.cpp, line 773]
Event: 8.260 Thread 0x0000023c1ad994b0 Implicit null exception at 0x0000023bc7131aa7 to 0x0000023bc7131e40
Event: 31.881 Thread 0x0000023c1c8677e0 Implicit null exception at 0x0000023bc7135a06 to 0x0000023bc7135b10
Event: 32.013 Thread 0x0000023c1c8677e0 Implicit null exception at 0x0000023bc7057c86 to 0x0000023bc7057db1
Event: 32.174 Thread 0x0000023c1c8677e0 Implicit null exception at 0x0000023bc736ca80 to 0x0000023bc7373318
Event: 32.255 Thread 0x0000023c1c8677e0 Implicit null exception at 0x0000023bc70097a1 to 0x0000023bc7009ab4
Event: 32.256 Thread 0x0000023c1c8677e0 Implicit null exception at 0x0000023bc732af01 to 0x0000023bc732b4c8
Event: 32.325 Thread 0x0000023c1c8677e0 Exception <a 'java/lang/IncompatibleClassChangeError'{0x00000000d58fc598}: Found class java.lang.Object, but interface was expected> (0x00000000d58fc598) 
thrown [s\src\hotspot\share\interpreter\linkResolver.cpp, line 840]
Event: 32.777 Thread 0x0000023c1c8677e0 Exception <a 'java/lang/NoSuchMethodError'{0x00000000d5d6de78}: 'int java.lang.invoke.DirectMethodHandle$Holder.invokeSpecialIFC(java.lang.Object, java.lang.Object, java.lang.Object)'> (0x00000000d5d6de78) 
thrown [s\src\hotspot\share\interpreter\linkResolver.cpp, line 773]

ZGC Phase Switch (0 events):
No events

VM Operations (20 events):
Event: 32.693 Executing VM operation: ParallelGCFailedAllocation (Allocation Failure)
Event: 32.693 Executing VM operation: ParallelGCFailedAllocation (Allocation Failure) done
Event: 32.712 Executing VM operation: ParallelGCFailedAllocation (Allocation Failure)
Event: 32.713 Executing VM operation: ParallelGCFailedAllocation (Allocation Failure) done
Event: 32.725 Executing VM operation: ParallelGCFailedAllocation (Allocation Failure)
Event: 32.726 Executing VM operation: ParallelGCFailedAllocation (Allocation Failure) done
Event: 32.736 Executing VM operation: ParallelGCFailedAllocation (Allocation Failure)
Event: 32.737 Executing VM operation: ParallelGCFailedAllocation (Allocation Failure) done
Event: 32.753 Executing VM operation: HandshakeAllThreads (Deoptimize)
Event: 32.754 Executing VM operation: HandshakeAllThreads (Deoptimize) done
Event: 32.775 Executing VM operation: HandshakeAllThreads (Deoptimize)
Event: 32.775 Executing VM operation: HandshakeAllThreads (Deoptimize) done
Event: 32.794 Executing VM operation: ParallelGCFailedAllocation (Allocation Failure)
Event: 32.794 Executing VM operation: ParallelGCFailedAllocation (Allocation Failure) done
Event: 33.809 Executing VM operation: Cleanup
Event: 33.809 Executing VM operation: Cleanup done
Event: 60.131 Executing VM operation: HandshakeAllThreads (HandshakeForDeflation)
Event: 60.131 Executing VM operation: HandshakeAllThreads (HandshakeForDeflation) done
Event: 60.131 Executing VM operation: RendezvousGCThreads
Event: 60.131 Executing VM operation: RendezvousGCThreads done

Memory protections (0 events):
No events

Nmethod flushes (20 events):
Event: 8.049 Thread 0x0000023bbc030a50 flushing  nmethod 0x0000023bbfa73890
Event: 8.049 Thread 0x0000023bbc030a50 flushing  nmethod 0x0000023bbfa73c10
Event: 8.049 Thread 0x0000023bbc030a50 flushing  nmethod 0x0000023bbfa75b10
Event: 8.049 Thread 0x0000023bbc030a50 flushing  nmethod 0x0000023bbfa98710
Event: 8.049 Thread 0x0000023bbc030a50 flushing  nmethod 0x0000023bbfab7f90
Event: 8.049 Thread 0x0000023bbc030a50 flushing osr nmethod 0x0000023bbfabec10
Event: 8.049 Thread 0x0000023bbc030a50 flushing  nmethod 0x0000023bbfad3290
Event: 8.049 Thread 0x0000023bbc030a50 flushing osr nmethod 0x0000023bbfae2a10
Event: 8.049 Thread 0x0000023bbc030a50 flushing  nmethod 0x0000023bbfb02e90
Event: 8.049 Thread 0x0000023bbc030a50 flushing  nmethod 0x0000023bbfb04790
Event: 8.049 Thread 0x0000023bbc030a50 flushing  nmethod 0x0000023bbfb19590
Event: 8.049 Thread 0x0000023bbc030a50 flushing  nmethod 0x0000023bbfb1f290
Event: 8.049 Thread 0x0000023bbc030a50 flushing  nmethod 0x0000023bbfb2ab10
Event: 8.049 Thread 0x0000023bbc030a50 flushing  nmethod 0x0000023bbfb33890
Event: 8.049 Thread 0x0000023bbc030a50 flushing  nmethod 0x0000023bbfb33e90
Event: 8.049 Thread 0x0000023bbc030a50 flushing  nmethod 0x0000023bbfb34e90
Event: 8.049 Thread 0x0000023bbc030a50 flushing  nmethod 0x0000023bbfb35390
Event: 8.049 Thread 0x0000023bbc030a50 flushing  nmethod 0x0000023bbfb3ee10
Event: 8.049 Thread 0x0000023bbc030a50 flushing  nmethod 0x0000023bbfb4e110
Event: 8.049 Thread 0x0000023bbc030a50 flushing  nmethod 0x0000023bbfb4ea10

Events (20 events):
Event: 6.360 Thread 0x0000023c1ad994b0 Thread added: 0x0000023c1c865da0
Event: 6.361 Thread 0x0000023c1ad994b0 Thread added: 0x0000023c1c8698b0
Event: 6.572 Thread 0x0000023c1c869220 Thread exited: 0x0000023c1c869220
Event: 6.572 Thread 0x0000023c1c8698b0 Thread exited: 0x0000023c1c8698b0
Event: 6.572 Thread 0x0000023c1c867e70 Thread exited: 0x0000023c1c867e70
Event: 6.572 Thread 0x0000023c1c865da0 Thread exited: 0x0000023c1c865da0
Event: 6.572 Thread 0x0000023c1c868b90 Thread exited: 0x0000023c1c868b90
Event: 10.930 Thread 0x0000023c1acea900 Thread exited: 0x0000023c1acea900
Event: 15.945 Thread 0x0000023c1504a240 Thread exited: 0x0000023c1504a240
Event: 31.128 Thread 0x0000023c14d60df0 Thread added: 0x0000023c1e5bace0
Event: 31.133 Thread 0x0000023c14d60df0 Thread added: 0x0000023c1e5b9870
Event: 31.641 Thread 0x0000023c1e5b9870 Thread exited: 0x0000023c1e5b9870
Event: 31.641 Thread 0x0000023c1e5bace0 Thread exited: 0x0000023c1e5bace0
Event: 31.688 Thread 0x0000023c14d60df0 Thread added: 0x0000023c1e5bace0
Event: 31.688 Thread 0x0000023c14d60df0 Thread added: 0x0000023c1e5b8ad0
Event: 37.879 Thread 0x0000023c1e5b8ad0 Thread exited: 0x0000023c1e5b8ad0
Event: 42.874 Thread 0x0000023c1e5bace0 Thread exited: 0x0000023c1e5bace0
Event: 67.465 Thread 0x0000023c1ad9aef0 Thread exited: 0x0000023c1ad9aef0
Event: 67.495 Thread 0x0000023c1ad97a70 Thread exited: 0x0000023c1ad97a70
Event: 92.851 Thread 0x0000023c1c8677e0 Thread exited: 0x0000023c1c8677e0


Dynamic libraries:
0x00007ff645830000 - 0x00007ff64583e000 	c:\Users\Mihajlo\.vscode\extensions\redhat.java-1.52.0-win32-x64\jre\21.0.9-win32-x86_64\bin\java.exe
0x00007fffdb4c0000 - 0x00007fffdb728000 	C:\WINDOWS\SYSTEM32\ntdll.dll
0x00007fffdaa30000 - 0x00007fffdaaf9000 	C:\WINDOWS\System32\KERNEL32.DLL
0x00007fffd7e50000 - 0x00007fffd8241000 	C:\WINDOWS\System32\KERNELBASE.dll
0x00007fffd8f20000 - 0x00007fffd906b000 	C:\WINDOWS\System32\ucrtbase.dll
0x00007fffaba70000 - 0x00007fffaba8e000 	c:\Users\Mihajlo\.vscode\extensions\redhat.java-1.52.0-win32-x64\jre\21.0.9-win32-x86_64\bin\VCRUNTIME140.dll
0x00007fffac540000 - 0x00007fffac558000 	c:\Users\Mihajlo\.vscode\extensions\redhat.java-1.52.0-win32-x64\jre\21.0.9-win32-x86_64\bin\jli.dll
0x00007fffda6b0000 - 0x00007fffda876000 	C:\WINDOWS\System32\USER32.dll
0x00007fffd9230000 - 0x00007fffd9257000 	C:\WINDOWS\System32\win32u.dll
0x00007fffdb450000 - 0x00007fffdb47b000 	C:\WINDOWS\System32\GDI32.dll
0x00007fffd9070000 - 0x00007fffd919b000 	C:\WINDOWS\System32\gdi32full.dll
0x00007fffd7da0000 - 0x00007fffd7e43000 	C:\WINDOWS\System32\msvcp_win.dll
0x00007fffbe7d0000 - 0x00007fffbea63000 	C:\WINDOWS\WinSxS\amd64_microsoft.windows.common-controls_6595b64144ccf1df_6.0.26100.7705_none_3e06597ae3363b04\COMCTL32.dll
0x00007fffda980000 - 0x00007fffdaa29000 	C:\WINDOWS\System32\msvcrt.dll
0x00007fffda880000 - 0x00007fffda8b1000 	C:\WINDOWS\System32\IMM32.DLL
0x00007fffb0be0000 - 0x00007fffb0bec000 	c:\Users\Mihajlo\.vscode\extensions\redhat.java-1.52.0-win32-x64\jre\21.0.9-win32-x86_64\bin\vcruntime140_1.dll
0x00007fff78ef0000 - 0x00007fff78f7d000 	c:\Users\Mihajlo\.vscode\extensions\redhat.java-1.52.0-win32-x64\jre\21.0.9-win32-x86_64\bin\msvcp140.dll
0x00007fff2a070000 - 0x00007fff2ae10000 	c:\Users\Mihajlo\.vscode\extensions\redhat.java-1.52.0-win32-x64\jre\21.0.9-win32-x86_64\bin\server\jvm.dll
0x00007fffd9da0000 - 0x00007fffd9e54000 	C:\WINDOWS\System32\ADVAPI32.dll
0x00007fffda8c0000 - 0x00007fffda966000 	C:\WINDOWS\System32\sechost.dll
0x00007fffd94e0000 - 0x00007fffd95f8000 	C:\WINDOWS\System32\RPCRT4.dll
0x00007fffd92f0000 - 0x00007fffd9364000 	C:\WINDOWS\System32\WS2_32.dll
0x00007fffd7a50000 - 0x00007fffd7aae000 	C:\WINDOWS\SYSTEM32\POWRPROF.dll
0x00007fffca820000 - 0x00007fffca855000 	C:\WINDOWS\SYSTEM32\WINMM.dll
0x00007fffd1440000 - 0x00007fffd144b000 	C:\WINDOWS\SYSTEM32\VERSION.dll
0x00007fffd7970000 - 0x00007fffd7984000 	C:\WINDOWS\SYSTEM32\UMPDC.dll
0x00007fffd6b10000 - 0x00007fffd6b2b000 	C:\WINDOWS\SYSTEM32\kernel.appcore.dll
0x00007fffb03a0000 - 0x00007fffb03aa000 	c:\Users\Mihajlo\.vscode\extensions\redhat.java-1.52.0-win32-x64\jre\21.0.9-win32-x86_64\bin\jimage.dll
0x00007fffd5480000 - 0x00007fffd56c2000 	C:\WINDOWS\SYSTEM32\DBGHELP.DLL
0x00007fffd96f0000 - 0x00007fffd9a76000 	C:\WINDOWS\System32\combase.dll
0x00007fffd9e60000 - 0x00007fffd9f37000 	C:\WINDOWS\System32\OLEAUT32.dll
0x00007fffc12f0000 - 0x00007fffc132b000 	C:\WINDOWS\SYSTEM32\dbgcore.DLL
0x00007fffd8250000 - 0x00007fffd82f5000 	C:\WINDOWS\System32\bcryptPrimitives.dll
0x00007fffb0250000 - 0x00007fffb025f000 	c:\Users\Mihajlo\.vscode\extensions\redhat.java-1.52.0-win32-x64\jre\21.0.9-win32-x86_64\bin\instrument.dll
0x00007fffa3660000 - 0x00007fffa3680000 	c:\Users\Mihajlo\.vscode\extensions\redhat.java-1.52.0-win32-x64\jre\21.0.9-win32-x86_64\bin\java.dll
0x00007fffd9f50000 - 0x00007fffda6a1000 	C:\WINDOWS\System32\SHELL32.dll
0x00007fffd8c30000 - 0x00007fffd8d9a000 	C:\WINDOWS\System32\wintypes.dll
0x00007fffd8300000 - 0x00007fffd8b62000 	C:\WINDOWS\System32\windows.storage.dll
0x00007fffd9a80000 - 0x00007fffd9b76000 	C:\WINDOWS\System32\SHCORE.dll
0x00007fffd9600000 - 0x00007fffd9667000 	C:\WINDOWS\System32\shlwapi.dll
0x00007fffd7cc0000 - 0x00007fffd7ce9000 	C:\WINDOWS\SYSTEM32\profapi.dll
0x00007fff941e0000 - 0x00007fff941f8000 	c:\Users\Mihajlo\.vscode\extensions\redhat.java-1.52.0-win32-x64\jre\21.0.9-win32-x86_64\bin\zip.dll
0x00007fffb0150000 - 0x00007fffb0160000 	C:\Users\Mihajlo\.vscode\extensions\redhat.java-1.52.0-win32-x64\jre\21.0.9-win32-x86_64\bin\net.dll
0x00007fffd0fb0000 - 0x00007fffd10d7000 	C:\WINDOWS\SYSTEM32\WINHTTP.dll
0x00007fffd7060000 - 0x00007fffd70cb000 	C:\WINDOWS\system32\mswsock.dll
0x00007fff941c0000 - 0x00007fff941d6000 	C:\Users\Mihajlo\.vscode\extensions\redhat.java-1.52.0-win32-x64\jre\21.0.9-win32-x86_64\bin\nio.dll
0x00007fffb0120000 - 0x00007fffb0130000 	c:\Users\Mihajlo\.vscode\extensions\redhat.java-1.52.0-win32-x64\jre\21.0.9-win32-x86_64\bin\verify.dll
0x00007fff75ad0000 - 0x00007fff75b15000 	C:\Users\Mihajlo\AppData\Roaming\Code\User\globalStorage\redhat.java\1.52.0\config_win\org.eclipse.equinox.launcher\org.eclipse.equinox.launcher.win32.win32.x86_64_1.2.1500.v20260121-1430\eclipse_11919.dll
0x00007fffdb150000 - 0x00007fffdb2e7000 	C:\WINDOWS\System32\ole32.dll
0x00007fffd7450000 - 0x00007fffd746b000 	C:\WINDOWS\SYSTEM32\CRYPTSP.dll
0x00007fffd6a70000 - 0x00007fffd6aa9000 	C:\WINDOWS\system32\rsaenh.dll
0x00007fffd7110000 - 0x00007fffd713b000 	C:\WINDOWS\SYSTEM32\USERENV.dll
0x00007fffd7c90000 - 0x00007fffd7cba000 	C:\WINDOWS\SYSTEM32\bcrypt.dll
0x00007fffd72b0000 - 0x00007fffd72bc000 	C:\WINDOWS\SYSTEM32\CRYPTBASE.dll
0x00007fffd6510000 - 0x00007fffd6544000 	C:\WINDOWS\SYSTEM32\IPHLPAPI.DLL
0x00007fffd9b80000 - 0x00007fffd9b8a000 	C:\WINDOWS\System32\NSI.dll
0x00007fff78ea0000 - 0x00007fff78ee9000 	C:\Users\Mihajlo\AppData\Local\Temp\jna--1571558504\jna18226563119463772218.dll
0x00007fffd9d90000 - 0x00007fffd9d98000 	C:\WINDOWS\System32\PSAPI.DLL
0x00007fffd1120000 - 0x00007fffd113e000 	C:\WINDOWS\SYSTEM32\dhcpcsvc6.DLL
0x00007fffd10f0000 - 0x00007fffd1113000 	C:\WINDOWS\SYSTEM32\dhcpcsvc.DLL

JVMTI agents:
c:\Users\Mihajlo\.vscode\extensions\redhat.java-1.52.0-win32-x64\lombok\lombok-1.18.39-4050.jar path:c:\Users\Mihajlo\.vscode\extensions\redhat.java-1.52.0-win32-x64\jre\21.0.9-win32-x86_64\bin\instrument.dll, loaded, initialized, instrumentlib options:none

dbghelp: loaded successfully - version: 4.0.5 - missing functions: none
symbol engine: initialized successfully - sym options: 0x614 - pdb path: .;c:\Users\Mihajlo\.vscode\extensions\redhat.java-1.52.0-win32-x64\jre\21.0.9-win32-x86_64\bin;C:\WINDOWS\SYSTEM32;C:\WINDOWS\WinSxS\amd64_microsoft.windows.common-controls_6595b64144ccf1df_6.0.26100.7705_none_3e06597ae3363b04;c:\Users\Mihajlo\.vscode\extensions\redhat.java-1.52.0-win32-x64\jre\21.0.9-win32-x86_64\bin\server;C:\Users\Mihajlo\AppData\Roaming\Code\User\globalStorage\redhat.java\1.52.0\config_win\org.eclipse.equinox.launcher\org.eclipse.equinox.launcher.win32.win32.x86_64_1.2.1500.v20260121-1430;C:\Users\Mihajlo\AppData\Local\Temp\jna--1571558504

VM Arguments:
jvm_args: --add-modules=ALL-SYSTEM --add-opens=java.base/java.util=ALL-UNNAMED --add-opens=java.base/java.lang=ALL-UNNAMED --add-opens=java.base/sun.nio.fs=ALL-UNNAMED -Declipse.application=org.eclipse.jdt.ls.core.id1 -Dosgi.bundles.defaultStartLevel=4 -Declipse.product=org.eclipse.jdt.ls.core.product -Djava.import.generatesMetadataFilesAtProjectRoot=false -DDetectVMInstallationsJob.disabled=true -Dfile.encoding=utf8 -XX:+UseParallelGC -XX:GCTimeRatio=4 -XX:AdaptiveSizePolicyWeight=90 -Dsun.zip.disableMemoryMapping=true -Xmx2G -Xms100m -Xlog:disable -javaagent:c:\Users\Mihajlo\.vscode\extensions\redhat.java-1.52.0-win32-x64\lombok\lombok-1.18.39-4050.jar -XX:+HeapDumpOnOutOfMemoryError -XX:HeapDumpPath=c:\Users\Mihajlo\AppData\Roaming\Code\User\workspaceStorage\071757cfea9ed2b793f40c0f77799fe2\redhat.java -Daether.dependencyCollector.impl=bf 
java_command: c:\Users\Mihajlo\.vscode\extensions\redhat.java-1.52.0-win32-x64\server\plugins\org.eclipse.equinox.launcher_1.7.100.v20251111-0406.jar -configuration c:\Users\Mihajlo\AppData\Roaming\Code\User\globalStorage\redhat.java\1.52.0\config_win -data c:\Users\Mihajlo\AppData\Roaming\Code\User\workspaceStorage\071757cfea9ed2b793f40c0f77799fe2\redhat.java\jdt_ws --pipe=\\.\pipe\lsp-188764c1f9c39b20444887e0d0ae75e5-sock
java_class_path (initial): c:\Users\Mihajlo\.vscode\extensions\redhat.java-1.52.0-win32-x64\server\plugins\org.eclipse.equinox.launcher_1.7.100.v20251111-0406.jar
Launcher Type: SUN_STANDARD

[Global flags]
    uintx AdaptiveSizePolicyWeight                 = 90                                        {product} {command line}
     intx CICompilerCount                          = 4                                         {product} {ergonomic}
    uintx GCTimeRatio                              = 4                                         {product} {command line}
     bool HeapDumpOnOutOfMemoryError               = true                                   {manageable} {command line}
    ccstr HeapDumpPath                             = c:\Users\Mihajlo\AppData\Roaming\Code\User\workspaceStorage\071757cfea9ed2b793f40c0f77799fe2\redhat.java         {manageable} {command line}
   size_t InitialHeapSize                          = 104857600                                 {product} {command line}
   size_t MaxHeapSize                              = 2147483648                                {product} {command line}
   size_t MaxNewSize                               = 715653120                                 {product} {ergonomic}
   size_t MinHeapDeltaBytes                        = 524288                                    {product} {ergonomic}
   size_t MinHeapSize                              = 104857600                                 {product} {command line}
   size_t NewSize                                  = 34603008                                  {product} {ergonomic}
    uintx NonNMethodCodeHeapSize                   = 5839372                                {pd product} {ergonomic}
    uintx NonProfiledCodeHeapSize                  = 122909434                              {pd product} {ergonomic}
   size_t OldSize                                  = 70254592                                  {product} {ergonomic}
    uintx ProfiledCodeHeapSize                     = 122909434                              {pd product} {ergonomic}
    uintx ReservedCodeCacheSize                    = 251658240                              {pd product} {ergonomic}
     bool SegmentedCodeCache                       = true                                      {product} {ergonomic}
   size_t SoftMaxHeapSize                          = 2147483648                             {manageable} {ergonomic}
     bool UseCompressedOops                        = true                           {product lp64_product} {ergonomic}
     bool UseLargePagesIndividualAllocation        = false                                  {pd product} {ergonomic}
     bool UseParallelGC                            = true                                      {product} {command line}

Logging:
Log output configuration:
 #0: stdout all=off uptime,level,tags foldmultilines=false
 #1: stderr all=off uptime,level,tags foldmultilines=false

Release file:
JAVA_VERSION="21.0.9" 
MODULES="java.base java.compiler java.datatransfer java.xml java.prefs java.desktop java.instrument java.logging java.management java.security.sasl java.naming java.rmi java.management.rmi java.net.http java.scripting java.security.jgss java.transaction.xa java.sql java.sql.rowset java.xml.crypto java.se java.smartcardio jdk.accessibility jdk.internal.jvmstat jdk.attach jdk.charsets jdk.internal.opt jdk.zipfs jdk.compiler jdk.crypto.ec jdk.crypto.cryptoki jdk.crypto.mscapi jdk.dynalink jdk.internal.ed jdk.editpad jdk.hotspot.agent jdk.httpserver jdk.internal.le jdk.internal.vm.ci jdk.internal.vm.compiler jdk.internal.vm.compiler.management jdk.jartool jdk.javadoc jdk.jcmd jdk.management jdk.management.agent jdk.jconsole jdk.jdeps jdk.jdwp.agent jdk.jdi jdk.jfr jdk.jshell jdk.jsobject jdk.jstatd jdk.localedata jdk.management.jfr jdk.naming.dns jdk.naming.rmi jdk.net jdk.nio.mapmode jdk.random jdk.sctp jdk.security.auth jdk.security.jgss jdk.unsupported jdk.unsupported.desktop jdk.xml.dom" 

Environment Variables:
JAVA_HOME=C:\Program Files\Java\jdk-19
PATH=C:\Python313\Scripts\;C:\Python313\;C:\app\Mihajlo\product\21c\dbhomeXE\bin;C:\Program Files\Common Files\Oracle\Java\javapath;C:\ProgramData\Oracle\Java\javapath;C:\Windows\system32;C:\Windows;C:\Windows\System32\Wbem;C:\Windows\System32\WindowsPowerShell\v1.0\;C:\Windows\System32\OpenSSH\;C:\Program Files (x86)\NVIDIA Corporation\PhysX\Common;C:\WINDOWS\system32;C:\WINDOWS;C:\WINDOWS\System32\Wbem;C:\WINDOWS\System32\WindowsPowerShell\v1.0\;C:\WINDOWS\System32\OpenSSH\;C:\Python310;C:\Program Files\dotnet\;"C:\Program Files\Java\jdk-19\bin;";C:\Program Files\Go\bin;C:\Program Files\Git\cmd;C:\Python310\Scripts;C:\Program Files\Microsoft SQL Server\150\Tools\Binn\;C:\Program Files\Microsoft SQL Server\Client SDK\ODBC\170\Tools\Binn\;C:\Program Files (x86)\dotnet\;C:\Program Files\NVIDIA Corporation\NVIDIA app\NvDLISR;C:\WINDOWS\system32;C:\WINDOWS;C:\WINDOWS\System32\Wbem;C:\WINDOWS\System32\WindowsPowerShell\v1.0\;C:\WINDOWS\System32\OpenSSH\;C:\Program Files\nodejs\;C:\ProgramData\chocolatey\bin;C:\Program Files\Amazon\AWSCLIV2\;C:\Program Files (x86)\Windows Kits\10\Windows Performance Toolkit\;C:\Program Files\Docker\Docker\resources\bin;C:\Users\Mihajlo\AppData\Local\Microsoft\WindowsApps;C:\Users\Mihajlo\AppData\Local\Programs\Microsoft VS Code\bin;C:\Users\Mihajlo\go\bin;C:\Users\Mihajlo\.dotnet\tools;C:\Users\Mihajlo\AppData\Local\GitHubDesktop\bin;C:\Users\Mihajlo\AppData\Local\JetBrains\Toolbox\scripts;C:\Users\Mihajlo\AppData\Local\Microsoft\WinGet\Packages\Schniz.fnm_Microsoft.Winget.Source_8wekyb3d8bbwe;C:\Users\Mihajlo\AppData\Local\Microsoft\WindowsApps;C:\Users\Mihajlo\.dotnet\tools;C:\Users\Mihajlo\AppData\Roaming\npm
USERNAME=Mihajlo
OS=Windows_NT
PROCESSOR_IDENTIFIER=AMD64 Family 25 Model 33 Stepping 2, AuthenticAMD
TMP=C:\Users\Mihajlo\AppData\Local\Temp
TEMP=C:\Users\Mihajlo\AppData\Local\Temp




Periodic native trim disabled

---------------  S Y S T E M  ---------------

OS:
 Windows 11 , 64 bit Build 26100 (10.0.26100.7705)
OS uptime: 0 days 5:20 hours
Hyper-V role detected

CPU: total 12 (initial active 12) (12 cores per cpu, 2 threads per core) family 25 model 33 stepping 2 microcode 0xa201205, cx8, cmov, fxsr, ht, mmx, 3dnowpref, sse, sse2, sse3, ssse3, sse4a, sse4.1, sse4.2, popcnt, lzcnt, tsc, tscinvbit, avx, avx2, aes, erms, clmul, bmi1, bmi2, adx, sha, fma, vzeroupper, clflush, clflushopt, hv, rdtscp, rdpid, fsrm, f16c, cet_ss
Processor Information for the first 12 processors :
  Max Mhz: 3501, Current Mhz: 3501, Mhz Limit: 3501

Memory: 4k page, system-wide physical 16307M (2961M free)
TotalPageFile size 20807M (AvailPageFile size 3M)
current process WorkingSet (physical memory assigned to process): 275M, peak: 358M
current process commit charge ("private bytes"): 357M, peak: 435M

vm_info: OpenJDK 64-Bit Server VM (21.0.9+10-LTS) for windows-amd64 JRE (21.0.9+10-LTS), built on 2025-10-21T00:00:00Z by "admin" with unknown MS VC++:1942

END.
