#
# There is insufficient memory for the Java Runtime Environment to continue.
# Native memory allocation (malloc) failed to allocate 1127856 bytes. Error detail: Chunk::new
# Possible reasons:
#   The system is out of physical RAM or swap space
#   This process is running with CompressedOops enabled, and the Java Heap may be blocking the growth of the native heap
# Possible solutions:
#   Reduce memory load on the system
#   Increase physical memory or swap space
#   Check if swap backing store is full
#   Decrease Java heap size (-Xmx/-Xms)
#   Decrease number of Java threads
#   Decrease Java thread stack sizes (-Xss)
#   Set larger code cache with -XX:ReservedCodeCacheSize=
#   JVM is running with Unscaled Compressed Oops mode in which the Java heap is
#     placed in the first 4GB address space. The Java Heap base address is the
#     maximum limit for the native heap growth. Please use -XX:HeapBaseMinAddress
#     to set the Java Heap base and to place the Java Heap above 4GB virtual address.
# This output file may be truncated or incomplete.
#
#  Out of Memory Error (arena.cpp:168), pid=22012, tid=23040
#
# JRE version: OpenJDK Runtime Environment Temurin-21.0.9+10 (21.0.9+10) (build 21.0.9+10-LTS)
# Java VM: OpenJDK 64-Bit Server VM Temurin-21.0.9+10 (21.0.9+10-LTS, mixed mode, sharing, tiered, compressed oops, compressed class ptrs, parallel gc, windows-amd64)
# No core dump will be written. Minidumps are not enabled by default on client versions of Windows
#

---------------  S U M M A R Y ------------

Command Line: --add-modules=ALL-SYSTEM --add-opens=java.base/java.util=ALL-UNNAMED --add-opens=java.base/java.lang=ALL-UNNAMED --add-opens=java.base/sun.nio.fs=ALL-UNNAMED -Declipse.application=org.eclipse.jdt.ls.core.id1 -Dosgi.bundles.defaultStartLevel=4 -Declipse.product=org.eclipse.jdt.ls.core.product -Djava.import.generatesMetadataFilesAtProjectRoot=false -DDetectVMInstallationsJob.disabled=true -Dfile.encoding=utf8 -XX:+UseParallelGC -XX:GCTimeRatio=4 -XX:AdaptiveSizePolicyWeight=90 -Dsun.zip.disableMemoryMapping=true -Xmx2G -Xms100m -Xlog:disable -javaagent:c:\Users\Mihajlo\.vscode\extensions\redhat.java-1.52.0-win32-x64\lombok\lombok-1.18.39-4050.jar -XX:+HeapDumpOnOutOfMemoryError -XX:HeapDumpPath=c:\Users\Mihajlo\AppData\Roaming\Code\User\workspaceStorage\071757cfea9ed2b793f40c0f77799fe2\redhat.java -Daether.dependencyCollector.impl=bf c:\Users\Mihajlo\.vscode\extensions\redhat.java-1.52.0-win32-x64\server\plugins\org.eclipse.equinox.launcher_1.7.100.v20251111-0406.jar -configuration c:\Users\Mihajlo\AppData\Roaming\Code\User\globalStorage\redhat.java\1.52.0\config_win -data c:\Users\Mihajlo\AppData\Roaming\Code\User\workspaceStorage\071757cfea9ed2b793f40c0f77799fe2\redhat.java\jdt_ws --pipe=\\.\pipe\lsp-32b44693d7b3bbb68f0ffb232e7948f6-sock

Host: AMD Ryzen 5 5600 6-Core Processor              , 12 cores, 15G,  Windows 11 , 64 bit Build 26100 (10.0.26100.7705)
Time: Tue Feb  3 14:05:07 2026 Central Europe Standard Time elapsed time: 120.354428 seconds (0d 0h 2m 0s)

---------------  T H R E A D  ---------------

Current thread (0x000001f223b9e6d0):  JavaThread "C2 CompilerThread0" daemon [_thread_in_native, id=23040, stack(0x0000005d59c00000,0x0000005d59d00000) (1024K)]


Current CompileTask:
C2:120354 15424       4       org.eclipse.jdt.internal.compiler.lookup.PackageBinding::hasCompilationUnit (101 bytes)

Stack: [0x0000005d59c00000,0x0000005d59d00000]
Native frames: (J=compiled Java code, j=interpreted, Vv=VM code, C=native code)
V  [jvm.dll+0x6d6e29]
V  [jvm.dll+0x8b4b76]
V  [jvm.dll+0x8b712e]
V  [jvm.dll+0x8b7813]
V  [jvm.dll+0x283d86]
V  [jvm.dll+0xc66ed]
V  [jvm.dll+0xc6c31]
V  [jvm.dll+0x3be501]
V  [jvm.dll+0x38ab92]
V  [jvm.dll+0x389fda]
V  [jvm.dll+0x24bfa0]
V  [jvm.dll+0x24b580]
V  [jvm.dll+0x1cb13e]
V  [jvm.dll+0x25b29d]
V  [jvm.dll+0x25982a]
V  [jvm.dll+0x3f7ea6]
V  [jvm.dll+0x85e9ad]
V  [jvm.dll+0x6d565d]
C  [ucrtbase.dll+0x37b0]
C  [KERNEL32.DLL+0x2e8d7]
C  [ntdll.dll+0x8c40c]


---------------  P R O C E S S  ---------------

Threads class SMR info:
_java_thread_list=0x000001f20cf31ab0, length=52, elements={
0x000001f223adfc50, 0x000001f223b81f50, 0x000001f223b85670, 0x000001f223b881c0,
0x000001f223b88e10, 0x000001f223b8d000, 0x000001f223b98db0, 0x000001f223b9e6d0,
0x000001f27c9b8cd0, 0x000001f27cba2910, 0x000001f27cc415c0, 0x000001f27e16d6a0,
0x000001f27dda7aa0, 0x000001f27ccf54e0, 0x000001f27deca160, 0x000001f27e317ff0,
0x000001f27e5255c0, 0x000001f27e616860, 0x000001f27e1e89d0, 0x000001f27eb59140,
0x000001f27eb59e60, 0x000001f27eb5b8a0, 0x000001f27eb5c5c0, 0x000001f27eb5ab80,
0x000001f27eb597d0, 0x000001f27eb5b210, 0x000001f205b79c40, 0x000001f205b7d750,
0x000001f205b7b680, 0x000001f205b7a2d0, 0x000001f205b7ca30, 0x000001f205b7a960,
0x000001f205b7d0c0, 0x000001f205b7dde0, 0x000001f205b7e470, 0x000001f205b7bd10,
0x000001f205b7aff0, 0x000001f205b7eb00, 0x000001f205b7f190, 0x000001f205b7c3a0,
0x000001f205b7f820, 0x000001f205b7feb0, 0x000001f205b80540, 0x000001f205b80bd0,
0x000001f205b81260, 0x000001f2064da3b0, 0x000001f2064daa40, 0x000001f2064dd1a0,
0x000001f2064dd830, 0x000001f2064d9690, 0x000001f27e07f4e0, 0x000001f27e080280
}

Java Threads: ( => current thread )
  0x000001f223adfc50 JavaThread "main"                              [_thread_blocked, id=2420, stack(0x0000005d59200000,0x0000005d59300000) (1024K)]
  0x000001f223b81f50 JavaThread "Reference Handler"          daemon [_thread_blocked, id=3336, stack(0x0000005d59600000,0x0000005d59700000) (1024K)]
  0x000001f223b85670 JavaThread "Finalizer"                  daemon [_thread_blocked, id=4344, stack(0x0000005d59700000,0x0000005d59800000) (1024K)]
  0x000001f223b881c0 JavaThread "Signal Dispatcher"          daemon [_thread_blocked, id=14672, stack(0x0000005d59800000,0x0000005d59900000) (1024K)]
  0x000001f223b88e10 JavaThread "Attach Listener"            daemon [_thread_blocked, id=6332, stack(0x0000005d59900000,0x0000005d59a00000) (1024K)]
  0x000001f223b8d000 JavaThread "Service Thread"             daemon [_thread_blocked, id=19492, stack(0x0000005d59a00000,0x0000005d59b00000) (1024K)]
  0x000001f223b98db0 JavaThread "Monitor Deflation Thread"   daemon [_thread_blocked, id=3772, stack(0x0000005d59b00000,0x0000005d59c00000) (1024K)]
=>0x000001f223b9e6d0 JavaThread "C2 CompilerThread0"         daemon [_thread_in_native, id=23040, stack(0x0000005d59c00000,0x0000005d59d00000) (1024K)]
  0x000001f27c9b8cd0 JavaThread "C1 CompilerThread0"         daemon [_thread_blocked, id=22952, stack(0x0000005d59d00000,0x0000005d59e00000) (1024K)]
  0x000001f27cba2910 JavaThread "Common-Cleaner"             daemon [_thread_blocked, id=17388, stack(0x0000005d59e00000,0x0000005d59f00000) (1024K)]
  0x000001f27cc415c0 JavaThread "Notification Thread"        daemon [_thread_blocked, id=18008, stack(0x0000005d5a000000,0x0000005d5a100000) (1024K)]
  0x000001f27e16d6a0 JavaThread "Active Thread: Equinox Container: b456df0f-6b1b-458a-bc51-5896e53c2ffd"        [_thread_blocked, id=20228, stack(0x0000005d5a800000,0x0000005d5a900000) (1024K)]
  0x000001f27dda7aa0 JavaThread "Refresh Thread: Equinox Container: b456df0f-6b1b-458a-bc51-5896e53c2ffd" daemon [_thread_blocked, id=2556, stack(0x0000005d5aa00000,0x0000005d5ab00000) (1024K)]
  0x000001f27ccf54e0 JavaThread "Framework Event Dispatcher: Equinox Container: b456df0f-6b1b-458a-bc51-5896e53c2ffd" daemon [_thread_blocked, id=11192, stack(0x0000005d5ab00000,0x0000005d5ac00000) (1024K)]
  0x000001f27deca160 JavaThread "Start Level: Equinox Container: b456df0f-6b1b-458a-bc51-5896e53c2ffd" daemon [_thread_blocked, id=15592, stack(0x0000005d5ac00000,0x0000005d5ad00000) (1024K)]
  0x000001f27e317ff0 JavaThread "Bundle File Closer"         daemon [_thread_blocked, id=16112, stack(0x0000005d5ae00000,0x0000005d5af00000) (1024K)]
  0x000001f27e5255c0 JavaThread "SCR Component Actor"        daemon [_thread_blocked, id=22400, stack(0x0000005d5af00000,0x0000005d5b000000) (1024K)]
  0x000001f27e616860 JavaThread "Worker-JM"                         [_thread_blocked, id=22028, stack(0x0000005d5b100000,0x0000005d5b200000) (1024K)]
  0x000001f27e1e89d0 JavaThread "JNA Cleaner"                daemon [_thread_blocked, id=3944, stack(0x0000005d5b200000,0x0000005d5b300000) (1024K)]
  0x000001f27eb59140 JavaThread "Worker-0: Publish Diagnostics"        [_thread_blocked, id=9344, stack(0x0000005d5b300000,0x0000005d5b400000) (1024K)]
  0x000001f27eb59e60 JavaThread "Worker-1"                          [_thread_blocked, id=19528, stack(0x0000005d5b400000,0x0000005d5b500000) (1024K)]
  0x000001f27eb5b8a0 JavaThread "Java indexing"              daemon [_thread_blocked, id=2668, stack(0x0000005d5b500000,0x0000005d5b600000) (1024K)]
  0x000001f27eb5c5c0 JavaThread "Thread-1"                   daemon [_thread_in_native, id=23112, stack(0x0000005d5ba00000,0x0000005d5bb00000) (1024K)]
  0x000001f27eb5ab80 JavaThread "Thread-2"                   daemon [_thread_in_native, id=11356, stack(0x0000005d5bb00000,0x0000005d5bc00000) (1024K)]
  0x000001f27eb597d0 JavaThread "Thread-3"                   daemon [_thread_in_native, id=4748, stack(0x0000005d5bc00000,0x0000005d5bd00000) (1024K)]
  0x000001f27eb5b210 JavaThread "Thread-4"                   daemon [_thread_in_native, id=3556, stack(0x0000005d5bd00000,0x0000005d5be00000) (1024K)]
  0x000001f205b79c40 JavaThread "Thread-5"                   daemon [_thread_in_native, id=412, stack(0x0000005d5be00000,0x0000005d5bf00000) (1024K)]
  0x000001f205b7d750 JavaThread "Thread-6"                   daemon [_thread_in_native, id=6472, stack(0x0000005d5bf00000,0x0000005d5c000000) (1024K)]
  0x000001f205b7b680 JavaThread "Thread-7"                   daemon [_thread_in_native, id=23184, stack(0x0000005d5c000000,0x0000005d5c100000) (1024K)]
  0x000001f205b7a2d0 JavaThread "Thread-8"                   daemon [_thread_in_native, id=13348, stack(0x0000005d5c100000,0x0000005d5c200000) (1024K)]
  0x000001f205b7ca30 JavaThread "Thread-9"                   daemon [_thread_in_native, id=13944, stack(0x0000005d5c200000,0x0000005d5c300000) (1024K)]
  0x000001f205b7a960 JavaThread "Thread-10"                  daemon [_thread_in_native, id=10848, stack(0x0000005d5c300000,0x0000005d5c400000) (1024K)]
  0x000001f205b7d0c0 JavaThread "Thread-11"                  daemon [_thread_in_native, id=3404, stack(0x0000005d5c400000,0x0000005d5c500000) (1024K)]
  0x000001f205b7dde0 JavaThread "Thread-12"                  daemon [_thread_in_native, id=1188, stack(0x0000005d5c500000,0x0000005d5c600000) (1024K)]
  0x000001f205b7e470 JavaThread "Thread-13"                  daemon [_thread_in_native, id=8008, stack(0x0000005d5c600000,0x0000005d5c700000) (1024K)]
  0x000001f205b7bd10 JavaThread "pool-2-thread-1"                   [_thread_blocked, id=22176, stack(0x0000005d5c700000,0x0000005d5c800000) (1024K)]
  0x000001f205b7aff0 JavaThread "WorkspaceEventsHandler"            [_thread_blocked, id=20052, stack(0x0000005d5c800000,0x0000005d5c900000) (1024K)]
  0x000001f205b7eb00 JavaThread "pool-1-thread-1"                   [_thread_blocked, id=8996, stack(0x0000005d5c900000,0x0000005d5ca00000) (1024K)]
  0x000001f205b7f190 JavaThread "ForkJoinPool.commonPool-worker-1" daemon [_thread_blocked, id=14480, stack(0x0000005d5ca00000,0x0000005d5cb00000) (1024K)]
  0x000001f205b7c3a0 JavaThread "ForkJoinPool.commonPool-worker-2" daemon [_thread_blocked, id=23176, stack(0x0000005d5cb00000,0x0000005d5cc00000) (1024K)]
  0x000001f205b7f820 JavaThread "ForkJoinPool.commonPool-worker-3" daemon [_thread_blocked, id=14016, stack(0x0000005d5cc00000,0x0000005d5cd00000) (1024K)]
  0x000001f205b7feb0 JavaThread "ForkJoinPool.commonPool-worker-4" daemon [_thread_blocked, id=20472, stack(0x0000005d5cd00000,0x0000005d5ce00000) (1024K)]
  0x000001f205b80540 JavaThread "ForkJoinPool.commonPool-worker-5" daemon [_thread_blocked, id=14492, stack(0x0000005d5ce00000,0x0000005d5cf00000) (1024K)]
  0x000001f205b80bd0 JavaThread "ForkJoinPool.commonPool-worker-6" daemon [_thread_blocked, id=4484, stack(0x0000005d5cf00000,0x0000005d5d000000) (1024K)]
  0x000001f205b81260 JavaThread "ForkJoinPool.commonPool-worker-7" daemon [_thread_blocked, id=348, stack(0x0000005d5d000000,0x0000005d5d100000) (1024K)]
  0x000001f2064da3b0 JavaThread "ForkJoinPool.commonPool-worker-8" daemon [_thread_blocked, id=13352, stack(0x0000005d5d100000,0x0000005d5d200000) (1024K)]
  0x000001f2064daa40 JavaThread "ForkJoinPool.commonPool-worker-10" daemon [_thread_blocked, id=5916, stack(0x0000005d5d300000,0x0000005d5d400000) (1024K)]
  0x000001f2064dd1a0 JavaThread "ForkJoinPool.commonPool-worker-11" daemon [_thread_blocked, id=8976, stack(0x0000005d5d400000,0x0000005d5d500000) (1024K)]
  0x000001f2064dd830 JavaThread "Cleaner-0"                  daemon [_thread_blocked, id=8332, stack(0x0000005d5d500000,0x0000005d5d600000) (1024K)]
  0x000001f2064d9690 JavaThread "ForkJoinPool.commonPool-worker-12" daemon [_thread_blocked, id=8344, stack(0x0000005d59100000,0x0000005d59200000) (1024K)]
  0x000001f27e07f4e0 JavaThread "C2 CompilerThread1"         daemon [_thread_blocked, id=7724, stack(0x0000005d58f00000,0x0000005d59000000) (1024K)]
  0x000001f27e080280 JavaThread "C2 CompilerThread2"         daemon [_thread_blocked, id=8708, stack(0x0000005d59000000,0x0000005d59100000) (1024K)]
Total: 52

Other Threads:
  0x000001f223b81850 VMThread "VM Thread"                           [id=15672, stack(0x0000005d59500000,0x0000005d59600000) (1024K)]
  0x000001f23a46ca00 WatcherThread "VM Periodic Task Thread"        [id=15676, stack(0x0000005d59400000,0x0000005d59500000) (1024K)]
  0x000001f223afe220 WorkerThread "GC Thread#0"                     [id=15684, stack(0x0000005d59300000,0x0000005d59400000) (1024K)]
  0x000001f27e0a60d0 WorkerThread "GC Thread#1"                     [id=22304, stack(0x0000005d5a200000,0x0000005d5a300000) (1024K)]
  0x000001f27e0a6470 WorkerThread "GC Thread#2"                     [id=2352, stack(0x0000005d5a300000,0x0000005d5a400000) (1024K)]
  0x000001f27dbe5ca0 WorkerThread "GC Thread#3"                     [id=5324, stack(0x0000005d5a400000,0x0000005d5a500000) (1024K)]
  0x000001f27dbe6040 WorkerThread "GC Thread#4"                     [id=20120, stack(0x0000005d5a500000,0x0000005d5a600000) (1024K)]
  0x000001f27e0a1420 WorkerThread "GC Thread#5"                     [id=1880, stack(0x0000005d5a600000,0x0000005d5a700000) (1024K)]
  0x000001f27e0a17c0 WorkerThread "GC Thread#6"                     [id=22396, stack(0x0000005d5a700000,0x0000005d5a800000) (1024K)]
  0x000001f27dda71b0 WorkerThread "GC Thread#7"                     [id=8424, stack(0x0000005d5a900000,0x0000005d5aa00000) (1024K)]
  0x000001f27e316160 WorkerThread "GC Thread#8"                     [id=18732, stack(0x0000005d5a100000,0x0000005d5a200000) (1024K)]
  0x000001f27e3152e0 WorkerThread "GC Thread#9"                     [id=5384, stack(0x0000005d5ad00000,0x0000005d5ae00000) (1024K)]
Total: 12

Threads with active compile tasks:
C2 CompilerThread0  120374 15424       4       org.eclipse.jdt.internal.compiler.lookup.PackageBinding::hasCompilationUnit (101 bytes)
C1 CompilerThread0  120374 15472       3       org.eclipse.jdt.internal.compiler.ClassFile::traverse (7238 bytes)
C2 CompilerThread1  120374 15436   !   4       org.eclipse.jdt.internal.compiler.lookup.Scope::getBinding (1577 bytes)
C2 CompilerThread2  120374 15433   !   4       org.eclipse.jdt.internal.core.NameLookup::seekPackageFragments (152 bytes)
Total: 4

VM state: at safepoint (normal execution)

VM Mutex/Monitor currently owned by a thread:  ([mutex/lock_event])
[0x00007fff2d03d570] Threads_lock - owner thread: 0x000001f223b81850
[0x00007fff2d03d670] Heap_lock - owner thread: 0x000001f205b80540

Heap address: 0x0000000080000000, size: 2048 MB, Compressed Oops mode: 32-bit

CDS archive(s) mapped at: [0x000001f23b000000-0x000001f23bba0000-0x000001f23bba0000), size 12189696, SharedBaseAddress: 0x000001f23b000000, ArchiveRelocationMode: 1.
Compressed class space mapped at: 0x000001f23c000000-0x000001f27c000000, reserved size: 1073741824
Narrow klass base: 0x000001f23b000000, Narrow klass shift: 0, Narrow klass range: 0x100000000

GC Precious Log:
 CardTable entry size: 512
 CPUs: 12 total, 12 available
 Memory: 16307M
 Large Page Support: Disabled
 NUMA Support: Disabled
 Compressed Oops: Enabled (32-bit)
 Alignments: Space 512K, Generation 512K, Heap 2M
 Heap Min Capacity: 100M
 Heap Initial Capacity: 100M
 Heap Max Capacity: 2G
 Pre-touch: Disabled
 Parallel Workers: 10

Heap:
 PSYoungGen      total 7168K, used 1006K [0x00000000d5580000, 0x00000000d5e80000, 0x0000000100000000)
  eden space 6144K, 0% used [0x00000000d5580000,0x00000000d5580000,0x00000000d5b80000)
  from space 1024K, 98% used [0x00000000d5c80000,0x00000000d5d7b830,0x00000000d5d80000)
  to   space 1024K, 0% used [0x00000000d5d80000,0x00000000d5d80000,0x00000000d5e80000)
 ParOldGen       total 220672K, used 220412K [0x0000000080000000, 0x000000008d780000, 0x00000000d5580000)
  object space 220672K, 99% used [0x0000000080000000,0x000000008d73f0f0,0x000000008d780000)
 Metaspace       used 70902K, committed 72448K, reserved 1114112K
  class space    used 7165K, committed 7872K, reserved 1048576K

Card table byte_map: [0x000001f2234b0000,0x000001f2238c0000] _byte_map_base: 0x000001f2230b0000

Marking Bits: (ParMarkBitMap*) 0x00007fff2d042460
 Begin Bits: [0x000001f235f90000, 0x000001f237f90000)
 End Bits:   [0x000001f237f90000, 0x000001f239f90000)

Polling page: 0x000001f2232a0000

Metaspace:

Usage:
  Non-class:     62.24 MB used.
      Class:      7.00 MB used.
       Both:     69.24 MB used.

Virtual space:
  Non-class space:       64.00 MB reserved,      63.06 MB ( 99%) committed,  1 nodes.
      Class space:        1.00 GB reserved,       7.69 MB ( <1%) committed,  1 nodes.
             Both:        1.06 GB reserved,      70.75 MB (  7%) committed. 

Chunk freelists:
   Non-Class:  608.00 KB
       Class:  8.28 MB
        Both:  8.88 MB

MaxMetaspaceSize: unlimited
CompressedClassSpaceSize: 1.00 GB
Initial GC threshold: 21.00 MB
Current GC threshold: 97.31 MB
CDS: on
 - commit_granule_bytes: 65536.
 - commit_granule_words: 8192.
 - virtual_space_node_default_size: 8388608.
 - enlarge_chunks_in_place: 1.
 - use_allocation_guard: 0.


Internal statistics:

num_allocs_failed_limit: 13.
num_arena_births: 1438.
num_arena_deaths: 14.
num_vsnodes_births: 2.
num_vsnodes_deaths: 0.
num_space_committed: 1132.
num_space_uncommitted: 0.
num_chunks_returned_to_freelist: 27.
num_chunks_taken_from_freelist: 4895.
num_chunk_merges: 19.
num_chunk_splits: 2987.
num_chunks_enlarged: 1649.
num_inconsistent_stats: 0.

CodeHeap 'non-profiled nmethods': size=120000Kb used=12145Kb max_used=12145Kb free=107854Kb
 bounds [0x000001f22e7b0000, 0x000001f22f390000, 0x000001f235ce0000]
CodeHeap 'profiled nmethods': size=120000Kb used=36278Kb max_used=36278Kb free=83721Kb
 bounds [0x000001f226ce0000, 0x000001f229050000, 0x000001f22e210000]
CodeHeap 'non-nmethods': size=5760Kb used=1453Kb max_used=1530Kb free=4306Kb
 bounds [0x000001f22e210000, 0x000001f22e480000, 0x000001f22e7b0000]
CodeCache: size=245760Kb, used=49876Kb, max_used=49953Kb, free=195881Kb
 total_blobs=15420, nmethods=14651, adapters=672, full_count=0
Compilation: enabled, stopped_count=0, restarted_count=0

Compilation events (20 events):
Event: 119.321 Thread 0x000001f27c9b8cd0 nmethod 15460 0x000001f229040590 code [0x000001f229040d20, 0x000001f229046b50]
Event: 119.321 Thread 0x000001f27c9b8cd0 15466       3       org.eclipse.jdt.internal.compiler.lookup.LookupEnvironment::usesOwningAnnotations (152 bytes)
Event: 119.322 Thread 0x000001f27c9b8cd0 nmethod 15466 0x000001f229048d90 code [0x000001f229049020, 0x000001f229049a68]
Event: 119.322 Thread 0x000001f27c9b8cd0 15462       3       org.eclipse.jdt.internal.compiler.lookup.ProblemBinding::<init> (12 bytes)
Event: 119.322 Thread 0x000001f27c9b8cd0 nmethod 15462 0x000001f229049e10 code [0x000001f229049fc0, 0x000001f22904a220]
Event: 119.322 Thread 0x000001f27c9b8cd0 15463       3       org.eclipse.jdt.internal.compiler.lookup.ProblemBinding::<init> (15 bytes)
Event: 119.322 Thread 0x000001f27c9b8cd0 nmethod 15463 0x000001f22904a390 code [0x000001f22904a540, 0x000001f22904a730]
Event: 119.322 Thread 0x000001f27c9b8cd0 15465       1       org.eclipse.jdt.internal.compiler.ast.ConstructorDeclaration::isInitializationMethod (2 bytes)
Event: 119.322 Thread 0x000001f27c9b8cd0 nmethod 15465 0x000001f22f38c390 code [0x000001f22f38c520, 0x000001f22f38c5e8]
Event: 119.322 Thread 0x000001f27c9b8cd0 15467       3       org.eclipse.jdt.internal.compiler.ast.FieldReference::generateAssignment (109 bytes)
Event: 119.323 Thread 0x000001f27c9b8cd0 nmethod 15467 0x000001f22904a810 code [0x000001f22904aa40, 0x000001f22904b440]
Event: 119.323 Thread 0x000001f27c9b8cd0 15468       3       org.eclipse.jdt.internal.compiler.codegen.StackMapFrameCodeStream::ireturn (13 bytes)
Event: 119.323 Thread 0x000001f27c9b8cd0 nmethod 15468 0x000001f22904b810 code [0x000001f22904b9c0, 0x000001f22904bbd0]
Event: 119.323 Thread 0x000001f27c9b8cd0 15469       3       org.eclipse.jdt.internal.compiler.codegen.CodeStream::ireturn (79 bytes)
Event: 119.323 Thread 0x000001f27c9b8cd0 nmethod 15469 0x000001f22904bc90 code [0x000001f22904bea0, 0x000001f22904c4e0]
Event: 119.323 Thread 0x000001f27c9b8cd0 15470       3       org.eclipse.jdt.internal.compiler.ast.Expression::addArgumentToRecipe (72 bytes)
Event: 119.324 Thread 0x000001f27c9b8cd0 nmethod 15470 0x000001f22904c790 code [0x000001f22904ca00, 0x000001f22904d2f8]
Event: 119.324 Thread 0x000001f27c9b8cd0 15471       3       org.eclipse.jdt.internal.compiler.ast.UnaryExpression::optimizedBooleanConstant (19 bytes)
Event: 119.324 Thread 0x000001f27c9b8cd0 nmethod 15471 0x000001f22904d710 code [0x000001f22904d8a0, 0x000001f22904d9f0]
Event: 119.325 Thread 0x000001f27c9b8cd0 15472       3       org.eclipse.jdt.internal.compiler.ClassFile::traverse (7238 bytes)

GC Heap History (20 events):
Event: 119.199 GC heap after
{Heap after GC invocations=324 (full 3):
 PSYoungGen      total 7168K, used 768K [0x00000000d5580000, 0x00000000d6000000, 0x0000000100000000)
  eden space 6144K, 0% used [0x00000000d5580000,0x00000000d5580000,0x00000000d5b80000)
  from space 1024K, 75% used [0x00000000d5b80000,0x00000000d5c40020,0x00000000d5c80000)
  to   space 2048K, 0% used [0x00000000d5e00000,0x00000000d5e00000,0x00000000d6000000)
 ParOldGen       total 210432K, used 210397K [0x0000000080000000, 0x000000008cd80000, 0x00000000d5580000)
  object space 210432K, 99% used [0x0000000080000000,0x000000008cd774a0,0x000000008cd80000)
 Metaspace       used 70795K, committed 72384K, reserved 1114112K
  class space    used 7165K, committed 7872K, reserved 1048576K
}
Event: 119.217 GC heap before
{Heap before GC invocations=325 (full 3):
 PSYoungGen      total 7168K, used 6912K [0x00000000d5580000, 0x00000000d6000000, 0x0000000100000000)
  eden space 6144K, 100% used [0x00000000d5580000,0x00000000d5b80000,0x00000000d5b80000)
  from space 1024K, 75% used [0x00000000d5b80000,0x00000000d5c40020,0x00000000d5c80000)
  to   space 2048K, 0% used [0x00000000d5e00000,0x00000000d5e00000,0x00000000d6000000)
 ParOldGen       total 210432K, used 210397K [0x0000000080000000, 0x000000008cd80000, 0x00000000d5580000)
  object space 210432K, 99% used [0x0000000080000000,0x000000008cd774a0,0x000000008cd80000)
 Metaspace       used 70821K, committed 72384K, reserved 1114112K
  class space    used 7165K, committed 7872K, reserved 1048576K
}
Event: 119.219 GC heap after
{Heap after GC invocations=325 (full 3):
 PSYoungGen      total 8192K, used 1842K [0x00000000d5580000, 0x00000000d6080000, 0x0000000100000000)
  eden space 6144K, 0% used [0x00000000d5580000,0x00000000d5580000,0x00000000d5b80000)
  from space 2048K, 89% used [0x00000000d5e00000,0x00000000d5fcca00,0x00000000d6000000)
  to   space 2560K, 0% used [0x00000000d5b80000,0x00000000d5b80000,0x00000000d5e00000)
 ParOldGen       total 211456K, used 211008K [0x0000000080000000, 0x000000008ce80000, 0x00000000d5580000)
  object space 211456K, 99% used [0x0000000080000000,0x000000008ce102c8,0x000000008ce80000)
 Metaspace       used 70821K, committed 72384K, reserved 1114112K
  class space    used 7165K, committed 7872K, reserved 1048576K
}
Event: 119.238 GC heap before
{Heap before GC invocations=326 (full 3):
 PSYoungGen      total 8192K, used 7986K [0x00000000d5580000, 0x00000000d6080000, 0x0000000100000000)
  eden space 6144K, 100% used [0x00000000d5580000,0x00000000d5b80000,0x00000000d5b80000)
  from space 2048K, 89% used [0x00000000d5e00000,0x00000000d5fcca00,0x00000000d6000000)
  to   space 2560K, 0% used [0x00000000d5b80000,0x00000000d5b80000,0x00000000d5e00000)
 ParOldGen       total 211456K, used 211008K [0x0000000080000000, 0x000000008ce80000, 0x00000000d5580000)
  object space 211456K, 99% used [0x0000000080000000,0x000000008ce102c8,0x000000008ce80000)
 Metaspace       used 70845K, committed 72384K, reserved 1114112K
  class space    used 7165K, committed 7872K, reserved 1048576K
}
Event: 119.239 GC heap after
{Heap after GC invocations=326 (full 3):
 PSYoungGen      total 7680K, used 1409K [0x00000000d5580000, 0x00000000d5f80000, 0x0000000100000000)
  eden space 6144K, 0% used [0x00000000d5580000,0x00000000d5580000,0x00000000d5b80000)
  from space 1536K, 91% used [0x00000000d5b80000,0x00000000d5ce07e8,0x00000000d5d00000)
  to   space 2048K, 0% used [0x00000000d5d80000,0x00000000d5d80000,0x00000000d5f80000)
 ParOldGen       total 212992K, used 212794K [0x0000000080000000, 0x000000008d000000, 0x00000000d5580000)
  object space 212992K, 99% used [0x0000000080000000,0x000000008cfce938,0x000000008d000000)
 Metaspace       used 70845K, committed 72384K, reserved 1114112K
  class space    used 7165K, committed 7872K, reserved 1048576K
}
Event: 119.250 GC heap before
{Heap before GC invocations=327 (full 3):
 PSYoungGen      total 7680K, used 7553K [0x00000000d5580000, 0x00000000d5f80000, 0x0000000100000000)
  eden space 6144K, 100% used [0x00000000d5580000,0x00000000d5b80000,0x00000000d5b80000)
  from space 1536K, 91% used [0x00000000d5b80000,0x00000000d5ce07e8,0x00000000d5d00000)
  to   space 2048K, 0% used [0x00000000d5d80000,0x00000000d5d80000,0x00000000d5f80000)
 ParOldGen       total 212992K, used 212794K [0x0000000080000000, 0x000000008d000000, 0x00000000d5580000)
  object space 212992K, 99% used [0x0000000080000000,0x000000008cfce938,0x000000008d000000)
 Metaspace       used 70847K, committed 72384K, reserved 1114112K
  class space    used 7165K, committed 7872K, reserved 1048576K
}
Event: 119.252 GC heap after
{Heap after GC invocations=327 (full 3):
 PSYoungGen      total 7168K, used 882K [0x00000000d5580000, 0x00000000d5e80000, 0x0000000100000000)
  eden space 6144K, 0% used [0x00000000d5580000,0x00000000d5580000,0x00000000d5b80000)
  from space 1024K, 86% used [0x00000000d5d80000,0x00000000d5e5c9a8,0x00000000d5e80000)
  to   space 1536K, 0% used [0x00000000d5b80000,0x00000000d5b80000,0x00000000d5d00000)
 ParOldGen       total 214528K, used 214033K [0x0000000080000000, 0x000000008d180000, 0x00000000d5580000)
  object space 214528K, 99% used [0x0000000080000000,0x000000008d104668,0x000000008d180000)
 Metaspace       used 70847K, committed 72384K, reserved 1114112K
  class space    used 7165K, committed 7872K, reserved 1048576K
}
Event: 119.264 GC heap before
{Heap before GC invocations=328 (full 3):
 PSYoungGen      total 7168K, used 7026K [0x00000000d5580000, 0x00000000d5e80000, 0x0000000100000000)
  eden space 6144K, 100% used [0x00000000d5580000,0x00000000d5b80000,0x00000000d5b80000)
  from space 1024K, 86% used [0x00000000d5d80000,0x00000000d5e5c9a8,0x00000000d5e80000)
  to   space 1536K, 0% used [0x00000000d5b80000,0x00000000d5b80000,0x00000000d5d00000)
 ParOldGen       total 214528K, used 214033K [0x0000000080000000, 0x000000008d180000, 0x00000000d5580000)
  object space 214528K, 99% used [0x0000000080000000,0x000000008d104668,0x000000008d180000)
 Metaspace       used 70847K, committed 72384K, reserved 1114112K
  class space    used 7165K, committed 7872K, reserved 1048576K
}
Event: 119.265 GC heap after
{Heap after GC invocations=328 (full 3):
 PSYoungGen      total 7680K, used 1129K [0x00000000d5580000, 0x00000000d5e80000, 0x0000000100000000)
  eden space 6144K, 0% used [0x00000000d5580000,0x00000000d5580000,0x00000000d5b80000)
  from space 1536K, 73% used [0x00000000d5b80000,0x00000000d5c9a600,0x00000000d5d00000)
  to   space 1536K, 0% used [0x00000000d5d00000,0x00000000d5d00000,0x00000000d5e80000)
 ParOldGen       total 215040K, used 214774K [0x0000000080000000, 0x000000008d200000, 0x00000000d5580000)
  object space 215040K, 99% used [0x0000000080000000,0x000000008d1bda88,0x000000008d200000)
 Metaspace       used 70847K, committed 72384K, reserved 1114112K
  class space    used 7165K, committed 7872K, reserved 1048576K
}
Event: 119.272 GC heap before
{Heap before GC invocations=329 (full 3):
 PSYoungGen      total 7680K, used 7273K [0x00000000d5580000, 0x00000000d5e80000, 0x0000000100000000)
  eden space 6144K, 100% used [0x00000000d5580000,0x00000000d5b80000,0x00000000d5b80000)
  from space 1536K, 73% used [0x00000000d5b80000,0x00000000d5c9a600,0x00000000d5d00000)
  to   space 1536K, 0% used [0x00000000d5d00000,0x00000000d5d00000,0x00000000d5e80000)
 ParOldGen       total 215040K, used 214774K [0x0000000080000000, 0x000000008d200000, 0x00000000d5580000)
  object space 215040K, 99% used [0x0000000080000000,0x000000008d1bda88,0x000000008d200000)
 Metaspace       used 70847K, committed 72384K, reserved 1114112K
  class space    used 7165K, committed 7872K, reserved 1048576K
}
Event: 119.273 GC heap after
{Heap after GC invocations=329 (full 3):
 PSYoungGen      total 7168K, used 676K [0x00000000d5580000, 0x00000000d5e00000, 0x0000000100000000)
  eden space 6144K, 0% used [0x00000000d5580000,0x00000000d5580000,0x00000000d5b80000)
  from space 1024K, 66% used [0x00000000d5d00000,0x00000000d5da9068,0x00000000d5e00000)
  to   space 1024K, 0% used [0x00000000d5c00000,0x00000000d5c00000,0x00000000d5d00000)
 ParOldGen       total 216064K, used 215788K [0x0000000080000000, 0x000000008d300000, 0x00000000d5580000)
  object space 216064K, 99% used [0x0000000080000000,0x000000008d2bb340,0x000000008d300000)
 Metaspace       used 70847K, committed 72384K, reserved 1114112K
  class space    used 7165K, committed 7872K, reserved 1048576K
}
Event: 119.291 GC heap before
{Heap before GC invocations=330 (full 3):
 PSYoungGen      total 7168K, used 6820K [0x00000000d5580000, 0x00000000d5e00000, 0x0000000100000000)
  eden space 6144K, 100% used [0x00000000d5580000,0x00000000d5b80000,0x00000000d5b80000)
  from space 1024K, 66% used [0x00000000d5d00000,0x00000000d5da9068,0x00000000d5e00000)
  to   space 1024K, 0% used [0x00000000d5c00000,0x00000000d5c00000,0x00000000d5d00000)
 ParOldGen       total 216064K, used 215788K [0x0000000080000000, 0x000000008d300000, 0x00000000d5580000)
  object space 216064K, 99% used [0x0000000080000000,0x000000008d2bb340,0x000000008d300000)
 Metaspace       used 70869K, committed 72384K, reserved 1114112K
  class space    used 7165K, committed 7872K, reserved 1048576K
}
Event: 119.293 GC heap after
{Heap after GC invocations=330 (full 3):
 PSYoungGen      total 7168K, used 1017K [0x00000000d5580000, 0x00000000d6080000, 0x0000000100000000)
  eden space 6144K, 0% used [0x00000000d5580000,0x00000000d5580000,0x00000000d5b80000)
  from space 1024K, 99% used [0x00000000d5c00000,0x00000000d5cfe590,0x00000000d5d00000)
  to   space 2560K, 0% used [0x00000000d5e00000,0x00000000d5e00000,0x00000000d6080000)
 ParOldGen       total 217088K, used 216863K [0x0000000080000000, 0x000000008d400000, 0x00000000d5580000)
  object space 217088K, 99% used [0x0000000080000000,0x000000008d3c7d98,0x000000008d400000)
 Metaspace       used 70869K, committed 72384K, reserved 1114112K
  class space    used 7165K, committed 7872K, reserved 1048576K
}
Event: 119.304 GC heap before
{Heap before GC invocations=331 (full 3):
 PSYoungGen      total 7168K, used 7161K [0x00000000d5580000, 0x00000000d6080000, 0x0000000100000000)
  eden space 6144K, 100% used [0x00000000d5580000,0x00000000d5b80000,0x00000000d5b80000)
  from space 1024K, 99% used [0x00000000d5c00000,0x00000000d5cfe590,0x00000000d5d00000)
  to   space 2560K, 0% used [0x00000000d5e00000,0x00000000d5e00000,0x00000000d6080000)
 ParOldGen       total 217088K, used 216863K [0x0000000080000000, 0x000000008d400000, 0x00000000d5580000)
  object space 217088K, 99% used [0x0000000080000000,0x000000008d3c7d98,0x000000008d400000)
 Metaspace       used 70875K, committed 72448K, reserved 1114112K
  class space    used 7165K, committed 7872K, reserved 1048576K
}
Event: 119.305 GC heap after
{Heap after GC invocations=331 (full 3):
 PSYoungGen      total 7168K, used 951K [0x00000000d5580000, 0x00000000d5f00000, 0x0000000100000000)
  eden space 6144K, 0% used [0x00000000d5580000,0x00000000d5580000,0x00000000d5b80000)
  from space 1024K, 92% used [0x00000000d5e00000,0x00000000d5eedef0,0x00000000d5f00000)
  to   space 1536K, 0% used [0x00000000d5c00000,0x00000000d5c00000,0x00000000d5d80000)
 ParOldGen       total 218112K, used 217919K [0x0000000080000000, 0x000000008d500000, 0x00000000d5580000)
  object space 218112K, 99% used [0x0000000080000000,0x000000008d4cffd0,0x000000008d500000)
 Metaspace       used 70875K, committed 72448K, reserved 1114112K
  class space    used 7165K, committed 7872K, reserved 1048576K
}
Event: 119.326 GC heap before
{Heap before GC invocations=332 (full 3):
 PSYoungGen      total 7168K, used 7082K [0x00000000d5580000, 0x00000000d5f00000, 0x0000000100000000)
  eden space 6144K, 99% used [0x00000000d5580000,0x00000000d5b7c988,0x00000000d5b80000)
  from space 1024K, 92% used [0x00000000d5e00000,0x00000000d5eedef0,0x00000000d5f00000)
  to   space 1536K, 0% used [0x00000000d5c00000,0x00000000d5c00000,0x00000000d5d80000)
 ParOldGen       total 218112K, used 217919K [0x0000000080000000, 0x000000008d500000, 0x00000000d5580000)
  object space 218112K, 99% used [0x0000000080000000,0x000000008d4cffd0,0x000000008d500000)
 Metaspace       used 70892K, committed 72448K, reserved 1114112K
  class space    used 7165K, committed 7872K, reserved 1048576K
}
Event: 119.327 GC heap after
{Heap after GC invocations=332 (full 3):
 PSYoungGen      total 7680K, used 1060K [0x00000000d5580000, 0x00000000d5e80000, 0x0000000100000000)
  eden space 6144K, 0% used [0x00000000d5580000,0x00000000d5580000,0x00000000d5b80000)
  from space 1536K, 69% used [0x00000000d5c00000,0x00000000d5d09188,0x00000000d5d80000)
  to   space 1024K, 0% used [0x00000000d5d80000,0x00000000d5d80000,0x00000000d5e80000)
 ParOldGen       total 219136K, used 218649K [0x0000000080000000, 0x000000008d600000, 0x00000000d5580000)
  object space 219136K, 99% used [0x0000000080000000,0x000000008d5865e8,0x000000008d600000)
 Metaspace       used 70892K, committed 72448K, reserved 1114112K
  class space    used 7165K, committed 7872K, reserved 1048576K
}
Event: 119.336 GC heap before
{Heap before GC invocations=333 (full 3):
 PSYoungGen      total 7680K, used 7204K [0x00000000d5580000, 0x00000000d5e80000, 0x0000000100000000)
  eden space 6144K, 100% used [0x00000000d5580000,0x00000000d5b80000,0x00000000d5b80000)
  from space 1536K, 69% used [0x00000000d5c00000,0x00000000d5d09188,0x00000000d5d80000)
  to   space 1024K, 0% used [0x00000000d5d80000,0x00000000d5d80000,0x00000000d5e80000)
 ParOldGen       total 219136K, used 218649K [0x0000000080000000, 0x000000008d600000, 0x00000000d5580000)
  object space 219136K, 99% used [0x0000000080000000,0x000000008d5865e8,0x000000008d600000)
 Metaspace       used 70901K, committed 72448K, reserved 1114112K
  class space    used 7165K, committed 7872K, reserved 1048576K
}
Event: 119.337 GC heap after
{Heap after GC invocations=333 (full 3):
 PSYoungGen      total 7168K, used 841K [0x00000000d5580000, 0x00000000d5e80000, 0x0000000100000000)
  eden space 6144K, 0% used [0x00000000d5580000,0x00000000d5580000,0x00000000d5b80000)
  from space 1024K, 82% used [0x00000000d5d80000,0x00000000d5e52640,0x00000000d5e80000)
  to   space 1024K, 0% used [0x00000000d5c80000,0x00000000d5c80000,0x00000000d5d80000)
 ParOldGen       total 219648K, used 219631K [0x0000000080000000, 0x000000008d680000, 0x00000000d5580000)
  object space 219648K, 99% used [0x0000000080000000,0x000000008d67bc90,0x000000008d680000)
 Metaspace       used 70901K, committed 72448K, reserved 1114112K
  class space    used 7165K, committed 7872K, reserved 1048576K
}
Event: 119.350 GC heap before
{Heap before GC invocations=334 (full 3):
 PSYoungGen      total 7168K, used 6985K [0x00000000d5580000, 0x00000000d5e80000, 0x0000000100000000)
  eden space 6144K, 100% used [0x00000000d5580000,0x00000000d5b80000,0x00000000d5b80000)
  from space 1024K, 82% used [0x00000000d5d80000,0x00000000d5e52640,0x00000000d5e80000)
  to   space 1024K, 0% used [0x00000000d5c80000,0x00000000d5c80000,0x00000000d5d80000)
 ParOldGen       total 219648K, used 219631K [0x0000000080000000, 0x000000008d680000, 0x00000000d5580000)
  object space 219648K, 99% used [0x0000000080000000,0x000000008d67bc90,0x000000008d680000)
 Metaspace       used 70902K, committed 72448K, reserved 1114112K
  class space    used 7165K, committed 7872K, reserved 1048576K
}

Dll operation events (10 events):
Event: 0.007 Loaded shared library c:\Users\Mihajlo\.vscode\extensions\redhat.java-1.52.0-win32-x64\jre\21.0.9-win32-x86_64\bin\java.dll
Event: 0.058 Loaded shared library c:\Users\Mihajlo\.vscode\extensions\redhat.java-1.52.0-win32-x64\jre\21.0.9-win32-x86_64\bin\zip.dll
Event: 0.073 Loaded shared library C:\Users\Mihajlo\.vscode\extensions\redhat.java-1.52.0-win32-x64\jre\21.0.9-win32-x86_64\bin\instrument.dll
Event: 0.076 Loaded shared library C:\Users\Mihajlo\.vscode\extensions\redhat.java-1.52.0-win32-x64\jre\21.0.9-win32-x86_64\bin\net.dll
Event: 0.078 Loaded shared library C:\Users\Mihajlo\.vscode\extensions\redhat.java-1.52.0-win32-x64\jre\21.0.9-win32-x86_64\bin\nio.dll
Event: 0.080 Loaded shared library C:\Users\Mihajlo\.vscode\extensions\redhat.java-1.52.0-win32-x64\jre\21.0.9-win32-x86_64\bin\zip.dll
Event: 0.092 Loaded shared library C:\Users\Mihajlo\.vscode\extensions\redhat.java-1.52.0-win32-x64\jre\21.0.9-win32-x86_64\bin\jimage.dll
Event: 0.143 Loaded shared library c:\Users\Mihajlo\.vscode\extensions\redhat.java-1.52.0-win32-x64\jre\21.0.9-win32-x86_64\bin\verify.dll
Event: 1.073 Loaded shared library C:\Users\Mihajlo\AppData\Roaming\Code\User\globalStorage\redhat.java\1.52.0\config_win\org.eclipse.equinox.launcher\org.eclipse.equinox.launcher.win32.win32.x86_64_1.2.1500.v20260121-1430\eclipse_11919.dll
Event: 2.123 Loaded shared library C:\Users\Mihajlo\AppData\Local\Temp\jna--1571558504\jna3180949798107940241.dll

Deoptimization events (20 events):
Event: 119.246 Thread 0x000001f27eb59140 Uncommon trap: trap_request=0xffffffde fr.pc=0x000001f22f34a5fc relative=0x000000000000143c
Event: 119.246 Thread 0x000001f27eb59140 Uncommon trap: reason=class_check action=maybe_recompile pc=0x000001f22f34a5fc method=org.eclipse.jdt.internal.compiler.lookup.PackageBinding.hasCompilationUnit(Z)Z @ 89 c2
Event: 119.246 Thread 0x000001f27eb59140 DEOPT PACKING pc=0x000001f22f34a5fc sp=0x0000005d5b3fddb0
Event: 119.246 Thread 0x000001f27eb59140 DEOPT UNPACKING pc=0x000001f22e263aa2 sp=0x0000005d5b3fdd80 mode 2
Event: 119.246 Thread 0x000001f27eb59140 Uncommon trap: trap_request=0xffffffde fr.pc=0x000001f22f33ea20 relative=0x0000000000001640
Event: 119.246 Thread 0x000001f27eb59140 Uncommon trap: reason=class_check action=maybe_recompile pc=0x000001f22f33ea20 method=org.eclipse.jdt.internal.core.NameLookup.seekPackageFragments(Ljava/lang/String;ZLorg/eclipse/jdt/internal/core/IJavaElementRequestor;[Lorg/eclipse/jdt/core/IPackageFrag
Event: 119.246 Thread 0x000001f27eb59140 DEOPT PACKING pc=0x000001f22f33ea20 sp=0x0000005d5b3fdb50
Event: 119.246 Thread 0x000001f27eb59140 DEOPT UNPACKING pc=0x000001f22e263aa2 sp=0x0000005d5b3fdb20 mode 2
Event: 119.246 Thread 0x000001f27eb59140 Uncommon trap: trap_request=0xffffffde fr.pc=0x000001f22f34a5fc relative=0x000000000000143c
Event: 119.246 Thread 0x000001f27eb59140 Uncommon trap: reason=class_check action=maybe_recompile pc=0x000001f22f34a5fc method=org.eclipse.jdt.internal.compiler.lookup.PackageBinding.hasCompilationUnit(Z)Z @ 89 c2
Event: 119.246 Thread 0x000001f27eb59140 DEOPT PACKING pc=0x000001f22f34a5fc sp=0x0000005d5b3fddb0
Event: 119.246 Thread 0x000001f27eb59140 DEOPT UNPACKING pc=0x000001f22e263aa2 sp=0x0000005d5b3fdd80 mode 2
Event: 119.246 Thread 0x000001f27eb59140 Uncommon trap: trap_request=0xffffffde fr.pc=0x000001f22f33ea20 relative=0x0000000000001640
Event: 119.246 Thread 0x000001f27eb59140 Uncommon trap: reason=class_check action=maybe_recompile pc=0x000001f22f33ea20 method=org.eclipse.jdt.internal.core.NameLookup.seekPackageFragments(Ljava/lang/String;ZLorg/eclipse/jdt/internal/core/IJavaElementRequestor;[Lorg/eclipse/jdt/core/IPackageFrag
Event: 119.246 Thread 0x000001f27eb59140 DEOPT PACKING pc=0x000001f22f33ea20 sp=0x0000005d5b3fdb50
Event: 119.246 Thread 0x000001f27eb59140 DEOPT UNPACKING pc=0x000001f22e263aa2 sp=0x0000005d5b3fdb20 mode 2
Event: 119.275 Thread 0x000001f27eb59140 Uncommon trap: trap_request=0xffffff6e fr.pc=0x000001f22f37de64 relative=0x0000000000000e24
Event: 119.275 Thread 0x000001f27eb59140 Uncommon trap: reason=loop_limit_check action=maybe_recompile pc=0x000001f22f37de64 method=org.eclipse.jdt.internal.compiler.lookup.BlockScope.findVariable([C)Lorg/eclipse/jdt/internal/compiler/lookup/LocalVariableBinding; @ 65 c2
Event: 119.275 Thread 0x000001f27eb59140 DEOPT PACKING pc=0x000001f22f37de64 sp=0x0000005d5b3fea00
Event: 119.275 Thread 0x000001f27eb59140 DEOPT UNPACKING pc=0x000001f22e263aa2 sp=0x0000005d5b3fe890 mode 2

Classes loaded (20 events):
Event: 30.983 Loading class sun/util/locale/provider/TimeZoneNameProviderImpl done
Event: 30.983 Loading class sun/util/cldr/CLDRTimeZoneNameProviderImpl done
Event: 30.984 Loading class sun/util/locale/provider/BaseLocaleDataMetaInfo
Event: 30.984 Loading class sun/util/locale/provider/BaseLocaleDataMetaInfo done
Event: 30.986 Loading class sun/util/resources/cldr/TimeZoneNames
Event: 30.986 Loading class sun/util/resources/TimeZoneNamesBundle
Event: 30.986 Loading class sun/util/resources/OpenListResourceBundle
Event: 30.986 Loading class sun/util/resources/OpenListResourceBundle done
Event: 30.986 Loading class sun/util/resources/TimeZoneNamesBundle done
Event: 30.986 Loading class sun/util/resources/cldr/TimeZoneNames done
Event: 30.987 Loading class sun/util/resources/cldr/TimeZoneNames_en
Event: 30.988 Loading class sun/util/resources/cldr/TimeZoneNames_en done
Event: 30.988 Loading class sun/util/resources/cldr/TimeZoneNames_en_US
Event: 30.988 Loading class sun/util/resources/cldr/TimeZoneNames_en_US done
Event: 30.989 Loading class sun/util/cldr/CLDRBaseLocaleDataMetaInfo$TZCanonicalIDMapHolder
Event: 30.990 Loading class sun/util/cldr/CLDRBaseLocaleDataMetaInfo$TZCanonicalIDMapHolder done
Event: 30.991 Loading class sun/util/resources/TimeZoneNames
Event: 30.992 Loading class sun/util/resources/TimeZoneNames done
Event: 30.992 Loading class sun/util/resources/TimeZoneNames_en
Event: 30.992 Loading class sun/util/resources/TimeZoneNames_en done

Classes unloaded (7 events):
Event: 2.487 Thread 0x000001f223b81850 Unloading class 0x000001f23c1a8c00 'java/lang/invoke/LambdaForm$MH+0x000001f23c1a8c00'
Event: 2.487 Thread 0x000001f223b81850 Unloading class 0x000001f23c1a8800 'java/lang/invoke/LambdaForm$MH+0x000001f23c1a8800'
Event: 2.487 Thread 0x000001f223b81850 Unloading class 0x000001f23c1a8400 'java/lang/invoke/LambdaForm$MH+0x000001f23c1a8400'
Event: 2.487 Thread 0x000001f223b81850 Unloading class 0x000001f23c1a8000 'java/lang/invoke/LambdaForm$MH+0x000001f23c1a8000'
Event: 2.487 Thread 0x000001f223b81850 Unloading class 0x000001f23c1a7c00 'java/lang/invoke/LambdaForm$BMH+0x000001f23c1a7c00'
Event: 2.487 Thread 0x000001f223b81850 Unloading class 0x000001f23c1a7800 'java/lang/invoke/LambdaForm$DMH+0x000001f23c1a7800'
Event: 2.487 Thread 0x000001f223b81850 Unloading class 0x000001f23c1a6400 'java/lang/invoke/LambdaForm$DMH+0x000001f23c1a6400'

Classes redefined (0 events):
No events

Internal exceptions (20 events):
Event: 12.385 Thread 0x000001f205b7f820 Implicit null exception at 0x000001f22edc4427 to 0x000001f22edc477c
Event: 12.388 Thread 0x000001f27eb59140 Implicit null exception at 0x000001f22eef5344 to 0x000001f22eef5954
Event: 12.424 Thread 0x000001f27eb5a4f0 Exception <a 'java/lang/NoSuchMethodError'{0x00000000d58b5748}: 'java.lang.Object java.lang.invoke.DirectMethodHandle$Holder.invokeStatic(java.lang.Object, java.lang.Object, int, java.lang.Object)'> (0x00000000d58b5748) 
thrown [s\src\hotspot\share\interpreter\linkResolver.cpp, line 773]
Event: 12.424 Thread 0x000001f27eb5a4f0 Exception <a 'java/lang/NoSuchMethodError'{0x00000000d58bcec8}: 'java.lang.Object java.lang.invoke.DirectMethodHandle$Holder.newInvokeSpecial(java.lang.Object, java.lang.Object, int)'> (0x00000000d58bcec8) 
thrown [s\src\hotspot\share\interpreter\linkResolver.cpp, line 773]
Event: 12.493 Thread 0x000001f27eb5a4f0 Exception <a 'java/lang/NoSuchMethodError'{0x00000000d60dac08}: 'void java.lang.invoke.DelegatingMethodHandle$Holder.reinvoke_L(java.lang.Object, java.lang.Object, java.lang.Object, int, java.lang.Object, int, int)'> (0x00000000d60dac08) 
thrown [s\src\hotspot\share\interpreter\linkResolver.cpp, line 773]
Event: 12.600 Thread 0x000001f205b7f820 Exception <a 'java/lang/LinkageError'{0x00000000d5ed31f0}: loader lombok.launch.ShadowClassLoader @3c885f87 attempted duplicate class definition for lombok.launch.PatchFixesHider$ExtensionMethod. (lombok.launch.PatchFixesHider$ExtensionMethod is in unnamed module of loader lombok.launch.ShadowClassLoader @3c885f87, parent loader org.eclipse.osgi.internal.loader.EquinoxClassLoader @2ac8e969)> (0x00000000d5ed31f0) 
thrown [s\src\hotspot\share\classfile\systemDictionary.cpp, line 1682]
Event: 12.646 Thread 0x000001f205b7f820 Exception <a 'java/lang/LinkageError'{0x00000000d59d1378}: loader lombok.launch.ShadowClassLoader @3c885f87 attempted duplicate class definition for lombok.launch.PatchFixesHider$Val. (lombok.launch.PatchFixesHider$Val is in unnamed module of loader lombok.launch.ShadowClassLoader @3c885f87, parent loader org.eclipse.osgi.internal.loader.EquinoxClassLoader @2ac8e969)> (0x00000000d59d1378) 
thrown [s\src\hotspot\share\classfile\systemDictionary.cpp, line 1682]
Event: 12.963 Thread 0x000001f27eb59140 Exception <a 'java/io/FileNotFoundException'{0x00000000d5a791f8}> (0x00000000d5a791f8) 
thrown [s\src\hotspot\share\prims\jni.cpp, line 520]
Event: 12.963 Thread 0x000001f27eb59140 Exception <a 'java/io/FileNotFoundException'{0x00000000d5a7a2e8}> (0x00000000d5a7a2e8) 
thrown [s\src\hotspot\share\prims\jni.cpp, line 520]
Event: 12.963 Thread 0x000001f27eb59140 Exception <a 'java/io/FileNotFoundException'{0x00000000d5a7b060}> (0x00000000d5a7b060) 
thrown [s\src\hotspot\share\prims\jni.cpp, line 520]
Event: 108.129 Thread 0x000001f205b7eb00 Exception <a 'java/lang/IncompatibleClassChangeError'{0x00000000d580a1f0}: Found class java.lang.Object, but interface was expected> (0x00000000d580a1f0) 
thrown [s\src\hotspot\share\interpreter\linkResolver.cpp, line 840]
Event: 114.057 Thread 0x000001f205b7eb00 Exception <a 'java/lang/IncompatibleClassChangeError'{0x00000000d595acf0}: Found class java.lang.Object, but interface was expected> (0x00000000d595acf0) 
thrown [s\src\hotspot\share\interpreter\linkResolver.cpp, line 840]
Event: 114.092 Thread 0x000001f205b7feb0 Exception <a 'java/lang/ArrayIndexOutOfBoundsException'{0x00000000d5a66548}: Index 9771 out of bounds for length 9770> (0x00000000d5a66548) 
thrown [s\src\hotspot\share\interpreter\interpreterRuntime.cpp, line 439]
Event: 114.097 Thread 0x000001f2064d9690 Exception <a 'java/lang/NoSuchMethodError'{0x00000000d5a9a638}: 'java.lang.Object java.lang.invoke.DirectMethodHandle$Holder.invokeSpecial(java.lang.Object, java.lang.Object, java.lang.Object, java.lang.Object, int, java.lang.Object, java.lang.Object)'> (0x00000000d5a9a638) 
thrown [s\src\hotspot\share\interpreter\linkResolver.cpp, line 773]
Event: 114.106 Thread 0x000001f2064da3b0 Implicit null exception at 0x000001f22ef06ac9 to 0x000001f22ef06c18
Event: 114.470 Thread 0x000001f2064d9690 Implicit null exception at 0x000001f22f069ef8 to 0x000001f22f069fc8
Event: 116.178 Thread 0x000001f27eb59140 Implicit null exception at 0x000001f22f1455c6 to 0x000001f22f145634
Event: 116.229 Thread 0x000001f27eb59140 Implicit null exception at 0x000001f22f1a1123 to 0x000001f22f1a1900
Event: 116.270 Thread 0x000001f27eb59140 Implicit null exception at 0x000001f22f1a2929 to 0x000001f22f1a2a6c
Event: 116.378 Thread 0x000001f27eb59140 Exception <a 'java/lang/NoSuchMethodError'{0x00000000d560b988}: 'java.lang.Object java.lang.invoke.DirectMethodHandle$Holder.invokeStatic(java.lang.Object, java.lang.Object, int, java.lang.Object, java.lang.Object)'> (0x00000000d560b988) 
thrown [s\src\hotspot\share\interpreter\linkResolver.cpp, line 773]

ZGC Phase Switch (0 events):
No events

VM Operations (20 events):
Event: 119.199 Executing VM operation: ParallelGCFailedAllocation (Allocation Failure) done
Event: 119.217 Executing VM operation: ParallelGCFailedAllocation (Allocation Failure)
Event: 119.219 Executing VM operation: ParallelGCFailedAllocation (Allocation Failure) done
Event: 119.238 Executing VM operation: ParallelGCFailedAllocation (Allocation Failure)
Event: 119.239 Executing VM operation: ParallelGCFailedAllocation (Allocation Failure) done
Event: 119.250 Executing VM operation: ParallelGCFailedAllocation (Allocation Failure)
Event: 119.252 Executing VM operation: ParallelGCFailedAllocation (Allocation Failure) done
Event: 119.264 Executing VM operation: ParallelGCFailedAllocation (Allocation Failure)
Event: 119.265 Executing VM operation: ParallelGCFailedAllocation (Allocation Failure) done
Event: 119.272 Executing VM operation: ParallelGCFailedAllocation (Allocation Failure)
Event: 119.274 Executing VM operation: ParallelGCFailedAllocation (Allocation Failure) done
Event: 119.291 Executing VM operation: ParallelGCFailedAllocation (Allocation Failure)
Event: 119.293 Executing VM operation: ParallelGCFailedAllocation (Allocation Failure) done
Event: 119.304 Executing VM operation: ParallelGCFailedAllocation (Allocation Failure)
Event: 119.306 Executing VM operation: ParallelGCFailedAllocation (Allocation Failure) done
Event: 119.326 Executing VM operation: ParallelGCFailedAllocation (Allocation Failure)
Event: 119.327 Executing VM operation: ParallelGCFailedAllocation (Allocation Failure) done
Event: 119.336 Executing VM operation: ParallelGCFailedAllocation (Allocation Failure)
Event: 119.337 Executing VM operation: ParallelGCFailedAllocation (Allocation Failure) done
Event: 119.350 Executing VM operation: ParallelGCFailedAllocation (Allocation Failure)

Memory protections (0 events):
No events

Nmethod flushes (20 events):
Event: 9.528 Thread 0x000001f223b81850 flushing  nmethod 0x000001f22755d190
Event: 9.528 Thread 0x000001f223b81850 flushing  nmethod 0x000001f22756c410
Event: 9.528 Thread 0x000001f223b81850 flushing  nmethod 0x000001f22757a910
Event: 9.528 Thread 0x000001f223b81850 flushing  nmethod 0x000001f22757ae90
Event: 9.528 Thread 0x000001f223b81850 flushing  nmethod 0x000001f22757b490
Event: 9.528 Thread 0x000001f223b81850 flushing  nmethod 0x000001f22757ed10
Event: 9.528 Thread 0x000001f223b81850 flushing  nmethod 0x000001f22757f810
Event: 9.528 Thread 0x000001f223b81850 flushing  nmethod 0x000001f22757fb90
Event: 9.528 Thread 0x000001f223b81850 flushing  nmethod 0x000001f227581b90
Event: 9.528 Thread 0x000001f223b81850 flushing  nmethod 0x000001f227592190
Event: 9.528 Thread 0x000001f223b81850 flushing  nmethod 0x000001f2275a3790
Event: 9.528 Thread 0x000001f223b81850 flushing  nmethod 0x000001f2275a8010
Event: 9.528 Thread 0x000001f223b81850 flushing  nmethod 0x000001f2275caa10
Event: 9.528 Thread 0x000001f223b81850 flushing osr nmethod 0x000001f2275d3590
Event: 9.528 Thread 0x000001f223b81850 flushing  nmethod 0x000001f227624210
Event: 9.528 Thread 0x000001f223b81850 flushing  nmethod 0x000001f22762ed10
Event: 9.528 Thread 0x000001f223b81850 flushing  nmethod 0x000001f227630610
Event: 9.528 Thread 0x000001f223b81850 flushing  nmethod 0x000001f227641410
Event: 9.528 Thread 0x000001f223b81850 flushing  nmethod 0x000001f227642b10
Event: 9.528 Thread 0x000001f223b81850 flushing  nmethod 0x000001f227677c90

Events (20 events):
Event: 111.550 Thread 0x000001f27c9b8cd0 Thread added: 0x000001f27e080280
Event: 113.167 Thread 0x000001f27e080280 Thread exited: 0x000001f27e080280
Event: 113.173 Thread 0x000001f27c9b8cd0 Thread added: 0x000001f27e080280
Event: 113.520 Thread 0x000001f27e080280 Thread exited: 0x000001f27e080280
Event: 113.520 Thread 0x000001f27e080950 Thread exited: 0x000001f27e080950
Event: 113.527 Thread 0x000001f27c9b8cd0 Thread added: 0x000001f27e080950
Event: 113.528 Thread 0x000001f27c9b8cd0 Thread added: 0x000001f27e080280
Event: 113.955 Thread 0x000001f27e080280 Thread exited: 0x000001f27e080280
Event: 113.955 Thread 0x000001f27e080950 Thread exited: 0x000001f27e080950
Event: 113.966 Thread 0x000001f27c9b8cd0 Thread added: 0x000001f27e082b60
Event: 113.968 Thread 0x000001f27c9b8cd0 Thread added: 0x000001f27e07f4e0
Event: 114.058 Thread 0x000001f205b7eb00 Thread added: 0x000001f2064d9690
Event: 114.828 Thread 0x000001f27e07f4e0 Thread exited: 0x000001f27e07f4e0
Event: 114.838 Thread 0x000001f27e082b60 Thread added: 0x000001f27e07f4e0
Event: 115.503 Thread 0x000001f27e07f4e0 Thread exited: 0x000001f27e07f4e0
Event: 115.507 Thread 0x000001f27e082b60 Thread exited: 0x000001f27e082b60
Event: 115.514 Thread 0x000001f27c9b8cd0 Thread added: 0x000001f27e07f4e0
Event: 115.517 Thread 0x000001f223b9e6d0 Thread added: 0x000001f27e082b60
Event: 116.101 Thread 0x000001f27e082b60 Thread exited: 0x000001f27e082b60
Event: 116.143 Thread 0x000001f27c9b8cd0 Thread added: 0x000001f27e080280


Dynamic libraries:
0x00007ff7908a0000 - 0x00007ff7908ae000 	c:\Users\Mihajlo\.vscode\extensions\redhat.java-1.52.0-win32-x64\jre\21.0.9-win32-x86_64\bin\java.exe
0x00007fffdb4c0000 - 0x00007fffdb728000 	C:\WINDOWS\SYSTEM32\ntdll.dll
0x00007fffdaa30000 - 0x00007fffdaaf9000 	C:\WINDOWS\System32\KERNEL32.DLL
0x00007fffd7e50000 - 0x00007fffd8241000 	C:\WINDOWS\System32\KERNELBASE.dll
0x00007fffd8f20000 - 0x00007fffd906b000 	C:\WINDOWS\System32\ucrtbase.dll
0x00007fffcbbb0000 - 0x00007fffcbbc8000 	c:\Users\Mihajlo\.vscode\extensions\redhat.java-1.52.0-win32-x64\jre\21.0.9-win32-x86_64\bin\jli.dll
0x00007fffbd500000 - 0x00007fffbd51e000 	c:\Users\Mihajlo\.vscode\extensions\redhat.java-1.52.0-win32-x64\jre\21.0.9-win32-x86_64\bin\VCRUNTIME140.dll
0x00007fffda6b0000 - 0x00007fffda876000 	C:\WINDOWS\System32\USER32.dll
0x00007fffbe7d0000 - 0x00007fffbea63000 	C:\WINDOWS\WinSxS\amd64_microsoft.windows.common-controls_6595b64144ccf1df_6.0.26100.7705_none_3e06597ae3363b04\COMCTL32.dll
0x00007fffda980000 - 0x00007fffdaa29000 	C:\WINDOWS\System32\msvcrt.dll
0x00007fffdb450000 - 0x00007fffdb47b000 	C:\WINDOWS\System32\GDI32.dll
0x00007fffd9230000 - 0x00007fffd9257000 	C:\WINDOWS\System32\win32u.dll
0x00007fffd9070000 - 0x00007fffd919b000 	C:\WINDOWS\System32\gdi32full.dll
0x00007fffd7da0000 - 0x00007fffd7e43000 	C:\WINDOWS\System32\msvcp_win.dll
0x00007fffda880000 - 0x00007fffda8b1000 	C:\WINDOWS\System32\IMM32.DLL
0x00007fffd3130000 - 0x00007fffd313c000 	c:\Users\Mihajlo\.vscode\extensions\redhat.java-1.52.0-win32-x64\jre\21.0.9-win32-x86_64\bin\vcruntime140_1.dll
0x00007fff7aff0000 - 0x00007fff7b07d000 	c:\Users\Mihajlo\.vscode\extensions\redhat.java-1.52.0-win32-x64\jre\21.0.9-win32-x86_64\bin\msvcp140.dll
0x00007fff2c380000 - 0x00007fff2d120000 	c:\Users\Mihajlo\.vscode\extensions\redhat.java-1.52.0-win32-x64\jre\21.0.9-win32-x86_64\bin\server\jvm.dll
0x00007fffd9da0000 - 0x00007fffd9e54000 	C:\WINDOWS\System32\ADVAPI32.dll
0x00007fffda8c0000 - 0x00007fffda966000 	C:\WINDOWS\System32\sechost.dll
0x00007fffd94e0000 - 0x00007fffd95f8000 	C:\WINDOWS\System32\RPCRT4.dll
0x00007fffd92f0000 - 0x00007fffd9364000 	C:\WINDOWS\System32\WS2_32.dll
0x00007fffd7a50000 - 0x00007fffd7aae000 	C:\WINDOWS\SYSTEM32\POWRPROF.dll
0x00007fffca820000 - 0x00007fffca855000 	C:\WINDOWS\SYSTEM32\WINMM.dll
0x00007fffd1440000 - 0x00007fffd144b000 	C:\WINDOWS\SYSTEM32\VERSION.dll
0x00007fffd7970000 - 0x00007fffd7984000 	C:\WINDOWS\SYSTEM32\UMPDC.dll
0x00007fffd6b10000 - 0x00007fffd6b2b000 	C:\WINDOWS\SYSTEM32\kernel.appcore.dll
0x00007fffd1a40000 - 0x00007fffd1a4a000 	c:\Users\Mihajlo\.vscode\extensions\redhat.java-1.52.0-win32-x64\jre\21.0.9-win32-x86_64\bin\jimage.dll
0x00007fffd5480000 - 0x00007fffd56c2000 	C:\WINDOWS\SYSTEM32\DBGHELP.DLL
0x00007fffd96f0000 - 0x00007fffd9a76000 	C:\WINDOWS\System32\combase.dll
0x00007fffd9e60000 - 0x00007fffd9f37000 	C:\WINDOWS\System32\OLEAUT32.dll
0x00007fffc12f0000 - 0x00007fffc132b000 	C:\WINDOWS\SYSTEM32\dbgcore.DLL
0x00007fffd8250000 - 0x00007fffd82f5000 	C:\WINDOWS\System32\bcryptPrimitives.dll
0x00007fffcb9b0000 - 0x00007fffcb9bf000 	c:\Users\Mihajlo\.vscode\extensions\redhat.java-1.52.0-win32-x64\jre\21.0.9-win32-x86_64\bin\instrument.dll
0x00007fffb3360000 - 0x00007fffb3380000 	c:\Users\Mihajlo\.vscode\extensions\redhat.java-1.52.0-win32-x64\jre\21.0.9-win32-x86_64\bin\java.dll
0x00007fffd9f50000 - 0x00007fffda6a1000 	C:\WINDOWS\System32\SHELL32.dll
0x00007fffd8c30000 - 0x00007fffd8d9a000 	C:\WINDOWS\System32\wintypes.dll
0x00007fffd8300000 - 0x00007fffd8b62000 	C:\WINDOWS\System32\windows.storage.dll
0x00007fffd9a80000 - 0x00007fffd9b76000 	C:\WINDOWS\System32\SHCORE.dll
0x00007fffd9600000 - 0x00007fffd9667000 	C:\WINDOWS\System32\shlwapi.dll
0x00007fffd7cc0000 - 0x00007fffd7ce9000 	C:\WINDOWS\SYSTEM32\profapi.dll
0x00007fffb3340000 - 0x00007fffb3358000 	c:\Users\Mihajlo\.vscode\extensions\redhat.java-1.52.0-win32-x64\jre\21.0.9-win32-x86_64\bin\zip.dll
0x00007fffc50c0000 - 0x00007fffc50d0000 	C:\Users\Mihajlo\.vscode\extensions\redhat.java-1.52.0-win32-x64\jre\21.0.9-win32-x86_64\bin\net.dll
0x00007fffd0fb0000 - 0x00007fffd10d7000 	C:\WINDOWS\SYSTEM32\WINHTTP.dll
0x00007fffd7060000 - 0x00007fffd70cb000 	C:\WINDOWS\system32\mswsock.dll
0x00007fffb2a80000 - 0x00007fffb2a96000 	C:\Users\Mihajlo\.vscode\extensions\redhat.java-1.52.0-win32-x64\jre\21.0.9-win32-x86_64\bin\nio.dll
0x00007fffc0590000 - 0x00007fffc05a0000 	c:\Users\Mihajlo\.vscode\extensions\redhat.java-1.52.0-win32-x64\jre\21.0.9-win32-x86_64\bin\verify.dll
0x00007fff7afa0000 - 0x00007fff7afe5000 	C:\Users\Mihajlo\AppData\Roaming\Code\User\globalStorage\redhat.java\1.52.0\config_win\org.eclipse.equinox.launcher\org.eclipse.equinox.launcher.win32.win32.x86_64_1.2.1500.v20260121-1430\eclipse_11919.dll
0x00007fffdb150000 - 0x00007fffdb2e7000 	C:\WINDOWS\System32\ole32.dll
0x00007fffd7450000 - 0x00007fffd746b000 	C:\WINDOWS\SYSTEM32\CRYPTSP.dll
0x00007fffd6a70000 - 0x00007fffd6aa9000 	C:\WINDOWS\system32\rsaenh.dll
0x00007fffd7110000 - 0x00007fffd713b000 	C:\WINDOWS\SYSTEM32\USERENV.dll
0x00007fffd7c90000 - 0x00007fffd7cba000 	C:\WINDOWS\SYSTEM32\bcrypt.dll
0x00007fffd72b0000 - 0x00007fffd72bc000 	C:\WINDOWS\SYSTEM32\CRYPTBASE.dll
0x00007fffd6510000 - 0x00007fffd6544000 	C:\WINDOWS\SYSTEM32\IPHLPAPI.DLL
0x00007fffd9b80000 - 0x00007fffd9b8a000 	C:\WINDOWS\System32\NSI.dll
0x00007fff79630000 - 0x00007fff79679000 	C:\Users\Mihajlo\AppData\Local\Temp\jna--1571558504\jna3180949798107940241.dll
0x00007fffd9d90000 - 0x00007fffd9d98000 	C:\WINDOWS\System32\PSAPI.DLL
0x00007fffd1120000 - 0x00007fffd113e000 	C:\WINDOWS\SYSTEM32\dhcpcsvc6.DLL
0x00007fffd10f0000 - 0x00007fffd1113000 	C:\WINDOWS\SYSTEM32\dhcpcsvc.DLL

JVMTI agents:
c:\Users\Mihajlo\.vscode\extensions\redhat.java-1.52.0-win32-x64\lombok\lombok-1.18.39-4050.jar path:c:\Users\Mihajlo\.vscode\extensions\redhat.java-1.52.0-win32-x64\jre\21.0.9-win32-x86_64\bin\instrument.dll, loaded, initialized, instrumentlib options:none

dbghelp: loaded successfully - version: 4.0.5 - missing functions: none
symbol engine: initialized successfully - sym options: 0x614 - pdb path: .;c:\Users\Mihajlo\.vscode\extensions\redhat.java-1.52.0-win32-x64\jre\21.0.9-win32-x86_64\bin;C:\WINDOWS\SYSTEM32;C:\WINDOWS\WinSxS\amd64_microsoft.windows.common-controls_6595b64144ccf1df_6.0.26100.7705_none_3e06597ae3363b04;c:\Users\Mihajlo\.vscode\extensions\redhat.java-1.52.0-win32-x64\jre\21.0.9-win32-x86_64\bin\server;C:\Users\Mihajlo\AppData\Roaming\Code\User\globalStorage\redhat.java\1.52.0\config_win\org.eclipse.equinox.launcher\org.eclipse.equinox.launcher.win32.win32.x86_64_1.2.1500.v20260121-1430;C:\Users\Mihajlo\AppData\Local\Temp\jna--1571558504

VM Arguments:
jvm_args: --add-modules=ALL-SYSTEM --add-opens=java.base/java.util=ALL-UNNAMED --add-opens=java.base/java.lang=ALL-UNNAMED --add-opens=java.base/sun.nio.fs=ALL-UNNAMED -Declipse.application=org.eclipse.jdt.ls.core.id1 -Dosgi.bundles.defaultStartLevel=4 -Declipse.product=org.eclipse.jdt.ls.core.product -Djava.import.generatesMetadataFilesAtProjectRoot=false -DDetectVMInstallationsJob.disabled=true -Dfile.encoding=utf8 -XX:+UseParallelGC -XX:GCTimeRatio=4 -XX:AdaptiveSizePolicyWeight=90 -Dsun.zip.disableMemoryMapping=true -Xmx2G -Xms100m -Xlog:disable -javaagent:c:\Users\Mihajlo\.vscode\extensions\redhat.java-1.52.0-win32-x64\lombok\lombok-1.18.39-4050.jar -XX:+HeapDumpOnOutOfMemoryError -XX:HeapDumpPath=c:\Users\Mihajlo\AppData\Roaming\Code\User\workspaceStorage\071757cfea9ed2b793f40c0f77799fe2\redhat.java -Daether.dependencyCollector.impl=bf 
java_command: c:\Users\Mihajlo\.vscode\extensions\redhat.java-1.52.0-win32-x64\server\plugins\org.eclipse.equinox.launcher_1.7.100.v20251111-0406.jar -configuration c:\Users\Mihajlo\AppData\Roaming\Code\User\globalStorage\redhat.java\1.52.0\config_win -data c:\Users\Mihajlo\AppData\Roaming\Code\User\workspaceStorage\071757cfea9ed2b793f40c0f77799fe2\redhat.java\jdt_ws --pipe=\\.\pipe\lsp-32b44693d7b3bbb68f0ffb232e7948f6-sock
java_class_path (initial): c:\Users\Mihajlo\.vscode\extensions\redhat.java-1.52.0-win32-x64\server\plugins\org.eclipse.equinox.launcher_1.7.100.v20251111-0406.jar
Launcher Type: SUN_STANDARD

[Global flags]
    uintx AdaptiveSizePolicyWeight                 = 90                                        {product} {command line}
     intx CICompilerCount                          = 4                                         {product} {ergonomic}
    uintx GCTimeRatio                              = 4                                         {product} {command line}
     bool HeapDumpOnOutOfMemoryError               = true                                   {manageable} {command line}
    ccstr HeapDumpPath                             = c:\Users\Mihajlo\AppData\Roaming\Code\User\workspaceStorage\071757cfea9ed2b793f40c0f77799fe2\redhat.java         {manageable} {command line}
   size_t InitialHeapSize                          = 104857600                                 {product} {command line}
   size_t MaxHeapSize                              = 2147483648                                {product} {command line}
   size_t MaxNewSize                               = 715653120                                 {product} {ergonomic}
   size_t MinHeapDeltaBytes                        = 524288                                    {product} {ergonomic}
   size_t MinHeapSize                              = 104857600                                 {product} {command line}
   size_t NewSize                                  = 34603008                                  {product} {ergonomic}
    uintx NonNMethodCodeHeapSize                   = 5839372                                {pd product} {ergonomic}
    uintx NonProfiledCodeHeapSize                  = 122909434                              {pd product} {ergonomic}
   size_t OldSize                                  = 70254592                                  {product} {ergonomic}
    uintx ProfiledCodeHeapSize                     = 122909434                              {pd product} {ergonomic}
    uintx ReservedCodeCacheSize                    = 251658240                              {pd product} {ergonomic}
     bool SegmentedCodeCache                       = true                                      {product} {ergonomic}
   size_t SoftMaxHeapSize                          = 2147483648                             {manageable} {ergonomic}
     bool UseCompressedOops                        = true                           {product lp64_product} {ergonomic}
     bool UseLargePagesIndividualAllocation        = false                                  {pd product} {ergonomic}
     bool UseParallelGC                            = true                                      {product} {command line}

Logging:
Log output configuration:
 #0: stdout all=off uptime,level,tags foldmultilines=false
 #1: stderr all=off uptime,level,tags foldmultilines=false

Release file:
JAVA_VERSION="21.0.9" 
MODULES="java.base java.compiler java.datatransfer java.xml java.prefs java.desktop java.instrument java.logging java.management java.security.sasl java.naming java.rmi java.management.rmi java.net.http java.scripting java.security.jgss java.transaction.xa java.sql java.sql.rowset java.xml.crypto java.se java.smartcardio jdk.accessibility jdk.internal.jvmstat jdk.attach jdk.charsets jdk.internal.opt jdk.zipfs jdk.compiler jdk.crypto.ec jdk.crypto.cryptoki jdk.crypto.mscapi jdk.dynalink jdk.internal.ed jdk.editpad jdk.hotspot.agent jdk.httpserver jdk.internal.le jdk.internal.vm.ci jdk.internal.vm.compiler jdk.internal.vm.compiler.management jdk.jartool jdk.javadoc jdk.jcmd jdk.management jdk.management.agent jdk.jconsole jdk.jdeps jdk.jdwp.agent jdk.jdi jdk.jfr jdk.jshell jdk.jsobject jdk.jstatd jdk.localedata jdk.management.jfr jdk.naming.dns jdk.naming.rmi jdk.net jdk.nio.mapmode jdk.random jdk.sctp jdk.security.auth jdk.security.jgss jdk.unsupported jdk.unsupported.desktop jdk.xml.dom" 

Environment Variables:
JAVA_HOME=C:\Program Files\Java\jdk-19
PATH=C:\Python313\Scripts\;C:\Python313\;C:\app\Mihajlo\product\21c\dbhomeXE\bin;C:\Program Files\Common Files\Oracle\Java\javapath;C:\ProgramData\Oracle\Java\javapath;C:\Windows\system32;C:\Windows;C:\Windows\System32\Wbem;C:\Windows\System32\WindowsPowerShell\v1.0\;C:\Windows\System32\OpenSSH\;C:\Program Files (x86)\NVIDIA Corporation\PhysX\Common;C:\WINDOWS\system32;C:\WINDOWS;C:\WINDOWS\System32\Wbem;C:\WINDOWS\System32\WindowsPowerShell\v1.0\;C:\WINDOWS\System32\OpenSSH\;C:\Python310;C:\Program Files\dotnet\;"C:\Program Files\Java\jdk-19\bin;";C:\Program Files\Go\bin;C:\Program Files\Git\cmd;C:\Python310\Scripts;C:\Program Files\Microsoft SQL Server\150\Tools\Binn\;C:\Program Files\Microsoft SQL Server\Client SDK\ODBC\170\Tools\Binn\;C:\Program Files (x86)\dotnet\;C:\Program Files\NVIDIA Corporation\NVIDIA app\NvDLISR;C:\WINDOWS\system32;C:\WINDOWS;C:\WINDOWS\System32\Wbem;C:\WINDOWS\System32\WindowsPowerShell\v1.0\;C:\WINDOWS\System32\OpenSSH\;C:\Program Files\nodejs\;C:\ProgramData\chocolatey\bin;C:\Program Files\Amazon\AWSCLIV2\;C:\Program Files (x86)\Windows Kits\10\Windows Performance Toolkit\;C:\Program Files\Docker\Docker\resources\bin;C:\Users\Mihajlo\AppData\Local\Microsoft\WindowsApps;C:\Users\Mihajlo\AppData\Local\Programs\Microsoft VS Code\bin;C:\Users\Mihajlo\go\bin;C:\Users\Mihajlo\.dotnet\tools;C:\Users\Mihajlo\AppData\Local\GitHubDesktop\bin;C:\Users\Mihajlo\AppData\Local\JetBrains\Toolbox\scripts;C:\Users\Mihajlo\AppData\Local\Microsoft\WinGet\Packages\Schniz.fnm_Microsoft.Winget.Source_8wekyb3d8bbwe;C:\Users\Mihajlo\AppData\Local\Microsoft\WindowsApps;C:\Users\Mihajlo\.dotnet\tools;C:\Users\Mihajlo\AppData\Roaming\npm
USERNAME=Mihajlo
OS=Windows_NT
PROCESSOR_IDENTIFIER=AMD64 Family 25 Model 33 Stepping 2, AuthenticAMD
TMP=C:\Users\Mihajlo\AppData\Local\Temp
TEMP=C:\Users\Mihajlo\AppData\Local\Temp




Periodic native trim disabled

---------------  S Y S T E M  ---------------

OS:
 Windows 11 , 64 bit Build 26100 (10.0.26100.7705)
OS uptime: 0 days 0:45 hours
Hyper-V role detected

CPU: total 12 (initial active 12) (12 cores per cpu, 2 threads per core) family 25 model 33 stepping 2 microcode 0xa201205, cx8, cmov, fxsr, ht, mmx, 3dnowpref, sse, sse2, sse3, ssse3, sse4a, sse4.1, sse4.2, popcnt, lzcnt, tsc, tscinvbit, avx, avx2, aes, erms, clmul, bmi1, bmi2, adx, sha, fma, vzeroupper, clflush, clflushopt, hv, rdtscp, rdpid, fsrm, f16c, cet_ss
Processor Information for the first 12 processors :
  Max Mhz: 3501, Current Mhz: 3501, Mhz Limit: 3501

Memory: 4k page, system-wide physical 16307M (1516M free)
TotalPageFile size 20807M (AvailPageFile size 26M)
current process WorkingSet (physical memory assigned to process): 494M, peak: 494M
current process commit charge ("private bytes"): 571M, peak: 571M

vm_info: OpenJDK 64-Bit Server VM (21.0.9+10-LTS) for windows-amd64 JRE (21.0.9+10-LTS), built on 2025-10-21T00:00:00Z by "admin" with unknown MS VC++:1942

END.
