#
# There is insufficient memory for the Java Runtime Environment to continue.
# Native memory allocation (mmap) failed to map 2097152 bytes. Error detail: G1 virtual space
# Possible reasons:
#   The system is out of physical RAM or swap space
#   This process is running with CompressedOops enabled, and the Java Heap may be blocking the growth of the native heap
# Possible solutions:
#   Reduce memory load on the system
#   Increase physical memory or swap space
#   Check if swap backing store is full
#   Decrease Java heap size (-Xmx/-Xms)
#   Decrease number of Java threads
#   Decrease Java thread stack sizes (-Xss)
#   Set larger code cache with -XX:ReservedCodeCacheSize=
#   JVM is running with Zero Based Compressed Oops mode in which the Java heap is
#     placed in the first 32GB address space. The Java Heap base address is the
#     maximum limit for the native heap growth. Please use -XX:HeapBaseMinAddress
#     to set the Java Heap base and to place the Java Heap above 32GB virtual address.
# This output file may be truncated or incomplete.
#
#  Out of Memory Error (os_windows.cpp:3554), pid=19560, tid=7928
#
# JRE version: OpenJDK Runtime Environment (25.0.2+10) (build 25.0.2+10-69)
# Java VM: OpenJDK 64-Bit Server VM (25.0.2+10-69, mixed mode, emulated-client, sharing, tiered, compressed oops, compressed class ptrs, g1 gc, windows-amd64)
# No core dump will be written. Minidumps are not enabled by default on client versions of Windows
#

---------------  S U M M A R Y ------------

Command Line: -XX:TieredStopAtLevel=1 -Dspring.output.ansi.enabled=always -Dcom.sun.management.jmxremote -Dspring.jmx.enabled=true -Dspring.liveBeansView.mbeanDomain -Dspring.application.admin.enabled=true -Dmanagement.endpoints.jmx.exposure.include=* -javaagent:C:\Program Files\JetBrains\IntelliJ IDEA 2024.2.3\lib\idea_rt.jar=64747:C:\Program Files\JetBrains\IntelliJ IDEA 2024.2.3\bin -Dfile.encoding=UTF-8 nvt.backend.BackendApplication

Host: AMD Ryzen 5 5600 6-Core Processor              , 12 cores, 15G,  Windows 11 , 64 bit Build 26100 (10.0.26100.7623)
Time: Tue Jan 27 22:23:01 2026 Central Europe Standard Time elapsed time: 695.385507 seconds (0d 0h 11m 35s)

---------------  T H R E A D  ---------------

Current thread (0x0000021b57c30630):  WorkerThread "GC Thread#9"    [id=7928, stack(0x000000c2eb700000,0x000000c2eb800000) (1024K)]

Stack: [0x000000c2eb700000,0x000000c2eb800000]
Native frames: (J=compiled Java code, j=interpreted, Vv=VM code, C=native code)
V  [jvm.dll+0x7a70f9]  (no source info available)
V  [jvm.dll+0x772d6d]  (no source info available)
V  [jvm.dll+0x965d53]  (no source info available)
V  [jvm.dll+0x968351]  (no source info available)
V  [jvm.dll+0x968a63]  (no source info available)
V  [jvm.dll+0x2fc846]  (no source info available)
V  [jvm.dll+0x7a3325]  (no source info available)
V  [jvm.dll+0x796737]  (no source info available)
V  [jvm.dll+0x3f4988]  (no source info available)
V  [jvm.dll+0x3fc8d6]  (no source info available)
V  [jvm.dll+0x3e8c55]  (no source info available)
V  [jvm.dll+0x3e9321]  (no source info available)
V  [jvm.dll+0x3e93df]  (no source info available)
V  [jvm.dll+0x3c17fc]  (no source info available)
V  [jvm.dll+0x3c154d]  (no source info available)
V  [jvm.dll+0x3aea5b]  (no source info available)
V  [jvm.dll+0x3aee36]  (no source info available)
V  [jvm.dll+0x3afacb]  (no source info available)
V  [jvm.dll+0x3aff30]  (no source info available)
V  [jvm.dll+0x3af9ad]  (no source info available)
V  [jvm.dll+0x3f68b1]  (no source info available)
V  [jvm.dll+0x3f6cb5]  (no source info available)
V  [jvm.dll+0x3f4f98]  (no source info available)
V  [jvm.dll+0x3f8078]  (no source info available)
V  [jvm.dll+0x3f437e]  (no source info available)
V  [jvm.dll+0x4034a9]  (no source info available)
V  [jvm.dll+0x40326d]  (no source info available)
V  [jvm.dll+0x4018ea]  (no source info available)
V  [jvm.dll+0x402deb]  (no source info available)
V  [jvm.dll+0x40db33]  (no source info available)
V  [jvm.dll+0x40de58]  (no source info available)
V  [jvm.dll+0x9998c1]  (no source info available)
V  [jvm.dll+0x906fcd]  (no source info available)
V  [jvm.dll+0x7a56d5]  (no source info available)
C  [ucrtbase.dll+0x37b0]  (no source info available)
C  [KERNEL32.DLL+0x2e8d7]  (no source info available)
C  [ntdll.dll+0x8c53c]  (no source info available)


---------------  P R O C E S S  ---------------

Threads class SMR info:
_java_thread_list=0x0000021b5f3923a0, length=77, elements={
0x0000021b51b152d0, 0x0000021b51b16a00, 0x0000021b51b1ad80, 0x0000021b51b1bd40,
0x0000021b51b1d5d0, 0x0000021b51b1f3a0, 0x0000021b51b2fa90, 0x0000021b5240cc70,
0x0000021b52d12150, 0x0000021b52d12d90, 0x0000021b5764fd40, 0x0000021b5768c210,
0x0000021b5769d940, 0x0000021b57c633c0, 0x0000021b57c65ad0, 0x0000021b5782b350,
0x0000021b5a164ba0, 0x0000021b5a162c60, 0x0000021b5a165370, 0x0000021b5a167a80,
0x0000021b5a1691f0, 0x0000021b5f3d6f30, 0x0000021b5f3d7ed0, 0x0000021b5f3d86a0,
0x0000021b5f3d8e70, 0x0000021b5f3d5f90, 0x0000021b5f3d6760, 0x0000021b5f3dbd50,
0x0000021b5f3da5e0, 0x0000021b5f3dccf0, 0x0000021b5f3db580, 0x0000021b5f408620,
0x0000021b5f40a560, 0x0000021b5f40bcd0, 0x0000021b5f408df0, 0x0000021b5f409d90,
0x0000021b5f436870, 0x0000021b5f437810, 0x0000021b5f4360a0, 0x0000021b5f434160,
0x0000021b5f437fe0, 0x0000021b5f438f80, 0x0000021b5f439750, 0x0000021b5f42c920,
0x0000021b5f4307a0, 0x0000021b5f430f70, 0x0000021b5f42d8c0, 0x0000021b5f431f10,
0x0000021b5f4326e0, 0x0000021b5f433680, 0x0000021b5f47c660, 0x0000021b5f47aef0,
0x0000021b5f47ce30, 0x0000021b5f47b6c0, 0x0000021b5f49f060, 0x0000021b5f4a0fa0,
0x0000021b5f4a1770, 0x0000021b5f4a07d0, 0x0000021b5f4a36b0, 0x0000021b5f4a4e20,
0x0000021b5f4a3e80, 0x0000021b5f4a6590, 0x0000021b5f48e740, 0x0000021b5f4925c0,
0x0000021b5f493560, 0x0000021b5f496440, 0x0000021b5f496c10, 0x0000021b5f499af0,
0x0000021b5f498380, 0x0000021b5f49c9d0, 0x0000021b5f49b260, 0x0000021b51b20380,
0x0000021b5782e230, 0x0000021b57c64360, 0x0000021b5f4ebf70, 0x0000021b5f4f0d90,
0x0000021b5f4f6b50
}

Java Threads: ( => current thread )
  0x0000021b51b152d0 JavaThread "Reference Handler"          daemon [_thread_blocked, id=21800, stack(0x000000c2e9b00000,0x000000c2e9c00000) (1024K)]
  0x0000021b51b16a00 JavaThread "Finalizer"                  daemon [_thread_blocked, id=4284, stack(0x000000c2e9c00000,0x000000c2e9d00000) (1024K)]
  0x0000021b51b1ad80 JavaThread "Signal Dispatcher"          daemon [_thread_blocked, id=15840, stack(0x000000c2e9d00000,0x000000c2e9e00000) (1024K)]
  0x0000021b51b1bd40 JavaThread "Attach Listener"            daemon [_thread_blocked, id=19556, stack(0x000000c2e9e00000,0x000000c2e9f00000) (1024K)]
  0x0000021b51b1d5d0 JavaThread "Service Thread"             daemon [_thread_blocked, id=15760, stack(0x000000c2e9f00000,0x000000c2ea000000) (1024K)]
  0x0000021b51b1f3a0 JavaThread "Monitor Deflation Thread"   daemon [_thread_blocked, id=20528, stack(0x000000c2ea000000,0x000000c2ea100000) (1024K)]
  0x0000021b51b2fa90 JavaThread "C1 CompilerThread0"         daemon [_thread_blocked, id=7308, stack(0x000000c2ea100000,0x000000c2ea200000) (1024K)]
  0x0000021b5240cc70 JavaThread "Common-Cleaner"             daemon [_thread_blocked, id=23532, stack(0x000000c2ea300000,0x000000c2ea400000) (1024K)]
  0x0000021b52d12150 JavaThread "Monitor Ctrl-Break"         daemon [_thread_in_native, id=22388, stack(0x000000c2ea500000,0x000000c2ea600000) (1024K)]
  0x0000021b52d12d90 JavaThread "Notification Thread"        daemon [_thread_blocked, id=11812, stack(0x000000c2ea600000,0x000000c2ea700000) (1024K)]
  0x0000021b5764fd40 JavaThread "RMI TCP Accept-0"           daemon [_thread_in_native, id=17772, stack(0x000000c2ea700000,0x000000c2ea800000) (1024K)]
  0x0000021b5768c210 JavaThread "RMI Scheduler(0)"           daemon [_thread_blocked, id=15700, stack(0x000000c2ea900000,0x000000c2eaa00000) (1024K)]
  0x0000021b5769d940 JavaThread "JMX server connection timeout 31" daemon [_thread_blocked, id=22816, stack(0x000000c2eaa00000,0x000000c2eab00000) (1024K)]
  0x0000021b57c633c0 JavaThread "PostgreSQL-JDBC-Cleaner"    daemon [_thread_blocked, id=24348, stack(0x000000c2eba00000,0x000000c2ebb00000) (1024K)]
  0x0000021b57c65ad0 JavaThread "HikariPool-1 housekeeper"   daemon [_thread_blocked, id=16180, stack(0x000000c2ebb00000,0x000000c2ebc00000) (1024K)]
  0x0000021b5782b350 JavaThread "Catalina-utility-1"                [_thread_blocked, id=10300, stack(0x000000c2ebd00000,0x000000c2ebe00000) (1024K)]
  0x0000021b5a164ba0 JavaThread "Catalina-utility-2"                [_thread_blocked, id=15128, stack(0x000000c2ebe00000,0x000000c2ebf00000) (1024K)]
  0x0000021b5a162c60 JavaThread "container-0"                       [_thread_blocked, id=18044, stack(0x000000c2ebf00000,0x000000c2ec000000) (1024K)]
  0x0000021b5a165370 JavaThread "OkHttp TaskRunner"          daemon [_thread_blocked, id=13248, stack(0x000000c2ec000000,0x000000c2ec100000) (1024K)]
  0x0000021b5a167a80 JavaThread "lettuce-timer-3-1"          daemon [_thread_blocked, id=12496, stack(0x000000c2ec200000,0x000000c2ec300000) (1024K)]
  0x0000021b5a1691f0 JavaThread "File Watcher"               daemon [_thread_blocked, id=9144, stack(0x000000c2ec300000,0x000000c2ec400000) (1024K)]
  0x0000021b5f3d6f30 JavaThread "Live Reload Server"         daemon [_thread_in_native, id=14364, stack(0x000000c2ec500000,0x000000c2ec600000) (1024K)]
  0x0000021b5f3d7ed0 JavaThread "MessageBroker-1"                   [_thread_blocked, id=13848, stack(0x000000c2ec400000,0x000000c2ec500000) (1024K)]
  0x0000021b5f3d86a0 JavaThread "http-nio-8080-exec-1"       daemon [_thread_blocked, id=11876, stack(0x000000c2ec600000,0x000000c2ec700000) (1024K)]
  0x0000021b5f3d8e70 JavaThread "http-nio-8080-exec-2"       daemon [_thread_blocked, id=3544, stack(0x000000c2ec700000,0x000000c2ec800000) (1024K)]
  0x0000021b5f3d5f90 JavaThread "http-nio-8080-exec-3"       daemon [_thread_blocked, id=17080, stack(0x000000c2ec800000,0x000000c2ec900000) (1024K)]
  0x0000021b5f3d6760 JavaThread "http-nio-8080-exec-4"       daemon [_thread_blocked, id=8960, stack(0x000000c2ec900000,0x000000c2eca00000) (1024K)]
  0x0000021b5f3dbd50 JavaThread "http-nio-8080-exec-5"       daemon [_thread_blocked, id=24156, stack(0x000000c2eca00000,0x000000c2ecb00000) (1024K)]
  0x0000021b5f3da5e0 JavaThread "http-nio-8080-exec-6"       daemon [_thread_blocked, id=16412, stack(0x000000c2ecb00000,0x000000c2ecc00000) (1024K)]
  0x0000021b5f3dccf0 JavaThread "http-nio-8080-exec-7"       daemon [_thread_blocked, id=14584, stack(0x000000c2ecc00000,0x000000c2ecd00000) (1024K)]
  0x0000021b5f3db580 JavaThread "http-nio-8080-exec-8"       daemon [_thread_blocked, id=3792, stack(0x000000c2ecd00000,0x000000c2ece00000) (1024K)]
  0x0000021b5f408620 JavaThread "http-nio-8080-exec-9"       daemon [_thread_blocked, id=20484, stack(0x000000c2ece00000,0x000000c2ecf00000) (1024K)]
  0x0000021b5f40a560 JavaThread "http-nio-8080-exec-10"      daemon [_thread_blocked, id=15612, stack(0x000000c2ecf00000,0x000000c2ed000000) (1024K)]
  0x0000021b5f40bcd0 JavaThread "http-nio-8080-exec-11"      daemon [_thread_blocked, id=1876, stack(0x000000c2ed000000,0x000000c2ed100000) (1024K)]
  0x0000021b5f408df0 JavaThread "http-nio-8080-exec-12"      daemon [_thread_blocked, id=8584, stack(0x000000c2ed100000,0x000000c2ed200000) (1024K)]
  0x0000021b5f409d90 JavaThread "http-nio-8080-exec-13"      daemon [_thread_blocked, id=15792, stack(0x000000c2ed200000,0x000000c2ed300000) (1024K)]
  0x0000021b5f436870 JavaThread "http-nio-8080-exec-14"      daemon [_thread_blocked, id=14580, stack(0x000000c2ed300000,0x000000c2ed400000) (1024K)]
  0x0000021b5f437810 JavaThread "http-nio-8080-exec-15"      daemon [_thread_blocked, id=23340, stack(0x000000c2ed400000,0x000000c2ed500000) (1024K)]
  0x0000021b5f4360a0 JavaThread "http-nio-8080-exec-16"      daemon [_thread_blocked, id=376, stack(0x000000c2ed500000,0x000000c2ed600000) (1024K)]
  0x0000021b5f434160 JavaThread "http-nio-8080-exec-17"      daemon [_thread_blocked, id=2056, stack(0x000000c2ed600000,0x000000c2ed700000) (1024K)]
  0x0000021b5f437fe0 JavaThread "http-nio-8080-exec-18"      daemon [_thread_blocked, id=22900, stack(0x000000c2ed700000,0x000000c2ed800000) (1024K)]
  0x0000021b5f438f80 JavaThread "http-nio-8080-exec-19"      daemon [_thread_blocked, id=22368, stack(0x000000c2ed800000,0x000000c2ed900000) (1024K)]
  0x0000021b5f439750 JavaThread "http-nio-8080-exec-20"      daemon [_thread_blocked, id=812, stack(0x000000c2ed900000,0x000000c2eda00000) (1024K)]
  0x0000021b5f42c920 JavaThread "http-nio-8080-Poller"       daemon [_thread_blocked, id=22580, stack(0x000000c2eda00000,0x000000c2edb00000) (1024K)]
  0x0000021b5f4307a0 JavaThread "http-nio-8080-Acceptor"     daemon [_thread_in_native, id=2680, stack(0x000000c2edb00000,0x000000c2edc00000) (1024K)]
  0x0000021b5f430f70 JavaThread "AMQP Connection 127.0.0.1:5672"        [_thread_in_native, id=10168, stack(0x000000c2edc00000,0x000000c2edd00000) (1024K)]
  0x0000021b5f42d8c0 JavaThread "pool-1-thread-2"                   [_thread_blocked, id=2528, stack(0x000000c2edd00000,0x000000c2ede00000) (1024K)]
  0x0000021b5f431f10 JavaThread "org.springframework.amqp.rabbit.RabbitListenerEndpointContainer#0-1"        [_thread_blocked, id=7624, stack(0x000000c2ede00000,0x000000c2edf00000) (1024K)]
  0x0000021b5f4326e0 JavaThread "pool-1-thread-3"                   [_thread_blocked, id=15804, stack(0x000000c2edf00000,0x000000c2ee000000) (1024K)]
  0x0000021b5f433680 JavaThread "org.springframework.amqp.rabbit.RabbitListenerEndpointContainer#1-1"        [_thread_blocked, id=14800, stack(0x000000c2ee000000,0x000000c2ee100000) (1024K)]
  0x0000021b5f47c660 JavaThread "pool-1-thread-4"                   [_thread_blocked, id=19696, stack(0x000000c2ee100000,0x000000c2ee200000) (1024K)]
  0x0000021b5f47aef0 JavaThread "org.springframework.amqp.rabbit.RabbitListenerEndpointContainer#2-1"        [_thread_blocked, id=2148, stack(0x000000c2ee200000,0x000000c2ee300000) (1024K)]
  0x0000021b5f47ce30 JavaThread "pool-1-thread-5"                   [_thread_blocked, id=17508, stack(0x000000c2ee300000,0x000000c2ee400000) (1024K)]
  0x0000021b5f47b6c0 JavaThread "org.springframework.amqp.rabbit.RabbitListenerEndpointContainer#3-1"        [_thread_blocked, id=19620, stack(0x000000c2ee400000,0x000000c2ee500000) (1024K)]
  0x0000021b5f49f060 JavaThread "pool-1-thread-6"                   [_thread_blocked, id=7268, stack(0x000000c2ee500000,0x000000c2ee600000) (1024K)]
  0x0000021b5f4a0fa0 JavaThread "org.springframework.amqp.rabbit.RabbitListenerEndpointContainer#4-1"        [_thread_blocked, id=24084, stack(0x000000c2ee600000,0x000000c2ee700000) (1024K)]
  0x0000021b5f4a1770 JavaThread "pool-1-thread-7"                   [_thread_blocked, id=5400, stack(0x000000c2ee700000,0x000000c2ee800000) (1024K)]
  0x0000021b5f4a07d0 JavaThread "MessageBroker-2"                   [_thread_blocked, id=8532, stack(0x000000c2ee800000,0x000000c2ee900000) (1024K)]
  0x0000021b5f4a36b0 JavaThread "MessageBroker-3"                   [_thread_blocked, id=3516, stack(0x000000c2ee900000,0x000000c2eea00000) (1024K)]
  0x0000021b5f4a4e20 JavaThread "MessageBroker-4"                   [_thread_blocked, id=19084, stack(0x000000c2eea00000,0x000000c2eeb00000) (1024K)]
  0x0000021b5f4a3e80 JavaThread "MessageBroker-5"                   [_thread_blocked, id=15876, stack(0x000000c2eeb00000,0x000000c2eec00000) (1024K)]
  0x0000021b5f4a6590 JavaThread "MessageBroker-7"                   [_thread_blocked, id=4696, stack(0x000000c2eec00000,0x000000c2eed00000) (1024K)]
  0x0000021b5f48e740 JavaThread "MessageBroker-6"                   [_thread_blocked, id=15168, stack(0x000000c2eed00000,0x000000c2eee00000) (1024K)]
  0x0000021b5f4925c0 JavaThread "MessageBroker-8"                   [_thread_blocked, id=20684, stack(0x000000c2ef000000,0x000000c2ef100000) (1024K)]
  0x0000021b5f493560 JavaThread "MessageBroker-9"                   [_thread_blocked, id=5336, stack(0x000000c2ef100000,0x000000c2ef200000) (1024K)]
  0x0000021b5f496440 JavaThread "DestroyJavaVM"                     [_thread_blocked, id=19256, stack(0x000000c2e9300000,0x000000c2e9400000) (1024K)]
  0x0000021b5f496c10 JavaThread "lettuce-nioEventLoop-4-1"   daemon [_thread_in_native, id=3668, stack(0x000000c2ea400000,0x000000c2ea500000) (1024K)]
  0x0000021b5f499af0 JavaThread "MessageBroker-11"                  [_thread_blocked, id=11508, stack(0x000000c2eab00000,0x000000c2eac00000) (1024K)]
  0x0000021b5f498380 JavaThread "MessageBroker-10"                  [_thread_blocked, id=11408, stack(0x000000c2eb200000,0x000000c2eb300000) (1024K)]
  0x0000021b5f49c9d0 JavaThread "MessageBroker-12"                  [_thread_blocked, id=16088, stack(0x000000c2ef300000,0x000000c2ef400000) (1024K)]
  0x0000021b5f49b260 JavaThread "Telemetry-1"                       [_thread_blocked, id=6920, stack(0x000000c2e9100000,0x000000c2e9200000) (1024K)]
  0x0000021b51b20380 JavaThread "Telemetry-2"                       [_thread_blocked, id=4204, stack(0x000000c2e9200000,0x000000c2e9300000) (1024K)]
  0x0000021b5782e230 JavaThread "Telemetry-3"                       [_thread_blocked, id=22028, stack(0x000000c2ef400000,0x000000c2ef500000) (1024K)]
  0x0000021b57c64360 JavaThread "Telemetry-4"                       [_thread_blocked, id=18252, stack(0x000000c2ef500000,0x000000c2ef600000) (1024K)]
  0x0000021b5f4ebf70 JavaThread "Telemetry-5"                       [_thread_blocked, id=22016, stack(0x000000c2ef600000,0x000000c2ef700000) (1024K)]
  0x0000021b5f4f0d90 JavaThread "RMI TCP Connection(4)-192.168.1.110" daemon [_thread_blocked, id=21932, stack(0x000000c2ec100000,0x000000c2ec200000) (1024K)]
  0x0000021b5f4f6b50 JavaThread "Okio Watchdog"              daemon [_thread_blocked, id=14016, stack(0x000000c2ef200000,0x000000c2ef300000) (1024K)]
Total: 77

Other Threads:
  0x0000021b51b035d0 VMThread "VM Thread"                           [id=24504, stack(0x000000c2e9a00000,0x000000c2e9b00000) (1024K)]
  0x0000021b51af51c0 WatcherThread "VM Periodic Task Thread"        [id=14008, stack(0x000000c2e9900000,0x000000c2e9a00000) (1024K)]
  0x0000021b3c4de9c0 WorkerThread "GC Thread#0"                     [id=24484, stack(0x000000c2e9400000,0x000000c2e9500000) (1024K)]
  0x0000021b5794c920 WorkerThread "GC Thread#1"                     [id=23816, stack(0x000000c2eac00000,0x000000c2ead00000) (1024K)]
  0x0000021b5796a220 WorkerThread "GC Thread#2"                     [id=23268, stack(0x000000c2ead00000,0x000000c2eae00000) (1024K)]
  0x0000021b5796a650 WorkerThread "GC Thread#3"                     [id=19944, stack(0x000000c2eae00000,0x000000c2eaf00000) (1024K)]
  0x0000021b5796aa80 WorkerThread "GC Thread#4"                     [id=8660, stack(0x000000c2eaf00000,0x000000c2eb000000) (1024K)]
  0x0000021b5796b2b0 WorkerThread "GC Thread#5"                     [id=8644, stack(0x000000c2eb000000,0x000000c2eb100000) (1024K)]
  0x0000021b57c2f940 WorkerThread "GC Thread#6"                     [id=11532, stack(0x000000c2eb400000,0x000000c2eb500000) (1024K)]
  0x0000021b57c2e800 WorkerThread "GC Thread#7"                     [id=10220, stack(0x000000c2eb500000,0x000000c2eb600000) (1024K)]
  0x0000021b57c2c580 WorkerThread "GC Thread#8"                     [id=16404, stack(0x000000c2eb600000,0x000000c2eb700000) (1024K)]
=>0x0000021b57c30630 WorkerThread "GC Thread#9"                     [id=7928, stack(0x000000c2eb700000,0x000000c2eb800000) (1024K)]
  0x0000021b3e950db0 ConcurrentGCThread "G1 Main Marker"            [id=9752, stack(0x000000c2e9500000,0x000000c2e9600000) (1024K)]
  0x0000021b3e953910 WorkerThread "G1 Conc#0"                       [id=2288, stack(0x000000c2e9600000,0x000000c2e9700000) (1024K)]
  0x0000021b57c2c9d0 WorkerThread "G1 Conc#1"                       [id=976, stack(0x000000c2eb800000,0x000000c2eb900000) (1024K)]
  0x0000021b57c30a80 WorkerThread "G1 Conc#2"                       [id=6736, stack(0x000000c2eb900000,0x000000c2eba00000) (1024K)]
  0x0000021b519c4190 ConcurrentGCThread "G1 Refine#0"               [id=2880, stack(0x000000c2e9700000,0x000000c2e9800000) (1024K)]
  0x0000021b519c4da0 ConcurrentGCThread "G1 Service"                [id=8792, stack(0x000000c2e9800000,0x000000c2e9900000) (1024K)]
Total: 18

Threads with active compile tasks:
Total: 0

VM state: at safepoint (normal execution)

VM Mutex/Monitor currently owned by a thread:  ([mutex/lock_event])
[0x00007ffdbe106ee8] FreeList_lock - owner thread: 0x0000021b57c30630
[0x00007ffdbe1095e8] Threads_lock - owner thread: 0x0000021b51b035d0
[0x00007ffdbe109768] Heap_lock - owner thread: 0x0000021b5f4f0d90

OutOfMemory and StackOverflow Exception counts:
StackOverflowErrors=2
LinkageErrors=211

Heap address: 0x0000000701200000, size: 4078 MB, Compressed Oops mode: Zero based, Oop shift amount: 3

CDS archive(s) mapped at: [0x0000000021000000-0x0000000021dd0000-0x0000000021dd0000), size 14483456, SharedBaseAddress: 0x0000000021000000, ArchiveRelocationMode: 1.
Compressed class space mapped at: 0x0000000022000000-0x0000000062000000, reserved size: 1073741824
UseCompressedClassPointers 1, UseCompactObjectHeaders 0
Narrow klass pointer bits 32, Max shift 3
Narrow klass base: 0x0000000021000000, Narrow klass shift: 0
Encoding Range: [0x0000000021000000 - 0x0000000121000000), (4294967296 bytes)
Klass Range:    [0x0000000021010000 - 0x0000000062000000), (1090453504 bytes)
Klass ID Range:  [65536 - 1090519033) (1090453497)
Protection zone: [0x0000000021000000 - 0x0000000021010000), (65536 bytes)

GC Precious Log:
 CardTable entry size: 512
 Card Set container configuration: InlinePtr #cards 4 size 8 Array Of Cards #cards 16 size 48 Howl #buckets 8 coarsen threshold 3686 Howl Bitmap #cards 512 size 80 coarsen threshold 460 Card regions per heap region 1 cards per card region 4096
 CPUs: 12 total, 12 available
 Memory: 16307M
 Large Page Support: Disabled
 NUMA Support: Disabled
 Compressed Oops: Enabled (Zero based)
 Heap Region Size: 2M
 Heap Min Capacity: 8M
 Heap Initial Capacity: 256M
 Heap Max Capacity: 4078M
 Pre-touch: Disabled
 Parallel Workers: 10
 Concurrent Workers: 3
 Concurrent Refinement Workers: 10
 Periodic GC: Disabled

Heap:
 garbage-first heap   total reserved 4175872K, committed 161792K, used 150138K [0x0000000701200000, 0x0000000800000000)
  region size 2048K, 36 young (73728K), 1 survivors (2048K)

Heap Regions: E=young(eden), S=young(survivor), O=old, HS=humongous(starts), HC=humongous(continues), CS=collection set, F=free, TAMS=top-at-mark-start, PB=parsable bottom
|   0|0x0000000701200000, 0x0000000701400000, 0x0000000701400000|100%| O|  |TAMS 0x0000000701200000| PB 0x0000000701200000| Untracked |  0
|   1|0x0000000701400000, 0x0000000701600000, 0x0000000701600000|100%| O|  |TAMS 0x0000000701400000| PB 0x0000000701400000| Untracked |  0
|   2|0x0000000701600000, 0x0000000701800000, 0x0000000701800000|100%| O|  |TAMS 0x0000000701600000| PB 0x0000000701600000| Untracked |  0
|   3|0x0000000701800000, 0x0000000701a00000, 0x0000000701a00000|100%| O|  |TAMS 0x0000000701800000| PB 0x0000000701800000| Untracked |  0
|   4|0x0000000701a00000, 0x0000000701c00000, 0x0000000701c00000|100%| O|  |TAMS 0x0000000701a00000| PB 0x0000000701a00000| Untracked |  0
|   5|0x0000000701c00000, 0x0000000701e00000, 0x0000000701e00000|100%| O|  |TAMS 0x0000000701c00000| PB 0x0000000701c00000| Untracked |  0
|   6|0x0000000701e00000, 0x0000000702000000, 0x0000000702000000|100%| O|  |TAMS 0x0000000701e00000| PB 0x0000000701e00000| Untracked |  0
|   7|0x0000000702000000, 0x0000000702200000, 0x0000000702200000|100%| O|  |TAMS 0x0000000702000000| PB 0x0000000702000000| Untracked |  0
|   8|0x0000000702200000, 0x0000000702400000, 0x0000000702400000|100%| O|  |TAMS 0x0000000702200000| PB 0x0000000702200000| Untracked |  0
|   9|0x0000000702400000, 0x0000000702600000, 0x0000000702600000|100%| O|  |TAMS 0x0000000702400000| PB 0x0000000702400000| Untracked |  0
|  10|0x0000000702600000, 0x0000000702800000, 0x0000000702800000|100%| O|  |TAMS 0x0000000702600000| PB 0x0000000702600000| Untracked |  0
|  11|0x0000000702800000, 0x0000000702a00000, 0x0000000702a00000|100%| O|  |TAMS 0x0000000702800000| PB 0x0000000702800000| Untracked |  0
|  12|0x0000000702a00000, 0x0000000702c00000, 0x0000000702c00000|100%| O|  |TAMS 0x0000000702a00000| PB 0x0000000702a00000| Untracked |  0
|  13|0x0000000702c00000, 0x0000000702e00000, 0x0000000702e00000|100%| O|  |TAMS 0x0000000702c00000| PB 0x0000000702c00000| Untracked |  0
|  14|0x0000000702e00000, 0x0000000703000000, 0x0000000703000000|100%| O|  |TAMS 0x0000000702e00000| PB 0x0000000702e00000| Untracked |  0
|  15|0x0000000703000000, 0x0000000703200000, 0x0000000703200000|100%| O|  |TAMS 0x0000000703000000| PB 0x0000000703000000| Untracked |  0
|  16|0x0000000703200000, 0x0000000703400000, 0x0000000703400000|100%| O|  |TAMS 0x0000000703200000| PB 0x0000000703200000| Untracked |  0
|  17|0x0000000703400000, 0x0000000703600000, 0x0000000703600000|100%| O|CS|TAMS 0x0000000703400000| PB 0x0000000703400000| Complete |  0
|  18|0x0000000703600000, 0x0000000703800000, 0x0000000703800000|100%| O|Cm|TAMS 0x0000000703600000| PB 0x0000000703600000| Complete |  0
|  19|0x0000000703800000, 0x0000000703a00000, 0x0000000703a00000|100%| O|  |TAMS 0x0000000703800000| PB 0x0000000703800000| Untracked |  0
|  20|0x0000000703a00000, 0x0000000703c00000, 0x0000000703c00000|100%| O|CS|TAMS 0x0000000703a00000| PB 0x0000000703a00000| Complete |  0
|  21|0x0000000703c00000, 0x0000000703e00000, 0x0000000703e00000|100%| O|  |TAMS 0x0000000703c00000| PB 0x0000000703c00000| Untracked |  0
|  22|0x0000000703e00000, 0x0000000704000000, 0x0000000704000000|100%| O|Cm|TAMS 0x0000000703e00000| PB 0x0000000703e00000| Complete |  0
|  23|0x0000000704000000, 0x0000000704200000, 0x0000000704200000|100%| O|CS|TAMS 0x0000000704000000| PB 0x0000000704000000| Complete |  0
|  24|0x0000000704200000, 0x0000000704400000, 0x0000000704400000|100%| O|Cm|TAMS 0x0000000704200000| PB 0x0000000704200000| Complete |  0
|  25|0x0000000704400000, 0x0000000704600000, 0x0000000704600000|100%| O|  |TAMS 0x0000000704400000| PB 0x0000000704400000| Untracked |  0
|  26|0x0000000704600000, 0x0000000704800000, 0x0000000704800000|100%| O|CS|TAMS 0x0000000704600000| PB 0x0000000704600000| Complete |  0
|  27|0x0000000704800000, 0x0000000704a00000, 0x0000000704a00000|100%| O|CS|TAMS 0x0000000704800000| PB 0x0000000704800000| Complete |  0
|  28|0x0000000704a00000, 0x0000000704c00000, 0x0000000704c00000|100%| O|  |TAMS 0x0000000704a00000| PB 0x0000000704a00000| Untracked |  0
|  29|0x0000000704c00000, 0x0000000704e00000, 0x0000000704e00000|100%| O|  |TAMS 0x0000000704c00000| PB 0x0000000704c00000| Untracked |  0
|  30|0x0000000704e00000, 0x0000000704ed6020, 0x0000000705000000| 41%| S|  |TAMS 0x0000000704e00000| PB 0x0000000704e00000| Complete |  0
|  31|0x0000000705000000, 0x0000000705200000, 0x0000000705200000|100%| E|CS|TAMS 0x0000000705000000| PB 0x0000000705000000| Complete |  0
|  32|0x0000000705200000, 0x0000000705400000, 0x0000000705400000|100%| E|CS|TAMS 0x0000000705200000| PB 0x0000000705200000| Complete |  0
|  33|0x0000000705400000, 0x0000000705600000, 0x0000000705600000|100%| O|Cm|TAMS 0x0000000705400000| PB 0x0000000705400000| Complete |  0
|  34|0x0000000705600000, 0x0000000705800000, 0x0000000705800000|100%| O|CS|TAMS 0x0000000705600000| PB 0x0000000705600000| Complete |  0
|  35|0x0000000705800000, 0x0000000705a00000, 0x0000000705a00000|100%| O|  |TAMS 0x0000000705800000| PB 0x0000000705800000| Untracked |  0
|  36|0x0000000705a00000, 0x0000000705c00000, 0x0000000705c00000|100%| O|  |TAMS 0x0000000705a00000| PB 0x0000000705a00000| Untracked |  0
|  37|0x0000000705c00000, 0x0000000705e00000, 0x0000000705e00000|100%| O|  |TAMS 0x0000000705c00000| PB 0x0000000705c00000| Untracked |  0
|  38|0x0000000705e00000, 0x0000000706000000, 0x0000000706000000|100%| O|  |TAMS 0x0000000705e00000| PB 0x0000000705e00000| Untracked |  0
|  39|0x0000000706000000, 0x0000000706200000, 0x0000000706200000|100%| O|Cm|TAMS 0x0000000706000000| PB 0x0000000706000000| Complete |  0
|  40|0x0000000706200000, 0x0000000706400000, 0x0000000706400000|100%| E|CS|TAMS 0x0000000706200000| PB 0x0000000706200000| Complete |  0
|  41|0x0000000706400000, 0x0000000706600000, 0x0000000706600000|100%| E|CS|TAMS 0x0000000706400000| PB 0x0000000706400000| Complete |  0
|  42|0x0000000706600000, 0x0000000706800000, 0x0000000706800000|100%| E|CS|TAMS 0x0000000706600000| PB 0x0000000706600000| Complete |  0
|  43|0x0000000706800000, 0x0000000706a00000, 0x0000000706a00000|100%| E|CS|TAMS 0x0000000706800000| PB 0x0000000706800000| Complete |  0
|  44|0x0000000706a00000, 0x0000000706c00000, 0x0000000706c00000|100%| E|CS|TAMS 0x0000000706a00000| PB 0x0000000706a00000| Complete |  0
|  45|0x0000000706c00000, 0x0000000706e00000, 0x0000000706e00000|100%| E|CS|TAMS 0x0000000706c00000| PB 0x0000000706c00000| Complete |  0
|  46|0x0000000706e00000, 0x0000000707000000, 0x0000000707000000|100%| E|CS|TAMS 0x0000000706e00000| PB 0x0000000706e00000| Complete |  0
|  47|0x0000000707000000, 0x0000000707200000, 0x0000000707200000|100%| E|CS|TAMS 0x0000000707000000| PB 0x0000000707000000| Complete |  0
|  48|0x0000000707200000, 0x0000000707400000, 0x0000000707400000|100%| E|CS|TAMS 0x0000000707200000| PB 0x0000000707200000| Complete |  0
|  49|0x0000000707400000, 0x0000000707600000, 0x0000000707600000|100%| E|CS|TAMS 0x0000000707400000| PB 0x0000000707400000| Complete |  0
|  50|0x0000000707600000, 0x0000000707800000, 0x0000000707800000|100%| E|CS|TAMS 0x0000000707600000| PB 0x0000000707600000| Complete |  0
|  51|0x0000000707800000, 0x0000000707a00000, 0x0000000707a00000|100%| E|CS|TAMS 0x0000000707800000| PB 0x0000000707800000| Complete |  0
|  52|0x0000000707a00000, 0x0000000707c00000, 0x0000000707c00000|100%| E|CS|TAMS 0x0000000707a00000| PB 0x0000000707a00000| Complete |  0
|  53|0x0000000707c00000, 0x0000000707e00000, 0x0000000707e00000|100%| E|CS|TAMS 0x0000000707c00000| PB 0x0000000707c00000| Complete |  0
|  54|0x0000000707e00000, 0x0000000708000000, 0x0000000708000000|100%| E|CS|TAMS 0x0000000707e00000| PB 0x0000000707e00000| Complete |  0
|  55|0x0000000708000000, 0x0000000708200000, 0x0000000708200000|100%| E|CS|TAMS 0x0000000708000000| PB 0x0000000708000000| Complete |  0
|  56|0x0000000708200000, 0x0000000708400000, 0x0000000708400000|100%| E|CS|TAMS 0x0000000708200000| PB 0x0000000708200000| Complete |  0
|  57|0x0000000708400000, 0x0000000708600000, 0x0000000708600000|100%| E|CS|TAMS 0x0000000708400000| PB 0x0000000708400000| Complete |  0
|  58|0x0000000708600000, 0x0000000708800000, 0x0000000708800000|100%| E|CS|TAMS 0x0000000708600000| PB 0x0000000708600000| Complete |  0
|  59|0x0000000708800000, 0x0000000708a00000, 0x0000000708a00000|100%| E|CS|TAMS 0x0000000708800000| PB 0x0000000708800000| Complete |  0
|  60|0x0000000708a00000, 0x0000000708c00000, 0x0000000708c00000|100%| E|CS|TAMS 0x0000000708a00000| PB 0x0000000708a00000| Complete |  0
|  61|0x0000000708c00000, 0x0000000708e00000, 0x0000000708e00000|100%| E|CS|TAMS 0x0000000708c00000| PB 0x0000000708c00000| Complete |  0
|  62|0x0000000708e00000, 0x0000000709000000, 0x0000000709000000|100%| E|CS|TAMS 0x0000000708e00000| PB 0x0000000708e00000| Complete |  0
|  63|0x0000000709000000, 0x0000000709200000, 0x0000000709200000|100%| E|CS|TAMS 0x0000000709000000| PB 0x0000000709000000| Complete |  0
|  64|0x0000000709200000, 0x0000000709367d48, 0x0000000709400000| 70%| E|CS|TAMS 0x0000000709200000| PB 0x0000000709200000| Complete |  0
|  80|0x000000070b200000, 0x000000070b400000, 0x000000070b400000|100%| E|CS|TAMS 0x000000070b200000| PB 0x000000070b200000| Complete |  0
|  81|0x000000070b400000, 0x000000070b600000, 0x000000070b600000|100%| E|CS|TAMS 0x000000070b400000| PB 0x000000070b400000| Complete |  0
|  82|0x000000070b600000, 0x000000070b800000, 0x000000070b800000|100%| E|CS|TAMS 0x000000070b600000| PB 0x000000070b600000| Complete |  0
|  83|0x000000070b800000, 0x000000070ba00000, 0x000000070ba00000|100%| E|CS|TAMS 0x000000070b800000| PB 0x000000070b800000| Complete |  0
|  84|0x000000070ba00000, 0x000000070bc00000, 0x000000070bc00000|100%| E|CS|TAMS 0x000000070ba00000| PB 0x000000070ba00000| Complete |  0
|  85|0x000000070bc00000, 0x000000070be00000, 0x000000070be00000|100%| E|CS|TAMS 0x000000070bc00000| PB 0x000000070bc00000| Complete |  0
|  86|0x000000070be00000, 0x000000070c000000, 0x000000070c000000|100%| E|CS|TAMS 0x000000070be00000| PB 0x000000070be00000| Complete |  0
| 127|0x0000000711000000, 0x0000000711200000, 0x0000000711200000|100%| E|CS|TAMS 0x0000000711000000| PB 0x0000000711000000| Complete |  0
|2033|0x00000007ff400000, 0x00000007ff600000, 0x00000007ff600000|100%| O|  |TAMS 0x00000007ff400000| PB 0x00000007ff400000| Untracked |  0
|2034|0x00000007ff600000, 0x00000007ff800000, 0x00000007ff800000|100%| O|  |TAMS 0x00000007ff600000| PB 0x00000007ff600000| Untracked |  0
|2035|0x00000007ff800000, 0x00000007ffa00000, 0x00000007ffa00000|100%| O|CS|TAMS 0x00000007ff800000| PB 0x00000007ff800000| Complete |  0
|2036|0x00000007ffa00000, 0x00000007ffc00000, 0x00000007ffc00000|100%| O|CS|TAMS 0x00000007ffa00000| PB 0x00000007ffa00000| Complete |  0
|2037|0x00000007ffc00000, 0x00000007ffe00000, 0x00000007ffe00000|100%| O|  |TAMS 0x00000007ffc00000| PB 0x00000007ffc00000| Untracked |  0
|2038|0x00000007ffe00000, 0x0000000800000000, 0x0000000800000000|100%| E|CS|TAMS 0x00000007ffe00000| PB 0x00000007ffe00000| Complete |  0

Card table byte_map: [0x0000021b4ae90000,0x0000021b4b690000] _byte_map_base: 0x0000021b47687000

Marking Bits: (CMBitMap*) 0x0000021b3e9377e0
 Bits: [0x0000021b4b690000, 0x0000021b4f648000)

Polling page: 0x0000021b3cb00000

Metaspace:
Metaspace        used 114391K, committed 115456K, reserved 1179648K
 class space     used 17065K, committed 17536K, reserved 1048576K

Usage:
  Non-class:     95.04 MB used.
      Class:     16.67 MB used.
       Both:    111.71 MB used.

Virtual space:
  Non-class space:      128.00 MB reserved,      95.62 MB ( 75%) committed,  2 nodes.
      Class space:        1.00 GB reserved,      17.12 MB (  2%) committed,  1 nodes.
             Both:        1.12 GB reserved,     112.75 MB ( 10%) committed. 

Chunk freelists:
   Non-Class:  204.00 KB
       Class:  14.96 MB
        Both:  15.16 MB

MaxMetaspaceSize: unlimited
CompressedClassSpaceSize: 1.00 GB
Initial GC threshold: 21.00 MB
Current GC threshold: 187.94 MB
CDS: on
 - commit_granule_bytes: 65536.
 - commit_granule_words: 8192.
 - virtual_space_node_default_size: 8388608.
 - enlarge_chunks_in_place: 1.
UseCompressedClassPointers 1, UseCompactObjectHeaders 0
Narrow klass pointer bits 32, Max shift 3
Narrow klass base: 0x0000000021000000, Narrow klass shift: 0
Encoding Range: [0x0000000021000000 - 0x0000000121000000), (4294967296 bytes)
Klass Range:    [0x0000000021010000 - 0x0000000062000000), (1090453504 bytes)
Klass ID Range:  [65536 - 1090519033) (1090453497)
Protection zone: [0x0000000021000000 - 0x0000000021010000), (65536 bytes)


Internal statistics:

num_allocs_failed_limit: 6.
num_arena_births: 1410.
num_arena_deaths: 352.
num_vsnodes_births: 3.
num_vsnodes_deaths: 0.
num_space_committed: 1804.
num_space_uncommitted: 0.
num_chunks_returned_to_freelist: 366.
num_chunks_taken_from_freelist: 5496.
num_chunk_merges: 94.
num_chunk_splits: 4074.
num_chunks_enlarged: 3382.
num_inconsistent_stats: 0.

CodeCache: size=49152Kb used=16592Kb max_used=17929Kb free=32559Kb
 bounds [0x0000021b47140000, 0x0000021b482f0000, 0x0000021b4a140000]
 total_blobs=14297, nmethods=13366, adapters=854, full_count=0
Compilation: enabled, stopped_count=0, restarted_count=0

Compilation events (20 events):
Event: 645.596 Thread 0x0000021b51b2fa90 14814  s!   1       org.apache.catalina.core.ContainerBase::backgroundProcess (172 bytes)
Event: 645.596 Thread 0x0000021b51b2fa90 nmethod 14814 0x0000021b482e6e88 code [0x0000021b482e6f80, 0x0000021b482e7ae0]
Event: 645.596 Thread 0x0000021b51b2fa90 14813   !   1       org.apache.catalina.core.ContainerBase$ContainerBackgroundProcessor::processChildren (202 bytes)
Event: 645.597 Thread 0x0000021b51b2fa90 nmethod 14813 0x0000021b482e5e88 code [0x0000021b482e5f80, 0x0000021b482e6e30]
Event: 645.597 Thread 0x0000021b51b2fa90 14815       1       org.apache.catalina.mapper.MapperListener::lifecycleEvent (180 bytes)
Event: 645.597 Thread 0x0000021b51b2fa90 nmethod 14815 0x0000021b482e5508 code [0x0000021b482e5600, 0x0000021b482e5e68]
Event: 653.208 Thread 0x0000021b51b2fa90 14816       1       java.lang.Object::toString (36 bytes)
Event: 653.208 Thread 0x0000021b51b2fa90 nmethod 14816 0x0000021b482e5088 code [0x0000021b482e5180, 0x0000021b482e54b8]
Event: 653.208 Thread 0x0000021b51b2fa90 14817       1       java.util.Calendar::setZoneShared (6 bytes)
Event: 653.208 Thread 0x0000021b51b2fa90 nmethod 14817 0x0000021b482e4d88 code [0x0000021b482e4e80, 0x0000021b482e4f48]
Event: 668.208 Thread 0x0000021b51b2fa90 14819       1       org.springframework.transaction.support.DelegatingTransactionDefinition::getPropagationBehavior (10 bytes)
Event: 668.208 Thread 0x0000021b51b2fa90 nmethod 14819 0x0000021b482e4a88 code [0x0000021b482e4b80, 0x0000021b482e4c78]
Event: 668.208 Thread 0x0000021b51b2fa90 14818       1       io.micrometer.observation.docs.ObservationDocumentation::getName (2 bytes)
Event: 668.208 Thread 0x0000021b51b2fa90 nmethod 14818 0x0000021b482e4788 code [0x0000021b482e4880, 0x0000021b482e4950]
Event: 668.208 Thread 0x0000021b51b2fa90 14820       1       java.util.concurrent.FutureTask::<init> (19 bytes)
Event: 668.208 Thread 0x0000021b51b2fa90 nmethod 14820 0x0000021b482e4388 code [0x0000021b482e4480, 0x0000021b482e4780]
Event: 683.209 Thread 0x0000021b51b2fa90 14821       1       io.micrometer.observation.SimpleObservationRegistry::setCurrentObservationScope (8 bytes)
Event: 683.209 Thread 0x0000021b51b2fa90 nmethod 14821 0x0000021b482e4088 code [0x0000021b482e4180, 0x0000021b482e4370]
Event: 683.209 Thread 0x0000021b51b2fa90 14822       1       java.util.concurrent.ScheduledThreadPoolExecutor::delayedExecute (58 bytes)
Event: 683.209 Thread 0x0000021b51b2fa90 nmethod 14822 0x0000021b482e3c88 code [0x0000021b482e3d80, 0x0000021b482e4078]

GC Heap Usage History (20 events):
Event: 6.785 {heap After GC invocations=33 (full 0):
 garbage-first heap   total reserved 4175872K, committed 141312K, used 73728K [0x0000000701200000, 0x0000000800000000)
  region size 2048K, 3 young (6144K), 3 survivors (6144K)
}
Event: 7.292 {heap Before GC invocations=33 (full 0):
 garbage-first heap   total reserved 4175872K, committed 141312K, used 131072K [0x0000000701200000, 0x0000000800000000)
  region size 2048K, 31 young (63488K), 3 survivors (6144K)
}
Event: 7.296 {heap After GC invocations=34 (full 0):
 garbage-first heap   total reserved 4175872K, committed 145408K, used 75585K [0x0000000701200000, 0x0000000800000000)
  region size 2048K, 4 young (8192K), 4 survivors (8192K)
}
Event: 7.669 {heap Before GC invocations=34 (full 0):
 garbage-first heap   total reserved 4175872K, committed 145408K, used 132929K [0x0000000701200000, 0x0000000800000000)
  region size 2048K, 32 young (65536K), 4 survivors (8192K)
}
Event: 7.673 {heap After GC invocations=35 (full 0):
 garbage-first heap   total reserved 4175872K, committed 147456K, used 78483K [0x0000000701200000, 0x0000000800000000)
  region size 2048K, 4 young (8192K), 4 survivors (8192K)
}
Event: 8.097 {heap Before GC invocations=36 (full 0):
 garbage-first heap   total reserved 4175872K, committed 147456K, used 133779K [0x0000000701200000, 0x0000000800000000)
  region size 2048K, 31 young (63488K), 4 survivors (8192K)
}
Event: 8.100 {heap After GC invocations=37 (full 0):
 garbage-first heap   total reserved 4175872K, committed 147456K, used 81005K [0x0000000701200000, 0x0000000800000000)
  region size 2048K, 3 young (6144K), 3 survivors (6144K)
}
Event: 15.037 {heap Before GC invocations=37 (full 0):
 garbage-first heap   total reserved 4175872K, committed 147456K, used 134253K [0x0000000701200000, 0x0000000800000000)
  region size 2048K, 30 young (61440K), 3 survivors (6144K)
}
Event: 15.041 {heap After GC invocations=38 (full 0):
 garbage-first heap   total reserved 4175872K, committed 147456K, used 78934K [0x0000000701200000, 0x0000000800000000)
  region size 2048K, 3 young (6144K), 3 survivors (6144K)
}
Event: 68.309 {heap Before GC invocations=38 (full 0):
 garbage-first heap   total reserved 4175872K, committed 147456K, used 134230K [0x0000000701200000, 0x0000000800000000)
  region size 2048K, 31 young (63488K), 3 survivors (6144K)
}
Event: 68.312 {heap After GC invocations=39 (full 0):
 garbage-first heap   total reserved 4175872K, committed 147456K, used 82229K [0x0000000701200000, 0x0000000800000000)
  region size 2048K, 4 young (8192K), 4 survivors (8192K)
}
Event: 214.719 {heap Before GC invocations=40 (full 0):
 garbage-first heap   total reserved 4175872K, committed 147456K, used 135477K [0x0000000701200000, 0x0000000800000000)
  region size 2048K, 30 young (61440K), 4 survivors (8192K)
}
Event: 214.722 {heap After GC invocations=41 (full 0):
 garbage-first heap   total reserved 4175872K, committed 147456K, used 82809K [0x0000000701200000, 0x0000000800000000)
  region size 2048K, 2 young (4096K), 2 survivors (4096K)
}
Event: 298.487 {heap Before GC invocations=41 (full 0):
 garbage-first heap   total reserved 4175872K, committed 147456K, used 136057K [0x0000000701200000, 0x0000000800000000)
  region size 2048K, 28 young (57344K), 2 survivors (4096K)
}
Event: 298.492 {heap After GC invocations=42 (full 0):
 garbage-first heap   total reserved 4175872K, committed 151552K, used 77824K [0x0000000701200000, 0x0000000800000000)
  region size 2048K, 2 young (4096K), 2 survivors (4096K)
}
Event: 337.542 {heap Before GC invocations=42 (full 0):
 garbage-first heap   total reserved 4175872K, committed 151552K, used 100352K [0x0000000701200000, 0x0000000800000000)
  region size 2048K, 15 young (30720K), 2 survivors (4096K)
}
Event: 337.545 {heap After GC invocations=43 (full 0):
 garbage-first heap   total reserved 4175872K, committed 151552K, used 78617K [0x0000000701200000, 0x0000000800000000)
  region size 2048K, 3 young (6144K), 3 survivors (6144K)
}
Event: 478.156 {heap Before GC invocations=44 (full 0):
 garbage-first heap   total reserved 4175872K, committed 157696K, used 154393K [0x0000000701200000, 0x0000000800000000)
  region size 2048K, 29 young (59392K), 3 survivors (6144K)
}
Event: 478.159 {heap After GC invocations=45 (full 0):
 garbage-first heap   total reserved 4175872K, committed 161792K, used 78458K [0x0000000701200000, 0x0000000800000000)
  region size 2048K, 1 young (2048K), 1 survivors (2048K)
}
Event: 693.380 {heap Before GC invocations=45 (full 0):
 garbage-first heap   total reserved 4175872K, committed 161792K, used 150138K [0x0000000701200000, 0x0000000800000000)
  region size 2048K, 36 young (73728K), 1 survivors (2048K)
}

Metaspace Usage History (20 events):
Event: 6.785 {metaspace After GC invocations=33 (full 0):
 Metaspace       used 83011K, committed 83712K, reserved 1179648K
  class space    used 12432K, committed 12736K, reserved 1048576K
}
Event: 7.292 {metaspace Before GC invocations=33 (full 0):
 Metaspace       used 90698K, committed 91392K, reserved 1179648K
  class space    used 13529K, committed 13824K, reserved 1048576K
}
Event: 7.296 {metaspace After GC invocations=34 (full 0):
 Metaspace       used 90698K, committed 91392K, reserved 1179648K
  class space    used 13529K, committed 13824K, reserved 1048576K
}
Event: 7.669 {metaspace Before GC invocations=34 (full 0):
 Metaspace       used 93567K, committed 94272K, reserved 1179648K
  class space    used 13982K, committed 14272K, reserved 1048576K
}
Event: 7.673 {metaspace After GC invocations=35 (full 0):
 Metaspace       used 93567K, committed 94272K, reserved 1179648K
  class space    used 13982K, committed 14272K, reserved 1048576K
}
Event: 8.097 {metaspace Before GC invocations=36 (full 0):
 Metaspace       used 95595K, committed 96384K, reserved 1179648K
  class space    used 14296K, committed 14656K, reserved 1048576K
}
Event: 8.100 {metaspace After GC invocations=37 (full 0):
 Metaspace       used 95595K, committed 96384K, reserved 1179648K
  class space    used 14296K, committed 14656K, reserved 1048576K
}
Event: 15.037 {metaspace Before GC invocations=37 (full 0):
 Metaspace       used 106635K, committed 107520K, reserved 1179648K
  class space    used 15959K, committed 16384K, reserved 1048576K
}
Event: 15.041 {metaspace After GC invocations=38 (full 0):
 Metaspace       used 106635K, committed 107520K, reserved 1179648K
  class space    used 15959K, committed 16384K, reserved 1048576K
}
Event: 68.309 {metaspace Before GC invocations=38 (full 0):
 Metaspace       used 113726K, committed 114624K, reserved 1179648K
  class space    used 16959K, committed 17344K, reserved 1048576K
}
Event: 68.312 {metaspace After GC invocations=39 (full 0):
 Metaspace       used 113726K, committed 114624K, reserved 1179648K
  class space    used 16959K, committed 17344K, reserved 1048576K
}
Event: 214.719 {metaspace Before GC invocations=40 (full 0):
 Metaspace       used 113680K, committed 114624K, reserved 1179648K
  class space    used 16950K, committed 17344K, reserved 1048576K
}
Event: 214.722 {metaspace After GC invocations=41 (full 0):
 Metaspace       used 113680K, committed 114624K, reserved 1179648K
  class space    used 16950K, committed 17344K, reserved 1048576K
}
Event: 298.487 {metaspace Before GC invocations=41 (full 0):
 Metaspace       used 113837K, committed 114752K, reserved 1179648K
  class space    used 16988K, committed 17408K, reserved 1048576K
}
Event: 298.492 {metaspace After GC invocations=42 (full 0):
 Metaspace       used 113837K, committed 114752K, reserved 1179648K
  class space    used 16988K, committed 17408K, reserved 1048576K
}
Event: 337.542 {metaspace Before GC invocations=42 (full 0):
 Metaspace       used 114526K, committed 115456K, reserved 1179648K
  class space    used 17112K, committed 17536K, reserved 1048576K
}
Event: 337.545 {metaspace After GC invocations=43 (full 0):
 Metaspace       used 114526K, committed 115456K, reserved 1179648K
  class space    used 17112K, committed 17536K, reserved 1048576K
}
Event: 478.157 {metaspace Before GC invocations=44 (full 0):
 Metaspace       used 114391K, committed 115456K, reserved 1179648K
  class space    used 17065K, committed 17536K, reserved 1048576K
}
Event: 478.159 {metaspace After GC invocations=45 (full 0):
 Metaspace       used 114391K, committed 115456K, reserved 1179648K
  class space    used 17065K, committed 17536K, reserved 1048576K
}
Event: 693.380 {metaspace Before GC invocations=45 (full 0):
 Metaspace       used 114391K, committed 115456K, reserved 1179648K
  class space    used 17065K, committed 17536K, reserved 1048576K
}

Dll operation events (13 events):
Event: 0.010 Loaded shared library C:\Users\Mihajlo\.jdks\openjdk-25.0.2\bin\java.dll
Event: 0.159 Loaded shared library C:\Users\Mihajlo\.jdks\openjdk-25.0.2\bin\zip.dll
Event: 0.161 Loaded shared library C:\Users\Mihajlo\.jdks\openjdk-25.0.2\bin\instrument.dll
Event: 0.165 Loaded shared library C:\Users\Mihajlo\.jdks\openjdk-25.0.2\bin\net.dll
Event: 0.166 Loaded shared library C:\Users\Mihajlo\.jdks\openjdk-25.0.2\bin\nio.dll
Event: 0.168 Loaded shared library C:\Users\Mihajlo\.jdks\openjdk-25.0.2\bin\zip.dll
Event: 0.197 Loaded shared library C:\Users\Mihajlo\.jdks\openjdk-25.0.2\bin\jimage.dll
Event: 0.270 Loaded shared library C:\Program Files\JetBrains\IntelliJ IDEA 2024.2.3\bin\breakgen64.dll
Event: 0.274 Loaded shared library C:\Users\Mihajlo\.jdks\openjdk-25.0.2\bin\extnet.dll
Event: 0.276 Loaded shared library C:\Users\Mihajlo\.jdks\openjdk-25.0.2\bin\management.dll
Event: 0.282 Loaded shared library C:\Users\Mihajlo\.jdks\openjdk-25.0.2\bin\management_ext.dll
Event: 1.164 Loaded shared library C:\Users\Mihajlo\.jdks\openjdk-25.0.2\bin\sunmscapi.dll
Event: 2.259 Loaded shared library C:\Users\Mihajlo\.jdks\openjdk-25.0.2\bin\verify.dll

Deoptimization events (20 events):
Event: 338.219 Thread 0x0000021b5f49c9d0 DEOPT PACKING pc=0x0000021b4762f54c sp=0x000000c2ef3ff0c0
Event: 338.219 Thread 0x0000021b5f49c9d0 DEOPT UNPACKING pc=0x0000021b47191702 sp=0x000000c2ef3fe520 mode 0
Event: 338.219 Thread 0x0000021b5f4925c0 DEOPT PACKING pc=0x0000021b4762f54c sp=0x000000c2ef0ff150
Event: 338.219 Thread 0x0000021b5f4925c0 DEOPT UNPACKING pc=0x0000021b47191702 sp=0x000000c2ef0fe5b0 mode 0
Event: 338.219 Thread 0x0000021b5f3d7ed0 DEOPT PACKING pc=0x0000021b4762f54c sp=0x000000c2ec4ff150
Event: 338.219 Thread 0x0000021b5f3d7ed0 DEOPT UNPACKING pc=0x0000021b47191702 sp=0x000000c2ec4fe5b0 mode 0
Event: 338.220 Thread 0x0000021b5f493560 DEOPT PACKING pc=0x0000021b4762f54c sp=0x000000c2ef1ff2b0
Event: 338.220 Thread 0x0000021b5f493560 DEOPT UNPACKING pc=0x0000021b47191702 sp=0x000000c2ef1fe710 mode 0
Event: 338.220 Thread 0x0000021b5f48e740 DEOPT PACKING pc=0x0000021b4762f54c sp=0x000000c2eedff0d0
Event: 338.220 Thread 0x0000021b5f48e740 DEOPT UNPACKING pc=0x0000021b47191702 sp=0x000000c2eedfe530 mode 0
Event: 353.207 Thread 0x0000021b5f4a36b0 DEOPT PACKING pc=0x0000021b4762f54c sp=0x000000c2ee9fec60
Event: 353.207 Thread 0x0000021b5f4a36b0 DEOPT UNPACKING pc=0x0000021b47191702 sp=0x000000c2ee9fe0c0 mode 0
Event: 353.207 Thread 0x0000021b5f4a6590 DEOPT PACKING pc=0x0000021b4762f54c sp=0x000000c2eecfec20
Event: 353.207 Thread 0x0000021b5f4a6590 DEOPT UNPACKING pc=0x0000021b47191702 sp=0x000000c2eecfe080 mode 0
Event: 369.575 Thread 0x0000021b5f436870 DEOPT PACKING pc=0x0000021b4762f54c sp=0x000000c2ed3fef30
Event: 369.575 Thread 0x0000021b5f436870 DEOPT UNPACKING pc=0x0000021b47191702 sp=0x000000c2ed3fe390 mode 0
Event: 406.846 Thread 0x0000021b5f437810 DEOPT PACKING pc=0x0000021b4762f54c sp=0x000000c2ed4fee20
Event: 406.846 Thread 0x0000021b5f437810 DEOPT UNPACKING pc=0x0000021b47191702 sp=0x000000c2ed4fe280 mode 0
Event: 406.849 Thread 0x0000021b5f4360a0 DEOPT PACKING pc=0x0000021b4762f54c sp=0x000000c2ed5ff210
Event: 406.849 Thread 0x0000021b5f4360a0 DEOPT UNPACKING pc=0x0000021b47191702 sp=0x000000c2ed5fe670 mode 0

Classes loaded (20 events):
Event: 15.329 Loading class java/util/concurrent/CompletableFuture$BiCompletion done
Event: 15.329 Loading class java/util/concurrent/CompletableFuture$BiRelay done
Event: 15.329 Loading class java/util/concurrent/CompletableFuture$CoCompletion
Event: 15.329 Loading class java/util/concurrent/CompletableFuture$CoCompletion done
Event: 15.329 Loading class java/util/concurrent/CompletableFuture$UniHandle
Event: 15.329 Loading class java/util/concurrent/CompletableFuture$UniHandle done
Event: 68.232 Loading class java/util/TreeMap$EntrySpliterator
Event: 68.232 Loading class java/util/TreeMap$EntrySpliterator done
Event: 143.024 Loading class java/util/concurrent/locks/ReentrantReadWriteLock$Sync$HoldCounter
Event: 143.024 Loading class java/util/concurrent/locks/ReentrantReadWriteLock$Sync$HoldCounter done
Event: 220.728 Loading class java/util/concurrent/ArrayBlockingQueue
Event: 220.728 Loading class java/util/concurrent/ArrayBlockingQueue done
Event: 337.436 Loading class java/io/FileOutputStream$1
Event: 337.436 Loading class java/io/FileOutputStream$1 done
Event: 337.515 Loading class com/sun/xml/internal/stream/events/CharacterEvent
Event: 337.515 Loading class javax/xml/stream/events/Characters
Event: 337.515 Loading class javax/xml/stream/events/Characters done
Event: 337.515 Loading class com/sun/xml/internal/stream/events/CharacterEvent done
Event: 337.537 Loading class java/util/concurrent/CompletableFuture$AsyncSupply
Event: 337.537 Loading class java/util/concurrent/CompletableFuture$AsyncSupply done

Classes unloaded (20 events):
Event: 337.579 Thread 0x0000021b51b035d0 Unloading class 0x0000000022560000 'java/lang/invoke/LambdaForm$MH+0x0000000022560000'
Event: 337.579 Thread 0x0000021b51b035d0 Unloading class 0x000000002253d000 'java/lang/invoke/LambdaForm$MH+0x000000002253d000'
Event: 337.579 Thread 0x0000021b51b035d0 Unloading class 0x000000002251c400 'java/lang/invoke/LambdaForm$MH+0x000000002251c400'
Event: 337.579 Thread 0x0000021b51b035d0 Unloading class 0x000000002251c000 'java/lang/invoke/LambdaForm$MH+0x000000002251c000'
Event: 337.579 Thread 0x0000021b51b035d0 Unloading class 0x0000000022510400 'java/lang/invoke/LambdaForm$MH+0x0000000022510400'
Event: 337.579 Thread 0x0000021b51b035d0 Unloading class 0x0000000022510000 'java/lang/invoke/LambdaForm$MH+0x0000000022510000'
Event: 337.579 Thread 0x0000021b51b035d0 Unloading class 0x00000000224e9400 'java/lang/invoke/LambdaForm$MH+0x00000000224e9400'
Event: 337.579 Thread 0x0000021b51b035d0 Unloading class 0x00000000224e8c00 'java/lang/invoke/LambdaForm$BMH+0x00000000224e8c00'
Event: 337.579 Thread 0x0000021b51b035d0 Unloading class 0x00000000224dc000 'java/lang/invoke/LambdaForm$MH+0x00000000224dc000'
Event: 337.579 Thread 0x0000021b51b035d0 Unloading class 0x00000000224bd800 'java/lang/invoke/LambdaForm$MH+0x00000000224bd800'
Event: 337.579 Thread 0x0000021b51b035d0 Unloading class 0x00000000224bc800 'java/lang/invoke/LambdaForm$MH+0x00000000224bc800'
Event: 337.579 Thread 0x0000021b51b035d0 Unloading class 0x00000000224bc400 'java/lang/invoke/LambdaForm$MH+0x00000000224bc400'
Event: 337.579 Thread 0x0000021b51b035d0 Unloading class 0x0000000022334400 'java/lang/invoke/LambdaForm$MH+0x0000000022334400'
Event: 337.579 Thread 0x0000021b51b035d0 Unloading class 0x0000000022278000 'java/lang/invoke/LambdaForm$MH+0x0000000022278000'
Event: 337.579 Thread 0x0000021b51b035d0 Unloading class 0x000000002214c800 'java/lang/invoke/LambdaForm$BMH+0x000000002214c800'
Event: 337.579 Thread 0x0000021b51b035d0 Unloading class 0x0000000022115000 'java/lang/invoke/LambdaForm$MH+0x0000000022115000'
Event: 337.579 Thread 0x0000021b51b035d0 Unloading class 0x0000000022108400 'java/lang/invoke/LambdaForm$MH+0x0000000022108400'
Event: 337.579 Thread 0x0000021b51b035d0 Unloading class 0x00000000220d1000 'java/lang/invoke/LambdaForm$MH+0x00000000220d1000'
Event: 337.579 Thread 0x0000021b51b035d0 Unloading class 0x00000000220d0400 'java/lang/invoke/LambdaForm$MH+0x00000000220d0400'
Event: 337.579 Thread 0x0000021b51b035d0 Unloading class 0x00000000220d0000 'java/lang/invoke/LambdaForm$MH+0x00000000220d0000'

Classes redefined (0 events):
No events

Internal exceptions (20 events):
Event: 15.051 Thread 0x0000021b5f3db580 Exception <a 'java/lang/NoSuchMethodError'{0x00000007fff69ac8}: 'java.lang.Object java.lang.invoke.DelegatingMethodHandle$Holder.reinvoke_L(java.lang.Object, java.lang.Object, int, int, java.lang.Object, java.lang.Object)'> (0x00000007fff69ac8) 
thrown [s\open\src\hotspot\share\interpreter\linkResolver.cpp, line 804]
Event: 15.317 Thread 0x0000021b5f496c10 Exception <a 'java/lang/NoSuchMethodError'{0x00000007084e2aa8}: 'java.lang.Object java.lang.invoke.DirectMethodHandle$Holder.invokeStaticInit(java.lang.Object, java.lang.Object, java.lang.Object, java.lang.Object, java.lang.Object, java.lang.Object)'> (0x00000007084e2aa8) 
thrown [s\open\src\hotspot\share\interpreter\linkResolver.cpp, line 804]
Event: 15.345 Thread 0x0000021b5f3dccf0 Exception <a 'java/lang/NoSuchMethodError'{0x00000007083981b8}: 'java.lang.Object java.lang.invoke.DirectMethodHandle$Holder.newInvokeSpecial(java.lang.Object, java.lang.Object, java.lang.Object, java.lang.Object, long)'> (0x00000007083981b8) 
thrown [s\open\src\hotspot\share\interpreter\linkResolver.cpp, line 804]
Event: 65.584 Thread 0x0000021b5f40a560 Exception <a 'java/lang/NoSuchMethodError'{0x0000000706e7b948}: 'java.lang.Object java.lang.invoke.DelegatingMethodHandle$Holder.reinvoke_L(java.lang.Object, java.lang.Object, java.lang.Object, java.lang.Object, java.lang.Object, java.lang.Object, java.lang.Object, java.lang.Object, java.lang.Object, int, int, java.lang.Object, java.lang.Object)'> (0x0000000706e7b948) 
thrown [s\open\src\hotspot\share\interpreter\linkResolver.cpp, line 804]
Event: 65.625 Thread 0x0000021b5f40a560 Exception <a 'java/lang/NoSuchMethodError'{0x0000000706c5db68}: 'java.lang.Object java.lang.invoke.DirectMethodHandle$Holder.invokeInterface(java.lang.Object, java.lang.Object, int)'> (0x0000000706c5db68) 
thrown [s\open\src\hotspot\share\interpreter\linkResolver.cpp, line 804]
Event: 68.057 Thread 0x0000021b5f3d7ed0 Exception <a 'java/lang/NoSuchMethodError'{0x0000000706dc9e68}: 'java.lang.Object java.lang.invoke.DelegatingMethodHandle$Holder.reinvoke_L(java.lang.Object, java.lang.Object, int, int, int, int, int, int, int, int, int)'> (0x0000000706dc9e68) 
thrown [s\open\src\hotspot\share\interpreter\linkResolver.cpp, line 804]
Event: 68.057 Thread 0x0000021b5f3d7ed0 Exception <a 'java/lang/NoSuchMethodError'{0x0000000706dfae38}: 'java.lang.Object java.lang.invoke.DelegatingMethodHandle$Holder.reinvoke_L(java.lang.Object, java.lang.Object, int, int, int)'> (0x0000000706dfae38) 
thrown [s\open\src\hotspot\share\interpreter\linkResolver.cpp, line 804]
Event: 68.216 Thread 0x0000021b5f4a07d0 Exception <a 'java/lang/IncompatibleClassChangeError'{0x0000000707f50e40}: Found class java.lang.Object, but interface was expected> (0x0000000707f50e40) 
thrown [s\open\src\hotspot\share\interpreter\linkResolver.cpp, line 871]
Event: 68.226 Thread 0x0000021b5f49b260 Exception <a 'java/lang/NoSuchMethodError'{0x0000000706abe198}: 'void java.lang.invoke.DelegatingMethodHandle$Holder.reinvoke_L(java.lang.Object, java.lang.Object, java.lang.Object, java.lang.Object, int)'> (0x0000000706abe198) 
thrown [s\open\src\hotspot\share\interpreter\linkResolver.cpp, line 804]
Event: 68.230 Thread 0x0000021b5f4a07d0 Exception <a 'java/lang/NoSuchMethodError'{0x0000000706b8c1e8}: 'java.lang.Object java.lang.invoke.DirectMethodHandle$Holder.newInvokeSpecial(java.lang.Object, java.lang.Object, java.lang.Object, long)'> (0x0000000706b8c1e8) 
thrown [s\open\src\hotspot\share\interpreter\linkResolver.cpp, line 804]
Event: 68.230 Thread 0x0000021b5f4a07d0 Exception <a 'java/lang/NoSuchMethodError'{0x0000000706b9f7f0}: 'java.lang.Object java.lang.invoke.Invokers$Holder.linkToTargetMethod(java.lang.Object, java.lang.Object, long, java.lang.Object)'> (0x0000000706b9f7f0) 
thrown [s\open\src\hotspot\share\interpreter\linkResolver.cpp, line 804]
Event: 68.237 Thread 0x0000021b5f4a07d0 Exception <a 'java/lang/NoSuchMethodError'{0x0000000706440b00}: 'java.lang.Object java.lang.invoke.Invokers$Holder.linkToTargetMethod(java.lang.Object, int, java.lang.Object, java.lang.Object, java.lang.Object, java.lang.Object)'> (0x0000000706440b00) 
thrown [s\open\src\hotspot\share\interpreter\linkResolver.cpp, line 804]
Event: 68.237 Thread 0x0000021b5f4a07d0 Exception <a 'java/lang/NoSuchMethodError'{0x000000070645a620}: 'int java.lang.invoke.DirectMethodHandle$Holder.invokeStatic(java.lang.Object, java.lang.Object, int, java.lang.Object)'> (0x000000070645a620) 
thrown [s\open\src\hotspot\share\interpreter\linkResolver.cpp, line 804]
Event: 68.240 Thread 0x0000021b5f4a07d0 Exception <a 'java/lang/NoSuchMethodError'{0x00000007064fc090}: 'void java.lang.invoke.DirectMethodHandle$Holder.invokeSpecial(java.lang.Object, java.lang.Object, java.lang.Object, int, java.lang.Object, java.lang.Object, java.lang.Object)'> (0x00000007064fc090) 
thrown [s\open\src\hotspot\share\interpreter\linkResolver.cpp, line 804]
Event: 220.733 Thread 0x0000021b5f3d86a0 Exception <a 'java/lang/NoSuchMethodError'{0x000000070be7b0f0}: 'void java.lang.invoke.DelegatingMethodHandle$Holder.reinvoke_L(java.lang.Object, java.lang.Object, long)'> (0x000000070be7b0f0) 
thrown [s\open\src\hotspot\share\interpreter\linkResolver.cpp, line 804]
Event: 337.535 Thread 0x0000021b5f409d90 Exception <a 'java/lang/NoSuchMethodError'{0x00000007087ce698}: 'void java.lang.invoke.DirectMethodHandle$Holder.invokeStatic(java.lang.Object, long, java.lang.Object)'> (0x00000007087ce698) 
thrown [s\open\src\hotspot\share\interpreter\linkResolver.cpp, line 804]
Event: 337.647 Thread 0x0000021b5f409d90 StackOverflowError at 0x0000021b4727e020
Event: 337.647 Thread 0x0000021b5f409d90 Exception <a 'java/lang/StackOverflowError'{0x00000007ffec1e08}> (0x00000007ffec1e08) 
thrown [s\open\src\hotspot\share\runtime\sharedRuntime.cpp, line 681]
Event: 406.889 Thread 0x0000021b5f4360a0 StackOverflowError at 0x0000021b4727e020
Event: 406.889 Thread 0x0000021b5f4360a0 Exception <a 'java/lang/StackOverflowError'{0x00000007089f6030}> (0x00000007089f6030) 
thrown [s\open\src\hotspot\share\runtime\sharedRuntime.cpp, line 681]

VM Operations (20 events):
Event: 421.049 Executing non-safepoint VM operation: RendezvousGCThreads done
Event: 478.156 Executing safepoint VM operation: G1CollectForAllocation (G1 Evacuation Pause)
Event: 478.159 Executing safepoint VM operation: G1CollectForAllocation (G1 Evacuation Pause) done
Event: 481.186 Executing non-safepoint VM operation: HandshakeAllThreads (HandshakeForDeflation)
Event: 481.186 Executing non-safepoint VM operation: HandshakeAllThreads (HandshakeForDeflation) done
Event: 481.186 Executing non-safepoint VM operation: RendezvousGCThreads
Event: 481.186 Executing non-safepoint VM operation: RendezvousGCThreads done
Event: 541.292 Executing non-safepoint VM operation: HandshakeAllThreads (HandshakeForDeflation)
Event: 541.292 Executing non-safepoint VM operation: HandshakeAllThreads (HandshakeForDeflation) done
Event: 541.292 Executing non-safepoint VM operation: RendezvousGCThreads
Event: 541.292 Executing non-safepoint VM operation: RendezvousGCThreads done
Event: 601.401 Executing non-safepoint VM operation: HandshakeAllThreads (HandshakeForDeflation)
Event: 601.401 Executing non-safepoint VM operation: HandshakeAllThreads (HandshakeForDeflation) done
Event: 601.401 Executing non-safepoint VM operation: RendezvousGCThreads
Event: 601.401 Executing non-safepoint VM operation: RendezvousGCThreads done
Event: 661.533 Executing non-safepoint VM operation: HandshakeAllThreads (HandshakeForDeflation)
Event: 661.534 Executing non-safepoint VM operation: HandshakeAllThreads (HandshakeForDeflation) done
Event: 661.534 Executing non-safepoint VM operation: RendezvousGCThreads
Event: 661.534 Executing non-safepoint VM operation: RendezvousGCThreads done
Event: 693.380 Executing safepoint VM operation: G1CollectForAllocation (G1 Evacuation Pause)

Memory protections (0 events):
No events

Nmethod flushes (20 events):
Event: 337.585 Thread 0x0000021b51b035d0 flushing  nmethod 0x0000021b47f83d08
Event: 337.585 Thread 0x0000021b51b035d0 flushing  nmethod 0x0000021b47f84e08
Event: 337.585 Thread 0x0000021b51b035d0 flushing  nmethod 0x0000021b47f85488
Event: 337.585 Thread 0x0000021b51b035d0 flushing  nmethod 0x0000021b47f85c88
Event: 337.585 Thread 0x0000021b51b035d0 flushing  nmethod 0x0000021b47f86c88
Event: 337.585 Thread 0x0000021b51b035d0 flushing  nmethod 0x0000021b47f86f88
Event: 337.585 Thread 0x0000021b51b035d0 flushing  nmethod 0x0000021b47fe2988
Event: 337.585 Thread 0x0000021b51b035d0 flushing  nmethod 0x0000021b47ca2b88
Event: 337.585 Thread 0x0000021b51b035d0 flushing  nmethod 0x0000021b47cc2688
Event: 337.585 Thread 0x0000021b51b035d0 flushing  nmethod 0x0000021b47e36788
Event: 337.585 Thread 0x0000021b51b035d0 flushing  nmethod 0x0000021b47ee1188
Event: 337.585 Thread 0x0000021b51b035d0 flushing  nmethod 0x0000021b47ee2688
Event: 337.585 Thread 0x0000021b51b035d0 flushing  nmethod 0x0000021b47f87a08
Event: 337.585 Thread 0x0000021b51b035d0 flushing  nmethod 0x0000021b47f88788
Event: 337.585 Thread 0x0000021b51b035d0 flushing  nmethod 0x0000021b47f8ae88
Event: 337.585 Thread 0x0000021b51b035d0 flushing  nmethod 0x0000021b47f8b808
Event: 337.585 Thread 0x0000021b51b035d0 flushing  nmethod 0x0000021b47fd1388
Event: 337.585 Thread 0x0000021b51b035d0 flushing  nmethod 0x0000021b4749c088
Event: 337.585 Thread 0x0000021b51b035d0 flushing  nmethod 0x0000021b476f6488
Event: 337.585 Thread 0x0000021b51b035d0 flushing  nmethod 0x0000021b47cb2688

Events (20 events):
Event: 304.750 Thread 0x0000021b51b2fa90 Thread added: 0x0000021b523533b0
Event: 308.208 Thread 0x0000021b523533b0 Thread exited: 0x0000021b523533b0
Event: 308.319 Thread 0x0000021b5a165370 Thread added: 0x0000021b5f4f1560
Event: 309.369 Thread 0x0000021b52356c20 Thread exited: 0x0000021b52356c20
Event: 314.412 Thread 0x0000021b52352ba0 Thread exited: 0x0000021b52352ba0
Event: 333.462 Thread 0x0000021b57c65ad0 Thread added: 0x0000021b5f4ecf10
Event: 337.423 Thread 0x0000021b51b2fa90 Thread added: 0x0000021b52352ba0
Event: 337.509 Thread 0x0000021b5f409d90 Thread added: 0x0000021b5f4f6380
Event: 337.510 Thread 0x0000021b5f4f6380 Thread added: 0x0000021b5f4f6b50
Event: 337.539 Thread 0x0000021b5f409d90 Thread added: 0x0000021b5f4f4c10
Event: 338.219 Thread 0x0000021b52352ba0 Thread exited: 0x0000021b52352ba0
Event: 338.468 Thread 0x0000021b5f4ecf10 Thread exited: 0x0000021b5f4ecf10
Event: 375.564 Thread 0x0000021b5f494cd0 Thread exited: 0x0000021b5f494cd0
Event: 397.598 Thread 0x0000021b5f4f4c10 Thread exited: 0x0000021b5f4f4c10
Event: 397.644 Thread 0x0000021b5f4f6380 Thread exited: 0x0000021b5f4f6380
Event: 406.864 Thread 0x0000021b5f4360a0 Thread added: 0x0000021b5f4ea800
Event: 406.875 Thread 0x0000021b5f4360a0 Thread added: 0x0000021b5f4f2500
Event: 428.264 Thread 0x0000021b5f4f1560 Thread exited: 0x0000021b5f4f1560
Event: 466.889 Thread 0x0000021b5f4f2500 Thread exited: 0x0000021b5f4f2500
Event: 466.889 Thread 0x0000021b5f4ea800 Thread exited: 0x0000021b5f4ea800


Dynamic libraries:
0x00007ff60a680000 - 0x00007ff60a68e000 	C:\Users\Mihajlo\.jdks\openjdk-25.0.2\bin\java.exe
0x00007ffe3d3a0000 - 0x00007ffe3d607000 	C:\WINDOWS\SYSTEM32\ntdll.dll
0x00007ffe3ca60000 - 0x00007ffe3cb29000 	C:\WINDOWS\System32\KERNEL32.DLL
0x00007ffe3a690000 - 0x00007ffe3aa7f000 	C:\WINDOWS\System32\KERNELBASE.dll
0x00007ffe3ad00000 - 0x00007ffe3ae4b000 	C:\WINDOWS\System32\ucrtbase.dll
0x00007ffe27a50000 - 0x00007ffe27a6e000 	C:\Users\Mihajlo\.jdks\openjdk-25.0.2\bin\VCRUNTIME140.dll
0x00007ffe279f0000 - 0x00007ffe27a07000 	C:\Users\Mihajlo\.jdks\openjdk-25.0.2\bin\jli.dll
0x00007ffe3ce70000 - 0x00007ffe3d035000 	C:\WINDOWS\System32\USER32.dll
0x00007ffe3a4f0000 - 0x00007ffe3a517000 	C:\WINDOWS\System32\win32u.dll
0x00007ffe22dd0000 - 0x00007ffe23063000 	C:\WINDOWS\WinSxS\amd64_microsoft.windows.common-controls_6595b64144ccf1df_6.0.26100.7309_none_3e05feeae336a044\COMCTL32.dll
0x00007ffe3bb80000 - 0x00007ffe3bbab000 	C:\WINDOWS\System32\GDI32.dll
0x00007ffe3cbb0000 - 0x00007ffe3cc59000 	C:\WINDOWS\System32\msvcrt.dll
0x00007ffe3abd0000 - 0x00007ffe3acfc000 	C:\WINDOWS\System32\gdi32full.dll
0x00007ffe3af10000 - 0x00007ffe3afb3000 	C:\WINDOWS\System32\msvcp_win.dll
0x00007ffe3cc90000 - 0x00007ffe3ccc1000 	C:\WINDOWS\System32\IMM32.DLL
0x00007ffe341e0000 - 0x00007ffe341ec000 	C:\Users\Mihajlo\.jdks\openjdk-25.0.2\bin\vcruntime140_1.dll
0x00007ffe27780000 - 0x00007ffe2780d000 	C:\Users\Mihajlo\.jdks\openjdk-25.0.2\bin\msvcp140.dll
0x00007ffdbd390000 - 0x00007ffdbe1ef000 	C:\Users\Mihajlo\.jdks\openjdk-25.0.2\bin\server\jvm.dll
0x00007ffe3d190000 - 0x00007ffe3d244000 	C:\WINDOWS\System32\ADVAPI32.dll
0x00007ffe3b140000 - 0x00007ffe3b1e6000 	C:\WINDOWS\System32\sechost.dll
0x00007ffe3c860000 - 0x00007ffe3c978000 	C:\WINDOWS\System32\RPCRT4.dll
0x00007ffe3cdf0000 - 0x00007ffe3ce64000 	C:\WINDOWS\System32\WS2_32.dll
0x00007ffe3a1a0000 - 0x00007ffe3a1fe000 	C:\WINDOWS\SYSTEM32\POWRPROF.dll
0x00007ffe2f380000 - 0x00007ffe2f3b5000 	C:\WINDOWS\SYSTEM32\WINMM.dll
0x00007ffe33ce0000 - 0x00007ffe33ceb000 	C:\WINDOWS\SYSTEM32\VERSION.dll
0x00007ffe3a150000 - 0x00007ffe3a164000 	C:\WINDOWS\SYSTEM32\UMPDC.dll
0x00007ffe39260000 - 0x00007ffe3927b000 	C:\WINDOWS\SYSTEM32\kernel.appcore.dll
0x00007ffe2f4e0000 - 0x00007ffe2f4ea000 	C:\Users\Mihajlo\.jdks\openjdk-25.0.2\bin\jimage.dll
0x00007ffe37400000 - 0x00007ffe37642000 	C:\WINDOWS\SYSTEM32\DBGHELP.DLL
0x00007ffe3bd10000 - 0x00007ffe3c096000 	C:\WINDOWS\System32\combase.dll
0x00007ffe3c980000 - 0x00007ffe3ca56000 	C:\WINDOWS\System32\OLEAUT32.dll
0x00007ffe23d30000 - 0x00007ffe23d6c000 	C:\WINDOWS\SYSTEM32\dbgcore.DLL
0x00007ffe3aa90000 - 0x00007ffe3ab35000 	C:\WINDOWS\System32\bcryptPrimitives.dll
0x00007ffe2eb50000 - 0x00007ffe2eb60000 	C:\Users\Mihajlo\.jdks\openjdk-25.0.2\bin\instrument.dll
0x00007ffe279d0000 - 0x00007ffe279ef000 	C:\Users\Mihajlo\.jdks\openjdk-25.0.2\bin\java.dll
0x00007ffe3b1f0000 - 0x00007ffe3b387000 	C:\WINDOWS\System32\ole32.dll
0x00007ffe3c0a0000 - 0x00007ffe3c7f3000 	C:\WINDOWS\System32\SHELL32.dll
0x00007ffe3a520000 - 0x00007ffe3a68a000 	C:\WINDOWS\System32\wintypes.dll
0x00007ffe380d0000 - 0x00007ffe3892e000 	C:\WINDOWS\SYSTEM32\windows.storage.dll
0x00007ffe3bc10000 - 0x00007ffe3bd05000 	C:\WINDOWS\System32\SHCORE.dll
0x00007ffe3d050000 - 0x00007ffe3d0b6000 	C:\WINDOWS\System32\shlwapi.dll
0x00007ffe3a410000 - 0x00007ffe3a439000 	C:\WINDOWS\SYSTEM32\profapi.dll
0x00007ffe27840000 - 0x00007ffe27857000 	C:\Users\Mihajlo\.jdks\openjdk-25.0.2\bin\zip.dll
0x00007ffe27760000 - 0x00007ffe27772000 	C:\Users\Mihajlo\.jdks\openjdk-25.0.2\bin\net.dll
0x00007ffe397b0000 - 0x00007ffe3981b000 	C:\WINDOWS\system32\mswsock.dll
0x00007ffe27740000 - 0x00007ffe27756000 	C:\Users\Mihajlo\.jdks\openjdk-25.0.2\bin\nio.dll
0x00007ffe276f0000 - 0x00007ffe2770a000 	C:\Program Files\JetBrains\IntelliJ IDEA 2024.2.3\bin\breakgen64.dll
0x00007ffe38ce0000 - 0x00007ffe38e0c000 	C:\WINDOWS\SYSTEM32\DNSAPI.dll
0x00007ffe38c50000 - 0x00007ffe38c84000 	C:\WINDOWS\SYSTEM32\IPHLPAPI.DLL
0x00007ffe3d040000 - 0x00007ffe3d04a000 	C:\WINDOWS\System32\NSI.dll
0x00007ffe34870000 - 0x00007ffe3487b000 	C:\Windows\System32\rasadhlp.dll
0x00007ffe27cb0000 - 0x00007ffe27d36000 	C:\WINDOWS\System32\fwpuclnt.dll
0x00007ffe27910000 - 0x00007ffe27919000 	C:\Users\Mihajlo\.jdks\openjdk-25.0.2\bin\extnet.dll
0x00007ffe27830000 - 0x00007ffe2783a000 	C:\Users\Mihajlo\.jdks\openjdk-25.0.2\bin\management.dll
0x00007ffe23aa0000 - 0x00007ffe23aac000 	C:\Users\Mihajlo\.jdks\openjdk-25.0.2\bin\management_ext.dll
0x00007ffe3bb70000 - 0x00007ffe3bb78000 	C:\WINDOWS\System32\PSAPI.DLL
0x00007ffe39ba0000 - 0x00007ffe39bbb000 	C:\WINDOWS\SYSTEM32\CRYPTSP.dll
0x00007ffe391c0000 - 0x00007ffe391fa000 	C:\WINDOWS\system32\rsaenh.dll
0x00007ffe39860000 - 0x00007ffe3988b000 	C:\WINDOWS\SYSTEM32\USERENV.dll
0x00007ffe3a3e0000 - 0x00007ffe3a40a000 	C:\WINDOWS\SYSTEM32\bcrypt.dll
0x00007ffe39a00000 - 0x00007ffe39a0c000 	C:\WINDOWS\SYSTEM32\CRYPTBASE.dll
0x00007ffe1b220000 - 0x00007ffe1b238000 	C:\WINDOWS\system32\napinsp.dll
0x00007ffe1b200000 - 0x00007ffe1b212000 	C:\WINDOWS\System32\winrnr.dll
0x00007ffe1b1d0000 - 0x00007ffe1b1f2000 	C:\WINDOWS\system32\nlansp_c.dll
0x00007ffe1b1b0000 - 0x00007ffe1b1c6000 	C:\WINDOWS\system32\wshbth.dll
0x00007ffe1ff30000 - 0x00007ffe1ff86000 	C:\WINDOWS\SYSTEM32\pdh.dll
0x00007ffe34290000 - 0x00007ffe342a2000 	C:\WINDOWS\System32\perfproc.dll
0x00007ffe23a90000 - 0x00007ffe23a9e000 	C:\Users\Mihajlo\.jdks\openjdk-25.0.2\bin\sunmscapi.dll
0x00007ffe3afc0000 - 0x00007ffe3b137000 	C:\WINDOWS\System32\CRYPT32.dll
0x00007ffe39d60000 - 0x00007ffe39d90000 	C:\WINDOWS\SYSTEM32\ncrypt.dll
0x00007ffe39d10000 - 0x00007ffe39d4f000 	C:\WINDOWS\SYSTEM32\NTASN1.dll
0x00007ffe23a80000 - 0x00007ffe23a90000 	C:\Users\Mihajlo\.jdks\openjdk-25.0.2\bin\verify.dll
0x00007ffe13df0000 - 0x00007ffe13df8000 	C:\WINDOWS\system32\wshunix.dll

JVMTI agents:
C:\Program Files\JetBrains\IntelliJ IDEA 2024.2.3\lib\idea_rt.jar path:C:\Users\Mihajlo\.jdks\openjdk-25.0.2\bin\instrument.dll, loaded, initialized, instrumentlib options:64747:C:\Program Files\JetBrains\IntelliJ IDEA 2024.2.3\bin

dbghelp: loaded successfully - version: 4.0.5 - missing functions: none
symbol engine: initialized successfully - sym options: 0x614 - pdb path: .;C:\Users\Mihajlo\.jdks\openjdk-25.0.2\bin;C:\WINDOWS\SYSTEM32;C:\WINDOWS\WinSxS\amd64_microsoft.windows.common-controls_6595b64144ccf1df_6.0.26100.7309_none_3e05feeae336a044;C:\Users\Mihajlo\.jdks\openjdk-25.0.2\bin\server;C:\Program Files\JetBrains\IntelliJ IDEA 2024.2.3\bin

VM Arguments:
jvm_args: -XX:TieredStopAtLevel=1 -Dspring.output.ansi.enabled=always -Dcom.sun.management.jmxremote -Dspring.jmx.enabled=true -Dspring.liveBeansView.mbeanDomain -Dspring.application.admin.enabled=true -Dmanagement.endpoints.jmx.exposure.include=* -javaagent:C:\Program Files\JetBrains\IntelliJ IDEA 2024.2.3\lib\idea_rt.jar=64747:C:\Program Files\JetBrains\IntelliJ IDEA 2024.2.3\bin -Dfile.encoding=UTF-8 
java_command: nvt.backend.BackendApplication
java_class_path (initial): C:\Users\Mihajlo\Desktop\Faks\IV godina\I semestar\napredne veb tehnologije\nvt-project\backend\target\classes;C:\Users\Mihajlo\.m2\repository\org\springframework\boot\spring-boot-starter-data-jpa\3.4.1\spring-boot-starter-data-jpa-3.4.1.jar;C:\Users\Mihajlo\.m2\repository\org\springframework\boot\spring-boot-starter\3.4.1\spring-boot-starter-3.4.1.jar;C:\Users\Mihajlo\.m2\repository\org\springframework\boot\spring-boot-starter-logging\3.4.1\spring-boot-starter-logging-3.4.1.jar;C:\Users\Mihajlo\.m2\repository\ch\qos\logback\logback-classic\1.5.12\logback-classic-1.5.12.jar;C:\Users\Mihajlo\.m2\repository\ch\qos\logback\logback-core\1.5.12\logback-core-1.5.12.jar;C:\Users\Mihajlo\.m2\repository\org\apache\logging\log4j\log4j-to-slf4j\2.24.3\log4j-to-slf4j-2.24.3.jar;C:\Users\Mihajlo\.m2\repository\org\apache\logging\log4j\log4j-api\2.24.3\log4j-api-2.24.3.jar;C:\Users\Mihajlo\.m2\repository\org\slf4j\jul-to-slf4j\2.0.16\jul-to-slf4j-2.0.16.jar;C:\Users\Mihajlo\.m2\repository\jakarta\annotation\jakarta.annotation-api\2.1.1\jakarta.annotation-api-2.1.1.jar;C:\Users\Mihajlo\.m2\repository\org\yaml\snakeyaml\2.3\snakeyaml-2.3.jar;C:\Users\Mihajlo\.m2\repository\org\springframework\boot\spring-boot-starter-jdbc\3.4.1\spring-boot-starter-jdbc-3.4.1.jar;C:\Users\Mihajlo\.m2\repository\com\zaxxer\HikariCP\5.1.0\HikariCP-5.1.0.jar;C:\Users\Mihajlo\.m2\repository\org\springframework\spring-jdbc\6.2.1\spring-jdbc-6.2.1.jar;C:\Users\Mihajlo\.m2\repository\org\hibernate\orm\hibernate-core\6.6.4.Final\hibernate-core-6.6.4.Final.jar;C:\Users\Mihajlo\.m2\repository\jakarta\persistence\jakarta.persistence-api\3.1.0\jakarta.persistence-api-3.1.0.jar;C:\Users\Mihajlo\.m2\repository\jakarta\transaction\jakarta.transaction-api\2.0.1\jakarta.transaction-api-2.0.1.jar;C:\Users\Mihajlo\.m2\repository\org\jboss\logging\jboss-logging\3.6.1.Final\jboss-logging-3.6.1.Final.jar;C:\Users\Mihajlo\.m2\repository\org\hibernate\common\hibernate-commons-annotations\7.0.3.Final\hibernate-commons-annotations-7.0.3.Final.jar;C:\Users\Mihajlo\.m2\repository\io\smallrye\jandex\3.2.0\jandex-3.2.0.jar;C:\Users\Mihajlo\.m2\repository\com\fasterxml\classmate\1.7.0\classmate-1.7.0.jar;C:\Users\Mihajlo\.m2\repository\net\bytebuddy\byte-buddy\1.15.11\byte-buddy-1.15.11.jar;C:\Users\Mihajlo\.m2\repository\org\glassfish\jaxb\jaxb-runtime\4.0.5\jaxb-runtime-4.0.5.jar;C:\Users\Mihajlo\.m2\repository\org\glassfish\jaxb\jaxb-core\4.0.5\jaxb-core-4.0.5.jar;C:\Users\Mihajlo\.m2\repository\org\glassfish\jaxb\txw2\4.0.5\txw2-4.0.5.jar;C:\Users\Mihajlo\.m2\repository\com\sun\istack\istack-commons-runtime\4.1.2\istack-commons-runtime-4.1.2.jar;C:\Users\Mihajlo\.m2\repository\jakarta\inject\jakarta.inject-api\2.0.1\jakarta.inject-api-2.0.1.jar;C:\Users\Mihajlo\.m2\repository\org\antlr\antlr4-runtime\4.13.0\antlr4-runtime-4.13.0.jar;C:\Users\Mihajlo\.m2\repository\org\springframework\data\spring-data-jpa\3.4.1\spring-data-jpa-3.4.1.jar;C:\Users\Mihajlo\.m2\repository\org\springframework\data\spring-data-commons\3.4.1\spring-data-commons-3.4.1.jar;C:\Users\Mihajlo\.m2\repository\org\springframework\spring-orm\6.2.1\spring-orm-6.2.1.jar;C:\Users\Mihajlo\.m2\repository\org\springframework\spring-tx\6.2.1\spring-tx-6.2.1.jar;C:\Users\Mihajlo\.m2\repository\org\slf4j\slf4j-api\2.0.16\slf4j-api-2.0.16.jar;C:\Users\Mihajlo\.m2\repository\org\springframework\boot\spring-boot-starter-security\3.4.1\spring-boot-starter-security-3.4.1.jar;C:\Users\Mihajlo\.m2\repository\org\springframework\spring-aop\6.2.1\spring-aop-6.2.1.jar;C:\Users\Mihajlo\.m2\repository\org\springframework\security\spring-security-web\6.4.2\spring-security-web-6.4.2.jar;C:\Users\Mihajlo\.m2\repository\org\springframework\spring-expression\6.2.1\spring-expression-6.2.1.jar;C:\Users\Mihajlo\.m2\repository\org\springframework\boot\spring-boot-starter-web\3.4.1\spring-boot-starter-web-3.4.1.jar;C:\Users\Mihajlo\.m2\repository\org\springframework\boot\spring-boot-starter-json\3.4.1\spring-boot-starter-json-3.4.1.jar;C:\Users\Mihajlo\.m2\repository\com\fasterxml\jackson\datatype\jackson-datatype-jdk8\2.18.2\jackson-datatype-jdk8-2.18.2.jar;C:\Users\Mihajlo\.m2\repository\com\fasterxml\jackson\datatype\jackson-datatype-jsr310\2.18.2\jackson-datatype-jsr310-2.18.2.jar;C:\Users\Mihajlo\.m2\repository\com\fasterxml\jackson\module\jackson-module-parameter-names\2.18.2\jackson-module-parameter-names-2.18.2.jar;C:\Users\Mihajlo\.m2\repository\org\springframework\boot\spring-boot-starter-tomcat\3.4.1\spring-boot-starter-tomcat-3.4.1.jar;C:\Users\Mihajlo\.m2\repository\org\apache\tomcat\embed\tomcat-embed-core\10.1.34\tomcat-embed-core-10.1.34.jar;C:\Users\Mihajlo\.m2\repository\org\apache\tomcat\embed\tomcat-embed-websocket\10.1.34\tomcat-embed-websocket-10.1.34.jar;C:\Users\Mihajlo\.m2\repository\org\springframework\spring-web\6.2.1\spring-web-6.2.1.jar;C:\Users\Mihajlo\.m2\repository\io\micrometer\micrometer-observation\1.14.2\micrometer-observation-1.14.2.jar;C:\Users\Mihajlo\.m2\repository\io\micrometer\micrometer-commons\1.14.2\micrometer-commons-1.14.2.jar;C:\Users\Mihajlo\.m2\repository\org\springframework\spring-webmvc\6.2.1\spring-webmvc-6.2.1.jar;C:\Users\Mihajlo\.m2\repository\org\springframework\boot\spring-boot-starter-websocket\3.4.1\spring-boot-starter-websocket-3.4.1.jar;C:\Users\Mihajlo\.m2\repository\org\springframework\spring-messaging\6.2.1\spring-messaging-6.2.1.jar;C:\Users\Mihajlo\.m2\repository\org\springframework\spring-websocket\6.2.1\spring-websocket-6.2.1.jar;C:\Users\Mihajlo\.m2\repository\org\springframework\boot\spring-boot-starter-amqp\3.4.1\spring-boot-starter-amqp-3.4.1.jar;C:\Users\Mihajlo\.m2\repository\org\springframework\amqp\spring-rabbit\3.2.1\spring-rabbit-3.2.1.jar;C:\Users\Mihajlo\.m2\repository\org\springframework\amqp\spring-amqp\3.2.1\spring-amqp-3.2.1.jar;C:\Users\Mihajlo\.m2\repository\com\rabbitmq\amqp-client\5.22.0\amqp-client-5.22.0.jar;C:\Users\Mihajlo\.m2\repository\com\influxdb\influxdb-client-java\6.12.0\influxdb-client-java-6.12.0.jar;C:\Users\Mihajlo\.m2\repository\com\influxdb\influxdb-client-core\6.12.0\influxdb-client-core-6.12.0.jar;C:\Users\Mihajlo\.m2\repository\com\influxdb\influxdb-client-utils\6.12.0\influxdb-client-utils-6.12.0.jar;C:\Users\Mihajlo\.m2\repository\com\squareup\okio\okio\3.6.0\okio-3.6.0.jar;C:\Users\Mihajlo\.m2\repository\com\squareup\okio\okio-jvm\3.6.0\okio-jvm-3.6.0.jar;C:\Users\Mihajlo\.m2\repository\com\squareup\retrofit2\retrofit\2.9.0\retrofit-2.9.0.jar;C:\Users\Mihajlo\.m2\repository\com\squareup\okhttp3\logging-interceptor\4.11.0\logging-interceptor-4.11.0.jar;C:\Users\Mihajlo\.m2\repository\org\apache\commons\commons-csv\1.10.0\commons-csv-1.10.0.jar;C:\Users\Mihajlo\.m2\repository\com\google\code\gson\gson\2.11.0\gson-2.11.0.jar;C:\Users\Mihajlo\.m2\repository\io\reactivex\rxjava3\rxjava\3.1.10\rxjava-3.1.10.jar;C:\Users\Mihajlo\.m2\repository\org\reactivestreams\reactive-streams\1.0.4\reactive-streams-1.0.4.jar;C:\Users\Mihajlo\.m2\repository\com\squareup\retrofit2\adapter-rxjava3\2.9.0\adapter-rxjava3-2.9.0.jar;C:\Users\Mihajlo\.m2\repository\com\squareup\retrofit2\converter-scalars\2.9.0\converter-scalars-2.9.0.jar;C:\Users\Mihajlo\.m2\repository\com\squareup\retrofit2\converter-gson\2.9.0\converter-gson-2.9.0.jar;C:\Users\Mihajlo\.m2\repository\com\google\code\findbugs\jsr305\3.0.2\jsr305-3.0.2.jar;C:\Users\Mihajlo\.m2\repository\org\springframework\boot\spring-boot-devtools\3.4.1\spring-boot-devtools-3.4.1.jar;C:\Users\Mihajlo\.m2\repository\org\springframework\boot\spring-boot\3.4.1\spring-boot-3.4.1.jar;C:\Users\Mihajlo\.m2\repository\org\springframework\boot\spring-boot-autoconfigure\3.4.1\spring-boot-autoconfigure-3.4.1.jar;C:\Users\Mihajlo\.m2\repository\org\postgresql\postgresql\42.7.4\postgresql-42.7.4.jar;C:\Users\Mihajlo\.m2\repository\org\checkerframework\checker-qual\3.42.0\checker-qual-3.42.0.jar;C:\Users\Mihajlo\.m2\repository\jakarta\xml\bind\jakarta.xml.bind-api\4.0.2\jakarta.xml.bind-api-4.0.2.jar;C:\Users\Mihajlo\.m2\repository\jakarta\activation\jakarta.activation-api\2.1.3\jakarta.activation-api-2.1.3.jar;C:\Users\Mihajlo\.m2\repository\org\springframework\spring-core\6.2.1\spring-core-6.2.1.jar;C:\Users\Mihajlo\.m2\repository\org\springframework\spring-jcl\6.2.1\spring-jcl-6.2.1.jar;C:\Users\Mihajlo\.m2\repository\org\springframework\security\spring-security-core\6.4.2\spring-security-core-6.4.2.jar;C:\Users\Mihajlo\.m2\repository\org\springframework\security\spring-security-crypto\6.4.2\spring-security-crypto-6.4.2.jar;C:\Users\Mihajlo\.m2\repository\jakarta\validation\jakarta.validation-api\3.1.0\jakarta.validation-api-3.1.0.jar;C:\Users\Mihajlo\.m2\repository\org\springframework\boot\spring-boot-starter-validation\3.4.1\spring-boot-starter-validation-3.4.1.jar;C:\Users\Mihajlo\.m2\repository\org\apache\tomcat\embed\tomcat-embed-el\10.1.34\tomcat-embed-el-10.1.34.jar;C:\Users\Mihajlo\.m2\repository\org\hibernate\validator\hibernate-validator\8.0.2.Final\hibernate-validator-8.0.2.Final.jar;C:\Users\Mihajlo\.m2\repository\io\jsonwebtoken\jjwt-api\0.12.3\jjwt-api-0.12.3.jar;C:\Users\Mihajlo\.m2\repository\io\jsonwebtoken\jjwt-impl\0.12.3\jjwt-impl-0.12.3.jar;C:\Users\Mihajlo\.m2\repository\io\jsonwebtoken\jjwt-jackson\0.12.3\jjwt-jackson-0.12.3.jar;C:\Users\Mihajlo\.m2\repository\com\fasterxml\jackson\core\jackson-databind\2.18.2\jackson-databind-2.18.2.jar;C:\Users\Mihajlo\.m2\repository\org\projectlombok\lombok\1.18.36\lombok-1.18.36.jar;C:\Users\Mihajlo\.m2\repository\org\springframework\boot\spring-boot-starter-mail\3.3.1\spring-boot-starter-mail-3.3.1.jar;C:\Users\Mihajlo\.m2\repository\org\springframework\spring-context-support\6.2.1\spring-context-support-6.2.1.jar;C:\Users\Mihajlo\.m2\repository\org\eclipse\angus\jakarta.mail\2.0.3\jakarta.mail-2.0.3.jar;C:\Users\Mihajlo\.m2\repository\org\eclipse\angus\angus-activation\2.0.2\angus-activation-2.0.2.jar;C:\Users\Mihajlo\.m2\repository\org\seleniumhq\selenium\selenium-java\4.27.0\selenium-java-4.27.0.jar;C:\Users\Mihajlo\.m2\repository\org\seleniumhq\selenium\selenium-api\4.25.0\selenium-api-4.25.0.jar;C:\Users\Mihajlo\.m2\repository\org\jspecify\jspecify\1.0.0\jspecify-1.0.0.jar;C:\Users\Mihajlo\.m2\repository\org\seleniumhq\selenium\selenium-chrome-driver\4.25.0\selenium-chrome-driver-4.25.0.jar;C:\Users\Mihajlo\.m2\repository\com\google\auto\service\auto-service-annotations\1.1.1\auto-service-annotations-1.1.1.jar;C:\Users\Mihajlo\.m2\repository\org\seleniumhq\selenium\selenium-chromium-driver\4.25.0\selenium-chromium-driver-4.25.0.jar;C:\Users\Mihajlo\.m2\repository\org\seleniumhq\selenium\selenium-json\4.25.0\selenium-json-4.25.0.jar;C:\Users\Mihajlo\.m2\repository\org\seleniumhq\selenium\selenium-manager\4.25.0\selenium-manager-4.25.0.jar;C:\Users\Mihajlo\.m2\repository\org\seleniumhq\selenium\selenium-devtools-v129\4.25.0\selenium-devtools-v129-4.25.0.jar;C:\Users\Mihajlo\.m2\repository\org\seleniumhq\selenium\selenium-devtools-v130\4.27.0\selenium-devtools-v130-4.27.0.jar;C:\Users\Mihajlo\.m2\repository\org\seleniumhq\selenium\selenium-devtools-v131\4.27.0\selenium-devtools-v131-4.27.0.jar;C:\Users\Mihajlo\.m2\repository\org\seleniumhq\selenium\selenium-devtools-v85\4.25.0\selenium-devtools-v85-4.25.0.jar;C:\Users\Mihajlo\.m2\repository\org\seleniumhq\selenium\selenium-edge-driver\4.25.0\selenium-edge-driver-4.25.0.jar;C:\Users\Mihajlo\.m2\repository\org\seleniumhq\selenium\selenium-firefox-driver\4.25.0\selenium-firefox-driver-4.25.0.jar;C:\Users\Mihajlo\.m2\repository\org\seleniumhq\selenium\selenium-http\4.25.0\selenium-http-4.25.0.jar;C:\Users\Mihajlo\.m2\repository\dev\failsafe\failsafe\3.3.2\failsafe-3.3.2.jar;C:\Users\Mihajlo\.m2\repository\org\seleniumhq\selenium\selenium-ie-driver\4.25.0\selenium-ie-driver-4.25.0.jar;C:\Users\Mihajlo\.m2\repository\org\seleniumhq\selenium\selenium-remote-driver\4.25.0\selenium-remote-driver-4.25.0.jar;C:\Users\Mihajlo\.m2\repository\io\opentelemetry\semconv\opentelemetry-semconv\1.25.0-alpha\opentelemetry-semconv-1.25.0-alpha.jar;C:\Users\Mihajlo\.m2\repository\io\opentelemetry\opentelemetry-api\1.43.0\opentelemetry-api-1.43.0.jar;C:\Users\Mihajlo\.m2\repository\io\opentelemetry\opentelemetry-context\1.43.0\opentelemetry-context-1.43.0.jar;C:\Users\Mihajlo\.m2\repository\io\opentelemetry\opentelemetry-exporter-logging\1.43.0\opentelemetry-exporter-logging-1.43.0.jar;C:\Users\Mihajlo\.m2\repository\io\opentelemetry\opentelemetry-sdk-common\1.43.0\opentelemetry-sdk-common-1.43.0.jar;C:\Users\Mihajlo\.m2\repository\io\opentelemetry\opentelemetry-sdk-extension-autoconfigure-spi\1.43.0\opentelemetry-sdk-extension-autoconfigure-spi-1.43.0.jar;C:\Users\Mihajlo\.m2\repository\io\opentelemetry\opentelemetry-sdk-extension-autoconfigure\1.43.0\opentelemetry-sdk-extension-autoconfigure-1.43.0.jar;C:\Users\Mihajlo\.m2\repository\io\opentelemetry\opentelemetry-api-incubator\1.43.0-alpha\opentelemetry-api-incubator-1.43.0-alpha.jar;C:\Users\Mihajlo\.m2\repository\io\opentelemetry\opentelemetry-sdk-trace\1.43.0\opentelemetry-sdk-trace-1.43.0.jar;C:\Users\Mihajlo\.m2\repository\io\opentelemetry\opentelemetry-sdk\1.43.0\opentelemetry-sdk-1.43.0.jar;C:\Users\Mihajlo\.m2\repository\io\opentelemetry\opentelemetry-sdk-metrics\1.43.0\opentelemetry-sdk-metrics-1.43.0.jar;C:\Users\Mihajlo\.m2\repository\io\opentelemetry\opentelemetry-sdk-logs\1.43.0\opentelemetry-sdk-logs-1.43.0.jar;C:\Users\Mihajlo\.m2\repository\org\seleniumhq\selenium\selenium-os\4.25.0\selenium-os-4.25.0.jar;C:\Users\Mihajlo\.m2\repository\org\apache\commons\commons-exec\1.4.0\commons-exec-1.4.0.jar;C:\Users\Mihajlo\.m2\repository\org\seleniumhq\selenium\selenium-safari-driver\4.25.0\selenium-safari-driver-4.25.0.jar;C:\Users\Mihajlo\.m2\repository\org\seleniumhq\selenium\selenium-support\4.25.0\selenium-support-4.25.0.jar;C:\Users\Mihajlo\.m2\repository\commons-io\commons-io\2.6\commons-io-2.6.jar;C:\Users\Mihajlo\.m2\repository\org\bouncycastle\bcprov-jdk18on\1.78.1\bcprov-jdk18on-1.78.1.jar;C:\Users\Mihajlo\.m2\repository\org\bouncycastle\bcpkix-jdk18on\1.78.1\bcpkix-jdk18on-1.78.1.jar;C:\Users\Mihajlo\.m2\repository\org\bouncycastle\bcutil-jdk18on\1.78.1\bcutil-jdk18on-1.78.1.jar;C:\Users\Mihajlo\.m2\repository\io\minio\minio\8.5.7\minio-8.5.7.jar;C:\Users\Mihajlo\.m2\repository\com\carrotsearch\thirdparty\simple-xml-safe\2.7.1\simple-xml-safe-2.7.1.jar;C:\Users\Mihajlo\.m2\repository\com\google\guava\guava\33.3.1-jre\guava-33.3.1-jre.jar;C:\Users\Mihajlo\.m2\repository\com\google\guava\failureaccess\1.0.2\failureaccess-1.0.2.jar;C:\Users\Mihajlo\.m2\repository\com\google\guava\listenablefuture\9999.0-empty-to-avoid-conflict-with-guava\listenablefuture-9999.0-empty-to-avoid-conflict-with-guava.jar;C:\Users\Mihajlo\.m2\repository\com\google\errorprone\error_prone_annotations\2.28.0\error_prone_annotations-2.28.0.jar;C:\Users\Mihajlo\.m2\repository\com\google\j2objc\j2objc-annotations\3.0.0\j2objc-annotations-3.0.0.jar;C:\Users\Mihajlo\.m2\repository\com\squareup\okhttp3\okhttp\4.12.0\okhttp-4.12.0.jar;C:\Users\Mihajlo\.m2\repository\org\jetbrains\kotlin\kotlin-stdlib-jdk8\1.9.25\kotlin-stdlib-jdk8-1.9.25.jar;C:\Users\Mihajlo\.m2\repository\org\jetbrains\kotlin\kotlin-stdlib\1.9.25\kotlin-stdlib-1.9.25.jar;C:\Users\Mihajlo\.m2\repository\org\jetbrains\annotations\13.0\annotations-13.0.jar;C:\Users\Mihajlo\.m2\repository\org\jetbrains\kotlin\kotlin-stdlib-jdk7\1.9.25\kotlin-stdlib-jdk7-1.9.25.jar;C:\Users\Mihajlo\.m2\repository\com\fasterxml\jackson\core\jackson-annotations\2.18.2\jackson-annotations-2.18.2.jar;C:\Users\Mihajlo\.m2\repository\com\fasterxml\jackson\core\jackson-core\2.18.2\jackson-core-2.18.2.jar;C:\Users\Mihajlo\.m2\repository\org\apache\commons\commons-compress\1.24.0\commons-compress-1.24.0.jar;C:\Users\Mihajlo\.m2\repository\org\xerial\snappy\snappy-java\1.1.10.5\snappy-java-1.1.10.5.jar;C:\Users\Mihajlo\.m2\repository\org\springframework\security\spring-security-config\6.4.2\spring-security-config-6.4.2.jar;C:\Users\Mihajlo\.m2\repository\org\springframework\spring-beans\6.2.1\spring-beans-6.2.1.jar;C:\Users\Mihajlo\.m2\repository\org\springframework\spring-context\6.2.1\spring-context-6.2.1.jar;C:\Users\Mihajlo\.m2\repository\org\springframework\boot\spring-boot-starter-data-redis\3.4.1\spring-boot-starter-data-redis-3.4.1.jar;C:\Users\Mihajlo\.m2\repository\io\lettuce\lettuce-core\6.4.1.RELEASE\lettuce-core-6.4.1.RELEASE.jar;C:\Users\Mihajlo\.m2\repository\io\netty\netty-common\4.1.116.Final\netty-common-4.1.116.Final.jar;C:\Users\Mihajlo\.m2\repository\io\netty\netty-handler\4.1.116.Final\netty-handler-4.1.116.Final.jar;C:\Users\Mihajlo\.m2\repository\io\netty\netty-resolver\4.1.116.Final\netty-resolver-4.1.116.Final.jar;C:\Users\Mihajlo\.m2\repository\io\netty\netty-buffer\4.1.116.Final\netty-buffer-4.1.116.Final.jar;C:\Users\Mihajlo\.m2\repository\io\netty\netty-transport-native-unix-common\4.1.116.Final\netty-transport-native-unix-common-4.1.116.Final.jar;C:\Users\Mihajlo\.m2\repository\io\netty\netty-codec\4.1.116.Final\netty-codec-4.1.116.Final.jar;C:\Users\Mihajlo\.m2\repository\io\netty\netty-transport\4.1.116.Final\netty-transport-4.1.116.Final.jar;C:\Users\Mihajlo\.m2\repository\io\projectreactor\reactor-core\3.7.1\reactor-core-3.7.1.jar;C:\Users\Mihajlo\.m2\repository\org\springframework\data\spring-data-redis\3.4.1\spring-data-redis-3.4.1.jar;C:\Users\Mihajlo\.m2\repository\org\springframework\data\spring-data-keyvalue\3.4.1\spring-data-keyvalue-3.4.1.jar;C:\Users\Mihajlo\.m2\repository\org\springframework\spring-oxm\6.2.1\spring-oxm-6.2.1.jar;C:\Users\Mihajlo\.m2\repository\org\springframework\boot\spring-boot-starter-cache\3.4.1\spring-boot-starter-cache-3.4.1.jar;C:\Users\Mihajlo\.m2\repository\org\springframework\retry\spring-retry\2.0.11\spring-retry-2.0.11.jar;C:\Users\Mihajlo\.m2\repository\org\springframework\spring-aspects\6.2.1\spring-aspects-6.2.1.jar;C:\Users\Mihajlo\.m2\repository\org\aspectj\aspectjweaver\1.9.22.1\aspectjweaver-1.9.22.1.jar;C:\Users\Mihajlo\.m2\repository\com\itextpdf\barcodes\7.2.5\barcodes-7.2.5.jar;C:\Users\Mihajlo\.m2\repository\com\itextpdf\font-asian\7.2.5\font-asian-7.2.5.jar;C:\Users\Mihajlo\.m2\repository\com\itextpdf\forms\7.2.5\forms-7.2.5.jar;C:\Users\Mihajlo\.m2\repository\com\itextpdf\hyph\7.2.5\hyph-7.2.5.jar;C:\Users\Mihajlo\.m2\repository\com\itextpdf\io\7.2.5\io-7.2.5.jar;C:\Users\Mihajlo\.m2\repository\com\itextpdf\commons\7.2.5\commons-7.2.5.jar;C:\Users\Mihajlo\.m2\repository\com\itextpdf\kernel\7.2.5\kernel-7.2.5.jar;C:\Users\Mihajlo\.m2\repository\org\bouncycastle\bcpkix-jdk15on\1.70\bcpkix-jdk15on-1.70.jar;C:\Users\Mihajlo\.m2\repository\org\bouncycastle\bcutil-jdk15on\1.70\bcutil-jdk15on-1.70.jar;C:\Users\Mihajlo\.m2\repository\org\bouncycastle\bcprov-jdk15on\1.70\bcprov-jdk15on-1.70.jar;C:\Users\Mihajlo\.m2\repository\com\itextpdf\layout\7.2.5\layout-7.2.5.jar;C:\Users\Mihajlo\.m2\repository\com\itextpdf\pdfa\7.2.5\pdfa-7.2.5.jar;C:\Users\Mihajlo\.m2\repository\com\itextpdf\sign\7.2.5\sign-7.2.5.jar;C:\Users\Mihajlo\.m2\repository\com\itextpdf\styled-xml-parser\7.2.5\styled-xml-parser-7.2.5.jar;C:\Users\Mihajlo\.m2\repository\com\itextpdf\svg\7.2.5\svg-7.2.5.jar
Launcher Type: SUN_STANDARD

[Global flags]
     intx CICompilerCount                          = 4                                         {product} {ergonomic}
     uint ConcGCThreads                            = 3                                         {product} {ergonomic}
     uint G1ConcRefinementThreads                  = 10                                        {product} {ergonomic}
   size_t G1HeapRegionSize                         = 2097152                                   {product} {ergonomic}
   size_t InitialHeapSize                          = 268435456                                 {product} {ergonomic}
     bool ManagementServer                         = true                                      {product} {command line}
   size_t MarkStackSize                            = 4194304                                   {product} {ergonomic}
   size_t MarkStackSizeMax                         = 536870912                                 {product} {ergonomic}
   size_t MaxHeapSize                              = 4276092928                                {product} {ergonomic}
   size_t MaxNewSize                               = 2564816896                                {product} {ergonomic}
   size_t MinHeapDeltaBytes                        = 2097152                                   {product} {ergonomic}
   size_t MinHeapSize                              = 8388608                                   {product} {ergonomic}
    uintx NonNMethodCodeHeapSize                   = 4096                                   {pd product} {ergonomic}
    uintx NonProfiledCodeHeapSize                  = 0                                      {pd product} {ergonomic}
     bool ProfileInterpreter                       = false                                  {pd product} {command line}
    uintx ProfiledCodeHeapSize                     = 0                                      {pd product} {ergonomic}
   size_t SoftMaxHeapSize                          = 4276092928                             {manageable} {ergonomic}
     intx TieredStopAtLevel                        = 1                                         {product} {command line}
     bool UseCompressedOops                        = true                           {product lp64_product} {ergonomic}
     bool UseG1GC                                  = true                                      {product} {ergonomic}
     bool UseLargePagesIndividualAllocation        = false                                  {pd product} {ergonomic}

Logging:
Log output configuration:
 #0: stdout all=warning uptime,level,tags foldmultilines=false
 #1: stderr all=off uptime,level,tags foldmultilines=false

Release file:
IMPLEMENTOR="Oracle Corporation" 
JAVA_RUNTIME_VERSION="25.0.2+10-69" 
JAVA_VERSION="25.0.2" 
JAVA_VERSION_DATE="2026-01-20" 
LIBC="default" 
MODULES="java.base java.compiler java.datatransfer java.xml java.prefs java.desktop java.instrument java.logging java.management java.security.sasl java.naming java.rmi java.management.rmi java.net.http java.scripting java.security.jgss java.transaction.xa java.sql java.sql.rowset java.xml.crypto java.se java.smartcardio jdk.accessibility jdk.internal.jvmstat jdk.attach jdk.charsets jdk.internal.opt jdk.zipfs jdk.compiler jdk.crypto.cryptoki jdk.crypto.ec jdk.crypto.mscapi jdk.dynalink jdk.internal.ed jdk.editpad jdk.internal.vm.ci jdk.graal.compiler jdk.graal.compiler.management jdk.hotspot.agent jdk.httpserver jdk.incubator.vector jdk.internal.le jdk.internal.md jdk.jartool jdk.javadoc jdk.jcmd jdk.management jdk.management.agent jdk.jconsole jdk.jdeps jdk.jdwp.agent jdk.jdi jdk.jfr jdk.jlink jdk.jpackage jdk.jshell jdk.jsobject jdk.jstatd jdk.localedata jdk.management.jfr jdk.naming.dns jdk.naming.rmi jdk.net jdk.nio.mapmode jdk.sctp jdk.security.auth jdk.security.jgss jdk.unsupported jdk.unsupported.desktop jdk.xml.dom" 
OS_ARCH="x86_64" 
OS_NAME="Windows" 
SOURCE=".:git:405a5699ebd0" 

Environment Variables:
JAVA_HOME=C:\Program Files\Java\jdk-19
PATH=C:\Python313\Scripts\;C:\Python313\;C:\app\Mihajlo\product\21c\dbhomeXE\bin;C:\Program Files\Common Files\Oracle\Java\javapath;C:\ProgramData\Oracle\Java\javapath;C:\Windows\system32;C:\Windows;C:\Windows\System32\Wbem;C:\Windows\System32\WindowsPowerShell\v1.0\;C:\Windows\System32\OpenSSH\;C:\Program Files (x86)\NVIDIA Corporation\PhysX\Common;C:\WINDOWS\system32;C:\WINDOWS;C:\WINDOWS\System32\Wbem;C:\WINDOWS\System32\WindowsPowerShell\v1.0\;C:\WINDOWS\System32\OpenSSH\;C:\Python310;C:\Program Files\dotnet\;"C:\Program Files\Java\jdk-19\bin;";C:\Program Files\Go\bin;C:\Program Files\Git\cmd;C:\Python310\Scripts;C:\Program Files\Microsoft SQL Server\150\Tools\Binn\;C:\Program Files\Microsoft SQL Server\Client SDK\ODBC\170\Tools\Binn\;C:\Program Files (x86)\dotnet\;C:\Program Files\NVIDIA Corporation\NVIDIA app\NvDLISR;C:\WINDOWS\system32;C:\WINDOWS;C:\WINDOWS\System32\Wbem;C:\WINDOWS\System32\WindowsPowerShell\v1.0\;C:\WINDOWS\System32\OpenSSH\;C:\Program Files\nodejs\;C:\ProgramData\chocolatey\bin;C:\Program Files\Amazon\AWSCLIV2\;C:\Program Files (x86)\Windows Kits\10\Windows Performance Toolkit\;C:\Program Files\Docker\Docker\resources\bin;C:\Users\Mihajlo\AppData\Local\Microsoft\WindowsApps;C:\Users\Mihajlo\AppData\Local\Programs\Microsoft VS Code\bin;C:\Users\Mihajlo\go\bin;C:\Users\Mihajlo\.dotnet\tools;C:\Users\Mihajlo\AppData\Local\GitHubDesktop\bin;C:\Users\Mihajlo\AppData\Local\JetBrains\Toolbox\scripts;C:\Users\Mihajlo\AppData\Local\Microsoft\WinGet\Packages\Schniz.fnm_Microsoft.Winget.Source_8wekyb3d8bbwe;C:\Users\Mihajlo\AppData\Local\Microsoft\WindowsApps;C:\Users\Mihajlo\.dotnet\tools;C:\Users\Mihajlo\AppData\Roaming\npm
USERNAME=Mihajlo
OS=Windows_NT
PROCESSOR_IDENTIFIER=AMD64 Family 25 Model 33 Stepping 2, AuthenticAMD
TMP=C:\Users\Mihajlo\AppData\Local\Temp
TEMP=C:\Users\Mihajlo\AppData\Local\Temp




Compilation memory statistics disabled.

Periodic native trim disabled

---------------  S Y S T E M  ---------------

OS:
 Windows 11 , 64 bit Build 26100 (10.0.26100.7623)
OS uptime: 0 days 2:00 hours
Hyper-V role detected

CPU: total 12 (initial active 12) (12 cores per cpu, 2 threads per core) family 25 model 33 stepping 2 microcode 0xa201205, cx8, cmov, fxsr, ht, mmx, 3dnowpref, sse, sse2, sse3, ssse3, sse4a, sse4.1, sse4.2, popcnt, lzcnt, tsc, tscinvbit, avx, avx2, aes, erms, clmul, bmi1, bmi2, adx, sha, fma, vzeroupper, clflush, clflushopt, clwb, hv, rdtscp, rdpid, fsrm, f16c, cet_ss
Processor Information for the first 12 processors :
  Max Mhz: 3501, Current Mhz: 3501, Mhz Limit: 3501

Memory: 4k page, system-wide physical 16307M (2722M free)
TotalPageFile size 20807M (AvailPageFile size 2M)
current process WorkingSet (physical memory assigned to process): 398M, peak: 404M
current process commit charge ("private bytes"): 454M, peak: 456M

vm_info: OpenJDK 64-Bit Server VM (25.0.2+10-69) for windows-amd64 JRE (25.0.2+10-69), built on 2025-12-18T11:36:35Z with MS VC++ 17.13 (VS2022)

END.
