#
# There is insufficient memory for the Java Runtime Environment to continue.
# Native memory allocation (mmap) failed to map 119537664 bytes. Error detail: G1 virtual space
# Possible reasons:
#   The system is out of physical RAM or swap space
#   This process is running with CompressedOops enabled, and the Java Heap may be blocking the growth of the native heap
# Possible solutions:
#   Reduce memory load on the system
#   Increase physical memory or swap space
#   Check if swap backing store is full
#   Decrease Java heap size (-Xmx/-Xms)
#   Decrease number of Java threads
#   Decrease Java thread stack sizes (-Xss)
#   Set larger code cache with -XX:ReservedCodeCacheSize=
#   JVM is running with Zero Based Compressed Oops mode in which the Java heap is
#     placed in the first 32GB address space. The Java Heap base address is the
#     maximum limit for the native heap growth. Please use -XX:HeapBaseMinAddress
#     to set the Java Heap base and to place the Java Heap above 32GB virtual address.
# This output file may be truncated or incomplete.
#
#  Out of Memory Error (os_windows.cpp:3707), pid=23140, tid=14460
#
# JRE version: OpenJDK Runtime Environment (23.0.2+7) (build 23.0.2+7-58)
# Java VM: OpenJDK 64-Bit Server VM (23.0.2+7-58, mixed mode, emulated-client, sharing, tiered, compressed oops, compressed class ptrs, g1 gc, windows-amd64)
# No core dump will be written. Minidumps are not enabled by default on client versions of Windows
#

---------------  S U M M A R Y ------------

Command Line: -XX:TieredStopAtLevel=1 -Dspring.output.ansi.enabled=always -Dcom.sun.management.jmxremote -Dspring.jmx.enabled=true -Dspring.liveBeansView.mbeanDomain -Dspring.application.admin.enabled=true -Dmanagement.endpoints.jmx.exposure.include=* -javaagent:C:\Program Files\JetBrains\IntelliJ IDEA 2024.2.3\lib\idea_rt.jar=56331:C:\Program Files\JetBrains\IntelliJ IDEA 2024.2.3\bin -Dfile.encoding=UTF-8 -Dsun.stdout.encoding=UTF-8 -Dsun.stderr.encoding=UTF-8 nvt.backend.BackendApplication

Host: AMD Ryzen 5 5600 6-Core Processor              , 12 cores, 15G,  Windows 11 , 64 bit Build 26100 (10.0.26100.7705)
Time: Wed Feb  4 22:39:07 2026 Central Europe Standard Time elapsed time: 9.527880 seconds (0d 0h 0m 9s)

---------------  T H R E A D  ---------------

Current thread (0x00000241b728c3e0):  VMThread "VM Thread"          [id=14460, stack(0x00000059aa000000,0x00000059aa100000) (1024K)]

Stack: [0x00000059aa000000,0x00000059aa100000]
Native frames: (J=compiled Java code, j=interpreted, Vv=VM code, C=native code)
V  [jvm.dll+0x6e0b99]  (no source info available)
V  [jvm.dll+0x87e2b3]  (no source info available)
V  [jvm.dll+0x88073e]  (no source info available)
V  [jvm.dll+0x880e13]  (no source info available)
V  [jvm.dll+0x27b006]  (no source info available)
V  [jvm.dll+0x6dd485]  (no source info available)
V  [jvm.dll+0x6d127a]  (no source info available)
V  [jvm.dll+0x35b50a]  (no source info available)
V  [jvm.dll+0x363916]  (no source info available)
V  [jvm.dll+0x34fe7e]  (no source info available)
V  [jvm.dll+0x350118]  (no source info available)
V  [jvm.dll+0x328aec]  (no source info available)
V  [jvm.dll+0x328b7a]  (no source info available)
V  [jvm.dll+0x374db2]  (no source info available)
V  [jvm.dll+0x3734b2]  (no source info available)
V  [jvm.dll+0x3282c7]  (no source info available)
V  [jvm.dll+0x372c64]  (no source info available)
V  [jvm.dll+0x886d50]  (no source info available)
V  [jvm.dll+0x888077]  (no source info available)
V  [jvm.dll+0x8885a8]  (no source info available)
V  [jvm.dll+0x888843]  (no source info available)
V  [jvm.dll+0x8254cb]  (no source info available)
V  [jvm.dll+0x6df345]  (no source info available)
C  [ucrtbase.dll+0x37b0]  (no source info available)
C  [KERNEL32.DLL+0x2e8d7]  (no source info available)
C  [ntdll.dll+0x8c40c]  (no source info available)

VM_Operation (0x00000059ab7f8460): G1CollectForAllocation, mode: safepoint, requested by thread 0x00000241fdc5d700


---------------  P R O C E S S  ---------------

Threads class SMR info:
_java_thread_list=0x0000024181d87520, length=29, elements={
0x00000241a3d0e750, 0x00000241b72aa890, 0x00000241b72abc20, 0x00000241b72ad820,
0x00000241b72ade90, 0x00000241b72ae6b0, 0x00000241b75e9900, 0x00000241b75edfc0,
0x00000241b777b360, 0x00000241b77810e0, 0x00000241b778dde0, 0x00000241b77904b0,
0x00000241fd574180, 0x00000241fd579a40, 0x00000241fd83d410, 0x00000241fdc5d090,
0x00000241fdc5d700, 0x00000241fe0cdaa0, 0x00000241fe0e14a0, 0x00000241fe052580,
0x00000241fe04fe20, 0x00000241fe051ef0, 0x00000241fe050b40, 0x00000241fe855020,
0x00000241fe8556b0, 0x00000241fe856a60, 0x00000241fe8591c0, 0x00000241fe8584a0,
0x00000241fe854300
}

Java Threads: ( => current thread )
  0x00000241a3d0e750 JavaThread "main"                              [_thread_blocked, id=8848, stack(0x00000059a9900000,0x00000059a9a00000) (1024K)]
  0x00000241b72aa890 JavaThread "Reference Handler"          daemon [_thread_blocked, id=24316, stack(0x00000059aa100000,0x00000059aa200000) (1024K)]
  0x00000241b72abc20 JavaThread "Finalizer"                  daemon [_thread_blocked, id=12360, stack(0x00000059aa200000,0x00000059aa300000) (1024K)]
  0x00000241b72ad820 JavaThread "Signal Dispatcher"          daemon [_thread_blocked, id=16644, stack(0x00000059aa300000,0x00000059aa400000) (1024K)]
  0x00000241b72ade90 JavaThread "Attach Listener"            daemon [_thread_blocked, id=15296, stack(0x00000059aa400000,0x00000059aa500000) (1024K)]
  0x00000241b72ae6b0 JavaThread "Service Thread"             daemon [_thread_blocked, id=3352, stack(0x00000059aa500000,0x00000059aa600000) (1024K)]
  0x00000241b75e9900 JavaThread "Monitor Deflation Thread"   daemon [_thread_blocked, id=3068, stack(0x00000059aa600000,0x00000059aa700000) (1024K)]
  0x00000241b75edfc0 JavaThread "C1 CompilerThread0"         daemon [_thread_blocked, id=17708, stack(0x00000059aa700000,0x00000059aa800000) (1024K)]
  0x00000241b777b360 JavaThread "Common-Cleaner"             daemon [_thread_blocked, id=14104, stack(0x00000059aa800000,0x00000059aa900000) (1024K)]
  0x00000241b77810e0 JavaThread "C1 CompilerThread1"         daemon [_thread_blocked, id=12680, stack(0x00000059aa900000,0x00000059aaa00000) (1024K)]
  0x00000241b778dde0 JavaThread "C1 CompilerThread2"         daemon [_thread_blocked, id=6944, stack(0x00000059aaa00000,0x00000059aab00000) (1024K)]
  0x00000241b77904b0 JavaThread "C1 CompilerThread3"         daemon [_thread_blocked, id=12912, stack(0x00000059aab00000,0x00000059aac00000) (1024K)]
  0x00000241fd574180 JavaThread "Monitor Ctrl-Break"         daemon [_thread_in_native, id=21176, stack(0x00000059aac00000,0x00000059aad00000) (1024K)]
  0x00000241fd579a40 JavaThread "Notification Thread"        daemon [_thread_blocked, id=20508, stack(0x00000059aad00000,0x00000059aae00000) (1024K)]
  0x00000241fd83d410 JavaThread "RMI TCP Accept-0"           daemon [_thread_in_native, id=6328, stack(0x00000059ab300000,0x00000059ab400000) (1024K)]
  0x00000241fdc5d090 JavaThread "Thread-0"                          [_thread_blocked, id=7320, stack(0x00000059ab600000,0x00000059ab700000) (1024K)]
  0x00000241fdc5d700 JavaThread "restartedMain"                     [_thread_blocked, id=19380, stack(0x00000059ab700000,0x00000059ab800000) (1024K)]
  0x00000241fe0cdaa0 JavaThread "RMI TCP Connection(2)-192.168.1.110" daemon [_thread_in_native, id=24764, stack(0x00000059ab900000,0x00000059aba00000) (1024K)]
  0x00000241fe0e14a0 JavaThread "RMI Scheduler(0)"           daemon [_thread_blocked, id=12040, stack(0x00000059aba00000,0x00000059abb00000) (1024K)]
  0x00000241fe052580 JavaThread "PostgreSQL-JDBC-Cleaner"    daemon [_thread_blocked, id=24292, stack(0x00000059abf00000,0x00000059ac000000) (1024K)]
  0x00000241fe04fe20 JavaThread "HikariPool-1 housekeeper"   daemon [_thread_blocked, id=23612, stack(0x00000059ac000000,0x00000059ac100000) (1024K)]
  0x00000241fe051ef0 JavaThread "HikariPool-1 connection adder" daemon [_thread_blocked, id=24336, stack(0x00000059ac100000,0x00000059ac200000) (1024K)]
  0x00000241fe050b40 JavaThread "RMI TCP Connection(3)-192.168.1.110" daemon [_thread_blocked, id=24096, stack(0x00000059ac200000,0x00000059ac300000) (1024K)]
  0x00000241fe855020 JavaThread "Catalina-utility-1"                [_thread_blocked, id=24568, stack(0x00000059ac400000,0x00000059ac500000) (1024K)]
  0x00000241fe8556b0 JavaThread "Catalina-utility-2"                [_thread_blocked, id=12708, stack(0x00000059ac500000,0x00000059ac600000) (1024K)]
  0x00000241fe856a60 JavaThread "container-0"                       [_thread_blocked, id=10992, stack(0x00000059ac300000,0x00000059ac400000) (1024K)]
  0x00000241fe8591c0 JavaThread "OkHttp TaskRunner"          daemon [_thread_blocked, id=12548, stack(0x00000059ac600000,0x00000059ac700000) (1024K)]
  0x00000241fe8584a0 JavaThread "Okio Watchdog"              daemon [_thread_blocked, id=6520, stack(0x00000059ac700000,0x00000059ac800000) (1024K)]
  0x00000241fe854300 JavaThread "lettuce-timer-3-1"          daemon [_thread_blocked, id=23464, stack(0x00000059ac800000,0x00000059ac900000) (1024K)]
Total: 29

Other Threads:
=>0x00000241b728c3e0 VMThread "VM Thread"                           [id=14460, stack(0x00000059aa000000,0x00000059aa100000) (1024K)]
  0x00000241b7278bc0 WatcherThread "VM Periodic Task Thread"        [id=5180, stack(0x00000059a9f00000,0x00000059aa000000) (1024K)]
  0x00000241a3d77f50 WorkerThread "GC Thread#0"                     [id=17980, stack(0x00000059a9a00000,0x00000059a9b00000) (1024K)]
  0x00000241fd7240d0 WorkerThread "GC Thread#1"                     [id=20788, stack(0x00000059aae00000,0x00000059aaf00000) (1024K)]
  0x00000241fd724480 WorkerThread "GC Thread#2"                     [id=15852, stack(0x00000059aaf00000,0x00000059ab000000) (1024K)]
  0x00000241fd724830 WorkerThread "GC Thread#3"                     [id=16540, stack(0x00000059ab000000,0x00000059ab100000) (1024K)]
  0x00000241fd729000 WorkerThread "GC Thread#4"                     [id=16448, stack(0x00000059ab100000,0x00000059ab200000) (1024K)]
  0x00000241fd729bd0 WorkerThread "GC Thread#5"                     [id=20624, stack(0x00000059ab200000,0x00000059ab300000) (1024K)]
  0x00000241fdc87cd0 WorkerThread "GC Thread#6"                     [id=20240, stack(0x00000059ab400000,0x00000059ab500000) (1024K)]
  0x00000241fdc88890 WorkerThread "GC Thread#7"                     [id=4272, stack(0x00000059ab500000,0x00000059ab600000) (1024K)]
  0x00000241fe117120 WorkerThread "GC Thread#8"                     [id=7876, stack(0x00000059abb00000,0x00000059abc00000) (1024K)]
  0x00000241fe117ce0 WorkerThread "GC Thread#9"                     [id=10184, stack(0x00000059abc00000,0x00000059abd00000) (1024K)]
  0x00000241a3d8dc50 ConcurrentGCThread "G1 Main Marker"            [id=4840, stack(0x00000059a9b00000,0x00000059a9c00000) (1024K)]
  0x00000241a3d8ee80 WorkerThread "G1 Conc#0"                       [id=25096, stack(0x00000059a9c00000,0x00000059a9d00000) (1024K)]
  0x00000241fe390d30 WorkerThread "G1 Conc#1"                       [id=22700, stack(0x00000059abd00000,0x00000059abe00000) (1024K)]
  0x00000241fe391840 WorkerThread "G1 Conc#2"                       [id=25424, stack(0x00000059abe00000,0x00000059abf00000) (1024K)]
  0x00000241b7133da0 ConcurrentGCThread "G1 Refine#0"               [id=6468, stack(0x00000059a9d00000,0x00000059a9e00000) (1024K)]
  0x00000241b7138360 ConcurrentGCThread "G1 Service"                [id=2472, stack(0x00000059a9e00000,0x00000059a9f00000) (1024K)]
Total: 18

Threads with active compile tasks:
Total: 0

VM state: at safepoint (normal execution)

VM Mutex/Monitor currently owned by a thread:  ([mutex/lock_event])
[0x00007ffd16824888] Threads_lock - owner thread: 0x00000241b728c3e0
[0x00007ffd16824988] Heap_lock - owner thread: 0x00000241fdc5d700

Heap address: 0x0000000701200000, size: 4078 MB, Compressed Oops mode: Zero based, Oop shift amount: 3

CDS archive(s) mapped at: [0x00000241b8000000-0x00000241b8d70000-0x00000241b8d70000), size 14090240, SharedBaseAddress: 0x00000241b8000000, ArchiveRelocationMode: 1.
Compressed class space mapped at: 0x00000241b9000000-0x00000241f9000000, reserved size: 1073741824
Narrow klass base: 0x00000241b8000000, Narrow klass shift: 0, Narrow klass range: 0x41000000

GC Precious Log:
 CardTable entry size: 512
 Card Set container configuration: InlinePtr #cards 4 size 8 Array Of Cards #cards 16 size 48 Howl #buckets 8 coarsen threshold 3686 Howl Bitmap #cards 512 size 80 coarsen threshold 460 Card regions per heap region 1 cards per card region 4096
 CPUs: 12 total, 12 available
 Memory: 16307M
 Large Page Support: Disabled
 NUMA Support: Disabled
 Compressed Oops: Enabled (Zero based)
 Heap Region Size: 2M
 Heap Min Capacity: 8M
 Heap Initial Capacity: 256M
 Heap Max Capacity: 4078M
 Pre-touch: Disabled
 Parallel Workers: 10
 Concurrent Workers: 3
 Concurrent Refinement Workers: 10
 Periodic GC: Disabled

Heap:
 garbage-first heap   total reserved 4175872K, committed 264192K, used 158188K [0x0000000701200000, 0x0000000800000000)
  region size 2048K, 2 young (4096K), 2 survivors (4096K)
 Metaspace       used 90881K, committed 91712K, reserved 1179648K
  class space    used 13350K, committed 13696K, reserved 1048576K

Heap Regions: E=young(eden), S=young(survivor), O=old, HS=humongous(starts), HC=humongous(continues), CS=collection set, F=free, TAMS=top-at-mark-start, PB=parsable bottom
|   0|0x0000000701200000, 0x0000000701400000, 0x0000000701400000|100%| O|  |TAMS 0x0000000701400000| PB 0x0000000701200000| Untracked |  0
|   1|0x0000000701400000, 0x0000000701600000, 0x0000000701600000|100%| O|  |TAMS 0x0000000701600000| PB 0x0000000701400000| Untracked |  0
|   2|0x0000000701600000, 0x0000000701800000, 0x0000000701800000|100%| O|  |TAMS 0x0000000701800000| PB 0x0000000701600000| Untracked |  0
|   3|0x0000000701800000, 0x0000000701a00000, 0x0000000701a00000|100%| O|  |TAMS 0x0000000701a00000| PB 0x0000000701800000| Untracked |  0
|   4|0x0000000701a00000, 0x0000000701c00000, 0x0000000701c00000|100%| O|  |TAMS 0x0000000701c00000| PB 0x0000000701a00000| Untracked |  0
|   5|0x0000000701c00000, 0x0000000701e00000, 0x0000000701e00000|100%| O|  |TAMS 0x0000000701e00000| PB 0x0000000701c00000| Untracked |  0
|   6|0x0000000701e00000, 0x0000000702000000, 0x0000000702000000|100%| O|  |TAMS 0x0000000702000000| PB 0x0000000701e00000| Untracked |  0
|   7|0x0000000702000000, 0x0000000702200000, 0x0000000702200000|100%| O|  |TAMS 0x0000000702200000| PB 0x0000000702000000| Untracked |  0
|   8|0x0000000702200000, 0x0000000702400000, 0x0000000702400000|100%| O|  |TAMS 0x0000000702400000| PB 0x0000000702200000| Untracked |  0
|   9|0x0000000702400000, 0x0000000702600000, 0x0000000702600000|100%| O|  |TAMS 0x0000000702600000| PB 0x0000000702400000| Untracked |  0
|  10|0x0000000702600000, 0x0000000702800000, 0x0000000702800000|100%| O|  |TAMS 0x0000000702800000| PB 0x0000000702600000| Untracked |  0
|  11|0x0000000702800000, 0x0000000702a00000, 0x0000000702a00000|100%| O|  |TAMS 0x0000000702a00000| PB 0x0000000702800000| Untracked |  0
|  12|0x0000000702a00000, 0x0000000702c00000, 0x0000000702c00000|100%| O|  |TAMS 0x0000000702c00000| PB 0x0000000702a00000| Untracked |  0
|  13|0x0000000702c00000, 0x0000000702e00000, 0x0000000702e00000|100%| O|  |TAMS 0x0000000702e00000| PB 0x0000000702c00000| Untracked |  0
|  14|0x0000000702e00000, 0x0000000703000000, 0x0000000703000000|100%| O|  |TAMS 0x0000000703000000| PB 0x0000000702e00000| Untracked |  0
|  15|0x0000000703000000, 0x0000000703200000, 0x0000000703200000|100%| O|  |TAMS 0x0000000703200000| PB 0x0000000703000000| Untracked |  0
|  16|0x0000000703200000, 0x0000000703400000, 0x0000000703400000|100%| O|  |TAMS 0x0000000703400000| PB 0x0000000703200000| Untracked |  0
|  17|0x0000000703400000, 0x0000000703600000, 0x0000000703600000|100%| O|  |TAMS 0x0000000703600000| PB 0x0000000703400000| Untracked |  0
|  18|0x0000000703600000, 0x0000000703800000, 0x0000000703800000|100%| O|  |TAMS 0x0000000703800000| PB 0x0000000703600000| Untracked |  0
|  19|0x0000000703800000, 0x0000000703a00000, 0x0000000703a00000|100%| O|  |TAMS 0x0000000703a00000| PB 0x0000000703800000| Untracked |  0
|  20|0x0000000703a00000, 0x0000000703c00000, 0x0000000703c00000|100%| O|  |TAMS 0x0000000703c00000| PB 0x0000000703a00000| Untracked |  0
|  21|0x0000000703c00000, 0x0000000703e00000, 0x0000000703e00000|100%| O|  |TAMS 0x0000000703e00000| PB 0x0000000703c00000| Untracked |  0
|  22|0x0000000703e00000, 0x0000000704000000, 0x0000000704000000|100%| O|  |TAMS 0x0000000704000000| PB 0x0000000703e00000| Untracked |  0
|  23|0x0000000704000000, 0x0000000704200000, 0x0000000704200000|100%| O|  |TAMS 0x0000000704200000| PB 0x0000000704000000| Untracked |  0
|  24|0x0000000704200000, 0x0000000704400000, 0x0000000704400000|100%| O|  |TAMS 0x0000000704400000| PB 0x0000000704200000| Untracked |  0
|  25|0x0000000704400000, 0x0000000704600000, 0x0000000704600000|100%| O|  |TAMS 0x0000000704600000| PB 0x0000000704400000| Untracked |  0
|  26|0x0000000704600000, 0x0000000704800000, 0x0000000704800000|100%| O|  |TAMS 0x0000000704800000| PB 0x0000000704600000| Untracked |  0
|  27|0x0000000704800000, 0x0000000704a00000, 0x0000000704a00000|100%| O|  |TAMS 0x0000000704a00000| PB 0x0000000704800000| Untracked |  0
|  28|0x0000000704a00000, 0x0000000704c00000, 0x0000000704c00000|100%| O|  |TAMS 0x0000000704c00000| PB 0x0000000704a00000| Untracked |  0
|  29|0x0000000704c00000, 0x0000000704c00000, 0x0000000704e00000|  0%| F|  |TAMS 0x0000000704c00000| PB 0x0000000704c00000| Untracked |  0
|  30|0x0000000704e00000, 0x0000000705000000, 0x0000000705000000|100%| O|  |TAMS 0x0000000705000000| PB 0x0000000704e00000| Untracked |  0
|  31|0x0000000705000000, 0x0000000705200000, 0x0000000705200000|100%| O|  |TAMS 0x0000000705200000| PB 0x0000000705000000| Untracked |  0
|  32|0x0000000705200000, 0x0000000705200000, 0x0000000705400000|  0%| F|  |TAMS 0x0000000705200000| PB 0x0000000705200000| Untracked |  0
|  33|0x0000000705400000, 0x0000000705600000, 0x0000000705600000|100%| O|  |TAMS 0x0000000705600000| PB 0x0000000705400000| Untracked |  0
|  34|0x0000000705600000, 0x0000000705800000, 0x0000000705800000|100%| O|  |TAMS 0x0000000705800000| PB 0x0000000705600000| Untracked |  0
|  35|0x0000000705800000, 0x0000000705a00000, 0x0000000705a00000|100%| O|  |TAMS 0x0000000705a00000| PB 0x0000000705800000| Untracked |  0
|  36|0x0000000705a00000, 0x0000000705c00000, 0x0000000705c00000|100%| O|  |TAMS 0x0000000705c00000| PB 0x0000000705a00000| Untracked |  0
|  37|0x0000000705c00000, 0x0000000705e00000, 0x0000000705e00000|100%| O|  |TAMS 0x0000000705e00000| PB 0x0000000705c00000| Untracked |  0
|  38|0x0000000705e00000, 0x0000000706000000, 0x0000000706000000|100%| O|  |TAMS 0x0000000706000000| PB 0x0000000705e00000| Untracked |  0
|  39|0x0000000706000000, 0x0000000706200000, 0x0000000706200000|100%| O|  |TAMS 0x0000000706200000| PB 0x0000000706000000| Untracked |  0
|  40|0x0000000706200000, 0x0000000706400000, 0x0000000706400000|100%| O|  |TAMS 0x0000000706400000| PB 0x0000000706200000| Untracked |  0
|  41|0x0000000706400000, 0x0000000706600000, 0x0000000706600000|100%| O|  |TAMS 0x0000000706600000| PB 0x0000000706400000| Untracked |  0
|  42|0x0000000706600000, 0x0000000706800000, 0x0000000706800000|100%| O|  |TAMS 0x0000000706800000| PB 0x0000000706600000| Untracked |  0
|  43|0x0000000706800000, 0x0000000706a00000, 0x0000000706a00000|100%| O|  |TAMS 0x0000000706a00000| PB 0x0000000706800000| Untracked |  0
|  44|0x0000000706a00000, 0x0000000706c00000, 0x0000000706c00000|100%| O|  |TAMS 0x0000000706c00000| PB 0x0000000706a00000| Untracked |  0
|  45|0x0000000706c00000, 0x0000000706e00000, 0x0000000706e00000|100%| O|  |TAMS 0x0000000706e00000| PB 0x0000000706c00000| Untracked |  0
|  46|0x0000000706e00000, 0x0000000707000000, 0x0000000707000000|100%| O|  |TAMS 0x0000000707000000| PB 0x0000000706e00000| Untracked |  0
|  47|0x0000000707000000, 0x0000000707200000, 0x0000000707200000|100%| O|  |TAMS 0x0000000707200000| PB 0x0000000707000000| Untracked |  0
|  48|0x0000000707200000, 0x0000000707400000, 0x0000000707400000|100%| O|  |TAMS 0x0000000707400000| PB 0x0000000707200000| Untracked |  0
|  49|0x0000000707400000, 0x0000000707600000, 0x0000000707600000|100%| O|  |TAMS 0x0000000707600000| PB 0x0000000707400000| Untracked |  0
|  50|0x0000000707600000, 0x0000000707800000, 0x0000000707800000|100%| O|  |TAMS 0x0000000707800000| PB 0x0000000707600000| Untracked |  0
|  51|0x0000000707800000, 0x0000000707a00000, 0x0000000707a00000|100%| O|  |TAMS 0x0000000707a00000| PB 0x0000000707800000| Untracked |  0
|  52|0x0000000707a00000, 0x0000000707c00000, 0x0000000707c00000|100%| O|  |TAMS 0x0000000707c00000| PB 0x0000000707a00000| Untracked |  0
|  53|0x0000000707c00000, 0x0000000707e00000, 0x0000000707e00000|100%| O|  |TAMS 0x0000000707e00000| PB 0x0000000707c00000| Untracked |  0
|  54|0x0000000707e00000, 0x0000000708000000, 0x0000000708000000|100%| O|  |TAMS 0x0000000708000000| PB 0x0000000707e00000| Untracked |  0
|  55|0x0000000708000000, 0x0000000708200000, 0x0000000708200000|100%| O|  |TAMS 0x0000000708200000| PB 0x0000000708000000| Untracked |  0
|  56|0x0000000708200000, 0x0000000708400000, 0x0000000708400000|100%| O|  |TAMS 0x0000000708400000| PB 0x0000000708200000| Untracked |  0
|  57|0x0000000708400000, 0x0000000708600000, 0x0000000708600000|100%|HS|  |TAMS 0x0000000708600000| PB 0x0000000708400000| Complete |  0
|  58|0x0000000708600000, 0x0000000708800000, 0x0000000708800000|100%| O|  |TAMS 0x0000000708800000| PB 0x0000000708600000| Untracked |  0
|  59|0x0000000708800000, 0x0000000708a00000, 0x0000000708a00000|100%| O|  |TAMS 0x0000000708a00000| PB 0x0000000708800000| Untracked |  0
|  60|0x0000000708a00000, 0x0000000708c00000, 0x0000000708c00000|100%| O|  |TAMS 0x0000000708c00000| PB 0x0000000708a00000| Untracked |  0
|  61|0x0000000708c00000, 0x0000000708e00000, 0x0000000708e00000|100%| O|  |TAMS 0x0000000708e00000| PB 0x0000000708c00000| Untracked |  0
|  62|0x0000000708e00000, 0x0000000709000000, 0x0000000709000000|100%| O|  |TAMS 0x0000000709000000| PB 0x0000000708e00000| Untracked |  0
|  63|0x0000000709000000, 0x0000000709200000, 0x0000000709200000|100%| O|  |TAMS 0x0000000709200000| PB 0x0000000709000000| Untracked |  0
|  64|0x0000000709200000, 0x0000000709400000, 0x0000000709400000|100%| O|  |TAMS 0x0000000709400000| PB 0x0000000709200000| Untracked |  0
|  65|0x0000000709400000, 0x0000000709600000, 0x0000000709600000|100%| O|  |TAMS 0x0000000709600000| PB 0x0000000709400000| Untracked |  0
|  66|0x0000000709600000, 0x0000000709800000, 0x0000000709800000|100%| O|  |TAMS 0x0000000709800000| PB 0x0000000709600000| Untracked |  0
|  67|0x0000000709800000, 0x0000000709a00000, 0x0000000709a00000|100%| O|  |TAMS 0x0000000709a00000| PB 0x0000000709800000| Untracked |  0
|  68|0x0000000709a00000, 0x0000000709c00000, 0x0000000709c00000|100%| O|  |TAMS 0x0000000709c00000| PB 0x0000000709a00000| Untracked |  0
|  69|0x0000000709c00000, 0x0000000709e00000, 0x0000000709e00000|100%| O|  |TAMS 0x0000000709e00000| PB 0x0000000709c00000| Untracked |  0
|  70|0x0000000709e00000, 0x000000070a000000, 0x000000070a000000|100%| O|  |TAMS 0x000000070a000000| PB 0x0000000709e00000| Untracked |  0
|  71|0x000000070a000000, 0x000000070a200000, 0x000000070a200000|100%| O|  |TAMS 0x000000070a200000| PB 0x000000070a000000| Untracked |  0
|  72|0x000000070a200000, 0x000000070a400000, 0x000000070a400000|100%| O|  |TAMS 0x000000070a400000| PB 0x000000070a200000| Untracked |  0
|  73|0x000000070a400000, 0x000000070a600000, 0x000000070a600000|100%| O|  |TAMS 0x000000070a600000| PB 0x000000070a400000| Untracked |  0
|  74|0x000000070a600000, 0x000000070a800000, 0x000000070a800000|100%| O|  |TAMS 0x000000070a800000| PB 0x000000070a600000| Untracked |  0
|  75|0x000000070a800000, 0x000000070aa00000, 0x000000070aa00000|100%| O|  |TAMS 0x000000070aa00000| PB 0x000000070a800000| Untracked |  0
|  76|0x000000070aa00000, 0x000000070ac00000, 0x000000070ac00000|100%| O|  |TAMS 0x000000070ac00000| PB 0x000000070aa00000| Untracked |  0
|  77|0x000000070ac00000, 0x000000070acbb5c0, 0x000000070ae00000| 36%| O|  |TAMS 0x000000070acbb5c0| PB 0x000000070ac00000| Untracked |  0
|  78|0x000000070ae00000, 0x000000070ae00000, 0x000000070b000000|  0%| F|  |TAMS 0x000000070ae00000| PB 0x000000070ae00000| Untracked |  0
|  79|0x000000070b000000, 0x000000070b000000, 0x000000070b200000|  0%| F|  |TAMS 0x000000070b000000| PB 0x000000070b000000| Untracked |  0
|  80|0x000000070b200000, 0x000000070b200000, 0x000000070b400000|  0%| F|  |TAMS 0x000000070b200000| PB 0x000000070b200000| Untracked |  0
|  81|0x000000070b400000, 0x000000070b400000, 0x000000070b600000|  0%| F|  |TAMS 0x000000070b400000| PB 0x000000070b400000| Untracked |  0
|  82|0x000000070b600000, 0x000000070b600000, 0x000000070b800000|  0%| F|  |TAMS 0x000000070b600000| PB 0x000000070b600000| Untracked |  0
|  83|0x000000070b800000, 0x000000070b800000, 0x000000070ba00000|  0%| F|  |TAMS 0x000000070b800000| PB 0x000000070b800000| Untracked |  0
|  84|0x000000070ba00000, 0x000000070ba00000, 0x000000070bc00000|  0%| F|  |TAMS 0x000000070ba00000| PB 0x000000070ba00000| Untracked |  0
|  85|0x000000070bc00000, 0x000000070bc00000, 0x000000070be00000|  0%| F|  |TAMS 0x000000070bc00000| PB 0x000000070bc00000| Untracked |  0
|  86|0x000000070be00000, 0x000000070be00000, 0x000000070c000000|  0%| F|  |TAMS 0x000000070be00000| PB 0x000000070be00000| Untracked |  0
|  87|0x000000070c000000, 0x000000070c000000, 0x000000070c200000|  0%| F|  |TAMS 0x000000070c000000| PB 0x000000070c000000| Untracked |  0
|  88|0x000000070c200000, 0x000000070c200000, 0x000000070c400000|  0%| F|  |TAMS 0x000000070c200000| PB 0x000000070c200000| Untracked |  0
|  89|0x000000070c400000, 0x000000070c5bfc50, 0x000000070c600000| 87%| S|CS|TAMS 0x000000070c400000| PB 0x000000070c400000| Complete |  0
|  90|0x000000070c600000, 0x000000070c800000, 0x000000070c800000|100%| S|CS|TAMS 0x000000070c600000| PB 0x000000070c600000| Complete |  0
|  91|0x000000070c800000, 0x000000070c800000, 0x000000070ca00000|  0%| F|  |TAMS 0x000000070c800000| PB 0x000000070c800000| Untracked |  0
|  92|0x000000070ca00000, 0x000000070ca00000, 0x000000070cc00000|  0%| F|  |TAMS 0x000000070ca00000| PB 0x000000070ca00000| Untracked |  0
|  93|0x000000070cc00000, 0x000000070cc00000, 0x000000070ce00000|  0%| F|  |TAMS 0x000000070cc00000| PB 0x000000070cc00000| Untracked |  0
|  94|0x000000070ce00000, 0x000000070ce00000, 0x000000070d000000|  0%| F|  |TAMS 0x000000070ce00000| PB 0x000000070ce00000| Untracked |  0
|  95|0x000000070d000000, 0x000000070d000000, 0x000000070d200000|  0%| F|  |TAMS 0x000000070d000000| PB 0x000000070d000000| Untracked |  0
|  96|0x000000070d200000, 0x000000070d200000, 0x000000070d400000|  0%| F|  |TAMS 0x000000070d200000| PB 0x000000070d200000| Untracked |  0
|  97|0x000000070d400000, 0x000000070d400000, 0x000000070d600000|  0%| F|  |TAMS 0x000000070d400000| PB 0x000000070d400000| Untracked |  0
|  98|0x000000070d600000, 0x000000070d600000, 0x000000070d800000|  0%| F|  |TAMS 0x000000070d600000| PB 0x000000070d600000| Untracked |  0
|  99|0x000000070d800000, 0x000000070d800000, 0x000000070da00000|  0%| F|  |TAMS 0x000000070d800000| PB 0x000000070d800000| Untracked |  0
| 100|0x000000070da00000, 0x000000070da00000, 0x000000070dc00000|  0%| F|  |TAMS 0x000000070da00000| PB 0x000000070da00000| Untracked |  0
| 101|0x000000070dc00000, 0x000000070dc00000, 0x000000070de00000|  0%| F|  |TAMS 0x000000070dc00000| PB 0x000000070dc00000| Untracked |  0
| 102|0x000000070de00000, 0x000000070de00000, 0x000000070e000000|  0%| F|  |TAMS 0x000000070de00000| PB 0x000000070de00000| Untracked |  0
| 103|0x000000070e000000, 0x000000070e000000, 0x000000070e200000|  0%| F|  |TAMS 0x000000070e000000| PB 0x000000070e000000| Untracked |  0
| 104|0x000000070e200000, 0x000000070e200000, 0x000000070e400000|  0%| F|  |TAMS 0x000000070e200000| PB 0x000000070e200000| Untracked |  0
| 105|0x000000070e400000, 0x000000070e400000, 0x000000070e600000|  0%| F|  |TAMS 0x000000070e400000| PB 0x000000070e400000| Untracked |  0
| 106|0x000000070e600000, 0x000000070e600000, 0x000000070e800000|  0%| F|  |TAMS 0x000000070e600000| PB 0x000000070e600000| Untracked |  0
| 107|0x000000070e800000, 0x000000070e800000, 0x000000070ea00000|  0%| F|  |TAMS 0x000000070e800000| PB 0x000000070e800000| Untracked |  0
| 108|0x000000070ea00000, 0x000000070ea00000, 0x000000070ec00000|  0%| F|  |TAMS 0x000000070ea00000| PB 0x000000070ea00000| Untracked |  0
| 109|0x000000070ec00000, 0x000000070ec00000, 0x000000070ee00000|  0%| F|  |TAMS 0x000000070ec00000| PB 0x000000070ec00000| Untracked |  0
| 110|0x000000070ee00000, 0x000000070ee00000, 0x000000070f000000|  0%| F|  |TAMS 0x000000070ee00000| PB 0x000000070ee00000| Untracked |  0
| 111|0x000000070f000000, 0x000000070f000000, 0x000000070f200000|  0%| F|  |TAMS 0x000000070f000000| PB 0x000000070f000000| Untracked |  0
| 112|0x000000070f200000, 0x000000070f200000, 0x000000070f400000|  0%| F|  |TAMS 0x000000070f200000| PB 0x000000070f200000| Untracked |  0
| 113|0x000000070f400000, 0x000000070f400000, 0x000000070f600000|  0%| F|  |TAMS 0x000000070f400000| PB 0x000000070f400000| Untracked |  0
| 114|0x000000070f600000, 0x000000070f600000, 0x000000070f800000|  0%| F|  |TAMS 0x000000070f600000| PB 0x000000070f600000| Untracked |  0
| 115|0x000000070f800000, 0x000000070f800000, 0x000000070fa00000|  0%| F|  |TAMS 0x000000070f800000| PB 0x000000070f800000| Untracked |  0
| 116|0x000000070fa00000, 0x000000070fa00000, 0x000000070fc00000|  0%| F|  |TAMS 0x000000070fa00000| PB 0x000000070fa00000| Untracked |  0
| 117|0x000000070fc00000, 0x000000070fc00000, 0x000000070fe00000|  0%| F|  |TAMS 0x000000070fc00000| PB 0x000000070fc00000| Untracked |  0
| 118|0x000000070fe00000, 0x000000070fe00000, 0x0000000710000000|  0%| F|  |TAMS 0x000000070fe00000| PB 0x000000070fe00000| Untracked |  0
| 119|0x0000000710000000, 0x0000000710000000, 0x0000000710200000|  0%| F|  |TAMS 0x0000000710000000| PB 0x0000000710000000| Untracked |  0
| 120|0x0000000710200000, 0x0000000710200000, 0x0000000710400000|  0%| F|  |TAMS 0x0000000710200000| PB 0x0000000710200000| Untracked |  0
| 121|0x0000000710400000, 0x0000000710400000, 0x0000000710600000|  0%| F|  |TAMS 0x0000000710400000| PB 0x0000000710400000| Untracked |  0
| 122|0x0000000710600000, 0x0000000710600000, 0x0000000710800000|  0%| F|  |TAMS 0x0000000710600000| PB 0x0000000710600000| Untracked |  0
| 123|0x0000000710800000, 0x0000000710800000, 0x0000000710a00000|  0%| F|  |TAMS 0x0000000710800000| PB 0x0000000710800000| Untracked |  0
| 124|0x0000000710a00000, 0x0000000710a00000, 0x0000000710c00000|  0%| F|  |TAMS 0x0000000710a00000| PB 0x0000000710a00000| Untracked |  0
| 125|0x0000000710c00000, 0x0000000710c00000, 0x0000000710e00000|  0%| F|  |TAMS 0x0000000710c00000| PB 0x0000000710c00000| Untracked |  0
| 126|0x0000000710e00000, 0x0000000710e00000, 0x0000000711000000|  0%| F|  |TAMS 0x0000000710e00000| PB 0x0000000710e00000| Untracked |  0
| 127|0x0000000711000000, 0x0000000711000000, 0x0000000711200000|  0%| F|  |TAMS 0x0000000711000000| PB 0x0000000711000000| Untracked |  0
|2038|0x00000007ffe00000, 0x00000007ffe00000, 0x0000000800000000|  0%| F|  |TAMS 0x00000007ffe00000| PB 0x00000007ffe00000| Untracked |  0

Card table byte_map: [0x00000241b0170000,0x00000241b0970000] _byte_map_base: 0x00000241ac967000

Marking Bits: (CMBitMap*) 0x00000241a3d78570
 Bits: [0x00000241b0970000, 0x00000241b4928000)

Polling page: 0x00000241a1c90000

Metaspace:

Usage:
  Non-class:     75.71 MB used.
      Class:     13.04 MB used.
       Both:     88.75 MB used.

Virtual space:
  Non-class space:      128.00 MB reserved,      76.19 MB ( 60%) committed,  2 nodes.
      Class space:        1.00 GB reserved,      13.38 MB (  1%) committed,  1 nodes.
             Both:        1.12 GB reserved,      89.56 MB (  8%) committed. 

Chunk freelists:
   Non-Class:  3.14 MB
       Class:  2.45 MB
        Both:  5.59 MB

MaxMetaspaceSize: unlimited
CompressedClassSpaceSize: 1.00 GB
Initial GC threshold: 21.00 MB
Current GC threshold: 138.38 MB
CDS: on
 - commit_granule_bytes: 65536.
 - commit_granule_words: 8192.
 - virtual_space_node_default_size: 8388608.
 - enlarge_chunks_in_place: 1.
 - use_allocation_guard: 0.


Internal statistics:

num_allocs_failed_limit: 6.
num_arena_births: 1250.
num_arena_deaths: 0.
num_vsnodes_births: 3.
num_vsnodes_deaths: 0.
num_space_committed: 1433.
num_space_uncommitted: 0.
num_chunks_returned_to_freelist: 6.
num_chunks_taken_from_freelist: 4429.
num_chunk_merges: 6.
num_chunk_splits: 3265.
num_chunks_enlarged: 2608.
num_inconsistent_stats: 0.

CodeCache: size=49152Kb used=15162Kb max_used=15162Kb free=33989Kb
 bounds [0x00000241ac420000, 0x00000241ad2f0000, 0x00000241af420000]
 total_blobs=10465, nmethods=9635, adapters=751, full_count=0
Compilation: enabled, stopped_count=0, restarted_count=0

Compilation events (20 events):
Event: 8.266 Thread 0x00000241b77810e0 nmethod 10462 0x00000241ad2e8308 code [0x00000241ad2e8420, 0x00000241ad2e8738]
Event: 8.266 Thread 0x00000241b77904b0 nmethod 10463 0x00000241ad2e8788 code [0x00000241ad2e8900, 0x00000241ad2e8be0]
Event: 8.266 Thread 0x00000241b77904b0 10464       1       org.springframework.data.jpa.repository.config.JpaMetamodelMappingContextFactoryBean::getObjectType (3 bytes)
Event: 8.266 Thread 0x00000241b77904b0 nmethod 10464 0x00000241ad2e8c88 code [0x00000241ad2e8da0, 0x00000241ad2e8e70]
Event: 8.302 Thread 0x00000241b77904b0 10465       1       java.lang.Integer::toHexString (6 bytes)
Event: 8.302 Thread 0x00000241b77810e0 10466       1       java.lang.Integer::toUnsignedString0 (76 bytes)
Event: 8.302 Thread 0x00000241b778dde0 10467       1       java.lang.Integer::formatUnsignedInt (40 bytes)
Event: 8.302 Thread 0x00000241b77904b0 nmethod 10465 0x00000241ad2e9888 code [0x00000241ad2e99a0, 0x00000241ad2e9a68]
Event: 8.302 Thread 0x00000241b778dde0 nmethod 10467 0x00000241ad2e9b88 code [0x00000241ad2e9ca0, 0x00000241ad2e9dc8]
Event: 8.302 Thread 0x00000241b77810e0 nmethod 10466 0x00000241ad2e9e88 code [0x00000241ad2e9fc0, 0x00000241ad2ea248]
Event: 8.342 Thread 0x00000241b77810e0 10468       1       io.netty.util.HashedWheelTimer$HashedWheelBucket::<init> (5 bytes)
Event: 8.342 Thread 0x00000241b778dde0 10469       1       io.netty.util.HashedWheelTimer$HashedWheelBucket::<init> (5 bytes)
Event: 8.342 Thread 0x00000241b778dde0 nmethod 10469 0x00000241ad2eb488 code [0x00000241ad2eb5a0, 0x00000241ad2eb668]
Event: 8.342 Thread 0x00000241b77810e0 nmethod 10468 0x00000241ad2eb788 code [0x00000241ad2eb8a0, 0x00000241ad2eb968]
Event: 8.363 Thread 0x00000241b778dde0 10470       1       java.lang.invoke.MethodHandles$Lookup::findVirtual (91 bytes)
Event: 8.363 Thread 0x00000241b778dde0 nmethod 10470 0x00000241ad2ebf08 code [0x00000241ad2ec0c0, 0x00000241ad2ec778]
Event: 8.406 Thread 0x00000241b778dde0 10471   !   1       jdk.proxy1.$Proxy1::annotationType (28 bytes)
Event: 8.407 Thread 0x00000241b75edfc0 10472       1       org.springframework.util.ConcurrentReferenceHashMap$Task::hasOption (9 bytes)
Event: 8.407 Thread 0x00000241b778dde0 nmethod 10471 0x00000241ad2ecd08 code [0x00000241ad2ece40, 0x00000241ad2ed070]
Event: 8.407 Thread 0x00000241b75edfc0 nmethod 10472 0x00000241ad2ed088 code [0x00000241ad2ed1a0, 0x00000241ad2ed298]

GC Heap History (20 events):
Event: 6.480 GC heap after
{Heap after GC invocations=37 (full 0):
 garbage-first heap   total reserved 4175872K, committed 161792K, used 79853K [0x0000000701200000, 0x0000000800000000)
  region size 2048K, 3 young (6144K), 3 survivors (6144K)
 Metaspace       used 81041K, committed 81792K, reserved 1179648K
  class space    used 12063K, committed 12352K, reserved 1048576K
}
Event: 6.774 GC heap before
{Heap before GC invocations=38 (full 0):
 garbage-first heap   total reserved 4175872K, committed 161792K, used 141293K [0x0000000701200000, 0x0000000800000000)
  region size 2048K, 34 young (69632K), 3 survivors (6144K)
 Metaspace       used 83682K, committed 84416K, reserved 1179648K
  class space    used 12385K, committed 12672K, reserved 1048576K
}
Event: 6.776 GC heap after
{Heap after GC invocations=39 (full 0):
 garbage-first heap   total reserved 4175872K, committed 161792K, used 81093K [0x0000000701200000, 0x0000000800000000)
  region size 2048K, 4 young (8192K), 4 survivors (8192K)
 Metaspace       used 83682K, committed 84416K, reserved 1179648K
  class space    used 12385K, committed 12672K, reserved 1048576K
}
Event: 6.873 GC heap before
{Heap before GC invocations=39 (full 0):
 garbage-first heap   total reserved 4175872K, committed 161792K, used 142533K [0x0000000701200000, 0x0000000800000000)
  region size 2048K, 34 young (69632K), 4 survivors (8192K)
 Metaspace       used 83730K, committed 84480K, reserved 1179648K
  class space    used 12397K, committed 12736K, reserved 1048576K
}
Event: 6.875 GC heap after
{Heap after GC invocations=40 (full 0):
 garbage-first heap   total reserved 4175872K, committed 161792K, used 78707K [0x0000000701200000, 0x0000000800000000)
  region size 2048K, 4 young (8192K), 4 survivors (8192K)
 Metaspace       used 83730K, committed 84480K, reserved 1179648K
  class space    used 12397K, committed 12736K, reserved 1048576K
}
Event: 6.968 GC heap before
{Heap before GC invocations=40 (full 0):
 garbage-first heap   total reserved 4175872K, committed 161792K, used 140147K [0x0000000701200000, 0x0000000800000000)
  region size 2048K, 34 young (69632K), 4 survivors (8192K)
 Metaspace       used 83730K, committed 84480K, reserved 1179648K
  class space    used 12397K, committed 12736K, reserved 1048576K
}
Event: 6.972 GC heap after
{Heap after GC invocations=41 (full 0):
 garbage-first heap   total reserved 4175872K, committed 231424K, used 83270K [0x0000000701200000, 0x0000000800000000)
  region size 2048K, 5 young (10240K), 5 survivors (10240K)
 Metaspace       used 83730K, committed 84480K, reserved 1179648K
  class space    used 12397K, committed 12736K, reserved 1048576K
}
Event: 7.199 GC heap before
{Heap before GC invocations=42 (full 0):
 garbage-first heap   total reserved 4175872K, committed 231424K, used 189766K [0x0000000701200000, 0x0000000800000000)
  region size 2048K, 58 young (118784K), 5 survivors (10240K)
 Metaspace       used 84109K, committed 84864K, reserved 1179648K
  class space    used 12434K, committed 12736K, reserved 1048576K
}
Event: 7.201 GC heap after
{Heap after GC invocations=43 (full 0):
 garbage-first heap   total reserved 4175872K, committed 231424K, used 77398K [0x0000000701200000, 0x0000000800000000)
  region size 2048K, 2 young (4096K), 2 survivors (4096K)
 Metaspace       used 84109K, committed 84864K, reserved 1179648K
  class space    used 12434K, committed 12736K, reserved 1048576K
}
Event: 7.352 GC heap before
{Heap before GC invocations=43 (full 0):
 garbage-first heap   total reserved 4175872K, committed 231424K, used 177750K [0x0000000701200000, 0x0000000800000000)
  region size 2048K, 51 young (104448K), 2 survivors (4096K)
 Metaspace       used 84167K, committed 84992K, reserved 1179648K
  class space    used 12441K, committed 12800K, reserved 1048576K
}
Event: 7.359 GC heap after
{Heap after GC invocations=44 (full 0):
 garbage-first heap   total reserved 4175872K, committed 231424K, used 91270K [0x0000000701200000, 0x0000000800000000)
  region size 2048K, 7 young (14336K), 7 survivors (14336K)
 Metaspace       used 84167K, committed 84992K, reserved 1179648K
  class space    used 12441K, committed 12800K, reserved 1048576K
}
Event: 7.529 GC heap before
{Heap before GC invocations=44 (full 0):
 garbage-first heap   total reserved 4175872K, committed 231424K, used 183430K [0x0000000701200000, 0x0000000800000000)
  region size 2048K, 52 young (106496K), 7 survivors (14336K)
 Metaspace       used 84168K, committed 84992K, reserved 1179648K
  class space    used 12441K, committed 12800K, reserved 1048576K
}
Event: 7.542 GC heap after
{Heap after GC invocations=45 (full 0):
 garbage-first heap   total reserved 4175872K, committed 231424K, used 120718K [0x0000000701200000, 0x0000000800000000)
  region size 2048K, 7 young (14336K), 7 survivors (14336K)
 Metaspace       used 84168K, committed 84992K, reserved 1179648K
  class space    used 12441K, committed 12800K, reserved 1048576K
}
Event: 7.604 GC heap before
{Heap before GC invocations=45 (full 0):
 garbage-first heap   total reserved 4175872K, committed 231424K, used 153486K [0x0000000701200000, 0x0000000800000000)
  region size 2048K, 24 young (49152K), 7 survivors (14336K)
 Metaspace       used 84168K, committed 84992K, reserved 1179648K
  class space    used 12441K, committed 12800K, reserved 1048576K
}
Event: 7.614 GC heap after
{Heap after GC invocations=46 (full 0):
 garbage-first heap   total reserved 4175872K, committed 231424K, used 136036K [0x0000000701200000, 0x0000000800000000)
  region size 2048K, 6 young (12288K), 6 survivors (12288K)
 Metaspace       used 84168K, committed 84992K, reserved 1179648K
  class space    used 12441K, committed 12800K, reserved 1048576K
}
Event: 7.769 GC heap before
{Heap before GC invocations=47 (full 0):
 garbage-first heap   total reserved 4175872K, committed 233472K, used 191332K [0x0000000701200000, 0x0000000800000000)
  region size 2048K, 32 young (65536K), 6 survivors (12288K)
 Metaspace       used 84304K, committed 85056K, reserved 1179648K
  class space    used 12463K, committed 12800K, reserved 1048576K
}
Event: 7.780 GC heap after
{Heap after GC invocations=48 (full 0):
 garbage-first heap   total reserved 4175872K, committed 233472K, used 155374K [0x0000000701200000, 0x0000000800000000)
  region size 2048K, 4 young (8192K), 4 survivors (8192K)
 Metaspace       used 84304K, committed 85056K, reserved 1179648K
  class space    used 12463K, committed 12800K, reserved 1048576K
}
Event: 8.053 GC heap before
{Heap before GC invocations=48 (full 0):
 garbage-first heap   total reserved 4175872K, committed 233472K, used 198382K [0x0000000701200000, 0x0000000800000000)
  region size 2048K, 25 young (51200K), 4 survivors (8192K)
 Metaspace       used 85346K, committed 86144K, reserved 1179648K
  class space    used 12580K, committed 12928K, reserved 1048576K
}
Event: 8.057 GC heap after
{Heap after GC invocations=49 (full 0):
 garbage-first heap   total reserved 4175872K, committed 233472K, used 157322K [0x0000000701200000, 0x0000000800000000)
  region size 2048K, 2 young (4096K), 2 survivors (4096K)
 Metaspace       used 85346K, committed 86144K, reserved 1179648K
  class space    used 12580K, committed 12928K, reserved 1048576K
}
Event: 8.444 GC heap before
{Heap before GC invocations=49 (full 0):
 garbage-first heap   total reserved 4175872K, committed 233472K, used 200330K [0x0000000701200000, 0x0000000800000000)
  region size 2048K, 23 young (47104K), 2 survivors (4096K)
 Metaspace       used 90881K, committed 91712K, reserved 1179648K
  class space    used 13350K, committed 13696K, reserved 1048576K
}

Dll operation events (13 events):
Event: 0.009 Loaded shared library C:\Users\Mihajlo\.jdks\openjdk-23.0.2\bin\java.dll
Event: 0.138 Loaded shared library C:\Users\Mihajlo\.jdks\openjdk-23.0.2\bin\zip.dll
Event: 0.140 Loaded shared library C:\Users\Mihajlo\.jdks\openjdk-23.0.2\bin\instrument.dll
Event: 0.144 Loaded shared library C:\Users\Mihajlo\.jdks\openjdk-23.0.2\bin\net.dll
Event: 0.146 Loaded shared library C:\Users\Mihajlo\.jdks\openjdk-23.0.2\bin\nio.dll
Event: 0.148 Loaded shared library C:\Users\Mihajlo\.jdks\openjdk-23.0.2\bin\zip.dll
Event: 0.241 Loaded shared library C:\Program Files\JetBrains\IntelliJ IDEA 2024.2.3\bin\breakgen64.dll
Event: 0.244 Loaded shared library C:\Users\Mihajlo\.jdks\openjdk-23.0.2\bin\jimage.dll
Event: 0.247 Loaded shared library C:\Users\Mihajlo\.jdks\openjdk-23.0.2\bin\extnet.dll
Event: 0.257 Loaded shared library C:\Users\Mihajlo\.jdks\openjdk-23.0.2\bin\management.dll
Event: 0.263 Loaded shared library C:\Users\Mihajlo\.jdks\openjdk-23.0.2\bin\management_ext.dll
Event: 1.397 Loaded shared library C:\Users\Mihajlo\.jdks\openjdk-23.0.2\bin\sunmscapi.dll
Event: 2.545 Loaded shared library C:\Users\Mihajlo\.jdks\openjdk-23.0.2\bin\verify.dll

Deoptimization events (6 events):
Event: 8.157 Thread 0x00000241fdc5d700 DEOPT PACKING pc=0x00000241ad2d3b14 sp=0x00000059ab7fcdb0
Event: 8.157 Thread 0x00000241fdc5d700 DEOPT UNPACKING pc=0x00000241ac474b22 sp=0x00000059ab7fc4a8 mode 0
Event: 8.216 Thread 0x00000241fdc5d700 DEOPT PACKING pc=0x00000241ad2d38a4 sp=0x00000059ab7fde00
Event: 8.216 Thread 0x00000241fdc5d700 DEOPT UNPACKING pc=0x00000241ac474b22 sp=0x00000059ab7fd480 mode 0
Event: 8.264 Thread 0x00000241fe050b40 DEOPT PACKING pc=0x00000241ad0cf29c sp=0x00000059ac2feaa0
Event: 8.264 Thread 0x00000241fe050b40 DEOPT UNPACKING pc=0x00000241ac474b22 sp=0x00000059ac2fdf38 mode 0

Classes loaded (20 events):
Event: 8.331 Loading class sun/misc/Unsafe$MemoryAccessOption
Event: 8.331 Loading class sun/misc/Unsafe$MemoryAccessOption done
Event: 8.334 Loading class java/nio/ShortBuffer
Event: 8.334 Loading class java/nio/ShortBuffer done
Event: 8.334 Loading class java/nio/FloatBuffer
Event: 8.334 Loading class java/nio/FloatBuffer done
Event: 8.334 Loading class java/nio/DoubleBuffer
Event: 8.334 Loading class java/nio/DoubleBuffer done
Event: 8.349 Loading class java/util/concurrent/Executors$DelegatedScheduledExecutorService
Event: 8.349 Loading class java/util/concurrent/Executors$DelegatedExecutorService
Event: 8.349 Loading class java/util/concurrent/Executors$DelegatedExecutorService done
Event: 8.349 Loading class java/util/concurrent/Executors$DelegatedScheduledExecutorService done
Event: 8.361 Loading class java/util/concurrent/locks/AbstractQueuedSynchronizer$SharedNode
Event: 8.361 Loading class java/util/concurrent/locks/AbstractQueuedSynchronizer$SharedNode done
Event: 8.369 Loading class java/util/JumboEnumSet
Event: 8.369 Loading class java/util/JumboEnumSet done
Event: 8.407 Loading class java/util/function/IntSupplier
Event: 8.407 Loading class java/util/function/IntSupplier done
Event: 8.408 Loading class java/util/function/LongFunction
Event: 8.408 Loading class java/util/function/LongFunction done

Classes unloaded (0 events):
No events

Classes redefined (0 events):
No events

Internal exceptions (20 events):
Event: 5.643 Thread 0x00000241fdc5d700 Exception <a 'java/lang/IncompatibleClassChangeError'{0x00000007052079e0}: Found class java.lang.Object, but interface was expected> (0x00000007052079e0) 
thrown [s\open\src\hotspot\share\interpreter\linkResolver.cpp, line 863]
Event: 5.688 Thread 0x00000241fdc5d700 Exception <a 'java/lang/NoSuchMethodError'{0x000000070eceb480}: 'void java.lang.invoke.Invokers$Holder.invokeExact_MT(java.lang.Object, java.lang.Object, java.lang.Object, java.lang.Object)'> (0x000000070eceb480) 
thrown [s\open\src\hotspot\share\interpreter\linkResolver.cpp, line 796]
Event: 5.689 Thread 0x00000241fdc5d700 Exception <a 'java/lang/NoSuchMethodError'{0x000000070ecf2648}: 'long java.lang.invoke.DelegatingMethodHandle$Holder.reinvoke_L(java.lang.Object, java.lang.Object)'> (0x000000070ecf2648) 
thrown [s\open\src\hotspot\share\interpreter\linkResolver.cpp, line 796]
Event: 5.728 Thread 0x00000241fdc5d700 Exception <a 'java/lang/NoSuchMethodError'{0x0000000705e03bf8}: 'long java.lang.invoke.DirectMethodHandle$Holder.invokeVirtual(java.lang.Object, java.lang.Object)'> (0x0000000705e03bf8) 
thrown [s\open\src\hotspot\share\interpreter\linkResolver.cpp, line 796]
Event: 5.731 Thread 0x00000241fdc5d700 Exception <a 'java/io/FileNotFoundException'{0x0000000705e30c20}> (0x0000000705e30c20) 
thrown [s\open\src\hotspot\share\prims\jni.cpp, line 520]
Event: 6.192 Thread 0x00000241fdc5d700 Exception <a 'java/io/FileNotFoundException'{0x0000000709a80340}> (0x0000000709a80340) 
thrown [s\open\src\hotspot\share\prims\jni.cpp, line 520]
Event: 6.192 Thread 0x00000241fdc5d700 Exception <a 'java/io/FileNotFoundException'{0x0000000709a8a530}> (0x0000000709a8a530) 
thrown [s\open\src\hotspot\share\prims\jni.cpp, line 520]
Event: 6.219 Thread 0x00000241fdc5d700 Exception <a 'java/lang/NoSuchMethodError'{0x000000070995a768}: 'void java.lang.invoke.DirectMethodHandle$Holder.invokeStaticInit(java.lang.Object, java.lang.Object, java.lang.Object, java.lang.Object)'> (0x000000070995a768) 
thrown [s\open\src\hotspot\share\interpreter\linkResolver.cpp, line 796]
Event: 6.222 Thread 0x00000241fdc5d700 Exception <a 'java/lang/NoSuchMethodError'{0x000000070998d8a0}: 'java.lang.Object java.lang.invoke.DirectMethodHandle$Holder.newInvokeSpecial(java.lang.Object, java.lang.Object, java.lang.Object, java.lang.Object, java.lang.Object, java.lang.Object, java.lang.Object, java.lang.Object, java.lang.Object)'> (0x000000070998d8a0) 
thrown [s\open\src\hotspot\share\interpreter\linkResolver.cpp, line 796]
Event: 6.229 Thread 0x00000241fdc5d700 Exception <a 'java/lang/NoSuchMethodError'{0x000000070962b140}: 'int java.lang.invoke.DirectMethodHandle$Holder.invokeStaticInit(java.lang.Object, int, java.lang.Object, java.lang.Object, java.lang.Object, java.lang.Object)'> (0x000000070962b140) 
thrown [s\open\src\hotspot\share\interpreter\linkResolver.cpp, line 796]
Event: 6.675 Thread 0x00000241fdc5d700 Exception <a 'java/lang/NoSuchMethodError'{0x0000000709424450}: 'void java.lang.invoke.DirectMethodHandle$Holder.invokeStaticInit(java.lang.Object)'> (0x0000000709424450) 
thrown [s\open\src\hotspot\share\interpreter\linkResolver.cpp, line 796]
Event: 6.683 Thread 0x00000241fdc5d700 Exception <a 'java/lang/NoSuchMethodError'{0x0000000709513d60}: 'java.lang.Object java.lang.invoke.DirectMethodHandle$Holder.newInvokeSpecial(java.lang.Object, java.lang.Object, java.lang.Object, java.lang.Object, java.lang.Object, java.lang.Object, java.lang.Object, java.lang.Object)'> (0x0000000709513d60) 
thrown [s\open\src\hotspot\share\interpreter\linkResolver.cpp, line 796]
Event: 8.073 Thread 0x00000241fdc5d700 Exception <a 'java/lang/NoSuchMethodError'{0x000000071101dbc8}: 'java.lang.Object java.lang.invoke.DirectMethodHandle$Holder.newInvokeSpecial(java.lang.Object, java.lang.Object, java.lang.Object, java.lang.Object, int)'> (0x000000071101dbc8) 
thrown [s\open\src\hotspot\share\interpreter\linkResolver.cpp, line 796]
Event: 8.073 Thread 0x00000241fdc5d700 Exception <a 'java/lang/NoSuchMethodError'{0x0000000711021c00}: 'java.lang.Object java.lang.invoke.DirectMethodHandle$Holder.invokeSpecial(java.lang.Object, java.lang.Object, java.lang.Object, java.lang.Object, java.lang.Object, int)'> (0x0000000711021c00) 
thrown [s\open\src\hotspot\share\interpreter\linkResolver.cpp, line 796]
Event: 8.073 Thread 0x00000241fdc5d700 Exception <a 'java/lang/NoSuchMethodError'{0x0000000711025568}: 'java.lang.Object java.lang.invoke.DelegatingMethodHandle$Holder.reinvoke_L(java.lang.Object, java.lang.Object, java.lang.Object, java.lang.Object, int)'> (0x0000000711025568) 
thrown [s\open\src\hotspot\share\interpreter\linkResolver.cpp, line 796]
Event: 8.155 Thread 0x00000241fdc5d700 Exception <a 'java/lang/NoSuchMethodError'{0x000000070e76b710}: 'java.lang.Object java.lang.invoke.DirectMethodHandle$Holder.invokeVirtual(java.lang.Object, java.lang.Object, java.lang.Object, java.lang.Object, java.lang.Object, java.lang.Object, java.lang.Object)'> (0x000000070e76b710) 
thrown [s\open\src\hotspot\share\interpreter\linkResolver.cpp, line 796]
Event: 8.192 Thread 0x00000241fdc5d700 Exception <a 'java/lang/IncompatibleClassChangeError'{0x000000070e4cc8b8}: Found class java.lang.Object, but interface was expected> (0x000000070e4cc8b8) 
thrown [s\open\src\hotspot\share\interpreter\linkResolver.cpp, line 863]
Event: 8.192 Thread 0x00000241fdc5d700 Exception <a 'java/lang/IncompatibleClassChangeError'{0x000000070e4d2110}: Found class java.lang.Object, but interface was expected> (0x000000070e4d2110) 
thrown [s\open\src\hotspot\share\interpreter\linkResolver.cpp, line 863]
Event: 8.192 Thread 0x00000241fdc5d700 Exception <a 'java/lang/IncompatibleClassChangeError'{0x000000070e4d75c8}: Found class java.lang.Object, but interface was expected> (0x000000070e4d75c8) 
thrown [s\open\src\hotspot\share\interpreter\linkResolver.cpp, line 863]
Event: 8.408 Thread 0x00000241fdc5d700 Exception <a 'java/lang/NoSuchMethodError'{0x000000070ceceb28}: 'java.lang.Object java.lang.invoke.DirectMethodHandle$Holder.invokeStaticInit(java.lang.Object, long)'> (0x000000070ceceb28) 
thrown [s\open\src\hotspot\share\interpreter\linkResolver.cpp, line 796]

VM Operations (20 events):
Event: 7.614 Executing VM operation: G1TryInitiateConcMark (G1 Humongous Allocation) done
Event: 7.666 Executing VM operation: G1PauseRemark
Event: 7.668 Executing VM operation: G1PauseRemark done
Event: 7.683 Executing VM operation: G1PauseCleanup
Event: 7.683 Executing VM operation: G1PauseCleanup done
Event: 7.769 Executing VM operation: G1CollectForAllocation (G1 Evacuation Pause)
Event: 7.780 Executing VM operation: G1CollectForAllocation (G1 Evacuation Pause) done
Event: 8.053 Executing VM operation: G1CollectForAllocation (G1 Evacuation Pause)
Event: 8.057 Executing VM operation: G1CollectForAllocation (G1 Evacuation Pause) done
Event: 8.156 Executing VM operation: HandshakeAllThreads (Deoptimize)
Event: 8.156 Executing VM operation: HandshakeAllThreads (Deoptimize) done
Event: 8.161 Executing VM operation: HandshakeAllThreads (Deoptimize)
Event: 8.161 Executing VM operation: HandshakeAllThreads (Deoptimize) done
Event: 8.222 Executing VM operation: HandshakeAllThreads (Deoptimize)
Event: 8.222 Executing VM operation: HandshakeAllThreads (Deoptimize) done
Event: 8.357 Executing VM operation: HandshakeAllThreads (Deoptimize)
Event: 8.357 Executing VM operation: HandshakeAllThreads (Deoptimize) done
Event: 8.369 Executing VM operation: HandshakeAllThreads (Deoptimize)
Event: 8.369 Executing VM operation: HandshakeAllThreads (Deoptimize) done
Event: 8.444 Executing VM operation: G1CollectForAllocation (G1 Evacuation Pause)

Memory protections (0 events):
No events

Nmethod flushes (20 events):
Event: 6.997 Thread 0x00000241b728c3e0 flushing  nmethod 0x00000241ac990588
Event: 6.997 Thread 0x00000241b728c3e0 flushing  nmethod 0x00000241ac9cd008
Event: 6.997 Thread 0x00000241b728c3e0 flushing  nmethod 0x00000241ac9ce888
Event: 6.997 Thread 0x00000241b728c3e0 flushing  nmethod 0x00000241aca1b988
Event: 6.997 Thread 0x00000241b728c3e0 flushing  nmethod 0x00000241aca1bd08
Event: 6.997 Thread 0x00000241b728c3e0 flushing  nmethod 0x00000241aca1c688
Event: 6.997 Thread 0x00000241b728c3e0 flushing  nmethod 0x00000241aca1e208
Event: 6.997 Thread 0x00000241b728c3e0 flushing  nmethod 0x00000241aca3ec08
Event: 6.997 Thread 0x00000241b728c3e0 flushing  nmethod 0x00000241aca3fd08
Event: 6.997 Thread 0x00000241b728c3e0 flushing  nmethod 0x00000241aca41808
Event: 6.997 Thread 0x00000241b728c3e0 flushing  nmethod 0x00000241aca7f508
Event: 6.997 Thread 0x00000241b728c3e0 flushing  nmethod 0x00000241aca7fb08
Event: 6.997 Thread 0x00000241b728c3e0 flushing  nmethod 0x00000241acaace08
Event: 6.997 Thread 0x00000241b728c3e0 flushing  nmethod 0x00000241acaae688
Event: 6.997 Thread 0x00000241b728c3e0 flushing  nmethod 0x00000241acaaed08
Event: 6.997 Thread 0x00000241b728c3e0 flushing  nmethod 0x00000241acab0008
Event: 6.997 Thread 0x00000241b728c3e0 flushing  nmethod 0x00000241acab0308
Event: 6.997 Thread 0x00000241b728c3e0 flushing  nmethod 0x00000241acadd008
Event: 6.997 Thread 0x00000241b728c3e0 flushing  nmethod 0x00000241acadd308
Event: 6.997 Thread 0x00000241b728c3e0 flushing  nmethod 0x00000241ad15d408

Events (20 events):
Event: 5.230 Thread 0x00000241fe050b40 Thread added: 0x00000241fe8570f0
Event: 5.232 Thread 0x00000241fe8570f0 Thread exited: 0x00000241fe8570f0
Event: 5.734 Thread 0x00000241fe050b40 Thread added: 0x00000241fe8570f0
Event: 5.736 Thread 0x00000241fdc5d700 Thread added: 0x00000241fe855020
Event: 5.737 Thread 0x00000241fe855020 Thread added: 0x00000241fe8556b0
Event: 5.737 Thread 0x00000241fe8570f0 Thread exited: 0x00000241fe8570f0
Event: 5.740 Thread 0x00000241fdc5d700 Thread added: 0x00000241fe856a60
Event: 6.238 Thread 0x00000241fe050b40 Thread added: 0x00000241fe854300
Event: 6.240 Thread 0x00000241fe854300 Thread exited: 0x00000241fe854300
Event: 6.642 Thread 0x00000241fdc5d700 Thread added: 0x00000241fe8591c0
Event: 6.645 Thread 0x00000241fdc5d700 Thread added: 0x00000241fe8584a0
Event: 6.742 Thread 0x00000241fe050b40 Thread added: 0x00000241fe858b30
Event: 6.744 Thread 0x00000241fe858b30 Thread exited: 0x00000241fe858b30
Event: 7.246 Thread 0x00000241fe050b40 Thread added: 0x00000241fe854300
Event: 7.248 Thread 0x00000241fe854300 Thread exited: 0x00000241fe854300
Event: 7.753 Thread 0x00000241fe050b40 Thread added: 0x0000024181c87ae0
Event: 7.756 Thread 0x0000024181c87ae0 Thread exited: 0x0000024181c87ae0
Event: 8.265 Thread 0x00000241fe050b40 Thread added: 0x00000241fe854300
Event: 8.267 Thread 0x00000241fe854300 Thread exited: 0x00000241fe854300
Event: 8.361 Thread 0x00000241fdc5d700 Thread added: 0x00000241fe854300


Dynamic libraries:
0x00007ff6e3790000 - 0x00007ff6e379e000 	C:\Users\Mihajlo\.jdks\openjdk-23.0.2\bin\java.exe
0x00007ffdd6dc0000 - 0x00007ffdd7028000 	C:\WINDOWS\SYSTEM32\ntdll.dll
0x00007ffdd60b0000 - 0x00007ffdd6179000 	C:\WINDOWS\System32\KERNEL32.DLL
0x00007ffdd3800000 - 0x00007ffdd3bf1000 	C:\WINDOWS\System32\KERNELBASE.dll
0x00007ffdd3d80000 - 0x00007ffdd3ecb000 	C:\WINDOWS\System32\ucrtbase.dll
0x00007ffdbcb90000 - 0x00007ffdbcbab000 	C:\Users\Mihajlo\.jdks\openjdk-23.0.2\bin\VCRUNTIME140.dll
0x00007ffdbcb70000 - 0x00007ffdbcb87000 	C:\Users\Mihajlo\.jdks\openjdk-23.0.2\bin\jli.dll
0x00007ffdd52c0000 - 0x00007ffdd5486000 	C:\WINDOWS\System32\USER32.dll
0x00007ffdd4b30000 - 0x00007ffdd4b57000 	C:\WINDOWS\System32\win32u.dll
0x00007ffdb72d0000 - 0x00007ffdb7563000 	C:\WINDOWS\WinSxS\amd64_microsoft.windows.common-controls_6595b64144ccf1df_6.0.26100.7705_none_3e06597ae3363b04\COMCTL32.dll
0x00007ffdd6080000 - 0x00007ffdd60ab000 	C:\WINDOWS\System32\GDI32.dll
0x00007ffdd6cd0000 - 0x00007ffdd6d79000 	C:\WINDOWS\System32\msvcrt.dll
0x00007ffdd4940000 - 0x00007ffdd4a6b000 	C:\WINDOWS\System32\gdi32full.dll
0x00007ffdd3750000 - 0x00007ffdd37f3000 	C:\WINDOWS\System32\msvcp_win.dll
0x00007ffdd6c80000 - 0x00007ffdd6cb1000 	C:\WINDOWS\System32\IMM32.DLL
0x00007ffdcdd20000 - 0x00007ffdcdd2c000 	C:\Users\Mihajlo\.jdks\openjdk-23.0.2\bin\vcruntime140_1.dll
0x00007ffd967e0000 - 0x00007ffd9686e000 	C:\Users\Mihajlo\.jdks\openjdk-23.0.2\bin\msvcp140.dll
0x00007ffd15bb0000 - 0x00007ffd16900000 	C:\Users\Mihajlo\.jdks\openjdk-23.0.2\bin\server\jvm.dll
0x00007ffdd5810000 - 0x00007ffdd58c4000 	C:\WINDOWS\System32\ADVAPI32.dll
0x00007ffdd5e70000 - 0x00007ffdd5f16000 	C:\WINDOWS\System32\sechost.dll
0x00007ffdd5ba0000 - 0x00007ffdd5cb8000 	C:\WINDOWS\System32\RPCRT4.dll
0x00007ffdd6b70000 - 0x00007ffdd6be4000 	C:\WINDOWS\System32\WS2_32.dll
0x00007ffdd3350000 - 0x00007ffdd33ae000 	C:\WINDOWS\SYSTEM32\POWRPROF.dll
0x00007ffdc66b0000 - 0x00007ffdc66e5000 	C:\WINDOWS\SYSTEM32\WINMM.dll
0x00007ffdcdca0000 - 0x00007ffdcdcab000 	C:\WINDOWS\SYSTEM32\VERSION.dll
0x00007ffdd3270000 - 0x00007ffdd3284000 	C:\WINDOWS\SYSTEM32\UMPDC.dll
0x00007ffdd2410000 - 0x00007ffdd242b000 	C:\WINDOWS\SYSTEM32\kernel.appcore.dll
0x00007ffdbccf0000 - 0x00007ffdbccfa000 	C:\Users\Mihajlo\.jdks\openjdk-23.0.2\bin\jimage.dll
0x00007ffdd12e0000 - 0x00007ffdd1522000 	C:\WINDOWS\SYSTEM32\DBGHELP.DLL
0x00007ffdd6710000 - 0x00007ffdd6a96000 	C:\WINDOWS\System32\combase.dll
0x00007ffdd5950000 - 0x00007ffdd5a27000 	C:\WINDOWS\System32\OLEAUT32.dll
0x00007ffdbd1e0000 - 0x00007ffdbd21b000 	C:\WINDOWS\SYSTEM32\dbgcore.DLL
0x00007ffdd36a0000 - 0x00007ffdd3745000 	C:\WINDOWS\System32\bcryptPrimitives.dll
0x00007ffdbab60000 - 0x00007ffdbab6f000 	C:\Users\Mihajlo\.jdks\openjdk-23.0.2\bin\instrument.dll
0x00007ffdbab40000 - 0x00007ffdbab5e000 	C:\Users\Mihajlo\.jdks\openjdk-23.0.2\bin\java.dll
0x00007ffdd5cd0000 - 0x00007ffdd5e67000 	C:\WINDOWS\System32\ole32.dll
0x00007ffdd4b60000 - 0x00007ffdd52b1000 	C:\WINDOWS\System32\SHELL32.dll
0x00007ffdd3ed0000 - 0x00007ffdd403a000 	C:\WINDOWS\System32\wintypes.dll
0x00007ffdd4040000 - 0x00007ffdd48a2000 	C:\WINDOWS\System32\windows.storage.dll
0x00007ffdd5710000 - 0x00007ffdd5806000 	C:\WINDOWS\System32\SHCORE.dll
0x00007ffdd5fe0000 - 0x00007ffdd6047000 	C:\WINDOWS\System32\shlwapi.dll
0x00007ffdd35c0000 - 0x00007ffdd35e9000 	C:\WINDOWS\SYSTEM32\profapi.dll
0x00007ffdba990000 - 0x00007ffdba9a7000 	C:\Users\Mihajlo\.jdks\openjdk-23.0.2\bin\zip.dll
0x00007ffdbab30000 - 0x00007ffdbab40000 	C:\Users\Mihajlo\.jdks\openjdk-23.0.2\bin\net.dll
0x00007ffdd2960000 - 0x00007ffdd29cb000 	C:\WINDOWS\system32\mswsock.dll
0x00007ffdbab10000 - 0x00007ffdbab26000 	C:\Users\Mihajlo\.jdks\openjdk-23.0.2\bin\nio.dll
0x00007ffdaf8e0000 - 0x00007ffdaf8fa000 	C:\Program Files\JetBrains\IntelliJ IDEA 2024.2.3\bin\breakgen64.dll
0x00007ffdaee00000 - 0x00007ffdaee09000 	C:\Users\Mihajlo\.jdks\openjdk-23.0.2\bin\extnet.dll
0x00007ffdd1ea0000 - 0x00007ffdd1fcc000 	C:\WINDOWS\SYSTEM32\DNSAPI.dll
0x00007ffdd1e10000 - 0x00007ffdd1e44000 	C:\WINDOWS\SYSTEM32\IPHLPAPI.DLL
0x00007ffdd6cc0000 - 0x00007ffdd6cca000 	C:\WINDOWS\System32\NSI.dll
0x00007ffdc7100000 - 0x00007ffdc710b000 	C:\Windows\System32\rasadhlp.dll
0x00007ffdcc690000 - 0x00007ffdcc716000 	C:\WINDOWS\System32\fwpuclnt.dll
0x00007ffdb9110000 - 0x00007ffdb911a000 	C:\Users\Mihajlo\.jdks\openjdk-23.0.2\bin\management.dll
0x00007ffdb9100000 - 0x00007ffdb910b000 	C:\Users\Mihajlo\.jdks\openjdk-23.0.2\bin\management_ext.dll
0x00007ffdd6aa0000 - 0x00007ffdd6aa8000 	C:\WINDOWS\System32\PSAPI.DLL
0x00007ffdd2d50000 - 0x00007ffdd2d6b000 	C:\WINDOWS\SYSTEM32\CRYPTSP.dll
0x00007ffdd2370000 - 0x00007ffdd23a9000 	C:\WINDOWS\system32\rsaenh.dll
0x00007ffdd2a10000 - 0x00007ffdd2a3b000 	C:\WINDOWS\SYSTEM32\USERENV.dll
0x00007ffdd3590000 - 0x00007ffdd35ba000 	C:\WINDOWS\SYSTEM32\bcrypt.dll
0x00007ffdd2bb0000 - 0x00007ffdd2bbc000 	C:\WINDOWS\SYSTEM32\CRYPTBASE.dll
0x00007ffdaf060000 - 0x00007ffdaf078000 	C:\WINDOWS\system32\napinsp.dll
0x00007ffdaf240000 - 0x00007ffdaf252000 	C:\WINDOWS\System32\winrnr.dll
0x00007ffdaf0a0000 - 0x00007ffdaf0c2000 	C:\WINDOWS\system32\nlansp_c.dll
0x00007ffdaf080000 - 0x00007ffdaf096000 	C:\WINDOWS\system32\wshbth.dll
0x00007ffdb90f0000 - 0x00007ffdb90fe000 	C:\Users\Mihajlo\.jdks\openjdk-23.0.2\bin\sunmscapi.dll
0x00007ffdd3c00000 - 0x00007ffdd3d77000 	C:\WINDOWS\System32\CRYPT32.dll
0x00007ffdd2f10000 - 0x00007ffdd2f40000 	C:\WINDOWS\SYSTEM32\ncrypt.dll
0x00007ffdd2ec0000 - 0x00007ffdd2eff000 	C:\WINDOWS\SYSTEM32\NTASN1.dll
0x00007ffdaec40000 - 0x00007ffdaec50000 	C:\Users\Mihajlo\.jdks\openjdk-23.0.2\bin\verify.dll

dbghelp: loaded successfully - version: 4.0.5 - missing functions: none
symbol engine: initialized successfully - sym options: 0x614 - pdb path: .;C:\Users\Mihajlo\.jdks\openjdk-23.0.2\bin;C:\WINDOWS\SYSTEM32;C:\WINDOWS\WinSxS\amd64_microsoft.windows.common-controls_6595b64144ccf1df_6.0.26100.7705_none_3e06597ae3363b04;C:\Users\Mihajlo\.jdks\openjdk-23.0.2\bin\server;C:\Program Files\JetBrains\IntelliJ IDEA 2024.2.3\bin

VM Arguments:
jvm_args: -XX:TieredStopAtLevel=1 -Dspring.output.ansi.enabled=always -Dcom.sun.management.jmxremote -Dspring.jmx.enabled=true -Dspring.liveBeansView.mbeanDomain -Dspring.application.admin.enabled=true -Dmanagement.endpoints.jmx.exposure.include=* -javaagent:C:\Program Files\JetBrains\IntelliJ IDEA 2024.2.3\lib\idea_rt.jar=56331:C:\Program Files\JetBrains\IntelliJ IDEA 2024.2.3\bin -Dfile.encoding=UTF-8 -Dsun.stdout.encoding=UTF-8 -Dsun.stderr.encoding=UTF-8 
java_command: nvt.backend.BackendApplication
java_class_path (initial): C:\Users\Mihajlo\Desktop\New folder\nvt-project\backend\target\classes;C:\Users\Mihajlo\.m2\repository\org\springframework\boot\spring-boot-starter-data-jpa\3.4.1\spring-boot-starter-data-jpa-3.4.1.jar;C:\Users\Mihajlo\.m2\repository\org\springframework\boot\spring-boot-starter\3.4.1\spring-boot-starter-3.4.1.jar;C:\Users\Mihajlo\.m2\repository\org\springframework\boot\spring-boot-starter-logging\3.4.1\spring-boot-starter-logging-3.4.1.jar;C:\Users\Mihajlo\.m2\repository\ch\qos\logback\logback-classic\1.5.12\logback-classic-1.5.12.jar;C:\Users\Mihajlo\.m2\repository\ch\qos\logback\logback-core\1.5.12\logback-core-1.5.12.jar;C:\Users\Mihajlo\.m2\repository\org\apache\logging\log4j\log4j-to-slf4j\2.24.3\log4j-to-slf4j-2.24.3.jar;C:\Users\Mihajlo\.m2\repository\org\apache\logging\log4j\log4j-api\2.24.3\log4j-api-2.24.3.jar;C:\Users\Mihajlo\.m2\repository\org\slf4j\jul-to-slf4j\2.0.16\jul-to-slf4j-2.0.16.jar;C:\Users\Mihajlo\.m2\repository\jakarta\annotation\jakarta.annotation-api\2.1.1\jakarta.annotation-api-2.1.1.jar;C:\Users\Mihajlo\.m2\repository\org\yaml\snakeyaml\2.3\snakeyaml-2.3.jar;C:\Users\Mihajlo\.m2\repository\org\springframework\boot\spring-boot-starter-jdbc\3.4.1\spring-boot-starter-jdbc-3.4.1.jar;C:\Users\Mihajlo\.m2\repository\com\zaxxer\HikariCP\5.1.0\HikariCP-5.1.0.jar;C:\Users\Mihajlo\.m2\repository\org\springframework\spring-jdbc\6.2.1\spring-jdbc-6.2.1.jar;C:\Users\Mihajlo\.m2\repository\org\hibernate\orm\hibernate-core\6.6.4.Final\hibernate-core-6.6.4.Final.jar;C:\Users\Mihajlo\.m2\repository\jakarta\persistence\jakarta.persistence-api\3.1.0\jakarta.persistence-api-3.1.0.jar;C:\Users\Mihajlo\.m2\repository\jakarta\transaction\jakarta.transaction-api\2.0.1\jakarta.transaction-api-2.0.1.jar;C:\Users\Mihajlo\.m2\repository\org\jboss\logging\jboss-logging\3.6.1.Final\jboss-logging-3.6.1.Final.jar;C:\Users\Mihajlo\.m2\repository\org\hibernate\common\hibernate-commons-annotations\7.0.3.Final\hibernate-commons-annotations-7.0.3.Final.jar;C:\Users\Mihajlo\.m2\repository\io\smallrye\jandex\3.2.0\jandex-3.2.0.jar;C:\Users\Mihajlo\.m2\repository\com\fasterxml\classmate\1.7.0\classmate-1.7.0.jar;C:\Users\Mihajlo\.m2\repository\net\bytebuddy\byte-buddy\1.15.11\byte-buddy-1.15.11.jar;C:\Users\Mihajlo\.m2\repository\org\glassfish\jaxb\jaxb-runtime\4.0.5\jaxb-runtime-4.0.5.jar;C:\Users\Mihajlo\.m2\repository\org\glassfish\jaxb\jaxb-core\4.0.5\jaxb-core-4.0.5.jar;C:\Users\Mihajlo\.m2\repository\org\glassfish\jaxb\txw2\4.0.5\txw2-4.0.5.jar;C:\Users\Mihajlo\.m2\repository\com\sun\istack\istack-commons-runtime\4.1.2\istack-commons-runtime-4.1.2.jar;C:\Users\Mihajlo\.m2\repository\jakarta\inject\jakarta.inject-api\2.0.1\jakarta.inject-api-2.0.1.jar;C:\Users\Mihajlo\.m2\repository\org\antlr\antlr4-runtime\4.13.0\antlr4-runtime-4.13.0.jar;C:\Users\Mihajlo\.m2\repository\org\springframework\data\spring-data-jpa\3.4.1\spring-data-jpa-3.4.1.jar;C:\Users\Mihajlo\.m2\repository\org\springframework\data\spring-data-commons\3.4.1\spring-data-commons-3.4.1.jar;C:\Users\Mihajlo\.m2\repository\org\springframework\spring-orm\6.2.1\spring-orm-6.2.1.jar;C:\Users\Mihajlo\.m2\repository\org\springframework\spring-tx\6.2.1\spring-tx-6.2.1.jar;C:\Users\Mihajlo\.m2\repository\org\slf4j\slf4j-api\2.0.16\slf4j-api-2.0.16.jar;C:\Users\Mihajlo\.m2\repository\org\springframework\boot\spring-boot-starter-security\3.4.1\spring-boot-starter-security-3.4.1.jar;C:\Users\Mihajlo\.m2\repository\org\springframework\spring-aop\6.2.1\spring-aop-6.2.1.jar;C:\Users\Mihajlo\.m2\repository\org\springframework\security\spring-security-web\6.4.2\spring-security-web-6.4.2.jar;C:\Users\Mihajlo\.m2\repository\org\springframework\spring-expression\6.2.1\spring-expression-6.2.1.jar;C:\Users\Mihajlo\.m2\repository\org\springframework\boot\spring-boot-starter-web\3.4.1\spring-boot-starter-web-3.4.1.jar;C:\Users\Mihajlo\.m2\repository\org\springframework\boot\spring-boot-starter-json\3.4.1\spring-boot-starter-json-3.4.1.jar;C:\Users\Mihajlo\.m2\repository\com\fasterxml\jackson\datatype\jackson-datatype-jdk8\2.18.2\jackson-datatype-jdk8-2.18.2.jar;C:\Users\Mihajlo\.m2\repository\com\fasterxml\jackson\datatype\jackson-datatype-jsr310\2.18.2\jackson-datatype-jsr310-2.18.2.jar;C:\Users\Mihajlo\.m2\repository\com\fasterxml\jackson\module\jackson-module-parameter-names\2.18.2\jackson-module-parameter-names-2.18.2.jar;C:\Users\Mihajlo\.m2\repository\org\springframework\boot\spring-boot-starter-tomcat\3.4.1\spring-boot-starter-tomcat-3.4.1.jar;C:\Users\Mihajlo\.m2\repository\org\apache\tomcat\embed\tomcat-embed-core\10.1.34\tomcat-embed-core-10.1.34.jar;C:\Users\Mihajlo\.m2\repository\org\apache\tomcat\embed\tomcat-embed-websocket\10.1.34\tomcat-embed-websocket-10.1.34.jar;C:\Users\Mihajlo\.m2\repository\org\springframework\spring-web\6.2.1\spring-web-6.2.1.jar;C:\Users\Mihajlo\.m2\repository\io\micrometer\micrometer-observation\1.14.2\micrometer-observation-1.14.2.jar;C:\Users\Mihajlo\.m2\repository\io\micrometer\micrometer-commons\1.14.2\micrometer-commons-1.14.2.jar;C:\Users\Mihajlo\.m2\repository\org\springframework\spring-webmvc\6.2.1\spring-webmvc-6.2.1.jar;C:\Users\Mihajlo\.m2\repository\org\springframework\boot\spring-boot-starter-websocket\3.4.1\spring-boot-starter-websocket-3.4.1.jar;C:\Users\Mihajlo\.m2\repository\org\springframework\spring-messaging\6.2.1\spring-messaging-6.2.1.jar;C:\Users\Mihajlo\.m2\repository\org\springframework\spring-websocket\6.2.1\spring-websocket-6.2.1.jar;C:\Users\Mihajlo\.m2\repository\org\springframework\boot\spring-boot-starter-amqp\3.4.1\spring-boot-starter-amqp-3.4.1.jar;C:\Users\Mihajlo\.m2\repository\org\springframework\amqp\spring-rabbit\3.2.1\spring-rabbit-3.2.1.jar;C:\Users\Mihajlo\.m2\repository\org\springframework\amqp\spring-amqp\3.2.1\spring-amqp-3.2.1.jar;C:\Users\Mihajlo\.m2\repository\com\rabbitmq\amqp-client\5.22.0\amqp-client-5.22.0.jar;C:\Users\Mihajlo\.m2\repository\com\influxdb\influxdb-client-java\6.12.0\influxdb-client-java-6.12.0.jar;C:\Users\Mihajlo\.m2\repository\com\influxdb\influxdb-client-core\6.12.0\influxdb-client-core-6.12.0.jar;C:\Users\Mihajlo\.m2\repository\com\influxdb\influxdb-client-utils\6.12.0\influxdb-client-utils-6.12.0.jar;C:\Users\Mihajlo\.m2\repository\com\squareup\okio\okio\3.6.0\okio-3.6.0.jar;C:\Users\Mihajlo\.m2\repository\com\squareup\okio\okio-jvm\3.6.0\okio-jvm-3.6.0.jar;C:\Users\Mihajlo\.m2\repository\com\squareup\retrofit2\retrofit\2.9.0\retrofit-2.9.0.jar;C:\Users\Mihajlo\.m2\repository\com\squareup\okhttp3\logging-interceptor\4.11.0\logging-interceptor-4.11.0.jar;C:\Users\Mihajlo\.m2\repository\org\apache\commons\commons-csv\1.10.0\commons-csv-1.10.0.jar;C:\Users\Mihajlo\.m2\repository\com\google\code\gson\gson\2.11.0\gson-2.11.0.jar;C:\Users\Mihajlo\.m2\repository\io\reactivex\rxjava3\rxjava\3.1.10\rxjava-3.1.10.jar;C:\Users\Mihajlo\.m2\repository\org\reactivestreams\reactive-streams\1.0.4\reactive-streams-1.0.4.jar;C:\Users\Mihajlo\.m2\repository\com\squareup\retrofit2\adapter-rxjava3\2.9.0\adapter-rxjava3-2.9.0.jar;C:\Users\Mihajlo\.m2\repository\com\squareup\retrofit2\converter-scalars\2.9.0\converter-scalars-2.9.0.jar;C:\Users\Mihajlo\.m2\repository\com\squareup\retrofit2\converter-gson\2.9.0\converter-gson-2.9.0.jar;C:\Users\Mihajlo\.m2\repository\com\google\code\findbugs\jsr305\3.0.2\jsr305-3.0.2.jar;C:\Users\Mihajlo\.m2\repository\org\springframework\boot\spring-boot-devtools\3.4.1\spring-boot-devtools-3.4.1.jar;C:\Users\Mihajlo\.m2\repository\org\springframework\boot\spring-boot\3.4.1\spring-boot-3.4.1.jar;C:\Users\Mihajlo\.m2\repository\org\springframework\boot\spring-boot-autoconfigure\3.4.1\spring-boot-autoconfigure-3.4.1.jar;C:\Users\Mihajlo\.m2\repository\org\postgresql\postgresql\42.7.4\postgresql-42.7.4.jar;C:\Users\Mihajlo\.m2\repository\org\checkerframework\checker-qual\3.42.0\checker-qual-3.42.0.jar;C:\Users\Mihajlo\.m2\repository\jakarta\xml\bind\jakarta.xml.bind-api\4.0.2\jakarta.xml.bind-api-4.0.2.jar;C:\Users\Mihajlo\.m2\repository\jakarta\activation\jakarta.activation-api\2.1.3\jakarta.activation-api-2.1.3.jar;C:\Users\Mihajlo\.m2\repository\org\springframework\spring-core\6.2.1\spring-core-6.2.1.jar;C:\Users\Mihajlo\.m2\repository\org\springframework\spring-jcl\6.2.1\spring-jcl-6.2.1.jar;C:\Users\Mihajlo\.m2\repository\org\springframework\security\spring-security-core\6.4.2\spring-security-core-6.4.2.jar;C:\Users\Mihajlo\.m2\repository\org\springframework\security\spring-security-crypto\6.4.2\spring-security-crypto-6.4.2.jar;C:\Users\Mihajlo\.m2\repository\jakarta\validation\jakarta.validation-api\3.1.0\jakarta.validation-api-3.1.0.jar;C:\Users\Mihajlo\.m2\repository\org\springframework\boot\spring-boot-starter-validation\3.4.1\spring-boot-starter-validation-3.4.1.jar;C:\Users\Mihajlo\.m2\repository\org\apache\tomcat\embed\tomcat-embed-el\10.1.34\tomcat-embed-el-10.1.34.jar;C:\Users\Mihajlo\.m2\repository\org\hibernate\validator\hibernate-validator\8.0.2.Final\hibernate-validator-8.0.2.Final.jar;C:\Users\Mihajlo\.m2\repository\io\jsonwebtoken\jjwt-api\0.12.3\jjwt-api-0.12.3.jar;C:\Users\Mihajlo\.m2\repository\io\jsonwebtoken\jjwt-impl\0.12.3\jjwt-impl-0.12.3.jar;C:\Users\Mihajlo\.m2\repository\io\jsonwebtoken\jjwt-jackson\0.12.3\jjwt-jackson-0.12.3.jar;C:\Users\Mihajlo\.m2\repository\com\fasterxml\jackson\core\jackson-databind\2.18.2\jackson-databind-2.18.2.jar;C:\Users\Mihajlo\.m2\repository\org\projectlombok\lombok\1.18.36\lombok-1.18.36.jar;C:\Users\Mihajlo\.m2\repository\org\springframework\boot\spring-boot-starter-mail\3.3.1\spring-boot-starter-mail-3.3.1.jar;C:\Users\Mihajlo\.m2\repository\org\springframework\spring-context-support\6.2.1\spring-context-support-6.2.1.jar;C:\Users\Mihajlo\.m2\repository\org\eclipse\angus\jakarta.mail\2.0.3\jakarta.mail-2.0.3.jar;C:\Users\Mihajlo\.m2\repository\org\eclipse\angus\angus-activation\2.0.2\angus-activation-2.0.2.jar;C:\Users\Mihajlo\.m2\repository\org\seleniumhq\selenium\selenium-java\4.27.0\selenium-java-4.27.0.jar;C:\Users\Mihajlo\.m2\repository\org\seleniumhq\selenium\selenium-api\4.25.0\selenium-api-4.25.0.jar;C:\Users\Mihajlo\.m2\repository\org\jspecify\jspecify\1.0.0\jspecify-1.0.0.jar;C:\Users\Mihajlo\.m2\repository\org\seleniumhq\selenium\selenium-chrome-driver\4.25.0\selenium-chrome-driver-4.25.0.jar;C:\Users\Mihajlo\.m2\repository\com\google\auto\service\auto-service-annotations\1.1.1\auto-service-annotations-1.1.1.jar;C:\Users\Mihajlo\.m2\repository\org\seleniumhq\selenium\selenium-chromium-driver\4.25.0\selenium-chromium-driver-4.25.0.jar;C:\Users\Mihajlo\.m2\repository\org\seleniumhq\selenium\selenium-json\4.25.0\selenium-json-4.25.0.jar;C:\Users\Mihajlo\.m2\repository\org\seleniumhq\selenium\selenium-manager\4.25.0\selenium-manager-4.25.0.jar;C:\Users\Mihajlo\.m2\repository\org\seleniumhq\selenium\selenium-devtools-v129\4.25.0\selenium-devtools-v129-4.25.0.jar;C:\Users\Mihajlo\.m2\repository\org\seleniumhq\selenium\selenium-devtools-v130\4.27.0\selenium-devtools-v130-4.27.0.jar;C:\Users\Mihajlo\.m2\repository\org\seleniumhq\selenium\selenium-devtools-v131\4.27.0\selenium-devtools-v131-4.27.0.jar;C:\Users\Mihajlo\.m2\repository\org\seleniumhq\selenium\selenium-devtools-v85\4.25.0\selenium-devtools-v85-4.25.0.jar;C:\Users\Mihajlo\.m2\repository\org\seleniumhq\selenium\selenium-edge-driver\4.25.0\selenium-edge-driver-4.25.0.jar;C:\Users\Mihajlo\.m2\repository\org\seleniumhq\selenium\selenium-firefox-driver\4.25.0\selenium-firefox-driver-4.25.0.jar;C:\Users\Mihajlo\.m2\repository\org\seleniumhq\selenium\selenium-http\4.25.0\selenium-http-4.25.0.jar;C:\Users\Mihajlo\.m2\repository\dev\failsafe\failsafe\3.3.2\failsafe-3.3.2.jar;C:\Users\Mihajlo\.m2\repository\org\seleniumhq\selenium\selenium-ie-driver\4.25.0\selenium-ie-driver-4.25.0.jar;C:\Users\Mihajlo\.m2\repository\org\seleniumhq\selenium\selenium-remote-driver\4.25.0\selenium-remote-driver-4.25.0.jar;C:\Users\Mihajlo\.m2\repository\io\opentelemetry\semconv\opentelemetry-semconv\1.25.0-alpha\opentelemetry-semconv-1.25.0-alpha.jar;C:\Users\Mihajlo\.m2\repository\io\opentelemetry\opentelemetry-api\1.43.0\opentelemetry-api-1.43.0.jar;C:\Users\Mihajlo\.m2\repository\io\opentelemetry\opentelemetry-context\1.43.0\opentelemetry-context-1.43.0.jar;C:\Users\Mihajlo\.m2\repository\io\opentelemetry\opentelemetry-exporter-logging\1.43.0\opentelemetry-exporter-logging-1.43.0.jar;C:\Users\Mihajlo\.m2\repository\io\opentelemetry\opentelemetry-sdk-common\1.43.0\opentelemetry-sdk-common-1.43.0.jar;C:\Users\Mihajlo\.m2\repository\io\opentelemetry\opentelemetry-sdk-extension-autoconfigure-spi\1.43.0\opentelemetry-sdk-extension-autoconfigure-spi-1.43.0.jar;C:\Users\Mihajlo\.m2\repository\io\opentelemetry\opentelemetry-sdk-extension-autoconfigure\1.43.0\opentelemetry-sdk-extension-autoconfigure-1.43.0.jar;C:\Users\Mihajlo\.m2\repository\io\opentelemetry\opentelemetry-api-incubator\1.43.0-alpha\opentelemetry-api-incubator-1.43.0-alpha.jar;C:\Users\Mihajlo\.m2\repository\io\opentelemetry\opentelemetry-sdk-trace\1.43.0\opentelemetry-sdk-trace-1.43.0.jar;C:\Users\Mihajlo\.m2\repository\io\opentelemetry\opentelemetry-sdk\1.43.0\opentelemetry-sdk-1.43.0.jar;C:\Users\Mihajlo\.m2\repository\io\opentelemetry\opentelemetry-sdk-metrics\1.43.0\opentelemetry-sdk-metrics-1.43.0.jar;C:\Users\Mihajlo\.m2\repository\io\opentelemetry\opentelemetry-sdk-logs\1.43.0\opentelemetry-sdk-logs-1.43.0.jar;C:\Users\Mihajlo\.m2\repository\org\seleniumhq\selenium\selenium-os\4.25.0\selenium-os-4.25.0.jar;C:\Users\Mihajlo\.m2\repository\org\apache\commons\commons-exec\1.4.0\commons-exec-1.4.0.jar;C:\Users\Mihajlo\.m2\repository\org\seleniumhq\selenium\selenium-safari-driver\4.25.0\selenium-safari-driver-4.25.0.jar;C:\Users\Mihajlo\.m2\repository\org\seleniumhq\selenium\selenium-support\4.25.0\selenium-support-4.25.0.jar;C:\Users\Mihajlo\.m2\repository\commons-io\commons-io\2.6\commons-io-2.6.jar;C:\Users\Mihajlo\.m2\repository\org\bouncycastle\bcprov-jdk18on\1.78.1\bcprov-jdk18on-1.78.1.jar;C:\Users\Mihajlo\.m2\repository\org\bouncycastle\bcpkix-jdk18on\1.78.1\bcpkix-jdk18on-1.78.1.jar;C:\Users\Mihajlo\.m2\repository\org\bouncycastle\bcutil-jdk18on\1.78.1\bcutil-jdk18on-1.78.1.jar;C:\Users\Mihajlo\.m2\repository\io\minio\minio\8.5.7\minio-8.5.7.jar;C:\Users\Mihajlo\.m2\repository\com\carrotsearch\thirdparty\simple-xml-safe\2.7.1\simple-xml-safe-2.7.1.jar;C:\Users\Mihajlo\.m2\repository\com\google\guava\guava\33.3.1-jre\guava-33.3.1-jre.jar;C:\Users\Mihajlo\.m2\repository\com\google\guava\failureaccess\1.0.2\failureaccess-1.0.2.jar;C:\Users\Mihajlo\.m2\repository\com\google\guava\listenablefuture\9999.0-empty-to-avoid-conflict-with-guava\listenablefuture-9999.0-empty-to-avoid-conflict-with-guava.jar;C:\Users\Mihajlo\.m2\repository\com\google\errorprone\error_prone_annotations\2.28.0\error_prone_annotations-2.28.0.jar;C:\Users\Mihajlo\.m2\repository\com\google\j2objc\j2objc-annotations\3.0.0\j2objc-annotations-3.0.0.jar;C:\Users\Mihajlo\.m2\repository\com\squareup\okhttp3\okhttp\4.12.0\okhttp-4.12.0.jar;C:\Users\Mihajlo\.m2\repository\org\jetbrains\kotlin\kotlin-stdlib-jdk8\1.9.25\kotlin-stdlib-jdk8-1.9.25.jar;C:\Users\Mihajlo\.m2\repository\org\jetbrains\kotlin\kotlin-stdlib\1.9.25\kotlin-stdlib-1.9.25.jar;C:\Users\Mihajlo\.m2\repository\org\jetbrains\annotations\13.0\annotations-13.0.jar;C:\Users\Mihajlo\.m2\repository\org\jetbrains\kotlin\kotlin-stdlib-jdk7\1.9.25\kotlin-stdlib-jdk7-1.9.25.jar;C:\Users\Mihajlo\.m2\repository\com\fasterxml\jackson\core\jackson-annotations\2.18.2\jackson-annotations-2.18.2.jar;C:\Users\Mihajlo\.m2\repository\com\fasterxml\jackson\core\jackson-core\2.18.2\jackson-core-2.18.2.jar;C:\Users\Mihajlo\.m2\repository\org\apache\commons\commons-compress\1.24.0\commons-compress-1.24.0.jar;C:\Users\Mihajlo\.m2\repository\org\xerial\snappy\snappy-java\1.1.10.5\snappy-java-1.1.10.5.jar;C:\Users\Mihajlo\.m2\repository\org\springframework\security\spring-security-config\6.4.2\spring-security-config-6.4.2.jar;C:\Users\Mihajlo\.m2\repository\org\springframework\spring-beans\6.2.1\spring-beans-6.2.1.jar;C:\Users\Mihajlo\.m2\repository\org\springframework\spring-context\6.2.1\spring-context-6.2.1.jar;C:\Users\Mihajlo\.m2\repository\org\springframework\boot\spring-boot-starter-data-redis\3.4.1\spring-boot-starter-data-redis-3.4.1.jar;C:\Users\Mihajlo\.m2\repository\io\lettuce\lettuce-core\6.4.1.RELEASE\lettuce-core-6.4.1.RELEASE.jar;C:\Users\Mihajlo\.m2\repository\io\netty\netty-common\4.1.116.Final\netty-common-4.1.116.Final.jar;C:\Users\Mihajlo\.m2\repository\io\netty\netty-handler\4.1.116.Final\netty-handler-4.1.116.Final.jar;C:\Users\Mihajlo\.m2\repository\io\netty\netty-resolver\4.1.116.Final\netty-resolver-4.1.116.Final.jar;C:\Users\Mihajlo\.m2\repository\io\netty\netty-buffer\4.1.116.Final\netty-buffer-4.1.116.Final.jar;C:\Users\Mihajlo\.m2\repository\io\netty\netty-transport-native-unix-common\4.1.116.Final\netty-transport-native-unix-common-4.1.116.Final.jar;C:\Users\Mihajlo\.m2\repository\io\netty\netty-codec\4.1.116.Final\netty-codec-4.1.116.Final.jar;C:\Users\Mihajlo\.m2\repository\io\netty\netty-transport\4.1.116.Final\netty-transport-4.1.116.Final.jar;C:\Users\Mihajlo\.m2\repository\io\projectreactor\reactor-core\3.7.1\reactor-core-3.7.1.jar;C:\Users\Mihajlo\.m2\repository\org\springframework\data\spring-data-redis\3.4.1\spring-data-redis-3.4.1.jar;C:\Users\Mihajlo\.m2\repository\org\springframework\data\spring-data-keyvalue\3.4.1\spring-data-keyvalue-3.4.1.jar;C:\Users\Mihajlo\.m2\repository\org\springframework\spring-oxm\6.2.1\spring-oxm-6.2.1.jar;C:\Users\Mihajlo\.m2\repository\org\springframework\boot\spring-boot-starter-cache\3.4.1\spring-boot-starter-cache-3.4.1.jar;C:\Users\Mihajlo\.m2\repository\org\springframework\retry\spring-retry\2.0.11\spring-retry-2.0.11.jar;C:\Users\Mihajlo\.m2\repository\org\springframework\spring-aspects\6.2.1\spring-aspects-6.2.1.jar;C:\Users\Mihajlo\.m2\repository\org\aspectj\aspectjweaver\1.9.22.1\aspectjweaver-1.9.22.1.jar;C:\Users\Mihajlo\.m2\repository\com\itextpdf\barcodes\7.2.5\barcodes-7.2.5.jar;C:\Users\Mihajlo\.m2\repository\com\itextpdf\font-asian\7.2.5\font-asian-7.2.5.jar;C:\Users\Mihajlo\.m2\repository\com\itextpdf\forms\7.2.5\forms-7.2.5.jar;C:\Users\Mihajlo\.m2\repository\com\itextpdf\hyph\7.2.5\hyph-7.2.5.jar;C:\Users\Mihajlo\.m2\repository\com\itextpdf\io\7.2.5\io-7.2.5.jar;C:\Users\Mihajlo\.m2\repository\com\itextpdf\commons\7.2.5\commons-7.2.5.jar;C:\Users\Mihajlo\.m2\repository\com\itextpdf\kernel\7.2.5\kernel-7.2.5.jar;C:\Users\Mihajlo\.m2\repository\org\bouncycastle\bcpkix-jdk15on\1.70\bcpkix-jdk15on-1.70.jar;C:\Users\Mihajlo\.m2\repository\org\bouncycastle\bcutil-jdk15on\1.70\bcutil-jdk15on-1.70.jar;C:\Users\Mihajlo\.m2\repository\org\bouncycastle\bcprov-jdk15on\1.70\bcprov-jdk15on-1.70.jar;C:\Users\Mihajlo\.m2\repository\com\itextpdf\layout\7.2.5\layout-7.2.5.jar;C:\Users\Mihajlo\.m2\repository\com\itextpdf\pdfa\7.2.5\pdfa-7.2.5.jar;C:\Users\Mihajlo\.m2\repository\com\itextpdf\sign\7.2.5\sign-7.2.5.jar;C:\Users\Mihajlo\.m2\repository\com\itextpdf\styled-xml-parser\7.2.5\styled-xml-parser-7.2.5.jar;C:\Users\Mihajlo\.m2\repository\com\itextpdf\svg\7.2.5\svg-7.2.5.jar
Launcher Type: SUN_STANDARD

[Global flags]
     intx CICompilerCount                          = 4                                         {product} {ergonomic}
     uint ConcGCThreads                            = 3                                         {product} {ergonomic}
     uint G1ConcRefinementThreads                  = 10                                        {product} {ergonomic}
   size_t G1HeapRegionSize                         = 2097152                                   {product} {ergonomic}
   size_t InitialHeapSize                          = 268435456                                 {product} {ergonomic}
     bool ManagementServer                         = true                                      {product} {command line}
   size_t MarkStackSize                            = 4194304                                   {product} {ergonomic}
   size_t MarkStackSizeMax                         = 536870912                                 {product} {ergonomic}
   size_t MaxHeapSize                              = 4276092928                                {product} {ergonomic}
   size_t MaxNewSize                               = 2564816896                                {product} {ergonomic}
   size_t MinHeapDeltaBytes                        = 2097152                                   {product} {ergonomic}
   size_t MinHeapSize                              = 8388608                                   {product} {ergonomic}
    uintx NonNMethodCodeHeapSize                   = 4096                                   {pd product} {ergonomic}
    uintx NonProfiledCodeHeapSize                  = 0                                      {pd product} {ergonomic}
     bool ProfileInterpreter                       = false                                  {pd product} {command line}
    uintx ProfiledCodeHeapSize                     = 0                                      {pd product} {ergonomic}
   size_t SoftMaxHeapSize                          = 4276092928                             {manageable} {ergonomic}
     intx TieredStopAtLevel                        = 1                                         {product} {command line}
     bool UseCompressedOops                        = true                           {product lp64_product} {ergonomic}
     bool UseG1GC                                  = true                                      {product} {ergonomic}
     bool UseLargePagesIndividualAllocation        = false                                  {pd product} {ergonomic}

Logging:
Log output configuration:
 #0: stdout all=warning uptime,level,tags foldmultilines=false
 #1: stderr all=off uptime,level,tags foldmultilines=false

Environment Variables:
JAVA_HOME=C:\Program Files\Java\jdk-19
PATH=C:\Python313\Scripts\;C:\Python313\;C:\app\Mihajlo\product\21c\dbhomeXE\bin;C:\Program Files\Common Files\Oracle\Java\javapath;C:\ProgramData\Oracle\Java\javapath;C:\Windows\system32;C:\Windows;C:\Windows\System32\Wbem;C:\Windows\System32\WindowsPowerShell\v1.0\;C:\Windows\System32\OpenSSH\;C:\Program Files (x86)\NVIDIA Corporation\PhysX\Common;C:\WINDOWS\system32;C:\WINDOWS;C:\WINDOWS\System32\Wbem;C:\WINDOWS\System32\WindowsPowerShell\v1.0\;C:\WINDOWS\System32\OpenSSH\;C:\Python310;C:\Program Files\dotnet\;"C:\Program Files\Java\jdk-19\bin;";C:\Program Files\Go\bin;C:\Program Files\Git\cmd;C:\Python310\Scripts;C:\Program Files\Microsoft SQL Server\150\Tools\Binn\;C:\Program Files\Microsoft SQL Server\Client SDK\ODBC\170\Tools\Binn\;C:\Program Files (x86)\dotnet\;C:\Program Files\NVIDIA Corporation\NVIDIA app\NvDLISR;C:\WINDOWS\system32;C:\WINDOWS;C:\WINDOWS\System32\Wbem;C:\WINDOWS\System32\WindowsPowerShell\v1.0\;C:\WINDOWS\System32\OpenSSH\;C:\Program Files\nodejs\;C:\ProgramData\chocolatey\bin;C:\Program Files\Amazon\AWSCLIV2\;C:\Program Files (x86)\Windows Kits\10\Windows Performance Toolkit\;C:\Program Files\Docker\Docker\resources\bin;C:\Users\Mihajlo\AppData\Local\Microsoft\WindowsApps;C:\Users\Mihajlo\AppData\Local\Programs\Microsoft VS Code\bin;C:\Users\Mihajlo\go\bin;C:\Users\Mihajlo\.dotnet\tools;C:\Users\Mihajlo\AppData\Local\GitHubDesktop\bin;C:\Users\Mihajlo\AppData\Local\JetBrains\Toolbox\scripts;C:\Users\Mihajlo\AppData\Local\Microsoft\WinGet\Packages\Schniz.fnm_Microsoft.Winget.Source_8wekyb3d8bbwe;C:\Users\Mihajlo\AppData\Local\Microsoft\WindowsApps;C:\Users\Mihajlo\.dotnet\tools;C:\Users\Mihajlo\AppData\Roaming\npm
USERNAME=Mihajlo
OS=Windows_NT
PROCESSOR_IDENTIFIER=AMD64 Family 25 Model 33 Stepping 2, AuthenticAMD
TMP=C:\Users\Mihajlo\AppData\Local\Temp
TEMP=C:\Users\Mihajlo\AppData\Local\Temp




Periodic native trim disabled

---------------  S Y S T E M  ---------------

OS:
 Windows 11 , 64 bit Build 26100 (10.0.26100.7705)
OS uptime: 0 days 23:43 hours
Hyper-V role detected

CPU: total 12 (initial active 12) (12 cores per cpu, 2 threads per core) family 25 model 33 stepping 2 microcode 0xa201205, cx8, cmov, fxsr, ht, mmx, 3dnowpref, sse, sse2, sse3, ssse3, sse4a, sse4.1, sse4.2, popcnt, lzcnt, tsc, tscinvbit, avx, avx2, aes, erms, clmul, bmi1, bmi2, adx, sha, fma, vzeroupper, clflush, clflushopt, hv, rdtscp, rdpid, fsrm, f16c, cet_ss
Processor Information for the first 12 processors :
  Max Mhz: 3501, Current Mhz: 3501, Mhz Limit: 3501

Memory: 4k page, system-wide physical 16307M (2004M free)
TotalPageFile size 20807M (AvailPageFile size 96M)
current process WorkingSet (physical memory assigned to process): 445M, peak: 445M
current process commit charge ("private bytes"): 521M, peak: 634M

vm_info: OpenJDK 64-Bit Server VM (23.0.2+7-58) for windows-amd64 JRE (23.0.2+7-58), built on 2024-11-29T09:34:55Z with MS VC++ 17.6 (VS2022)

END.
