#
# There is insufficient memory for the Java Runtime Environment to continue.
# Native memory allocation (mmap) failed to map 25165824 bytes. Error detail: G1 virtual space
# Possible reasons:
#   The system is out of physical RAM or swap space
#   This process is running with CompressedOops enabled, and the Java Heap may be blocking the growth of the native heap
# Possible solutions:
#   Reduce memory load on the system
#   Increase physical memory or swap space
#   Check if swap backing store is full
#   Decrease Java heap size (-Xmx/-Xms)
#   Decrease number of Java threads
#   Decrease Java thread stack sizes (-Xss)
#   Set larger code cache with -XX:ReservedCodeCacheSize=
#   JVM is running with Zero Based Compressed Oops mode in which the Java heap is
#     placed in the first 32GB address space. The Java Heap base address is the
#     maximum limit for the native heap growth. Please use -XX:HeapBaseMinAddress
#     to set the Java Heap base and to place the Java Heap above 32GB virtual address.
# This output file may be truncated or incomplete.
#
#  Out of Memory Error (os_windows.cpp:3707), pid=24876, tid=21948
#
# JRE version: OpenJDK Runtime Environment (23.0.2+7) (build 23.0.2+7-58)
# Java VM: OpenJDK 64-Bit Server VM (23.0.2+7-58, mixed mode, emulated-client, sharing, tiered, compressed oops, compressed class ptrs, g1 gc, windows-amd64)
# No core dump will be written. Minidumps are not enabled by default on client versions of Windows
#

---------------  S U M M A R Y ------------

Command Line: -XX:TieredStopAtLevel=1 -Dspring.output.ansi.enabled=always -Dcom.sun.management.jmxremote -Dspring.jmx.enabled=true -Dspring.liveBeansView.mbeanDomain -Dspring.application.admin.enabled=true -Dmanagement.endpoints.jmx.exposure.include=* -javaagent:C:\Program Files\JetBrains\IntelliJ IDEA 2024.2.3\lib\idea_rt.jar=61449:C:\Program Files\JetBrains\IntelliJ IDEA 2024.2.3\bin -Dfile.encoding=UTF-8 -Dsun.stdout.encoding=UTF-8 -Dsun.stderr.encoding=UTF-8 nvt.backend.BackendApplication

Host: AMD Ryzen 5 5600 6-Core Processor              , 12 cores, 15G,  Windows 11 , 64 bit Build 26100 (10.0.26100.7705)
Time: Tue Feb  3 18:40:17 2026 Central Europe Standard Time elapsed time: 8.664658 seconds (0d 0h 0m 8s)

---------------  T H R E A D  ---------------

Current thread (0x00000298f8461890):  VMThread "VM Thread"          [id=21948, stack(0x000000c4ebd00000,0x000000c4ebe00000) (1024K)]

Stack: [0x000000c4ebd00000,0x000000c4ebe00000]
Native frames: (J=compiled Java code, j=interpreted, Vv=VM code, C=native code)
V  [jvm.dll+0x6e0b99]  (no source info available)
V  [jvm.dll+0x87e2b3]  (no source info available)
V  [jvm.dll+0x88073e]  (no source info available)
V  [jvm.dll+0x880e13]  (no source info available)
V  [jvm.dll+0x27b006]  (no source info available)
V  [jvm.dll+0x6dd485]  (no source info available)
V  [jvm.dll+0x6d127a]  (no source info available)
V  [jvm.dll+0x35b50a]  (no source info available)
V  [jvm.dll+0x363916]  (no source info available)
V  [jvm.dll+0x34fe7e]  (no source info available)
V  [jvm.dll+0x350118]  (no source info available)
V  [jvm.dll+0x328aec]  (no source info available)
V  [jvm.dll+0x328b7a]  (no source info available)
V  [jvm.dll+0x374db2]  (no source info available)
V  [jvm.dll+0x3734b2]  (no source info available)
V  [jvm.dll+0x3282c7]  (no source info available)
V  [jvm.dll+0x372c64]  (no source info available)
V  [jvm.dll+0x886d50]  (no source info available)
V  [jvm.dll+0x888077]  (no source info available)
V  [jvm.dll+0x8885a8]  (no source info available)
V  [jvm.dll+0x888843]  (no source info available)
V  [jvm.dll+0x8254cb]  (no source info available)
V  [jvm.dll+0x6df345]  (no source info available)
C  [ucrtbase.dll+0x37b0]  (no source info available)
C  [KERNEL32.DLL+0x2e8d7]  (no source info available)
C  [ntdll.dll+0x8c40c]  (no source info available)

VM_Operation (0x000000c4ed4fb090): G1CollectForAllocation, mode: safepoint, requested by thread 0x00000298c6451460


---------------  P R O C E S S  ---------------

Threads class SMR info:
_java_thread_list=0x00000298c92085c0, length=27, elements={
0x00000298e772fa60, 0x00000298f847ed50, 0x00000298f8480320, 0x00000298f8482160,
0x00000298f8482bc0, 0x00000298f8484190, 0x00000298f848d8a0, 0x00000298f84b25e0,
0x00000298c11d4030, 0x00000298c11d8b20, 0x00000298c11e69f0, 0x00000298c11e72b0,
0x00000298c19f10f0, 0x00000298c19ffa30, 0x00000298c1c2e6f0, 0x00000298c6450df0,
0x00000298c6451460, 0x00000298c680c980, 0x00000298c6835350, 0x00000298c6b33b60,
0x00000298c6b34880, 0x00000298c6b35c30, 0x00000298c6b362c0, 0x00000298c6b34f10,
0x00000298c9060f60, 0x00000298c9061c80, 0x00000298c90636c0
}

Java Threads: ( => current thread )
  0x00000298e772fa60 JavaThread "main"                              [_thread_blocked, id=12564, stack(0x000000c4eb600000,0x000000c4eb700000) (1024K)]
  0x00000298f847ed50 JavaThread "Reference Handler"          daemon [_thread_blocked, id=13360, stack(0x000000c4ebe00000,0x000000c4ebf00000) (1024K)]
  0x00000298f8480320 JavaThread "Finalizer"                  daemon [_thread_blocked, id=24804, stack(0x000000c4ebf00000,0x000000c4ec000000) (1024K)]
  0x00000298f8482160 JavaThread "Signal Dispatcher"          daemon [_thread_blocked, id=22236, stack(0x000000c4ec000000,0x000000c4ec100000) (1024K)]
  0x00000298f8482bc0 JavaThread "Attach Listener"            daemon [_thread_blocked, id=24068, stack(0x000000c4ec100000,0x000000c4ec200000) (1024K)]
  0x00000298f8484190 JavaThread "Service Thread"             daemon [_thread_blocked, id=1304, stack(0x000000c4ec200000,0x000000c4ec300000) (1024K)]
  0x00000298f848d8a0 JavaThread "Monitor Deflation Thread"   daemon [_thread_blocked, id=21340, stack(0x000000c4ec300000,0x000000c4ec400000) (1024K)]
  0x00000298f84b25e0 JavaThread "C1 CompilerThread0"         daemon [_thread_blocked, id=12408, stack(0x000000c4ec400000,0x000000c4ec500000) (1024K)]
  0x00000298c11d4030 JavaThread "Common-Cleaner"             daemon [_thread_blocked, id=21820, stack(0x000000c4ec500000,0x000000c4ec600000) (1024K)]
  0x00000298c11d8b20 JavaThread "C1 CompilerThread1"         daemon [_thread_blocked, id=7304, stack(0x000000c4ec600000,0x000000c4ec700000) (1024K)]
  0x00000298c11e69f0 JavaThread "C1 CompilerThread2"         daemon [_thread_blocked, id=11868, stack(0x000000c4ec700000,0x000000c4ec800000) (1024K)]
  0x00000298c11e72b0 JavaThread "C1 CompilerThread3"         daemon [_thread_blocked, id=10820, stack(0x000000c4ec800000,0x000000c4ec900000) (1024K)]
  0x00000298c19f10f0 JavaThread "Monitor Ctrl-Break"         daemon [_thread_in_native, id=7984, stack(0x000000c4ec900000,0x000000c4eca00000) (1024K)]
  0x00000298c19ffa30 JavaThread "Notification Thread"        daemon [_thread_blocked, id=24872, stack(0x000000c4eca00000,0x000000c4ecb00000) (1024K)]
  0x00000298c1c2e6f0 JavaThread "RMI TCP Accept-0"           daemon [_thread_in_native, id=9140, stack(0x000000c4ed000000,0x000000c4ed100000) (1024K)]
  0x00000298c6450df0 JavaThread "Thread-0"                          [_thread_blocked, id=16760, stack(0x000000c4ed300000,0x000000c4ed400000) (1024K)]
  0x00000298c6451460 JavaThread "restartedMain"                     [_thread_blocked, id=24940, stack(0x000000c4ed400000,0x000000c4ed500000) (1024K)]
  0x00000298c680c980 JavaThread "RMI TCP Connection(1)-192.168.1.110" daemon [_thread_in_native, id=1000, stack(0x000000c4ed600000,0x000000c4ed700000) (1024K)]
  0x00000298c6835350 JavaThread "RMI Scheduler(0)"           daemon [_thread_blocked, id=8676, stack(0x000000c4ed700000,0x000000c4ed800000) (1024K)]
  0x00000298c6b33b60 JavaThread "PostgreSQL-JDBC-Cleaner"    daemon [_thread_blocked, id=8736, stack(0x000000c4edc00000,0x000000c4edd00000) (1024K)]
  0x00000298c6b34880 JavaThread "HikariPool-1 housekeeper"   daemon [_thread_blocked, id=6104, stack(0x000000c4edd00000,0x000000c4ede00000) (1024K)]
  0x00000298c6b35c30 JavaThread "HikariPool-1 connection adder" daemon [_thread_blocked, id=4128, stack(0x000000c4ede00000,0x000000c4edf00000) (1024K)]
  0x00000298c6b362c0 JavaThread "SIGINT handler"             daemon [_thread_blocked, id=22348, stack(0x000000c4edf00000,0x000000c4ee000000) (1024K)]
  0x00000298c6b34f10 JavaThread "SpringApplicationShutdownHook"        [_thread_blocked, id=25136, stack(0x000000c4ee100000,0x000000c4ee200000) (1024K)]
  0x00000298c9060f60 JavaThread "Catalina-utility-1"                [_thread_blocked, id=19580, stack(0x000000c4ee000000,0x000000c4ee100000) (1024K)]
  0x00000298c9061c80 JavaThread "Catalina-utility-2"                [_thread_blocked, id=24704, stack(0x000000c4ee200000,0x000000c4ee300000) (1024K)]
  0x00000298c90636c0 JavaThread "container-0"                       [_thread_blocked, id=11088, stack(0x000000c4ee300000,0x000000c4ee400000) (1024K)]
Total: 27

Other Threads:
=>0x00000298f8461890 VMThread "VM Thread"                           [id=21948, stack(0x000000c4ebd00000,0x000000c4ebe00000) (1024K)]
  0x00000298c10809d0 WatcherThread "VM Periodic Task Thread"        [id=21852, stack(0x000000c4ebc00000,0x000000c4ebd00000) (1024K)]
  0x00000298e77995c0 WorkerThread "GC Thread#0"                     [id=24936, stack(0x000000c4eb700000,0x000000c4eb800000) (1024K)]
  0x00000298c1ba3670 WorkerThread "GC Thread#1"                     [id=11648, stack(0x000000c4ecb00000,0x000000c4ecc00000) (1024K)]
  0x00000298c1ba3a20 WorkerThread "GC Thread#2"                     [id=3100, stack(0x000000c4ecc00000,0x000000c4ecd00000) (1024K)]
  0x00000298c1ba3dd0 WorkerThread "GC Thread#3"                     [id=22616, stack(0x000000c4ecd00000,0x000000c4ece00000) (1024K)]
  0x00000298c1ba4180 WorkerThread "GC Thread#4"                     [id=11072, stack(0x000000c4ece00000,0x000000c4ecf00000) (1024K)]
  0x00000298c1ba8950 WorkerThread "GC Thread#5"                     [id=25144, stack(0x000000c4ecf00000,0x000000c4ed000000) (1024K)]
  0x00000298c612aa90 WorkerThread "GC Thread#6"                     [id=1212, stack(0x000000c4ed100000,0x000000c4ed200000) (1024K)]
  0x00000298c612ae40 WorkerThread "GC Thread#7"                     [id=7284, stack(0x000000c4ed200000,0x000000c4ed300000) (1024K)]
  0x00000298c612b5a0 WorkerThread "GC Thread#8"                     [id=3348, stack(0x000000c4ed800000,0x000000c4ed900000) (1024K)]
  0x00000298c612b950 WorkerThread "GC Thread#9"                     [id=13512, stack(0x000000c4ed900000,0x000000c4eda00000) (1024K)]
  0x00000298f8312e90 ConcurrentGCThread "G1 Main Marker"            [id=7868, stack(0x000000c4eb800000,0x000000c4eb900000) (1024K)]
  0x00000298e77a74d0 WorkerThread "G1 Conc#0"                       [id=8792, stack(0x000000c4eb900000,0x000000c4eba00000) (1024K)]
  0x00000298c612a6e0 WorkerThread "G1 Conc#1"                       [id=7356, stack(0x000000c4eda00000,0x000000c4edb00000) (1024K)]
  0x00000298c6d15de0 WorkerThread "G1 Conc#2"                       [id=3872, stack(0x000000c4edb00000,0x000000c4edc00000) (1024K)]
  0x00000298f83947a0 ConcurrentGCThread "G1 Refine#0"               [id=22620, stack(0x000000c4eba00000,0x000000c4ebb00000) (1024K)]
  0x00000298f83950d0 ConcurrentGCThread "G1 Service"                [id=11552, stack(0x000000c4ebb00000,0x000000c4ebc00000) (1024K)]
Total: 18

Threads with active compile tasks:
Total: 0

VM state: at safepoint (normal execution)

VM Mutex/Monitor currently owned by a thread:  ([mutex/lock_event])
[0x00007fff47884888] Threads_lock - owner thread: 0x00000298f8461890
[0x00007fff47884988] Heap_lock - owner thread: 0x00000298c6451460

Heap address: 0x0000000701200000, size: 4078 MB, Compressed Oops mode: Zero based, Oop shift amount: 3

CDS archive(s) mapped at: [0x0000029880000000-0x0000029880d70000-0x0000029880d70000), size 14090240, SharedBaseAddress: 0x0000029880000000, ArchiveRelocationMode: 1.
Compressed class space mapped at: 0x0000029881000000-0x00000298c1000000, reserved size: 1073741824
Narrow klass base: 0x0000029880000000, Narrow klass shift: 0, Narrow klass range: 0x41000000

GC Precious Log:
 CardTable entry size: 512
 Card Set container configuration: InlinePtr #cards 4 size 8 Array Of Cards #cards 16 size 48 Howl #buckets 8 coarsen threshold 3686 Howl Bitmap #cards 512 size 80 coarsen threshold 460 Card regions per heap region 1 cards per card region 4096
 CPUs: 12 total, 12 available
 Memory: 16307M
 Large Page Support: Disabled
 NUMA Support: Disabled
 Compressed Oops: Enabled (Zero based)
 Heap Region Size: 2M
 Heap Min Capacity: 8M
 Heap Initial Capacity: 256M
 Heap Max Capacity: 4078M
 Pre-touch: Disabled
 Parallel Workers: 10
 Concurrent Workers: 3
 Concurrent Refinement Workers: 10
 Periodic GC: Disabled

Heap:
 garbage-first heap   total reserved 4175872K, committed 102400K, used 58939K [0x0000000701200000, 0x0000000800000000)
  region size 2048K, 1 young (2048K), 1 survivors (2048K)
 Metaspace       used 80848K, committed 81600K, reserved 1179648K
  class space    used 12048K, committed 12352K, reserved 1048576K

Heap Regions: E=young(eden), S=young(survivor), O=old, HS=humongous(starts), HC=humongous(continues), CS=collection set, F=free, TAMS=top-at-mark-start, PB=parsable bottom
|   0|0x0000000701200000, 0x0000000701400000, 0x0000000701400000|100%| O|  |TAMS 0x0000000701400000| PB 0x0000000701200000| Untracked |  0
|   1|0x0000000701400000, 0x0000000701600000, 0x0000000701600000|100%| O|  |TAMS 0x0000000701600000| PB 0x0000000701400000| Untracked |  0
|   2|0x0000000701600000, 0x0000000701800000, 0x0000000701800000|100%| O|  |TAMS 0x0000000701800000| PB 0x0000000701600000| Untracked |  0
|   3|0x0000000701800000, 0x0000000701a00000, 0x0000000701a00000|100%| O|  |TAMS 0x0000000701a00000| PB 0x0000000701800000| Untracked |  0
|   4|0x0000000701a00000, 0x0000000701c00000, 0x0000000701c00000|100%| O|  |TAMS 0x0000000701c00000| PB 0x0000000701a00000| Untracked |  0
|   5|0x0000000701c00000, 0x0000000701e00000, 0x0000000701e00000|100%| O|  |TAMS 0x0000000701e00000| PB 0x0000000701c00000| Untracked |  0
|   6|0x0000000701e00000, 0x0000000702000000, 0x0000000702000000|100%| O|  |TAMS 0x0000000702000000| PB 0x0000000701e00000| Untracked |  0
|   7|0x0000000702000000, 0x0000000702200000, 0x0000000702200000|100%| O|  |TAMS 0x0000000702200000| PB 0x0000000702000000| Untracked |  0
|   8|0x0000000702200000, 0x0000000702400000, 0x0000000702400000|100%| O|  |TAMS 0x0000000702400000| PB 0x0000000702200000| Untracked |  0
|   9|0x0000000702400000, 0x0000000702600000, 0x0000000702600000|100%| O|  |TAMS 0x0000000702600000| PB 0x0000000702400000| Untracked |  0
|  10|0x0000000702600000, 0x0000000702800000, 0x0000000702800000|100%| O|  |TAMS 0x0000000702800000| PB 0x0000000702600000| Untracked |  0
|  11|0x0000000702800000, 0x0000000702a00000, 0x0000000702a00000|100%| O|  |TAMS 0x0000000702a00000| PB 0x0000000702800000| Untracked |  0
|  12|0x0000000702a00000, 0x0000000702a2c2c8, 0x0000000702c00000|  8%| O|  |TAMS 0x0000000702a00000| PB 0x0000000702a00000| Untracked |  0
|  13|0x0000000702c00000, 0x0000000702e00000, 0x0000000702e00000|100%| O|  |TAMS 0x0000000702e00000| PB 0x0000000702c00000| Untracked |  0
|  14|0x0000000702e00000, 0x0000000703000000, 0x0000000703000000|100%| O|  |TAMS 0x0000000703000000| PB 0x0000000702e00000| Untracked |  0
|  15|0x0000000703000000, 0x0000000703200000, 0x0000000703200000|100%| O|  |TAMS 0x0000000703200000| PB 0x0000000703000000| Untracked |  0
|  16|0x0000000703200000, 0x0000000703400000, 0x0000000703400000|100%| O|  |TAMS 0x0000000703400000| PB 0x0000000703200000| Untracked |  0
|  17|0x0000000703400000, 0x0000000703600000, 0x0000000703600000|100%| O|  |TAMS 0x0000000703600000| PB 0x0000000703400000| Untracked |  0
|  18|0x0000000703600000, 0x0000000703800000, 0x0000000703800000|100%| O|  |TAMS 0x0000000703800000| PB 0x0000000703600000| Untracked |  0
|  19|0x0000000703800000, 0x0000000703a00000, 0x0000000703a00000|100%| O|  |TAMS 0x0000000703a00000| PB 0x0000000703800000| Untracked |  0
|  20|0x0000000703a00000, 0x0000000703c00000, 0x0000000703c00000|100%| O|  |TAMS 0x0000000703c00000| PB 0x0000000703a00000| Untracked |  0
|  21|0x0000000703c00000, 0x0000000703e00000, 0x0000000703e00000|100%| O|  |TAMS 0x0000000703e00000| PB 0x0000000703c00000| Untracked |  0
|  22|0x0000000703e00000, 0x0000000704000000, 0x0000000704000000|100%| O|  |TAMS 0x0000000704000000| PB 0x0000000703e00000| Untracked |  0
|  23|0x0000000704000000, 0x0000000704200000, 0x0000000704200000|100%| O|  |TAMS 0x0000000704200000| PB 0x0000000704000000| Untracked |  0
|  24|0x0000000704200000, 0x0000000704400000, 0x0000000704400000|100%| O|  |TAMS 0x0000000704400000| PB 0x0000000704200000| Untracked |  0
|  25|0x0000000704400000, 0x0000000704600000, 0x0000000704600000|100%| O|  |TAMS 0x0000000704600000| PB 0x0000000704400000| Untracked |  0
|  26|0x0000000704600000, 0x0000000704800000, 0x0000000704800000|100%| O|  |TAMS 0x0000000704800000| PB 0x0000000704600000| Untracked |  0
|  27|0x0000000704800000, 0x0000000704a00000, 0x0000000704a00000|100%| O|  |TAMS 0x0000000704a00000| PB 0x0000000704800000| Untracked |  0
|  28|0x0000000704a00000, 0x0000000704a00000, 0x0000000704c00000|  0%| F|  |TAMS 0x0000000704a00000| PB 0x0000000704a00000| Untracked |  0
|  29|0x0000000704c00000, 0x0000000704c00000, 0x0000000704e00000|  0%| F|  |TAMS 0x0000000704c00000| PB 0x0000000704c00000| Untracked |  0
|  30|0x0000000704e00000, 0x0000000704e00000, 0x0000000705000000|  0%| F|  |TAMS 0x0000000704e00000| PB 0x0000000704e00000| Untracked |  0
|  31|0x0000000705000000, 0x0000000705200000, 0x0000000705200000|100%| O|  |TAMS 0x00000007051a9f40| PB 0x0000000705000000| Untracked |  0
|  32|0x0000000705200000, 0x0000000705362c90, 0x0000000705400000| 69%| S|CS|TAMS 0x0000000705200000| PB 0x0000000705200000| Complete |  0
|  33|0x0000000705400000, 0x0000000705400000, 0x0000000705600000|  0%| F|  |TAMS 0x0000000705400000| PB 0x0000000705400000| Untracked |  0
|  34|0x0000000705600000, 0x0000000705600000, 0x0000000705800000|  0%| F|  |TAMS 0x0000000705600000| PB 0x0000000705600000| Untracked |  0
|  35|0x0000000705800000, 0x0000000705800000, 0x0000000705a00000|  0%| F|  |TAMS 0x0000000705800000| PB 0x0000000705800000| Untracked |  0
|  36|0x0000000705a00000, 0x0000000705a00000, 0x0000000705c00000|  0%| F|  |TAMS 0x0000000705a00000| PB 0x0000000705a00000| Untracked |  0
|  37|0x0000000705c00000, 0x0000000705c00000, 0x0000000705e00000|  0%| F|  |TAMS 0x0000000705c00000| PB 0x0000000705c00000| Untracked |  0
|  38|0x0000000705e00000, 0x0000000705e00000, 0x0000000706000000|  0%| F|  |TAMS 0x0000000705e00000| PB 0x0000000705e00000| Untracked |  0
|  39|0x0000000706000000, 0x0000000706000000, 0x0000000706200000|  0%| F|  |TAMS 0x0000000706000000| PB 0x0000000706000000| Untracked |  0
|  40|0x0000000706200000, 0x0000000706200000, 0x0000000706400000|  0%| F|  |TAMS 0x0000000706200000| PB 0x0000000706200000| Untracked |  0
|  41|0x0000000706400000, 0x0000000706400000, 0x0000000706600000|  0%| F|  |TAMS 0x0000000706400000| PB 0x0000000706400000| Untracked |  0
|  42|0x0000000706600000, 0x0000000706600000, 0x0000000706800000|  0%| F|  |TAMS 0x0000000706600000| PB 0x0000000706600000| Untracked |  0
|  43|0x0000000706800000, 0x0000000706800000, 0x0000000706a00000|  0%| F|  |TAMS 0x0000000706800000| PB 0x0000000706800000| Untracked |  0
|  44|0x0000000706a00000, 0x0000000706a00000, 0x0000000706c00000|  0%| F|  |TAMS 0x0000000706a00000| PB 0x0000000706a00000| Untracked |  0
| 110|0x000000070ee00000, 0x000000070ee00000, 0x000000070f000000|  0%| F|  |TAMS 0x000000070ee00000| PB 0x000000070ee00000| Untracked |  0
| 111|0x000000070f000000, 0x000000070f000000, 0x000000070f200000|  0%| F|  |TAMS 0x000000070f000000| PB 0x000000070f000000| Untracked |  0
| 112|0x000000070f200000, 0x000000070f200000, 0x000000070f400000|  0%| F|  |TAMS 0x000000070f200000| PB 0x000000070f200000| Untracked |  0
| 113|0x000000070f400000, 0x000000070f400000, 0x000000070f600000|  0%| F|  |TAMS 0x000000070f400000| PB 0x000000070f400000| Untracked |  0
| 127|0x0000000711000000, 0x0000000711000000, 0x0000000711200000|  0%| F|  |TAMS 0x0000000711000000| PB 0x0000000711000000| Untracked |  0

Card table byte_map: [0x00000298f3a80000,0x00000298f4280000] _byte_map_base: 0x00000298f0277000

Marking Bits: (CMBitMap*) 0x00000298e7799be0
 Bits: [0x00000298f4280000, 0x00000298f8238000)

Polling page: 0x00000298e54d0000

Metaspace:

Usage:
  Non-class:     67.19 MB used.
      Class:     11.77 MB used.
       Both:     78.95 MB used.

Virtual space:
  Non-class space:      128.00 MB reserved,      67.62 MB ( 53%) committed,  2 nodes.
      Class space:        1.00 GB reserved,      12.06 MB (  1%) committed,  1 nodes.
             Both:        1.12 GB reserved,      79.69 MB (  7%) committed. 

Chunk freelists:
   Non-Class:  11.53 MB
       Class:  3.78 MB
        Both:  15.31 MB

MaxMetaspaceSize: unlimited
CompressedClassSpaceSize: 1.00 GB
Initial GC threshold: 21.00 MB
Current GC threshold: 131.88 MB
CDS: on
 - commit_granule_bytes: 65536.
 - commit_granule_words: 8192.
 - virtual_space_node_default_size: 8388608.
 - enlarge_chunks_in_place: 1.
 - use_allocation_guard: 0.


Internal statistics:

num_allocs_failed_limit: 12.
num_arena_births: 1024.
num_arena_deaths: 0.
num_vsnodes_births: 3.
num_vsnodes_deaths: 0.
num_space_committed: 1275.
num_space_uncommitted: 0.
num_chunks_returned_to_freelist: 12.
num_chunks_taken_from_freelist: 3829.
num_chunk_merges: 12.
num_chunk_splits: 2850.
num_chunks_enlarged: 2279.
num_inconsistent_stats: 0.

CodeCache: size=49152Kb used=13620Kb max_used=14108Kb free=35531Kb
 bounds [0x00000298efe40000, 0x00000298f0c10000, 0x00000298f2e40000]
 total_blobs=9311, nmethods=8522, adapters=710, full_count=0
Compilation: enabled, stopped_count=0, restarted_count=0

Compilation events (20 events):
Event: 6.630 Thread 0x00000298c11d8b20 9348       1       org.hibernate.metamodel.internal.RuntimeMetamodelsImpl::getJpaMetamodel (5 bytes)
Event: 6.630 Thread 0x00000298c11d8b20 nmethod 9348 0x00000298f0282088 code [0x00000298f02821a0, 0x00000298f0282270]
Event: 6.631 Thread 0x00000298c11d8b20 9349       1       org.hibernate.query.sqm.tree.AbstractSqmNode::<init> (10 bytes)
Event: 6.631 Thread 0x00000298c11d8b20 nmethod 9349 0x00000298f0284c88 code [0x00000298f0284da0, 0x00000298f0284eb8]
Event: 6.631 Thread 0x00000298c11e72b0 9350       1       java.lang.invoke.LambdaForm$MH/0x0000029881a50000::invoke (42 bytes)
Event: 6.631 Thread 0x00000298c11d8b20 9351       1       org.springframework.core.annotation.TypeMappedAnnotation::isTargetAnnotation (9 bytes)
Event: 6.632 Thread 0x00000298c11e72b0 nmethod 9350 0x00000298f0453f88 code [0x00000298f04540e0, 0x00000298f0454328]
Event: 6.632 Thread 0x00000298c11d8b20 nmethod 9351 0x00000298f0286508 code [0x00000298f0286620, 0x00000298f0286718]
Event: 6.632 Thread 0x00000298c11d8b20 9352       1       org.antlr.v4.runtime.CommonToken::getText (67 bytes)
Event: 6.632 Thread 0x00000298f84b25e0 9353       1       org.antlr.v4.runtime.CommonToken::getInputStream (11 bytes)
Event: 6.632 Thread 0x00000298c11e72b0 9354       1       org.antlr.v4.runtime.CodePointCharStream$CodePoint8BitCharStream::getText (50 bytes)
Event: 6.632 Thread 0x00000298f84b25e0 nmethod 9353 0x00000298f028c108 code [0x00000298f028c220, 0x00000298f028c350]
Event: 6.632 Thread 0x00000298f84b25e0 9355       1       org.antlr.v4.runtime.misc.FlexibleHashMap::<init> (60 bytes)
Event: 6.632 Thread 0x00000298c11d8b20 nmethod 9352 0x00000298f0b37988 code [0x00000298f0b37ae0, 0x00000298f0b37da8]
Event: 6.632 Thread 0x00000298c11e72b0 nmethod 9354 0x00000298f03f3888 code [0x00000298f03f39c0, 0x00000298f03f3bd8]
Event: 6.633 Thread 0x00000298f84b25e0 nmethod 9355 0x00000298f043c988 code [0x00000298f043cae0, 0x00000298f043cda0]
Event: 6.633 Thread 0x00000298c11e72b0 9356       1       org.antlr.v4.runtime.tree.TerminalNodeImpl::getText (10 bytes)
Event: 6.633 Thread 0x00000298c11e72b0 nmethod 9356 0x00000298f0290388 code [0x00000298f02904a0, 0x00000298f02905d0]
Event: 6.633 Thread 0x00000298c11e72b0 9357       1       org.antlr.v4.runtime.tree.AbstractParseTreeVisitor::visit (8 bytes)
Event: 6.633 Thread 0x00000298c11e72b0 nmethod 9357 0x00000298f0292e08 code [0x00000298f0292f20, 0x00000298f0293018]

GC Heap History (20 events):
Event: 4.382 GC heap after
{Heap after GC invocations=16 (full 0):
 garbage-first heap   total reserved 4175872K, committed 102400K, used 44772K [0x0000000701200000, 0x0000000800000000)
  region size 2048K, 2 young (4096K), 2 survivors (4096K)
 Metaspace       used 59614K, committed 60288K, reserved 1114112K
  class space    used 8660K, committed 8960K, reserved 1048576K
}
Event: 4.715 GC heap before
{Heap before GC invocations=17 (full 0):
 garbage-first heap   total reserved 4175872K, committed 102400K, used 87780K [0x0000000701200000, 0x0000000800000000)
  region size 2048K, 23 young (47104K), 2 survivors (4096K)
 Metaspace       used 62629K, committed 63296K, reserved 1114112K
  class space    used 9261K, committed 9536K, reserved 1048576K
}
Event: 4.718 GC heap after
{Heap after GC invocations=18 (full 0):
 garbage-first heap   total reserved 4175872K, committed 102400K, used 45647K [0x0000000701200000, 0x0000000800000000)
  region size 2048K, 2 young (4096K), 2 survivors (4096K)
 Metaspace       used 62629K, committed 63296K, reserved 1114112K
  class space    used 9261K, committed 9536K, reserved 1048576K
}
Event: 5.337 GC heap before
{Heap before GC invocations=18 (full 0):
 garbage-first heap   total reserved 4175872K, committed 102400K, used 88655K [0x0000000701200000, 0x0000000800000000)
  region size 2048K, 23 young (47104K), 2 survivors (4096K)
 Metaspace       used 67574K, committed 68288K, reserved 1114112K
  class space    used 9994K, committed 10304K, reserved 1048576K
}
Event: 5.339 GC heap after
{Heap after GC invocations=19 (full 0):
 garbage-first heap   total reserved 4175872K, committed 102400K, used 47616K [0x0000000701200000, 0x0000000800000000)
  region size 2048K, 3 young (6144K), 3 survivors (6144K)
 Metaspace       used 67574K, committed 68288K, reserved 1114112K
  class space    used 9994K, committed 10304K, reserved 1048576K
}
Event: 5.668 GC heap before
{Heap before GC invocations=19 (full 0):
 garbage-first heap   total reserved 4175872K, committed 102400K, used 86528K [0x0000000701200000, 0x0000000800000000)
  region size 2048K, 22 young (45056K), 3 survivors (6144K)
 Metaspace       used 72235K, committed 73024K, reserved 1114112K
  class space    used 10798K, committed 11136K, reserved 1048576K
}
Event: 5.671 GC heap after
{Heap after GC invocations=20 (full 0):
 garbage-first heap   total reserved 4175872K, committed 102400K, used 50070K [0x0000000701200000, 0x0000000800000000)
  region size 2048K, 3 young (6144K), 3 survivors (6144K)
 Metaspace       used 72235K, committed 73024K, reserved 1114112K
  class space    used 10798K, committed 11136K, reserved 1048576K
}
Event: 5.827 GC heap before
{Heap before GC invocations=20 (full 0):
 garbage-first heap   total reserved 4175872K, committed 102400K, used 88982K [0x0000000701200000, 0x0000000800000000)
  region size 2048K, 22 young (45056K), 3 survivors (6144K)
 Metaspace       used 73979K, committed 74752K, reserved 1114112K
  class space    used 11173K, committed 11520K, reserved 1048576K
}
Event: 5.831 GC heap after
{Heap after GC invocations=21 (full 0):
 garbage-first heap   total reserved 4175872K, committed 102400K, used 52384K [0x0000000701200000, 0x0000000800000000)
  region size 2048K, 3 young (6144K), 3 survivors (6144K)
 Metaspace       used 73979K, committed 74752K, reserved 1114112K
  class space    used 11173K, committed 11520K, reserved 1048576K
}
Event: 6.058 GC heap before
{Heap before GC invocations=22 (full 0):
 garbage-first heap   total reserved 4175872K, committed 102400K, used 87200K [0x0000000701200000, 0x0000000800000000)
  region size 2048K, 20 young (40960K), 3 survivors (6144K)
 Metaspace       used 76299K, committed 77120K, reserved 1179648K
  class space    used 11494K, committed 11840K, reserved 1048576K
}
Event: 6.060 GC heap after
{Heap after GC invocations=23 (full 0):
 garbage-first heap   total reserved 4175872K, committed 102400K, used 53186K [0x0000000701200000, 0x0000000800000000)
  region size 2048K, 2 young (4096K), 2 survivors (4096K)
 Metaspace       used 76299K, committed 77120K, reserved 1179648K
  class space    used 11494K, committed 11840K, reserved 1048576K
}
Event: 6.321 GC heap before
{Heap before GC invocations=23 (full 0):
 garbage-first heap   total reserved 4175872K, committed 102400K, used 88002K [0x0000000701200000, 0x0000000800000000)
  region size 2048K, 20 young (40960K), 2 survivors (4096K)
 Metaspace       used 80119K, committed 80896K, reserved 1179648K
  class space    used 11854K, committed 12160K, reserved 1048576K
}
Event: 6.324 GC heap after
{Heap after GC invocations=24 (full 0):
 garbage-first heap   total reserved 4175872K, committed 102400K, used 55750K [0x0000000701200000, 0x0000000800000000)
  region size 2048K, 3 young (6144K), 3 survivors (6144K)
 Metaspace       used 80119K, committed 80896K, reserved 1179648K
  class space    used 11854K, committed 12160K, reserved 1048576K
}
Event: 6.386 GC heap before
{Heap before GC invocations=24 (full 0):
 garbage-first heap   total reserved 4175872K, committed 102400K, used 88518K [0x0000000701200000, 0x0000000800000000)
  region size 2048K, 19 young (38912K), 3 survivors (6144K)
 Metaspace       used 80210K, committed 81024K, reserved 1179648K
  class space    used 11885K, committed 12224K, reserved 1048576K
}
Event: 6.388 GC heap after
{Heap after GC invocations=25 (full 0):
 garbage-first heap   total reserved 4175872K, committed 102400K, used 56192K [0x0000000701200000, 0x0000000800000000)
  region size 2048K, 2 young (4096K), 2 survivors (4096K)
 Metaspace       used 80210K, committed 81024K, reserved 1179648K
  class space    used 11885K, committed 12224K, reserved 1048576K
}
Event: 6.549 GC heap before
{Heap before GC invocations=26 (full 0):
 garbage-first heap   total reserved 4175872K, committed 102400K, used 91008K [0x0000000701200000, 0x0000000800000000)
  region size 2048K, 19 young (38912K), 2 survivors (4096K)
 Metaspace       used 80649K, committed 81408K, reserved 1179648K
  class space    used 11956K, committed 12288K, reserved 1048576K
}
Event: 6.552 GC heap after
{Heap after GC invocations=27 (full 0):
 garbage-first heap   total reserved 4175872K, committed 102400K, used 60362K [0x0000000701200000, 0x0000000800000000)
  region size 2048K, 3 young (6144K), 3 survivors (6144K)
 Metaspace       used 80649K, committed 81408K, reserved 1179648K
  class space    used 11956K, committed 12288K, reserved 1048576K
}
Event: 6.587 GC heap before
{Heap before GC invocations=27 (full 0):
 garbage-first heap   total reserved 4175872K, committed 102400K, used 86986K [0x0000000701200000, 0x0000000800000000)
  region size 2048K, 16 young (32768K), 3 survivors (6144K)
 Metaspace       used 80651K, committed 81408K, reserved 1179648K
  class space    used 11956K, committed 12288K, reserved 1048576K
}
Event: 6.590 GC heap after
{Heap after GC invocations=28 (full 0):
 garbage-first heap   total reserved 4175872K, committed 102400K, used 60652K [0x0000000701200000, 0x0000000800000000)
  region size 2048K, 2 young (4096K), 2 survivors (4096K)
 Metaspace       used 80651K, committed 81408K, reserved 1179648K
  class space    used 11956K, committed 12288K, reserved 1048576K
}
Event: 6.649 GC heap before
{Heap before GC invocations=28 (full 0):
 garbage-first heap   total reserved 4175872K, committed 102400K, used 91372K [0x0000000701200000, 0x0000000800000000)
  region size 2048K, 17 young (34816K), 2 survivors (4096K)
 Metaspace       used 80848K, committed 81600K, reserved 1179648K
  class space    used 12048K, committed 12352K, reserved 1048576K
}

Dll operation events (13 events):
Event: 0.009 Loaded shared library C:\Users\Mihajlo\.jdks\openjdk-23.0.2\bin\java.dll
Event: 0.151 Loaded shared library C:\Users\Mihajlo\.jdks\openjdk-23.0.2\bin\zip.dll
Event: 0.153 Loaded shared library C:\Users\Mihajlo\.jdks\openjdk-23.0.2\bin\instrument.dll
Event: 0.156 Loaded shared library C:\Users\Mihajlo\.jdks\openjdk-23.0.2\bin\net.dll
Event: 0.157 Loaded shared library C:\Users\Mihajlo\.jdks\openjdk-23.0.2\bin\nio.dll
Event: 0.159 Loaded shared library C:\Users\Mihajlo\.jdks\openjdk-23.0.2\bin\zip.dll
Event: 0.254 Loaded shared library C:\Program Files\JetBrains\IntelliJ IDEA 2024.2.3\bin\breakgen64.dll
Event: 0.258 Loaded shared library C:\Users\Mihajlo\.jdks\openjdk-23.0.2\bin\jimage.dll
Event: 0.261 Loaded shared library C:\Users\Mihajlo\.jdks\openjdk-23.0.2\bin\extnet.dll
Event: 0.273 Loaded shared library C:\Users\Mihajlo\.jdks\openjdk-23.0.2\bin\management.dll
Event: 0.280 Loaded shared library C:\Users\Mihajlo\.jdks\openjdk-23.0.2\bin\management_ext.dll
Event: 1.512 Loaded shared library C:\Users\Mihajlo\.jdks\openjdk-23.0.2\bin\sunmscapi.dll
Event: 2.738 Loaded shared library C:\Users\Mihajlo\.jdks\openjdk-23.0.2\bin\verify.dll

Deoptimization events (0 events):
No events

Classes loaded (20 events):
Event: 6.172 Loading class javax/net/ssl/X509ExtendedKeyManager done
Event: 6.172 Loading class sun/security/ssl/DummyX509KeyManager done
Event: 6.172 Loading class sun/security/ssl/SSLSocketFactoryImpl
Event: 6.172 Loading class sun/security/ssl/SSLSocketFactoryImpl done
Event: 6.190 Loading class java/security/KeyManagementException
Event: 6.190 Loading class java/security/KeyManagementException done
Event: 6.272 Loading class java/util/stream/SliceOps
Event: 6.272 Loading class java/util/stream/SliceOps done
Event: 6.272 Loading class java/util/stream/SliceOps$1
Event: 6.273 Loading class java/util/stream/SliceOps$1 done
Event: 6.273 Loading class java/util/stream/SliceOps$1$1
Event: 6.273 Loading class java/util/stream/SliceOps$1$1 done
Event: 6.276 Loading class java/lang/InstantiationError
Event: 6.276 Loading class java/lang/InstantiationError done
Event: 6.506 Loading class sun/reflect/ReflectionFactory
Event: 6.506 Loading class sun/reflect/ReflectionFactory done
Event: 6.506 Loading class sun/reflect/ReflectionFactory$1
Event: 6.506 Loading class sun/reflect/ReflectionFactory$1 done
Event: 6.506 Loading class java/io/OptionalDataException
Event: 6.506 Loading class java/io/OptionalDataException done

Classes unloaded (0 events):
No events

Classes redefined (0 events):
No events

Internal exceptions (20 events):
Event: 4.860 Thread 0x00000298c6451460 Exception <a 'java/lang/NoSuchMethodError'{0x00000007069af1b0}: 'java.lang.Object java.lang.invoke.Invokers$Holder.linkToTargetMethod(java.lang.Object, java.lang.Object, java.lang.Object, java.lang.Object, java.lang.Object, java.lang.Object, java.lang.Object, java.lang.Object, java.lang.Object, java.lang.Object, java.lang.Object, java.lang.Object)'> (0x00000007069af1b0) 
thrown [s\open\src\hotspot\share\interpreter\linkResolver.cpp, line 796]
Event: 4.867 Thread 0x00000298c6451460 Exception <a 'java/lang/IncompatibleClassChangeError'{0x0000000706630888}: Found class java.lang.Object, but interface was expected> (0x0000000706630888) 
thrown [s\open\src\hotspot\share\interpreter\linkResolver.cpp, line 863]
Event: 4.893 Thread 0x00000298c6451460 Exception <a 'java/lang/IncompatibleClassChangeError'{0x0000000706402b38}: Found class java.lang.Object, but interface was expected> (0x0000000706402b38) 
thrown [s\open\src\hotspot\share\interpreter\linkResolver.cpp, line 863]
Event: 4.901 Thread 0x00000298c6451460 Exception <a 'java/lang/NoSuchMethodError'{0x0000000706480518}: 'java.lang.Object java.lang.invoke.DirectMethodHandle$Holder.newInvokeSpecial(java.lang.Object, java.lang.Object, int, java.lang.Object, int, java.lang.Object, java.lang.Object)'> (0x0000000706480518) 
thrown [s\open\src\hotspot\share\interpreter\linkResolver.cpp, line 796]
Event: 4.904 Thread 0x00000298c6451460 Exception <a 'java/lang/NoSuchMethodError'{0x00000007064cac10}: 'java.lang.Object java.lang.invoke.DirectMethodHandle$Holder.newInvokeSpecial(java.lang.Object, java.lang.Object, java.lang.Object, java.lang.Object, java.lang.Object, java.lang.Object, java.lang.Object, int)'> (0x00000007064cac10) 
thrown [s\open\src\hotspot\share\interpreter\linkResolver.cpp, line 796]
Event: 4.904 Thread 0x00000298c6451460 Exception <a 'java/lang/NoSuchMethodError'{0x00000007064fb450}: 'java.lang.Object java.lang.invoke.DirectMethodHandle$Holder.invokeSpecial(java.lang.Object, java.lang.Object, java.lang.Object, java.lang.Object, java.lang.Object, java.lang.Object, java.lang.Object, java.lang.Object, int)'> (0x00000007064fb450) 
thrown [s\open\src\hotspot\share\interpreter\linkResolver.cpp, line 796]
Event: 4.904 Thread 0x00000298c6451460 Exception <a 'java/lang/NoSuchMethodError'{0x00000007064ffca0}: 'java.lang.Object java.lang.invoke.Invokers$Holder.linkToTargetMethod(java.lang.Object, java.lang.Object, java.lang.Object, java.lang.Object, java.lang.Object, java.lang.Object, int, java.lang.Object)'> (0x00000007064ffca0) 
thrown [s\open\src\hotspot\share\interpreter\linkResolver.cpp, line 796]
Event: 5.312 Thread 0x00000298c6451460 Exception <a 'java/lang/IncompatibleClassChangeError'{0x0000000704f5c7d8}: Found class java.lang.Object, but interface was expected> (0x0000000704f5c7d8) 
thrown [s\open\src\hotspot\share\interpreter\linkResolver.cpp, line 863]
Event: 5.336 Thread 0x00000298c6451460 Exception <a 'java/lang/IncompatibleClassChangeError'{0x0000000704de9c38}: Found class java.lang.Object, but interface was expected> (0x0000000704de9c38) 
thrown [s\open\src\hotspot\share\interpreter\linkResolver.cpp, line 863]
Event: 5.420 Thread 0x00000298c6451460 Exception <a 'java/lang/IncompatibleClassChangeError'{0x000000070f115980}: Found class java.lang.Object, but interface was expected> (0x000000070f115980) 
thrown [s\open\src\hotspot\share\interpreter\linkResolver.cpp, line 863]
Event: 5.471 Thread 0x00000298c6451460 Exception <a 'java/lang/IncompatibleClassChangeError'{0x0000000706a74650}: Found class java.lang.Object, but interface was expected> (0x0000000706a74650) 
thrown [s\open\src\hotspot\share\interpreter\linkResolver.cpp, line 863]
Event: 5.960 Thread 0x00000298c6451460 Exception <a 'java/lang/NoSuchMethodError'{0x0000000705c15f00}: 'void java.lang.invoke.Invokers$Holder.invokeExact_MT(java.lang.Object, java.lang.Object, java.lang.Object, java.lang.Object)'> (0x0000000705c15f00) 
thrown [s\open\src\hotspot\share\interpreter\linkResolver.cpp, line 796]
Event: 5.961 Thread 0x00000298c6451460 Exception <a 'java/lang/NoSuchMethodError'{0x0000000705c1d0c8}: 'long java.lang.invoke.DelegatingMethodHandle$Holder.reinvoke_L(java.lang.Object, java.lang.Object)'> (0x0000000705c1d0c8) 
thrown [s\open\src\hotspot\share\interpreter\linkResolver.cpp, line 796]
Event: 6.000 Thread 0x00000298c6451460 Exception <a 'java/lang/NoSuchMethodError'{0x000000070586bb38}: 'long java.lang.invoke.DirectMethodHandle$Holder.invokeVirtual(java.lang.Object, java.lang.Object)'> (0x000000070586bb38) 
thrown [s\open\src\hotspot\share\interpreter\linkResolver.cpp, line 796]
Event: 6.004 Thread 0x00000298c6451460 Exception <a 'java/io/FileNotFoundException'{0x0000000705898b58}> (0x0000000705898b58) 
thrown [s\open\src\hotspot\share\prims\jni.cpp, line 520]
Event: 6.251 Thread 0x00000298c6451460 Exception <a 'java/io/FileNotFoundException'{0x0000000705bdc5b8}> (0x0000000705bdc5b8) 
thrown [s\open\src\hotspot\share\prims\jni.cpp, line 520]
Event: 6.252 Thread 0x00000298c6451460 Exception <a 'java/io/FileNotFoundException'{0x0000000705be67a8}> (0x0000000705be67a8) 
thrown [s\open\src\hotspot\share\prims\jni.cpp, line 520]
Event: 6.284 Thread 0x00000298c6451460 Exception <a 'java/lang/NoSuchMethodError'{0x00000007056c3ad8}: 'void java.lang.invoke.DirectMethodHandle$Holder.invokeStaticInit(java.lang.Object, java.lang.Object, java.lang.Object, java.lang.Object)'> (0x00000007056c3ad8) 
thrown [s\open\src\hotspot\share\interpreter\linkResolver.cpp, line 796]
Event: 6.287 Thread 0x00000298c6451460 Exception <a 'java/lang/NoSuchMethodError'{0x0000000705703108}: 'java.lang.Object java.lang.invoke.DirectMethodHandle$Holder.newInvokeSpecial(java.lang.Object, java.lang.Object, java.lang.Object, java.lang.Object, java.lang.Object, java.lang.Object, java.lang.Object, java.lang.Object)'> (0x0000000705703108) 
thrown [s\open\src\hotspot\share\interpreter\linkResolver.cpp, line 796]
Event: 6.494 Thread 0x00000298c6451460 Exception <a 'java/lang/NoSuchMethodError'{0x00000007061ca7b8}: 'int java.lang.invoke.DirectMethodHandle$Holder.invokeStaticInit(java.lang.Object, int, java.lang.Object, java.lang.Object, java.lang.Object, java.lang.Object)'> (0x00000007061ca7b8) 
thrown [s\open\src\hotspot\share\interpreter\linkResolver.cpp, line 796]

VM Operations (20 events):
Event: 6.060 Executing VM operation: G1CollectForAllocation (G1 Evacuation Pause) done
Event: 6.273 Executing VM operation: HandshakeAllThreads (Deoptimize)
Event: 6.273 Executing VM operation: HandshakeAllThreads (Deoptimize) done
Event: 6.321 Executing VM operation: G1CollectForAllocation (G1 Evacuation Pause)
Event: 6.324 Executing VM operation: G1CollectForAllocation (G1 Evacuation Pause) done
Event: 6.386 Executing VM operation: G1CollectForAllocation (G1 Evacuation Pause)
Event: 6.388 Executing VM operation: G1CollectForAllocation (G1 Evacuation Pause) done
Event: 6.408 Executing VM operation: G1PauseRemark
Event: 6.411 Executing VM operation: G1PauseRemark done
Event: 6.418 Executing VM operation: G1PauseCleanup
Event: 6.418 Executing VM operation: G1PauseCleanup done
Event: 6.492 Executing VM operation: HandshakeAllThreads (Deoptimize)
Event: 6.492 Executing VM operation: HandshakeAllThreads (Deoptimize) done
Event: 6.500 Executing VM operation: HandshakeAllThreads (Deoptimize)
Event: 6.500 Executing VM operation: HandshakeAllThreads (Deoptimize) done
Event: 6.549 Executing VM operation: G1CollectForAllocation (G1 Evacuation Pause)
Event: 6.552 Executing VM operation: G1CollectForAllocation (G1 Evacuation Pause) done
Event: 6.587 Executing VM operation: G1CollectForAllocation (G1 Evacuation Pause)
Event: 6.590 Executing VM operation: G1CollectForAllocation (G1 Evacuation Pause) done
Event: 6.649 Executing VM operation: G1CollectForAllocation (G1 Evacuation Pause)

Memory protections (0 events):
No events

Nmethod flushes (20 events):
Event: 6.410 Thread 0x00000298f8461890 flushing  nmethod 0x00000298f03fe308
Event: 6.410 Thread 0x00000298f8461890 flushing  nmethod 0x00000298f03feb88
Event: 6.410 Thread 0x00000298f8461890 flushing  nmethod 0x00000298f03ffa08
Event: 6.410 Thread 0x00000298f8461890 flushing  nmethod 0x00000298f0400488
Event: 6.410 Thread 0x00000298f8461890 flushing  nmethod 0x00000298f0421a88
Event: 6.410 Thread 0x00000298f8461890 flushing  nmethod 0x00000298f0422488
Event: 6.410 Thread 0x00000298f8461890 flushing  nmethod 0x00000298f0423b88
Event: 6.410 Thread 0x00000298f8461890 flushing  nmethod 0x00000298f044e188
Event: 6.410 Thread 0x00000298f8461890 flushing  nmethod 0x00000298f044e508
Event: 6.410 Thread 0x00000298f8461890 flushing  nmethod 0x00000298f0463208
Event: 6.410 Thread 0x00000298f8461890 flushing  nmethod 0x00000298f0464c88
Event: 6.410 Thread 0x00000298f8461890 flushing  nmethod 0x00000298f0494d08
Event: 6.410 Thread 0x00000298f8461890 flushing  nmethod 0x00000298f0497c08
Event: 6.410 Thread 0x00000298f8461890 flushing  nmethod 0x00000298f04f2308
Event: 6.410 Thread 0x00000298f8461890 flushing  nmethod 0x00000298f04f2688
Event: 6.410 Thread 0x00000298f8461890 flushing  nmethod 0x00000298f04f2988
Event: 6.410 Thread 0x00000298f8461890 flushing  nmethod 0x00000298f04f5c08
Event: 6.410 Thread 0x00000298f8461890 flushing  nmethod 0x00000298f0b37988
Event: 6.410 Thread 0x00000298f8461890 flushing  nmethod 0x00000298f0b4da88
Event: 6.410 Thread 0x00000298f8461890 flushing  nmethod 0x00000298f0b4e388

Events (20 events):
Event: 2.146 Thread 0x00000298c680c980 Thread added: 0x00000298c6b355a0
Event: 2.149 Thread 0x00000298c6b355a0 Thread exited: 0x00000298c6b355a0
Event: 2.651 Thread 0x00000298c680c980 Thread added: 0x00000298c6b35c30
Event: 2.654 Thread 0x00000298c6b35c30 Thread exited: 0x00000298c6b35c30
Event: 3.156 Thread 0x00000298c680c980 Thread added: 0x00000298c6b36950
Event: 3.159 Thread 0x00000298c6b36950 Thread exited: 0x00000298c6b36950
Event: 3.660 Thread 0x00000298c680c980 Thread added: 0x00000298c6b34880
Event: 3.662 Thread 0x00000298c6b34880 Thread exited: 0x00000298c6b34880
Event: 3.819 Thread 0x00000298c6451460 Thread added: 0x00000298c6b33b60
Event: 3.827 Thread 0x00000298c6451460 Thread added: 0x00000298c6b34880
Event: 3.929 Thread 0x00000298c6b34880 Thread added: 0x00000298c6b35c30
Event: 4.164 Thread 0x00000298c680c980 Thread added: 0x00000298c6b34f10
Event: 4.166 Thread 0x00000298c6b34f10 Thread exited: 0x00000298c6b34f10
Event: 4.411 Thread 0x00000298f8482160 Thread added: 0x00000298c6b362c0
Event: 4.411 Thread 0x00000298c6b362c0 Thread added: 0x00000298c6b36950
Event: 4.411 Thread 0x00000298c6b362c0 Thread added: 0x00000298c6b34f10
Event: 4.411 Thread 0x00000298c6b36950 Thread exited: 0x00000298c6b36950
Event: 6.009 Thread 0x00000298c6451460 Thread added: 0x00000298c9060f60
Event: 6.010 Thread 0x00000298c9060f60 Thread added: 0x00000298c9061c80
Event: 6.013 Thread 0x00000298c6451460 Thread added: 0x00000298c90636c0


Dynamic libraries:
0x00007ff757540000 - 0x00007ff75754e000 	C:\Users\Mihajlo\.jdks\openjdk-23.0.2\bin\java.exe
0x00007fffdb4c0000 - 0x00007fffdb728000 	C:\WINDOWS\SYSTEM32\ntdll.dll
0x00007fffdaa30000 - 0x00007fffdaaf9000 	C:\WINDOWS\System32\KERNEL32.DLL
0x00007fffd7e50000 - 0x00007fffd8241000 	C:\WINDOWS\System32\KERNELBASE.dll
0x00007fffd8f20000 - 0x00007fffd906b000 	C:\WINDOWS\System32\ucrtbase.dll
0x00007fffcba00000 - 0x00007fffcba17000 	C:\Users\Mihajlo\.jdks\openjdk-23.0.2\bin\jli.dll
0x00007fffda6b0000 - 0x00007fffda876000 	C:\WINDOWS\System32\USER32.dll
0x00007fffcb9e0000 - 0x00007fffcb9fb000 	C:\Users\Mihajlo\.jdks\openjdk-23.0.2\bin\VCRUNTIME140.dll
0x00007fffbe7d0000 - 0x00007fffbea63000 	C:\WINDOWS\WinSxS\amd64_microsoft.windows.common-controls_6595b64144ccf1df_6.0.26100.7705_none_3e06597ae3363b04\COMCTL32.dll
0x00007fffd9230000 - 0x00007fffd9257000 	C:\WINDOWS\System32\win32u.dll
0x00007fffda980000 - 0x00007fffdaa29000 	C:\WINDOWS\System32\msvcrt.dll
0x00007fffdb450000 - 0x00007fffdb47b000 	C:\WINDOWS\System32\GDI32.dll
0x00007fffd9070000 - 0x00007fffd919b000 	C:\WINDOWS\System32\gdi32full.dll
0x00007fffd7da0000 - 0x00007fffd7e43000 	C:\WINDOWS\System32\msvcp_win.dll
0x00007fffda880000 - 0x00007fffda8b1000 	C:\WINDOWS\System32\IMM32.DLL
0x00007fffd1a40000 - 0x00007fffd1a4c000 	C:\Users\Mihajlo\.jdks\openjdk-23.0.2\bin\vcruntime140_1.dll
0x00007fffb3070000 - 0x00007fffb30fe000 	C:\Users\Mihajlo\.jdks\openjdk-23.0.2\bin\msvcp140.dll
0x00007fff46c10000 - 0x00007fff47960000 	C:\Users\Mihajlo\.jdks\openjdk-23.0.2\bin\server\jvm.dll
0x00007fffd9da0000 - 0x00007fffd9e54000 	C:\WINDOWS\System32\ADVAPI32.dll
0x00007fffda8c0000 - 0x00007fffda966000 	C:\WINDOWS\System32\sechost.dll
0x00007fffd94e0000 - 0x00007fffd95f8000 	C:\WINDOWS\System32\RPCRT4.dll
0x00007fffd92f0000 - 0x00007fffd9364000 	C:\WINDOWS\System32\WS2_32.dll
0x00007fffd7a50000 - 0x00007fffd7aae000 	C:\WINDOWS\SYSTEM32\POWRPROF.dll
0x00007fffca820000 - 0x00007fffca855000 	C:\WINDOWS\SYSTEM32\WINMM.dll
0x00007fffd1440000 - 0x00007fffd144b000 	C:\WINDOWS\SYSTEM32\VERSION.dll
0x00007fffd7970000 - 0x00007fffd7984000 	C:\WINDOWS\SYSTEM32\UMPDC.dll
0x00007fffd6b10000 - 0x00007fffd6b2b000 	C:\WINDOWS\SYSTEM32\kernel.appcore.dll
0x00007fffc50c0000 - 0x00007fffc50ca000 	C:\Users\Mihajlo\.jdks\openjdk-23.0.2\bin\jimage.dll
0x00007fffd5480000 - 0x00007fffd56c2000 	C:\WINDOWS\SYSTEM32\DBGHELP.DLL
0x00007fffd96f0000 - 0x00007fffd9a76000 	C:\WINDOWS\System32\combase.dll
0x00007fffd9e60000 - 0x00007fffd9f37000 	C:\WINDOWS\System32\OLEAUT32.dll
0x00007fffc12f0000 - 0x00007fffc132b000 	C:\WINDOWS\SYSTEM32\dbgcore.DLL
0x00007fffd8250000 - 0x00007fffd82f5000 	C:\WINDOWS\System32\bcryptPrimitives.dll
0x00007fffbffe0000 - 0x00007fffbffef000 	C:\Users\Mihajlo\.jdks\openjdk-23.0.2\bin\instrument.dll
0x00007fffbffb0000 - 0x00007fffbffce000 	C:\Users\Mihajlo\.jdks\openjdk-23.0.2\bin\java.dll
0x00007fffdb150000 - 0x00007fffdb2e7000 	C:\WINDOWS\System32\ole32.dll
0x00007fffd9f50000 - 0x00007fffda6a1000 	C:\WINDOWS\System32\SHELL32.dll
0x00007fffd8c30000 - 0x00007fffd8d9a000 	C:\WINDOWS\System32\wintypes.dll
0x00007fffd8300000 - 0x00007fffd8b62000 	C:\WINDOWS\System32\windows.storage.dll
0x00007fffd9a80000 - 0x00007fffd9b76000 	C:\WINDOWS\System32\SHCORE.dll
0x00007fffd9600000 - 0x00007fffd9667000 	C:\WINDOWS\System32\shlwapi.dll
0x00007fffd7cc0000 - 0x00007fffd7ce9000 	C:\WINDOWS\SYSTEM32\profapi.dll
0x00007fffb2fc0000 - 0x00007fffb2fd7000 	C:\Users\Mihajlo\.jdks\openjdk-23.0.2\bin\zip.dll
0x00007fffbd4c0000 - 0x00007fffbd4d0000 	C:\Users\Mihajlo\.jdks\openjdk-23.0.2\bin\net.dll
0x00007fffd7060000 - 0x00007fffd70cb000 	C:\WINDOWS\system32\mswsock.dll
0x00007fffb3330000 - 0x00007fffb3346000 	C:\Users\Mihajlo\.jdks\openjdk-23.0.2\bin\nio.dll
0x00007fffaee00000 - 0x00007fffaee1a000 	C:\Program Files\JetBrains\IntelliJ IDEA 2024.2.3\bin\breakgen64.dll
0x00007fffa3720000 - 0x00007fffa3729000 	C:\Users\Mihajlo\.jdks\openjdk-23.0.2\bin\extnet.dll
0x00007fffd65a0000 - 0x00007fffd66cc000 	C:\WINDOWS\SYSTEM32\DNSAPI.dll
0x00007fffd6510000 - 0x00007fffd6544000 	C:\WINDOWS\SYSTEM32\IPHLPAPI.DLL
0x00007fffd9b80000 - 0x00007fffd9b8a000 	C:\WINDOWS\System32\NSI.dll
0x00007fffd10e0000 - 0x00007fffd10eb000 	C:\Windows\System32\rasadhlp.dll
0x00007fffd0b70000 - 0x00007fffd0bf6000 	C:\WINDOWS\System32\fwpuclnt.dll
0x00007fffbd130000 - 0x00007fffbd13a000 	C:\Users\Mihajlo\.jdks\openjdk-23.0.2\bin\management.dll
0x00007fffb3a60000 - 0x00007fffb3a6b000 	C:\Users\Mihajlo\.jdks\openjdk-23.0.2\bin\management_ext.dll
0x00007fffd9d90000 - 0x00007fffd9d98000 	C:\WINDOWS\System32\PSAPI.DLL
0x00007fffd7450000 - 0x00007fffd746b000 	C:\WINDOWS\SYSTEM32\CRYPTSP.dll
0x00007fffd6a70000 - 0x00007fffd6aa9000 	C:\WINDOWS\system32\rsaenh.dll
0x00007fffd7110000 - 0x00007fffd713b000 	C:\WINDOWS\SYSTEM32\USERENV.dll
0x00007fffd7c90000 - 0x00007fffd7cba000 	C:\WINDOWS\SYSTEM32\bcrypt.dll
0x00007fffd72b0000 - 0x00007fffd72bc000 	C:\WINDOWS\SYSTEM32\CRYPTBASE.dll
0x00007fffb4c90000 - 0x00007fffb4ca8000 	C:\WINDOWS\system32\napinsp.dll
0x00007fffb52a0000 - 0x00007fffb52b2000 	C:\WINDOWS\System32\winrnr.dll
0x00007fffb3a30000 - 0x00007fffb3a52000 	C:\WINDOWS\system32\nlansp_c.dll
0x00007fffb3a70000 - 0x00007fffb3a86000 	C:\WINDOWS\system32\wshbth.dll
0x00007fffb2eb0000 - 0x00007fffb2ebe000 	C:\Users\Mihajlo\.jdks\openjdk-23.0.2\bin\sunmscapi.dll
0x00007fffd8da0000 - 0x00007fffd8f17000 	C:\WINDOWS\System32\CRYPT32.dll
0x00007fffd7610000 - 0x00007fffd7640000 	C:\WINDOWS\SYSTEM32\ncrypt.dll
0x00007fffd75c0000 - 0x00007fffd75ff000 	C:\WINDOWS\SYSTEM32\NTASN1.dll
0x00007fff941d0000 - 0x00007fff941e0000 	C:\Users\Mihajlo\.jdks\openjdk-23.0.2\bin\verify.dll

dbghelp: loaded successfully - version: 4.0.5 - missing functions: none
symbol engine: initialized successfully - sym options: 0x614 - pdb path: .;C:\Users\Mihajlo\.jdks\openjdk-23.0.2\bin;C:\WINDOWS\SYSTEM32;C:\WINDOWS\WinSxS\amd64_microsoft.windows.common-controls_6595b64144ccf1df_6.0.26100.7705_none_3e06597ae3363b04;C:\Users\Mihajlo\.jdks\openjdk-23.0.2\bin\server;C:\Program Files\JetBrains\IntelliJ IDEA 2024.2.3\bin

VM Arguments:
jvm_args: -XX:TieredStopAtLevel=1 -Dspring.output.ansi.enabled=always -Dcom.sun.management.jmxremote -Dspring.jmx.enabled=true -Dspring.liveBeansView.mbeanDomain -Dspring.application.admin.enabled=true -Dmanagement.endpoints.jmx.exposure.include=* -javaagent:C:\Program Files\JetBrains\IntelliJ IDEA 2024.2.3\lib\idea_rt.jar=61449:C:\Program Files\JetBrains\IntelliJ IDEA 2024.2.3\bin -Dfile.encoding=UTF-8 -Dsun.stdout.encoding=UTF-8 -Dsun.stderr.encoding=UTF-8 
java_command: nvt.backend.BackendApplication
java_class_path (initial): C:\Users\Mihajlo\Desktop\New folder\nvt-project\backend\target\classes;C:\Users\Mihajlo\.m2\repository\org\springframework\boot\spring-boot-starter-data-jpa\3.4.1\spring-boot-starter-data-jpa-3.4.1.jar;C:\Users\Mihajlo\.m2\repository\org\springframework\boot\spring-boot-starter\3.4.1\spring-boot-starter-3.4.1.jar;C:\Users\Mihajlo\.m2\repository\org\springframework\boot\spring-boot-starter-logging\3.4.1\spring-boot-starter-logging-3.4.1.jar;C:\Users\Mihajlo\.m2\repository\ch\qos\logback\logback-classic\1.5.12\logback-classic-1.5.12.jar;C:\Users\Mihajlo\.m2\repository\ch\qos\logback\logback-core\1.5.12\logback-core-1.5.12.jar;C:\Users\Mihajlo\.m2\repository\org\apache\logging\log4j\log4j-to-slf4j\2.24.3\log4j-to-slf4j-2.24.3.jar;C:\Users\Mihajlo\.m2\repository\org\apache\logging\log4j\log4j-api\2.24.3\log4j-api-2.24.3.jar;C:\Users\Mihajlo\.m2\repository\org\slf4j\jul-to-slf4j\2.0.16\jul-to-slf4j-2.0.16.jar;C:\Users\Mihajlo\.m2\repository\jakarta\annotation\jakarta.annotation-api\2.1.1\jakarta.annotation-api-2.1.1.jar;C:\Users\Mihajlo\.m2\repository\org\yaml\snakeyaml\2.3\snakeyaml-2.3.jar;C:\Users\Mihajlo\.m2\repository\org\springframework\boot\spring-boot-starter-jdbc\3.4.1\spring-boot-starter-jdbc-3.4.1.jar;C:\Users\Mihajlo\.m2\repository\com\zaxxer\HikariCP\5.1.0\HikariCP-5.1.0.jar;C:\Users\Mihajlo\.m2\repository\org\springframework\spring-jdbc\6.2.1\spring-jdbc-6.2.1.jar;C:\Users\Mihajlo\.m2\repository\org\hibernate\orm\hibernate-core\6.6.4.Final\hibernate-core-6.6.4.Final.jar;C:\Users\Mihajlo\.m2\repository\jakarta\persistence\jakarta.persistence-api\3.1.0\jakarta.persistence-api-3.1.0.jar;C:\Users\Mihajlo\.m2\repository\jakarta\transaction\jakarta.transaction-api\2.0.1\jakarta.transaction-api-2.0.1.jar;C:\Users\Mihajlo\.m2\repository\org\jboss\logging\jboss-logging\3.6.1.Final\jboss-logging-3.6.1.Final.jar;C:\Users\Mihajlo\.m2\repository\org\hibernate\common\hibernate-commons-annotations\7.0.3.Final\hibernate-commons-annotations-7.0.3.Final.jar;C:\Users\Mihajlo\.m2\repository\io\smallrye\jandex\3.2.0\jandex-3.2.0.jar;C:\Users\Mihajlo\.m2\repository\com\fasterxml\classmate\1.7.0\classmate-1.7.0.jar;C:\Users\Mihajlo\.m2\repository\net\bytebuddy\byte-buddy\1.15.11\byte-buddy-1.15.11.jar;C:\Users\Mihajlo\.m2\repository\org\glassfish\jaxb\jaxb-runtime\4.0.5\jaxb-runtime-4.0.5.jar;C:\Users\Mihajlo\.m2\repository\org\glassfish\jaxb\jaxb-core\4.0.5\jaxb-core-4.0.5.jar;C:\Users\Mihajlo\.m2\repository\org\glassfish\jaxb\txw2\4.0.5\txw2-4.0.5.jar;C:\Users\Mihajlo\.m2\repository\com\sun\istack\istack-commons-runtime\4.1.2\istack-commons-runtime-4.1.2.jar;C:\Users\Mihajlo\.m2\repository\jakarta\inject\jakarta.inject-api\2.0.1\jakarta.inject-api-2.0.1.jar;C:\Users\Mihajlo\.m2\repository\org\antlr\antlr4-runtime\4.13.0\antlr4-runtime-4.13.0.jar;C:\Users\Mihajlo\.m2\repository\org\springframework\data\spring-data-jpa\3.4.1\spring-data-jpa-3.4.1.jar;C:\Users\Mihajlo\.m2\repository\org\springframework\data\spring-data-commons\3.4.1\spring-data-commons-3.4.1.jar;C:\Users\Mihajlo\.m2\repository\org\springframework\spring-orm\6.2.1\spring-orm-6.2.1.jar;C:\Users\Mihajlo\.m2\repository\org\springframework\spring-tx\6.2.1\spring-tx-6.2.1.jar;C:\Users\Mihajlo\.m2\repository\org\slf4j\slf4j-api\2.0.16\slf4j-api-2.0.16.jar;C:\Users\Mihajlo\.m2\repository\org\springframework\boot\spring-boot-starter-security\3.4.1\spring-boot-starter-security-3.4.1.jar;C:\Users\Mihajlo\.m2\repository\org\springframework\spring-aop\6.2.1\spring-aop-6.2.1.jar;C:\Users\Mihajlo\.m2\repository\org\springframework\security\spring-security-web\6.4.2\spring-security-web-6.4.2.jar;C:\Users\Mihajlo\.m2\repository\org\springframework\spring-expression\6.2.1\spring-expression-6.2.1.jar;C:\Users\Mihajlo\.m2\repository\org\springframework\boot\spring-boot-starter-web\3.4.1\spring-boot-starter-web-3.4.1.jar;C:\Users\Mihajlo\.m2\repository\org\springframework\boot\spring-boot-starter-json\3.4.1\spring-boot-starter-json-3.4.1.jar;C:\Users\Mihajlo\.m2\repository\com\fasterxml\jackson\datatype\jackson-datatype-jdk8\2.18.2\jackson-datatype-jdk8-2.18.2.jar;C:\Users\Mihajlo\.m2\repository\com\fasterxml\jackson\datatype\jackson-datatype-jsr310\2.18.2\jackson-datatype-jsr310-2.18.2.jar;C:\Users\Mihajlo\.m2\repository\com\fasterxml\jackson\module\jackson-module-parameter-names\2.18.2\jackson-module-parameter-names-2.18.2.jar;C:\Users\Mihajlo\.m2\repository\org\springframework\boot\spring-boot-starter-tomcat\3.4.1\spring-boot-starter-tomcat-3.4.1.jar;C:\Users\Mihajlo\.m2\repository\org\apache\tomcat\embed\tomcat-embed-core\10.1.34\tomcat-embed-core-10.1.34.jar;C:\Users\Mihajlo\.m2\repository\org\apache\tomcat\embed\tomcat-embed-websocket\10.1.34\tomcat-embed-websocket-10.1.34.jar;C:\Users\Mihajlo\.m2\repository\org\springframework\spring-web\6.2.1\spring-web-6.2.1.jar;C:\Users\Mihajlo\.m2\repository\io\micrometer\micrometer-observation\1.14.2\micrometer-observation-1.14.2.jar;C:\Users\Mihajlo\.m2\repository\io\micrometer\micrometer-commons\1.14.2\micrometer-commons-1.14.2.jar;C:\Users\Mihajlo\.m2\repository\org\springframework\spring-webmvc\6.2.1\spring-webmvc-6.2.1.jar;C:\Users\Mihajlo\.m2\repository\org\springframework\boot\spring-boot-starter-websocket\3.4.1\spring-boot-starter-websocket-3.4.1.jar;C:\Users\Mihajlo\.m2\repository\org\springframework\spring-messaging\6.2.1\spring-messaging-6.2.1.jar;C:\Users\Mihajlo\.m2\repository\org\springframework\spring-websocket\6.2.1\spring-websocket-6.2.1.jar;C:\Users\Mihajlo\.m2\repository\org\springframework\boot\spring-boot-starter-amqp\3.4.1\spring-boot-starter-amqp-3.4.1.jar;C:\Users\Mihajlo\.m2\repository\org\springframework\amqp\spring-rabbit\3.2.1\spring-rabbit-3.2.1.jar;C:\Users\Mihajlo\.m2\repository\org\springframework\amqp\spring-amqp\3.2.1\spring-amqp-3.2.1.jar;C:\Users\Mihajlo\.m2\repository\com\rabbitmq\amqp-client\5.22.0\amqp-client-5.22.0.jar;C:\Users\Mihajlo\.m2\repository\com\influxdb\influxdb-client-java\6.12.0\influxdb-client-java-6.12.0.jar;C:\Users\Mihajlo\.m2\repository\com\influxdb\influxdb-client-core\6.12.0\influxdb-client-core-6.12.0.jar;C:\Users\Mihajlo\.m2\repository\com\influxdb\influxdb-client-utils\6.12.0\influxdb-client-utils-6.12.0.jar;C:\Users\Mihajlo\.m2\repository\com\squareup\okio\okio\3.6.0\okio-3.6.0.jar;C:\Users\Mihajlo\.m2\repository\com\squareup\okio\okio-jvm\3.6.0\okio-jvm-3.6.0.jar;C:\Users\Mihajlo\.m2\repository\com\squareup\retrofit2\retrofit\2.9.0\retrofit-2.9.0.jar;C:\Users\Mihajlo\.m2\repository\com\squareup\okhttp3\logging-interceptor\4.11.0\logging-interceptor-4.11.0.jar;C:\Users\Mihajlo\.m2\repository\org\apache\commons\commons-csv\1.10.0\commons-csv-1.10.0.jar;C:\Users\Mihajlo\.m2\repository\com\google\code\gson\gson\2.11.0\gson-2.11.0.jar;C:\Users\Mihajlo\.m2\repository\io\reactivex\rxjava3\rxjava\3.1.10\rxjava-3.1.10.jar;C:\Users\Mihajlo\.m2\repository\org\reactivestreams\reactive-streams\1.0.4\reactive-streams-1.0.4.jar;C:\Users\Mihajlo\.m2\repository\com\squareup\retrofit2\adapter-rxjava3\2.9.0\adapter-rxjava3-2.9.0.jar;C:\Users\Mihajlo\.m2\repository\com\squareup\retrofit2\converter-scalars\2.9.0\converter-scalars-2.9.0.jar;C:\Users\Mihajlo\.m2\repository\com\squareup\retrofit2\converter-gson\2.9.0\converter-gson-2.9.0.jar;C:\Users\Mihajlo\.m2\repository\com\google\code\findbugs\jsr305\3.0.2\jsr305-3.0.2.jar;C:\Users\Mihajlo\.m2\repository\org\springframework\boot\spring-boot-devtools\3.4.1\spring-boot-devtools-3.4.1.jar;C:\Users\Mihajlo\.m2\repository\org\springframework\boot\spring-boot\3.4.1\spring-boot-3.4.1.jar;C:\Users\Mihajlo\.m2\repository\org\springframework\boot\spring-boot-autoconfigure\3.4.1\spring-boot-autoconfigure-3.4.1.jar;C:\Users\Mihajlo\.m2\repository\org\postgresql\postgresql\42.7.4\postgresql-42.7.4.jar;C:\Users\Mihajlo\.m2\repository\org\checkerframework\checker-qual\3.42.0\checker-qual-3.42.0.jar;C:\Users\Mihajlo\.m2\repository\jakarta\xml\bind\jakarta.xml.bind-api\4.0.2\jakarta.xml.bind-api-4.0.2.jar;C:\Users\Mihajlo\.m2\repository\jakarta\activation\jakarta.activation-api\2.1.3\jakarta.activation-api-2.1.3.jar;C:\Users\Mihajlo\.m2\repository\org\springframework\spring-core\6.2.1\spring-core-6.2.1.jar;C:\Users\Mihajlo\.m2\repository\org\springframework\spring-jcl\6.2.1\spring-jcl-6.2.1.jar;C:\Users\Mihajlo\.m2\repository\org\springframework\security\spring-security-core\6.4.2\spring-security-core-6.4.2.jar;C:\Users\Mihajlo\.m2\repository\org\springframework\security\spring-security-crypto\6.4.2\spring-security-crypto-6.4.2.jar;C:\Users\Mihajlo\.m2\repository\jakarta\validation\jakarta.validation-api\3.1.0\jakarta.validation-api-3.1.0.jar;C:\Users\Mihajlo\.m2\repository\org\springframework\boot\spring-boot-starter-validation\3.4.1\spring-boot-starter-validation-3.4.1.jar;C:\Users\Mihajlo\.m2\repository\org\apache\tomcat\embed\tomcat-embed-el\10.1.34\tomcat-embed-el-10.1.34.jar;C:\Users\Mihajlo\.m2\repository\org\hibernate\validator\hibernate-validator\8.0.2.Final\hibernate-validator-8.0.2.Final.jar;C:\Users\Mihajlo\.m2\repository\io\jsonwebtoken\jjwt-api\0.12.3\jjwt-api-0.12.3.jar;C:\Users\Mihajlo\.m2\repository\io\jsonwebtoken\jjwt-impl\0.12.3\jjwt-impl-0.12.3.jar;C:\Users\Mihajlo\.m2\repository\io\jsonwebtoken\jjwt-jackson\0.12.3\jjwt-jackson-0.12.3.jar;C:\Users\Mihajlo\.m2\repository\com\fasterxml\jackson\core\jackson-databind\2.18.2\jackson-databind-2.18.2.jar;C:\Users\Mihajlo\.m2\repository\org\projectlombok\lombok\1.18.36\lombok-1.18.36.jar;C:\Users\Mihajlo\.m2\repository\org\springframework\boot\spring-boot-starter-mail\3.3.1\spring-boot-starter-mail-3.3.1.jar;C:\Users\Mihajlo\.m2\repository\org\springframework\spring-context-support\6.2.1\spring-context-support-6.2.1.jar;C:\Users\Mihajlo\.m2\repository\org\eclipse\angus\jakarta.mail\2.0.3\jakarta.mail-2.0.3.jar;C:\Users\Mihajlo\.m2\repository\org\eclipse\angus\angus-activation\2.0.2\angus-activation-2.0.2.jar;C:\Users\Mihajlo\.m2\repository\org\seleniumhq\selenium\selenium-java\4.27.0\selenium-java-4.27.0.jar;C:\Users\Mihajlo\.m2\repository\org\seleniumhq\selenium\selenium-api\4.25.0\selenium-api-4.25.0.jar;C:\Users\Mihajlo\.m2\repository\org\jspecify\jspecify\1.0.0\jspecify-1.0.0.jar;C:\Users\Mihajlo\.m2\repository\org\seleniumhq\selenium\selenium-chrome-driver\4.25.0\selenium-chrome-driver-4.25.0.jar;C:\Users\Mihajlo\.m2\repository\com\google\auto\service\auto-service-annotations\1.1.1\auto-service-annotations-1.1.1.jar;C:\Users\Mihajlo\.m2\repository\org\seleniumhq\selenium\selenium-chromium-driver\4.25.0\selenium-chromium-driver-4.25.0.jar;C:\Users\Mihajlo\.m2\repository\org\seleniumhq\selenium\selenium-json\4.25.0\selenium-json-4.25.0.jar;C:\Users\Mihajlo\.m2\repository\org\seleniumhq\selenium\selenium-manager\4.25.0\selenium-manager-4.25.0.jar;C:\Users\Mihajlo\.m2\repository\org\seleniumhq\selenium\selenium-devtools-v129\4.25.0\selenium-devtools-v129-4.25.0.jar;C:\Users\Mihajlo\.m2\repository\org\seleniumhq\selenium\selenium-devtools-v130\4.27.0\selenium-devtools-v130-4.27.0.jar;C:\Users\Mihajlo\.m2\repository\org\seleniumhq\selenium\selenium-devtools-v131\4.27.0\selenium-devtools-v131-4.27.0.jar;C:\Users\Mihajlo\.m2\repository\org\seleniumhq\selenium\selenium-devtools-v85\4.25.0\selenium-devtools-v85-4.25.0.jar;C:\Users\Mihajlo\.m2\repository\org\seleniumhq\selenium\selenium-edge-driver\4.25.0\selenium-edge-driver-4.25.0.jar;C:\Users\Mihajlo\.m2\repository\org\seleniumhq\selenium\selenium-firefox-driver\4.25.0\selenium-firefox-driver-4.25.0.jar;C:\Users\Mihajlo\.m2\repository\org\seleniumhq\selenium\selenium-http\4.25.0\selenium-http-4.25.0.jar;C:\Users\Mihajlo\.m2\repository\dev\failsafe\failsafe\3.3.2\failsafe-3.3.2.jar;C:\Users\Mihajlo\.m2\repository\org\seleniumhq\selenium\selenium-ie-driver\4.25.0\selenium-ie-driver-4.25.0.jar;C:\Users\Mihajlo\.m2\repository\org\seleniumhq\selenium\selenium-remote-driver\4.25.0\selenium-remote-driver-4.25.0.jar;C:\Users\Mihajlo\.m2\repository\io\opentelemetry\semconv\opentelemetry-semconv\1.25.0-alpha\opentelemetry-semconv-1.25.0-alpha.jar;C:\Users\Mihajlo\.m2\repository\io\opentelemetry\opentelemetry-api\1.43.0\opentelemetry-api-1.43.0.jar;C:\Users\Mihajlo\.m2\repository\io\opentelemetry\opentelemetry-context\1.43.0\opentelemetry-context-1.43.0.jar;C:\Users\Mihajlo\.m2\repository\io\opentelemetry\opentelemetry-exporter-logging\1.43.0\opentelemetry-exporter-logging-1.43.0.jar;C:\Users\Mihajlo\.m2\repository\io\opentelemetry\opentelemetry-sdk-common\1.43.0\opentelemetry-sdk-common-1.43.0.jar;C:\Users\Mihajlo\.m2\repository\io\opentelemetry\opentelemetry-sdk-extension-autoconfigure-spi\1.43.0\opentelemetry-sdk-extension-autoconfigure-spi-1.43.0.jar;C:\Users\Mihajlo\.m2\repository\io\opentelemetry\opentelemetry-sdk-extension-autoconfigure\1.43.0\opentelemetry-sdk-extension-autoconfigure-1.43.0.jar;C:\Users\Mihajlo\.m2\repository\io\opentelemetry\opentelemetry-api-incubator\1.43.0-alpha\opentelemetry-api-incubator-1.43.0-alpha.jar;C:\Users\Mihajlo\.m2\repository\io\opentelemetry\opentelemetry-sdk-trace\1.43.0\opentelemetry-sdk-trace-1.43.0.jar;C:\Users\Mihajlo\.m2\repository\io\opentelemetry\opentelemetry-sdk\1.43.0\opentelemetry-sdk-1.43.0.jar;C:\Users\Mihajlo\.m2\repository\io\opentelemetry\opentelemetry-sdk-metrics\1.43.0\opentelemetry-sdk-metrics-1.43.0.jar;C:\Users\Mihajlo\.m2\repository\io\opentelemetry\opentelemetry-sdk-logs\1.43.0\opentelemetry-sdk-logs-1.43.0.jar;C:\Users\Mihajlo\.m2\repository\org\seleniumhq\selenium\selenium-os\4.25.0\selenium-os-4.25.0.jar;C:\Users\Mihajlo\.m2\repository\org\apache\commons\commons-exec\1.4.0\commons-exec-1.4.0.jar;C:\Users\Mihajlo\.m2\repository\org\seleniumhq\selenium\selenium-safari-driver\4.25.0\selenium-safari-driver-4.25.0.jar;C:\Users\Mihajlo\.m2\repository\org\seleniumhq\selenium\selenium-support\4.25.0\selenium-support-4.25.0.jar;C:\Users\Mihajlo\.m2\repository\commons-io\commons-io\2.6\commons-io-2.6.jar;C:\Users\Mihajlo\.m2\repository\org\bouncycastle\bcprov-jdk18on\1.78.1\bcprov-jdk18on-1.78.1.jar;C:\Users\Mihajlo\.m2\repository\org\bouncycastle\bcpkix-jdk18on\1.78.1\bcpkix-jdk18on-1.78.1.jar;C:\Users\Mihajlo\.m2\repository\org\bouncycastle\bcutil-jdk18on\1.78.1\bcutil-jdk18on-1.78.1.jar;C:\Users\Mihajlo\.m2\repository\io\minio\minio\8.5.7\minio-8.5.7.jar;C:\Users\Mihajlo\.m2\repository\com\carrotsearch\thirdparty\simple-xml-safe\2.7.1\simple-xml-safe-2.7.1.jar;C:\Users\Mihajlo\.m2\repository\com\google\guava\guava\33.3.1-jre\guava-33.3.1-jre.jar;C:\Users\Mihajlo\.m2\repository\com\google\guava\failureaccess\1.0.2\failureaccess-1.0.2.jar;C:\Users\Mihajlo\.m2\repository\com\google\guava\listenablefuture\9999.0-empty-to-avoid-conflict-with-guava\listenablefuture-9999.0-empty-to-avoid-conflict-with-guava.jar;C:\Users\Mihajlo\.m2\repository\com\google\errorprone\error_prone_annotations\2.28.0\error_prone_annotations-2.28.0.jar;C:\Users\Mihajlo\.m2\repository\com\google\j2objc\j2objc-annotations\3.0.0\j2objc-annotations-3.0.0.jar;C:\Users\Mihajlo\.m2\repository\com\squareup\okhttp3\okhttp\4.12.0\okhttp-4.12.0.jar;C:\Users\Mihajlo\.m2\repository\org\jetbrains\kotlin\kotlin-stdlib-jdk8\1.9.25\kotlin-stdlib-jdk8-1.9.25.jar;C:\Users\Mihajlo\.m2\repository\org\jetbrains\kotlin\kotlin-stdlib\1.9.25\kotlin-stdlib-1.9.25.jar;C:\Users\Mihajlo\.m2\repository\org\jetbrains\annotations\13.0\annotations-13.0.jar;C:\Users\Mihajlo\.m2\repository\org\jetbrains\kotlin\kotlin-stdlib-jdk7\1.9.25\kotlin-stdlib-jdk7-1.9.25.jar;C:\Users\Mihajlo\.m2\repository\com\fasterxml\jackson\core\jackson-annotations\2.18.2\jackson-annotations-2.18.2.jar;C:\Users\Mihajlo\.m2\repository\com\fasterxml\jackson\core\jackson-core\2.18.2\jackson-core-2.18.2.jar;C:\Users\Mihajlo\.m2\repository\org\apache\commons\commons-compress\1.24.0\commons-compress-1.24.0.jar;C:\Users\Mihajlo\.m2\repository\org\xerial\snappy\snappy-java\1.1.10.5\snappy-java-1.1.10.5.jar;C:\Users\Mihajlo\.m2\repository\org\springframework\security\spring-security-config\6.4.2\spring-security-config-6.4.2.jar;C:\Users\Mihajlo\.m2\repository\org\springframework\spring-beans\6.2.1\spring-beans-6.2.1.jar;C:\Users\Mihajlo\.m2\repository\org\springframework\spring-context\6.2.1\spring-context-6.2.1.jar;C:\Users\Mihajlo\.m2\repository\org\springframework\boot\spring-boot-starter-data-redis\3.4.1\spring-boot-starter-data-redis-3.4.1.jar;C:\Users\Mihajlo\.m2\repository\io\lettuce\lettuce-core\6.4.1.RELEASE\lettuce-core-6.4.1.RELEASE.jar;C:\Users\Mihajlo\.m2\repository\io\netty\netty-common\4.1.116.Final\netty-common-4.1.116.Final.jar;C:\Users\Mihajlo\.m2\repository\io\netty\netty-handler\4.1.116.Final\netty-handler-4.1.116.Final.jar;C:\Users\Mihajlo\.m2\repository\io\netty\netty-resolver\4.1.116.Final\netty-resolver-4.1.116.Final.jar;C:\Users\Mihajlo\.m2\repository\io\netty\netty-buffer\4.1.116.Final\netty-buffer-4.1.116.Final.jar;C:\Users\Mihajlo\.m2\repository\io\netty\netty-transport-native-unix-common\4.1.116.Final\netty-transport-native-unix-common-4.1.116.Final.jar;C:\Users\Mihajlo\.m2\repository\io\netty\netty-codec\4.1.116.Final\netty-codec-4.1.116.Final.jar;C:\Users\Mihajlo\.m2\repository\io\netty\netty-transport\4.1.116.Final\netty-transport-4.1.116.Final.jar;C:\Users\Mihajlo\.m2\repository\io\projectreactor\reactor-core\3.7.1\reactor-core-3.7.1.jar;C:\Users\Mihajlo\.m2\repository\org\springframework\data\spring-data-redis\3.4.1\spring-data-redis-3.4.1.jar;C:\Users\Mihajlo\.m2\repository\org\springframework\data\spring-data-keyvalue\3.4.1\spring-data-keyvalue-3.4.1.jar;C:\Users\Mihajlo\.m2\repository\org\springframework\spring-oxm\6.2.1\spring-oxm-6.2.1.jar;C:\Users\Mihajlo\.m2\repository\org\springframework\boot\spring-boot-starter-cache\3.4.1\spring-boot-starter-cache-3.4.1.jar;C:\Users\Mihajlo\.m2\repository\org\springframework\retry\spring-retry\2.0.11\spring-retry-2.0.11.jar;C:\Users\Mihajlo\.m2\repository\org\springframework\spring-aspects\6.2.1\spring-aspects-6.2.1.jar;C:\Users\Mihajlo\.m2\repository\org\aspectj\aspectjweaver\1.9.22.1\aspectjweaver-1.9.22.1.jar;C:\Users\Mihajlo\.m2\repository\com\itextpdf\barcodes\7.2.5\barcodes-7.2.5.jar;C:\Users\Mihajlo\.m2\repository\com\itextpdf\font-asian\7.2.5\font-asian-7.2.5.jar;C:\Users\Mihajlo\.m2\repository\com\itextpdf\forms\7.2.5\forms-7.2.5.jar;C:\Users\Mihajlo\.m2\repository\com\itextpdf\hyph\7.2.5\hyph-7.2.5.jar;C:\Users\Mihajlo\.m2\repository\com\itextpdf\io\7.2.5\io-7.2.5.jar;C:\Users\Mihajlo\.m2\repository\com\itextpdf\commons\7.2.5\commons-7.2.5.jar;C:\Users\Mihajlo\.m2\repository\com\itextpdf\kernel\7.2.5\kernel-7.2.5.jar;C:\Users\Mihajlo\.m2\repository\org\bouncycastle\bcpkix-jdk15on\1.70\bcpkix-jdk15on-1.70.jar;C:\Users\Mihajlo\.m2\repository\org\bouncycastle\bcutil-jdk15on\1.70\bcutil-jdk15on-1.70.jar;C:\Users\Mihajlo\.m2\repository\org\bouncycastle\bcprov-jdk15on\1.70\bcprov-jdk15on-1.70.jar;C:\Users\Mihajlo\.m2\repository\com\itextpdf\layout\7.2.5\layout-7.2.5.jar;C:\Users\Mihajlo\.m2\repository\com\itextpdf\pdfa\7.2.5\pdfa-7.2.5.jar;C:\Users\Mihajlo\.m2\repository\com\itextpdf\sign\7.2.5\sign-7.2.5.jar;C:\Users\Mihajlo\.m2\repository\com\itextpdf\styled-xml-parser\7.2.5\styled-xml-parser-7.2.5.jar;C:\Users\Mihajlo\.m2\repository\com\itextpdf\svg\7.2.5\svg-7.2.5.jar
Launcher Type: SUN_STANDARD

[Global flags]
     intx CICompilerCount                          = 4                                         {product} {ergonomic}
     uint ConcGCThreads                            = 3                                         {product} {ergonomic}
     uint G1ConcRefinementThreads                  = 10                                        {product} {ergonomic}
   size_t G1HeapRegionSize                         = 2097152                                   {product} {ergonomic}
   size_t InitialHeapSize                          = 268435456                                 {product} {ergonomic}
     bool ManagementServer                         = true                                      {product} {command line}
   size_t MarkStackSize                            = 4194304                                   {product} {ergonomic}
   size_t MarkStackSizeMax                         = 536870912                                 {product} {ergonomic}
   size_t MaxHeapSize                              = 4276092928                                {product} {ergonomic}
   size_t MaxNewSize                               = 2564816896                                {product} {ergonomic}
   size_t MinHeapDeltaBytes                        = 2097152                                   {product} {ergonomic}
   size_t MinHeapSize                              = 8388608                                   {product} {ergonomic}
    uintx NonNMethodCodeHeapSize                   = 4096                                   {pd product} {ergonomic}
    uintx NonProfiledCodeHeapSize                  = 0                                      {pd product} {ergonomic}
     bool ProfileInterpreter                       = false                                  {pd product} {command line}
    uintx ProfiledCodeHeapSize                     = 0                                      {pd product} {ergonomic}
   size_t SoftMaxHeapSize                          = 4276092928                             {manageable} {ergonomic}
     intx TieredStopAtLevel                        = 1                                         {product} {command line}
     bool UseCompressedOops                        = true                           {product lp64_product} {ergonomic}
     bool UseG1GC                                  = true                                      {product} {ergonomic}
     bool UseLargePagesIndividualAllocation        = false                                  {pd product} {ergonomic}

Logging:
Log output configuration:
 #0: stdout all=warning uptime,level,tags foldmultilines=false
 #1: stderr all=off uptime,level,tags foldmultilines=false

Environment Variables:
JAVA_HOME=C:\Program Files\Java\jdk-19
PATH=C:\Python313\Scripts\;C:\Python313\;C:\app\Mihajlo\product\21c\dbhomeXE\bin;C:\Program Files\Common Files\Oracle\Java\javapath;C:\ProgramData\Oracle\Java\javapath;C:\Windows\system32;C:\Windows;C:\Windows\System32\Wbem;C:\Windows\System32\WindowsPowerShell\v1.0\;C:\Windows\System32\OpenSSH\;C:\Program Files (x86)\NVIDIA Corporation\PhysX\Common;C:\WINDOWS\system32;C:\WINDOWS;C:\WINDOWS\System32\Wbem;C:\WINDOWS\System32\WindowsPowerShell\v1.0\;C:\WINDOWS\System32\OpenSSH\;C:\Python310;C:\Program Files\dotnet\;"C:\Program Files\Java\jdk-19\bin;";C:\Program Files\Go\bin;C:\Program Files\Git\cmd;C:\Python310\Scripts;C:\Program Files\Microsoft SQL Server\150\Tools\Binn\;C:\Program Files\Microsoft SQL Server\Client SDK\ODBC\170\Tools\Binn\;C:\Program Files (x86)\dotnet\;C:\Program Files\NVIDIA Corporation\NVIDIA app\NvDLISR;C:\WINDOWS\system32;C:\WINDOWS;C:\WINDOWS\System32\Wbem;C:\WINDOWS\System32\WindowsPowerShell\v1.0\;C:\WINDOWS\System32\OpenSSH\;C:\Program Files\nodejs\;C:\ProgramData\chocolatey\bin;C:\Program Files\Amazon\AWSCLIV2\;C:\Program Files (x86)\Windows Kits\10\Windows Performance Toolkit\;C:\Program Files\Docker\Docker\resources\bin;C:\Users\Mihajlo\AppData\Local\Microsoft\WindowsApps;C:\Users\Mihajlo\AppData\Local\Programs\Microsoft VS Code\bin;C:\Users\Mihajlo\go\bin;C:\Users\Mihajlo\.dotnet\tools;C:\Users\Mihajlo\AppData\Local\GitHubDesktop\bin;C:\Users\Mihajlo\AppData\Local\JetBrains\Toolbox\scripts;C:\Users\Mihajlo\AppData\Local\Microsoft\WinGet\Packages\Schniz.fnm_Microsoft.Winget.Source_8wekyb3d8bbwe;C:\Users\Mihajlo\AppData\Local\Microsoft\WindowsApps;C:\Users\Mihajlo\.dotnet\tools;C:\Users\Mihajlo\AppData\Roaming\npm
USERNAME=Mihajlo
OS=Windows_NT
PROCESSOR_IDENTIFIER=AMD64 Family 25 Model 33 Stepping 2, AuthenticAMD
TMP=C:\Users\Mihajlo\AppData\Local\Temp
TEMP=C:\Users\Mihajlo\AppData\Local\Temp




Periodic native trim disabled

---------------  S Y S T E M  ---------------

OS:
 Windows 11 , 64 bit Build 26100 (10.0.26100.7705)
OS uptime: 0 days 5:20 hours
Hyper-V role detected

CPU: total 12 (initial active 12) (12 cores per cpu, 2 threads per core) family 25 model 33 stepping 2 microcode 0xa201205, cx8, cmov, fxsr, ht, mmx, 3dnowpref, sse, sse2, sse3, ssse3, sse4a, sse4.1, sse4.2, popcnt, lzcnt, tsc, tscinvbit, avx, avx2, aes, erms, clmul, bmi1, bmi2, adx, sha, fma, vzeroupper, clflush, clflushopt, hv, rdtscp, rdpid, fsrm, f16c, cet_ss
Processor Information for the first 12 processors :
  Max Mhz: 3501, Current Mhz: 3501, Mhz Limit: 3501

Memory: 4k page, system-wide physical 16307M (2921M free)
TotalPageFile size 20807M (AvailPageFile size 6M)
current process WorkingSet (physical memory assigned to process): 295M, peak: 295M
current process commit charge ("private bytes"): 340M, peak: 390M

vm_info: OpenJDK 64-Bit Server VM (23.0.2+7-58) for windows-amd64 JRE (23.0.2+7-58), built on 2024-11-29T09:34:55Z with MS VC++ 17.6 (VS2022)

END.
